✔ 水陸配方查詢純讀，雙件啟動、重複不疊加、缺件即失效 (25.4267ms)
✖ 毒標遇有效水陸：付費得標、銷毀一次、未入袋、未算命中 (21.9556ms)
✔ 缺材料時毒標照常入袋、命中與歷史不加阻擋欄 (12.8235ms)
✔ 詛咒偽材料不啟動；已有詛咒不清除；自購詛咒沿用自保銷毀 (11.8148ms)
✖ 同夜先補材料後毒標即擋；毒標先到不能追溯 (11.8466ms)
✖ 阻擋時虎爺與紅衣受咒 hook 不發，大家樂仍計得標 (11.8502ms)
✔ 空 CHAINS 表決定性，trace seeds 1–20 重跑逐位元組相等 (804.2897ms)
✔ 道具、連鎖、角色與心願的收集層順序固定 (12.0854ms)
✔ 王船或夜規直接送入詛咒時水陸不攔，既有物件仍在袋中 (11.7507ms)
✖ 被擋毒標不列入回顧命中與最狠一手，歷史仍留企圖目標 (12.3275ms)
ℹ tests 10
ℹ suites 0
ℹ pass 6
ℹ fail 4
ℹ cancelled 0
ℹ skipped 0
ℹ todo 0
ℹ duration_ms 2540.5367

✖ failing tests:

test at tests\chains.test.mjs:37:1
✖ 毒標遇有效水陸：付費得標、銷毀一次、未入袋、未算命中 (21.9556ms)
  AssertionError [ERR_ASSERTION]: Expected values to be strictly equal:
  + actual - expected
  
  + undefined
  - true
  
      at TestContext.<anonymous> (file:///C:/Users/shung/wt/yaoshi/l1-water-chain/tests/chains.test.mjs:44:10)
      at Test.runInAsyncScope (node:async_hooks:227:14)
      at Test.run (node:internal/test_runner/test:1306:25)
      at Test.processPendingSubtests (node:internal/test_runner/test:897:18)
      at Test.postRun (node:internal/test_runner/test:1447:19)
      at Test.run (node:internal/test_runner/test:1372:12)
      at async startSubtestAfterBootstrap (node:internal/test_runner/harness:385:3) {
    generatedMessage: true,
    code: 'ERR_ASSERTION',
    actual: undefined,
    expected: true,
    operator: 'strictEqual',
    diff: 'simple'
  }

test at tests\chains.test.mjs:74:1
✖ 同夜先補材料後毒標即擋；毒標先到不能追溯 (11.8466ms)
  AssertionError [ERR_ASSERTION]: Expected values to be strictly equal:
  + actual - expected
  
  + undefined
  - true
  
      at TestContext.<anonymous> (file:///C:/Users/shung/wt/yaoshi/l1-water-chain/tests/chains.test.mjs:81:12)
      at Test.runInAsyncScope (node:async_hooks:227:14)
      at Test.run (node:internal/test_runner/test:1306:25)
      at Test.processPendingSubtests (node:internal/test_runner/test:897:18)
      at Test.postRun (node:internal/test_runner/test:1447:19)
      at Test.run (node:internal/test_runner/test:1372:12)
      at async Test.processPendingSubtests (node:internal/test_runner/test:897:7) {
    generatedMessage: true,
    code: 'ERR_ASSERTION',
    actual: undefined,
    expected: true,
    operator: 'strictEqual',
    diff: 'simple'
  }

test at tests\chains.test.mjs:87:1
✖ 阻擋時虎爺與紅衣受咒 hook 不發，大家樂仍計得標 (11.8502ms)
  AssertionError [ERR_ASSERTION]: Expected values to be strictly equal:
  
  31 !== 35
  
      at TestContext.<anonymous> (file:///C:/Users/shung/wt/yaoshi/l1-water-chain/tests/chains.test.mjs:93:10)
      at Test.runInAsyncScope (node:async_hooks:227:14)
      at Test.run (node:internal/test_runner/test:1306:25)
      at Test.processPendingSubtests (node:internal/test_runner/test:897:18)
      at Test.postRun (node:internal/test_runner/test:1447:19)
      at Test.run (node:internal/test_runner/test:1372:12)
      at async Test.processPendingSubtests (node:internal/test_runner/test:897:7) {
    generatedMessage: true,
    code: 'ERR_ASSERTION',
    actual: 31,
    expected: 35,
    operator: 'strictEqual',
    diff: 'simple'
  }

test at tests\chains.test.mjs:135:1
✖ 被擋毒標不列入回顧命中與最狠一手，歷史仍留企圖目標 (12.3275ms)
  AssertionError [ERR_ASSERTION]: Expected values to be strictly equal:
  + actual - expected
  
  + undefined
  - true
  
      at TestContext.<anonymous> (file:///C:/Users/shung/wt/yaoshi/l1-water-chain/tests/chains.test.mjs:141:10)
      at Test.runInAsyncScope (node:async_hooks:227:14)
      at Test.run (node:internal/test_runner/test:1306:25)
      at Test.processPendingSubtests (node:internal/test_runner/test:897:18)
      at Test.postRun (node:internal/test_runner/test:1447:19)
      at Test.run (node:internal/test_runner/test:1372:12)
      at async Test.processPendingSubtests (node:internal/test_runner/test:897:7) {
    generatedMessage: true,
    code: 'ERR_ASSERTION',
    actual: undefined,
    expected: true,
    operator: 'strictEqual',
    diff: 'simple'
  }
