node:internal/modules/run_main:107
    triggerUncaughtException(
    ^

AssertionError [ERR_ASSERTION]: Expected values to be strictly equal:

7 !== 9

    at file:///C:/Users/shung/wt/yaoshi/l1-water-chain/tests/l1-tiger.test.mjs:32:8
    at ModuleJob.run (node:internal/modules/esm/module_job:439:25)
    at async node:internal/modules/esm/loader:633:26
    at async asyncRunEntryPointWithESMLoader (node:internal/modules/run_main:101:5) {
  generatedMessage: true,
  code: 'ERR_ASSERTION',
  actual: 7,
  expected: 9,
  operator: 'strictEqual',
  diff: 'simple'
}

Node.js v24.16.0
✖ tests\l1-tiger.test.mjs (112.4775ms)
ℹ tests 1
ℹ suites 0
ℹ pass 0
ℹ fail 1
ℹ cancelled 0
ℹ skipped 0
ℹ todo 0
ℹ duration_ms 120.6461

✖ failing tests:

test at tests\l1-tiger.test.mjs:1:1
✖ tests\l1-tiger.test.mjs (112.4775ms)
  'test failed'
