{
 "gates": {
  "occlusion_le_10pct": true,
  "handoffClears": true,
  "skipClears": true,
  "duelHides": true,
  "noPageErrors": true
 },
 "pass": true,
 "summary": {
  "推": {
   "occlMax": 0.027,
   "occlMeanFrameMax": 0.0016,
   "handShareMax": 0.1022,
   "handShareMean": 0.0894,
   "n": 21
  },
  "推（四家同一格）": {
   "occlMax": 0.001,
   "occlMeanFrameMax": 0,
   "handShareMax": 0.0992,
   "handShareMean": 0.0905,
   "n": 21
  },
  "拍": {
   "occlMax": 0.0058,
   "occlMeanFrameMax": 0.0003,
   "handShareMax": 0.1348,
   "handShareMean": 0.1146,
   "n": 20
  },
  "收": {
   "occlMax": 0,
   "occlMeanFrameMax": 0,
   "handShareMax": 0.1036,
   "handShareMean": 0.0747,
   "n": 31
  },
  "AI 一次推多格": {
   "occlMax": 0.028,
   "occlMeanFrameMax": 0.0041,
   "handShareMax": 0.0921,
   "handShareMean": 0.0733,
   "n": 47
  },
  "南席一次推四格": {
   "occlMax": 0,
   "occlMeanFrameMax": 0,
   "handShareMax": 0.0449,
   "handShareMean": 0.0291,
   "n": 47
  }
 },
 "handoff": {
  "visibleAfter": 0
 },
 "skip": {
  "visibleAfter": 0
 },
 "duel": {
  "trayVisible": false,
  "handsRendered": 0
 },
 "errors": []
}
