{
 "gates": {
  "B1_drawCallDelta_le4": true,
  "B1_trisPerHand_le2500": false,
  "pipeline_creatureFigures": true,
  "C1_noPenetration_realSkin": true,
  "C1_hitTestUnchanged": true,
  "C1_idleNotOverHUD": true,
  "C6_slamFromToken": true,
  "noPageErrors": true
 },
 "pass": false,
 "summary": {
  "L": {
   "drawCalls": {
    "handsVisible": 4,
    "callsWithHands": 78,
    "callsWithout": 74,
    "delta": 4,
    "trisDelta": 21764,
    "trisPerHand": 4777
   },
   "pen": {
    "hits": 0,
    "framesWithHands": 193,
    "cycles": [
     {
      "label": "push",
      "hits": 0,
      "where": [],
      "withHands": 52,
      "hudOverlapFrames": 52
     },
     {
      "label": "push-same-slot",
      "hits": 0,
      "where": [],
      "withHands": 58,
      "hudOverlapFrames": 58
     },
     {
      "label": "slam",
      "hits": 0,
      "where": [],
      "withHands": 0,
      "hudOverlapFrames": 0
     },
     {
      "label": "rake",
      "hits": 0,
      "where": [],
      "withHands": 83,
      "hudOverlapFrames": 83
     }
    ]
   },
   "hit": {
    "samples": 126,
    "handsVisible": 4,
    "diffs": 0,
    "hitSlotsWithHands": [
     -1,
     2
    ]
   },
   "hud": {
    "visibleHands": 0,
    "overlaps": 0,
    "waitedMs": 36,
    "statesIdle": true,
    "hudRects": [
     "#north",
     "#westSeat",
     "#eastSeat",
     "#railW",
     "#railE",
     "#feltHead",
     "#south",
     "#helpBtn"
    ]
   },
   "hudDuringAction": [
    {
     "label": "push",
     "framesWithHands": 52,
     "framesOverlappingHUD": 52
    },
    {
     "label": "push-same-slot",
     "framesWithHands": 58,
     "framesOverlappingHUD": 58
    },
    {
     "label": "slam",
     "framesWithHands": 0,
     "framesOverlappingHUD": 0
    },
    {
     "label": "rake",
     "framesWithHands": 83,
     "framesOverlappingHUD": 83
    }
   ],
   "slam": {
    "events": 4,
    "log": [
     {
      "slot": 0,
      "landed": 1
     },
     {
      "slot": 1,
      "landed": 2
     },
     {
      "slot": 2,
      "landed": 3
     },
     {
      "slot": 3,
      "landed": 4
     }
    ],
    "eventsMatchLanding": true,
    "handsSeenFrames": 118
   },
   "pipeline": {
    "moduleUrl": "/js/creature-figures.js?v=0.59.7&fxvocab=0",
    "glbCached": true,
    "shared": {
     "skeletons": 1,
     "merged": 0
    },
    "skeletons": 4,
    "materials": 1,
    "glbRequests": 1
   },
   "errors": []
  },
  "P": {
   "drawCalls": {
    "handsVisible": 4,
    "callsWithHands": 75,
    "callsWithout": 71,
    "delta": 4,
    "trisDelta": 21764,
    "trisPerHand": 4777
   },
   "pen": {
    "hits": 0,
    "framesWithHands": 190,
    "cycles": [
     {
      "label": "push",
      "hits": 0,
      "where": [],
      "withHands": 52,
      "hudOverlapFrames": 52
     },
     {
      "label": "push-same-slot",
      "hits": 0,
      "where": [],
      "withHands": 52,
      "hudOverlapFrames": 52
     },
     {
      "label": "slam",
      "hits": 0,
      "where": [],
      "withHands": 0,
      "hudOverlapFrames": 0
     },
     {
      "label": "rake",
      "hits": 0,
      "where": [],
      "withHands": 86,
      "hudOverlapFrames": 73
     }
    ]
   },
   "hit": {
    "samples": 144,
    "handsVisible": 4,
    "diffs": 0,
    "hitSlotsWithHands": [
     -1,
     1,
     2,
     3
    ]
   },
   "hud": {
    "visibleHands": 0,
    "overlaps": 0,
    "waitedMs": 32,
    "statesIdle": true,
    "hudRects": [
     "#north",
     "#feltHead",
     "#south",
     "#helpBtn"
    ]
   },
   "hudDuringAction": [
    {
     "label": "push",
     "framesWithHands": 52,
     "framesOverlappingHUD": 52
    },
    {
     "label": "push-same-slot",
     "framesWithHands": 52,
     "framesOverlappingHUD": 52
    },
    {
     "label": "slam",
     "framesWithHands": 0,
     "framesOverlappingHUD": 0
    },
    {
     "label": "rake",
     "framesWithHands": 86,
     "framesOverlappingHUD": 73
    }
   ],
   "slam": {
    "events": 4,
    "log": [
     {
      "slot": 0,
      "landed": 1
     },
     {
      "slot": 1,
      "landed": 2
     },
     {
      "slot": 2,
      "landed": 3
     },
     {
      "slot": 3,
      "landed": 4
     }
    ],
    "eventsMatchLanding": true,
    "handsSeenFrames": 114
   },
   "pipeline": {
    "moduleUrl": "/js/creature-figures.js?v=0.59.7&fxvocab=0",
    "glbCached": true,
    "shared": {
     "skeletons": 1,
     "merged": 0
    },
    "skeletons": 4,
    "materials": 1,
    "glbRequests": 1
   },
   "errors": []
  }
 }
}
