{
 "gates": {
  "B1_drawCallDelta_le4": true,
  "B1_trisPerHand_le2500": true,
  "pipeline_creatureFigures": true,
  "C1_noPenetration_realSkin": true,
  "C1_hitTestUnchanged": true,
  "C1_idleNotOverHUD": true,
  "C6_slamFromToken": true,
  "noPageErrors": true
 },
 "pass": true,
 "summary": {
  "L": {
   "drawCalls": {
    "handsVisible": 4,
    "callsWithHands": 78,
    "callsWithout": 74,
    "delta": 4,
    "trisDelta": 6748,
    "trisPerHand": 1362
   },
   "pen": {
    "hits": 0,
    "framesWithHands": 462,
    "cycles": [
     {
      "label": "push",
      "hits": 0,
      "where": [],
      "withHands": 127,
      "hudOverlapFrames": 127
     },
     {
      "label": "push-same-slot",
      "hits": 0,
      "where": [],
      "withHands": 143,
      "hudOverlapFrames": 143
     },
     {
      "label": "slam",
      "hits": 0,
      "where": [],
      "withHands": 0,
      "hudOverlapFrames": 0
     },
     {
      "label": "rake",
      "hits": 0,
      "where": [],
      "withHands": 192,
      "hudOverlapFrames": 192
     }
    ]
   },
   "hit": {
    "samples": 306,
    "handsVisible": 4,
    "diffs": 0,
    "hitSlotsWithHands": [
     -1,
     2
    ]
   },
   "hud": {
    "visibleHands": 0,
    "overlaps": 0,
    "waitedMs": 30,
    "statesIdle": true,
    "hudRects": [
     "#north",
     "#westSeat",
     "#eastSeat",
     "#railW",
     "#railE",
     "#feltHead",
     "#south",
     "#helpBtn"
    ]
   },
   "hudDuringAction": [
    {
     "label": "push",
     "framesWithHands": 127,
     "framesOverlappingHUD": 127
    },
    {
     "label": "push-same-slot",
     "framesWithHands": 143,
     "framesOverlappingHUD": 143
    },
    {
     "label": "slam",
     "framesWithHands": 0,
     "framesOverlappingHUD": 0
    },
    {
     "label": "rake",
     "framesWithHands": 192,
     "framesOverlappingHUD": 192
    }
   ],
   "slam": {
    "events": 4,
    "log": [
     {
      "slot": 0,
      "landed": 1
     },
     {
      "slot": 1,
      "landed": 2
     },
     {
      "slot": 2,
      "landed": 3
     },
     {
      "slot": 3,
      "landed": 4
     }
    ],
    "eventsMatchLanding": true,
    "handsSeenFrames": 230
   },
   "pipeline": {
    "moduleUrl": "/js/creature-figures.js?v=0.59.6&fxvocab=0",
    "glbCached": true,
    "shared": {
     "skeletons": 1,
     "merged": 0
    },
    "skeletons": 4,
    "materials": 1,
    "glbRequests": 1
   },
   "errors": []
  },
  "P": {
   "drawCalls": {
    "handsVisible": 4,
    "callsWithHands": 75,
    "callsWithout": 71,
    "delta": 4,
    "trisDelta": 6748,
    "trisPerHand": 1362
   },
   "pen": {
    "hits": 0,
    "framesWithHands": 412,
    "cycles": [
     {
      "label": "push",
      "hits": 0,
      "where": [],
      "withHands": 104,
      "hudOverlapFrames": 100
     },
     {
      "label": "push-same-slot",
      "hits": 0,
      "where": [],
      "withHands": 116,
      "hudOverlapFrames": 103
     },
     {
      "label": "slam",
      "hits": 0,
      "where": [],
      "withHands": 0,
      "hudOverlapFrames": 0
     },
     {
      "label": "rake",
      "hits": 0,
      "where": [],
      "withHands": 192,
      "hudOverlapFrames": 164
     }
    ]
   },
   "hit": {
    "samples": 297,
    "handsVisible": 4,
    "diffs": 0,
    "hitSlotsWithHands": [
     -1,
     0,
     1,
     2
    ]
   },
   "hud": {
    "visibleHands": 0,
    "overlaps": 0,
    "waitedMs": 26,
    "statesIdle": true,
    "hudRects": [
     "#north",
     "#feltHead",
     "#south",
     "#helpBtn"
    ]
   },
   "hudDuringAction": [
    {
     "label": "push",
     "framesWithHands": 104,
     "framesOverlappingHUD": 100
    },
    {
     "label": "push-same-slot",
     "framesWithHands": 116,
     "framesOverlappingHUD": 103
    },
    {
     "label": "slam",
     "framesWithHands": 0,
     "framesOverlappingHUD": 0
    },
    {
     "label": "rake",
     "framesWithHands": 192,
     "framesOverlappingHUD": 164
    }
   ],
   "slam": {
    "events": 4,
    "log": [
     {
      "slot": 0,
      "landed": 1
     },
     {
      "slot": 1,
      "landed": 2
     },
     {
      "slot": 2,
      "landed": 3
     },
     {
      "slot": 3,
      "landed": 4
     }
    ],
    "eventsMatchLanding": true,
    "handsSeenFrames": 224
   },
   "pipeline": {
    "moduleUrl": "/js/creature-figures.js?v=0.59.6&fxvocab=0",
    "glbCached": true,
    "shared": {
     "skeletons": 1,
     "merged": 0
    },
    "skeletons": 4,
    "materials": 1,
    "glbRequests": 1
   },
   "errors": []
  }
 }
}
