✔ opt-in observes real acquisition immediately and preserves first time after same-night loss (84.8211ms)
✔ off/on game results are byte-identical after removing record field and RNG is unchanged (1365.9352ms)
✔ recorder is detached from game state and reset for the next game (41.8882ms)
✔ callback exception clears recorder and nested playPolicyGame is rejected before replacing state (21.9733ms)
✔ previews and lookalike players cannot create holdings (34.5716ms)
✔ opponent and dead holder remain in first snapshot; duplicate and reacquisition never overwrite first (21.1232ms)
✔ same-night completion then loss uses real hunter gain and ghost loss (25.6795ms)
✔ real player identity guard rejects same-id preview mutated through a real hook (83.0334ms)
✔ auction acquisition and poison transfer are observed before item hooks (11.6804ms)
✔ event gifts, transfers and forced curse use their real mutation entrances (133.2939ms)
✔ hook transfer, pawn and wind observe each removal and receipt in order (98.3034ms)
✔ shrine reward, award, release and actual endgame stripping are observed (90.3858ms)
✔ off/on seeds 1..20 also match with default event, rule, wish and shrine flags (1321.4451ms)
✔ 水陸配方查詢純讀，雙件啟動、重複不疊加、缺件即失效 (21.3391ms)
✔ 毒標遇有效水陸：付費得標、銷毀一次、未入袋、未算命中 (28.5063ms)
✔ 缺材料時毒標照常入袋、命中與歷史不加阻擋欄 (17.0821ms)
✔ 詛咒偽材料不啟動；已有詛咒不清除；自購詛咒沿用自保銷毀 (15.0914ms)
✔ 同夜先補材料後毒標即擋；毒標先到不能追溯 (21.8343ms)
✔ 阻擋時虎爺與紅衣受咒 hook 不發，大家樂仍計得標 (10.7052ms)
✔ 空 CHAINS 表決定性，trace seeds 1–20 重跑逐位元組相等 (938.2565ms)
✔ 道具、連鎖、角色與心願的收集層順序固定 (12.027ms)
✔ 王船或夜規直接送入詛咒時水陸不攔，既有物件仍在袋中 (11.1292ms)
✔ 被擋毒標不列入回顧命中與最狠一手，歷史仍留企圖目標 (11.8159ms)
✔ chaser prefers completion, then missing material, keeps original bids by index (26.5605ms)
✔ one target per night: two missing materials and duplicate offers use first market index (31.024ms)
✔ chaser leaves splitter untouched when complete or no material available (14.8203ms)
✔ chaser respects conservative cap, full fee budget and maximum bid count (12.4077ms)
✔ chaser cannot inspect private opponents or future market (12.7783ms)
✔ zero arm preserves recipe identity and bonus, removes only effects (38.1043ms)
✔ summary uses full-game and holder denominators, including null zero cases (0.443ms)
✔ matched pairs align by seed and reject duplicates or missing seeds (0.9037ms)
✔ real engine seven arms replay identically and carry raw metadata (992.2838ms)
✔ input and CLI reject nonpositive, duplicate or malformed samples (0.7599ms)
✔ untargeted splitter holder fields are not measured, never zero attainment (0.2135ms)
✔ counts all four endpoint holders, including winners outside seat zero (2.6246ms)
✔ normal and zero use their own denominator and zero denominator is null (0.3985ms)
✔ raw parser requires valid JSON lines (0.812ms)
✔ rejects invalid arms and duplicate or missing arm seeds (0.6596ms)
✔ rejects illegal winner and malformed four-seat chain data (0.6078ms)
✔ validates entire raw before any output and hashes original bytes (13.9838ms)
✔ refuses an output directory inside the original pilot (2.6462ms)
✔ refuses a junction that resolves into the original pilot (5.0626ms)
✔ water and eyes recipes, preview maximum, and duplicate completion (32.1815ms)
✔ second bid counts tied raw entries and suppresses hidden or short reveal (21.5694ms)
✔ viewer gate only permits active human at private market (12.0924ms)
✔ AI bid reflects only a newly completed chain (224.8476ms)
ℹ tests 46
ℹ suites 0
ℹ pass 46
ℹ fail 0
ℹ cancelled 0
ℹ skipped 0
ℹ todo 0
ℹ duration_ms 4935.4817
