✖ counts all four endpoint holders, including winners outside seat zero (2.5478ms)
✔ normal and zero use their own denominator and zero denominator is null (0.3641ms)
✔ raw parser requires valid JSON lines (1.6534ms)
✔ rejects invalid arms and duplicate or missing arm seeds (0.3759ms)
✔ rejects illegal winner and malformed four-seat chain data (0.3802ms)
✔ validates entire raw before any output and hashes original bytes (10.6396ms)
✔ refuses an output directory inside the original pilot (2.2306ms)
ℹ tests 7
ℹ suites 0
ℹ pass 6
ℹ fail 1
ℹ cancelled 0
ℹ skipped 0
ℹ todo 0
ℹ duration_ms 142.364

✖ failing tests:

test at tests\l1-holder-audit.test.mjs:18:1
✖ counts all four endpoint holders, including winners outside seat zero (2.5478ms)
  AssertionError [ERR_ASSERTION]: Expected values to be strictly equal:
  
  undefined !== 4
  
      at TestContext.<anonymous> (file:///C:/Users/shung/wt/yaoshi/l1-water-chain/tests/l1-holder-audit.test.mjs:25:10)
      at Test.runInAsyncScope (node:async_hooks:227:14)
      at Test.run (node:internal/test_runner/test:1306:25)
      at Test.start (node:internal/test_runner/test:1177:17)
      at startSubtestAfterBootstrap (node:internal/test_runner/harness:385:17) {
    generatedMessage: true,
    code: 'ERR_ASSERTION',
    actual: undefined,
    expected: 4,
    operator: 'strictEqual',
    diff: 'simple'
  }
