file:///C:/Users/shung/wt/yaoshi/l1-water-chain/tests/l1-holder-audit.test.mjs:7
import {auditRows, auditFile, assertOutputOutsidePilot, parseRaw, reportMarkdown} from './tools/l1-holder-audit.mjs';
                              ^^^^^^^^^^^^^^^^^^^^^^^^
SyntaxError: The requested module './tools/l1-holder-audit.mjs' does not provide an export named 'assertOutputOutsidePilot'
    at #asyncInstantiate (node:internal/modules/esm/module_job:327:21)
    at async ModuleJob.run (node:internal/modules/esm/module_job:431:5)
    at async node:internal/modules/esm/loader:633:26
    at async asyncRunEntryPointWithESMLoader (node:internal/modules/run_main:101:5)

Node.js v24.16.0
✖ tests\l1-holder-audit.test.mjs (81.4423ms)
ℹ tests 1
ℹ suites 0
ℹ pass 0
ℹ fail 1
ℹ cancelled 0
ℹ skipped 0
ℹ todo 0
ℹ duration_ms 90.1152

✖ failing tests:

test at tests\l1-holder-audit.test.mjs:1:1
✖ tests\l1-holder-audit.test.mjs (81.4423ms)
  'test failed'
