{
 "perf": {
  "rounds": [
   {
    "n": 648,
    "p50": 1.5,
    "p95": 4.9000000059604645,
    "max": 21.30000001192093
   },
   {
    "n": 648,
    "p50": 1.5,
    "p95": 4.300000011920929,
    "max": 22.19999998807907
   },
   {
    "n": 648,
    "p50": 1.5,
    "p95": 4.399999976158142,
    "max": 21.099999994039536
   },
   {
    "n": 648,
    "p50": 1.5,
    "p95": 4.199999988079071,
    "max": 15.600000023841858
   },
   {
    "n": 648,
    "p50": 1.4000000059604645,
    "p95": 4.5999999940395355,
    "max": 22.30000001192093
   }
  ],
  "medianP95": 4.399999976158142
 }
}
