{
 "award-V3": [
  {
   "rnd": 294,
   "n": "S",
   "landed": 1267,
   "p2": true,
   "p3": true,
   "p4": true,
   "p5mid": true,
   "p7": true,
   "strug": {
    "samples": 48,
    "missing": 0,
    "alternatingPeaks": 5,
    "amp": 0.0106
   },
   "hudBad": 0,
   "inOther": 0,
   "minY": 0.6283,
   "mid": 0,
   "card": {
    "cardMs": 1350,
    "landedMs": 1267,
    "ok": true
   }
  },
  {
   "rnd": 316,
   "n": "N",
   "landed": 1267,
   "p2": true,
   "p3": true,
   "p4": true,
   "p5mid": true,
   "p7": true,
   "strug": {
    "samples": 48,
    "missing": 0,
    "alternatingPeaks": 5,
    "amp": 0.0106
   },
   "hudBad": 0,
   "inOther": 0,
   "minY": 0.6341,
   "mid": 0,
   "card": {
    "cardMs": 1350,
    "landedMs": 1267,
    "ok": true
   }
  },
  {
   "rnd": 272,
   "n": "W",
   "landed": 1267,
   "p2": true,
   "p3": true,
   "p4": true,
   "p5mid": true,
   "p7": true,
   "strug": {
    "samples": 49,
    "missing": 0,
    "alternatingPeaks": 5,
    "amp": 0.0106
   },
   "hudBad": 0,
   "inOther": 0,
   "minY": 0.6943,
   "mid": 0,
   "card": {
    "cardMs": 1350,
    "landedMs": 1267,
    "ok": true
   }
  },
  {
   "rnd": 269,
   "n": "E",
   "landed": 1267,
   "p2": true,
   "p3": true,
   "p4": true,
   "p5mid": true,
   "p7": true,
   "strug": {
    "samples": 49,
    "missing": 0,
    "alternatingPeaks": 5,
    "amp": 0.0106
   },
   "hudBad": 0,
   "inOther": 0,
   "minY": 0.7179,
   "mid": 0,
   "card": {
    "cardMs": 1350,
    "landedMs": 1267,
    "ok": true
   }
  },
  {
   "rnd": 218,
   "n": "Wfar",
   "landed": 1267,
   "p2": true,
   "p3": true,
   "p4": true,
   "p5mid": true,
   "p7": true,
   "strug": {
    "samples": 49,
    "missing": 0,
    "alternatingPeaks": 7,
    "amp": 0.0106
   },
   "hudBad": 0,
   "inOther": 0,
   "minY": 0.7273,
   "mid": 0,
   "card": {
    "cardMs": 1350,
    "landedMs": 1267,
    "ok": true
   }
  },
  {
   "rnd": 297,
   "n": "Efar",
   "landed": 1267,
   "p2": true,
   "p3": true,
   "p4": true,
   "p5mid": true,
   "p7": true,
   "strug": {
    "samples": 49,
    "missing": 0,
    "alternatingPeaks": 5,
    "amp": 0.0106
   },
   "hudBad": 0,
   "inOther": 0,
   "minY": 0.8902,
   "mid": 0,
   "card": {
    "cardMs": 1350,
    "landedMs": 1267,
    "ok": true
   }
  }
 ],
 "curse-V3": [
  {
   "rnd": 278,
   "n": "cNS",
   "landed": 983,
   "p3": true,
   "p4": true,
   "p5mid": true,
   "p7": true,
   "p8": true,
   "rope": {
    "visibleFrames": 20,
    "holdFrames": 32,
    "outsideHold": 0,
    "minPx": 7.7,
    "geometries": 1
   },
   "trem": {
    "samples": 32,
    "peaks": 17,
    "amp": 0.0083,
    "axis": 0
   },
   "pusher": 1,
   "hudBad": 0,
   "inOther": 0,
   "minY": 0.156,
   "mid": 0,
   "card": {
    "cardMs": 1350,
    "landedMs": 983,
    "ok": true
   }
  },
  {
   "rnd": 254,
   "n": "cWE",
   "landed": 983,
   "p3": true,
   "p4": true,
   "p5mid": true,
   "p7": true,
   "p8": true,
   "rope": {
    "visibleFrames": 20,
    "holdFrames": 27,
    "outsideHold": 0,
    "minPx": 4,
    "geometries": 1
   },
   "trem": {
    "samples": 27,
    "peaks": 14,
    "amp": 0.0092,
    "axis": 0
   },
   "pusher": 2,
   "hudBad": 0,
   "inOther": 0,
   "minY": 0.156,
   "mid": 0,
   "card": {
    "cardMs": 1350,
    "landedMs": 983,
    "ok": true
   }
  }
 ]
}
