{
 "award-V3": [
  {
   "rnd": 290,
   "n": "S",
   "landed": 867,
   "p2": true,
   "p3": false,
   "p4": true,
   "p5mid": true,
   "p7": false,
   "strug": {
    "samples": 52,
    "missing": 0,
    "alternatingPeaks": 2,
    "amp": 0.4505
   },
   "hudBad": 1,
   "inOther": 0,
   "minY": 0.168,
   "mid": 0,
   "card": {
    "cardMs": 917,
    "landedMs": 867,
    "ok": true
   }
  },
  {
   "rnd": 276,
   "n": "N",
   "landed": 867,
   "p2": true,
   "p3": false,
   "p4": true,
   "p5mid": true,
   "p7": false,
   "strug": {
    "samples": 52,
    "missing": 0,
    "alternatingPeaks": 2,
    "amp": 0.0098
   },
   "hudBad": 1,
   "inOther": 0,
   "minY": 0.156,
   "mid": 0,
   "card": {
    "cardMs": 917,
    "landedMs": 867,
    "ok": true
   }
  },
  {
   "rnd": 245,
   "n": "W",
   "landed": 867,
   "p2": true,
   "p3": false,
   "p4": true,
   "p5mid": true,
   "p7": false,
   "strug": {
    "samples": 52,
    "missing": 0,
    "alternatingPeaks": 2,
    "amp": 0.7372
   },
   "hudBad": 1,
   "inOther": 0,
   "minY": 0.1619,
   "mid": 0,
   "card": {
    "cardMs": 917,
    "landedMs": 867,
    "ok": true
   }
  },
  {
   "rnd": 288,
   "n": "E",
   "landed": 867,
   "p2": true,
   "p3": false,
   "p4": false,
   "p5mid": true,
   "p7": false,
   "strug": {
    "samples": 52,
    "missing": 0,
    "alternatingPeaks": 2,
    "amp": 0.18
   },
   "hudBad": 1,
   "inOther": 19408,
   "minY": 0.156,
   "mid": 0,
   "card": {
    "cardMs": 917,
    "landedMs": 867,
    "ok": true
   }
  },
  {
   "rnd": 280,
   "n": "Wfar",
   "landed": 867,
   "p2": false,
   "p3": false,
   "p4": true,
   "p5mid": true,
   "p7": false,
   "strug": {
    "samples": 52,
    "missing": 0,
    "alternatingPeaks": 1,
    "amp": 0.0142
   },
   "hudBad": 1,
   "inOther": 0,
   "minY": 0.156,
   "mid": 0,
   "card": {
    "cardMs": 917,
    "landedMs": 867,
    "ok": true
   }
  },
  {
   "rnd": 282,
   "n": "Efar",
   "landed": 867,
   "p2": false,
   "p3": false,
   "p4": false,
   "p5mid": true,
   "p7": false,
   "strug": {
    "samples": 52,
    "missing": 0,
    "alternatingPeaks": 1,
    "amp": 0.0192
   },
   "hudBad": 1,
   "inOther": 19071,
   "minY": 0.156,
   "mid": 0,
   "card": {
    "cardMs": 917,
    "landedMs": 867,
    "ok": true
   }
  }
 ],
 "curse-V3": [
  {
   "rnd": 247,
   "n": "cNS",
   "landed": 733,
   "p3": false,
   "p4": true,
   "p5mid": true,
   "p7": false,
   "p8": false,
   "rope": {
    "visibleFrames": 0,
    "holdFrames": 0,
    "outsideHold": 0,
    "minPx": null,
    "geometries": 0
   },
   "trem": {
    "samples": 0,
    "peaks": 0,
    "amp": 0
   },
   "pusher": null,
   "hudBad": 1,
   "inOther": 0,
   "minY": 0.156,
   "mid": 0,
   "card": {
    "cardMs": 917,
    "landedMs": 733,
    "ok": true
   }
  },
  {
   "rnd": 238,
   "n": "cWE",
   "landed": 733,
   "p3": false,
   "p4": true,
   "p5mid": true,
   "p7": false,
   "p8": false,
   "rope": {
    "visibleFrames": 0,
    "holdFrames": 0,
    "outsideHold": 0,
    "minPx": null,
    "geometries": 0
   },
   "trem": {
    "samples": 0,
    "peaks": 0,
    "amp": 0
   },
   "pusher": null,
   "hudBad": 1,
   "inOther": 0,
   "minY": 0.1619,
   "mid": 0,
   "card": {
    "cardMs": 917,
    "landedMs": 733,
    "ok": true
   }
  }
 ]
}
