{
 "award-V3": [
  {
   "rnd": 288,
   "n": "S",
   "landed": 1267,
   "p2": true,
   "p3": false,
   "p4": true,
   "p5mid": true,
   "p7": false,
   "strug": {
    "samples": 48,
    "missing": 0,
    "alternatingPeaks": 7,
    "amp": 0.0213
   },
   "hudBad": 48,
   "inOther": 0,
   "minY": 0.6283,
   "mid": 0,
   "card": {
    "cardMs": 1350,
    "landedMs": 1267,
    "ok": true
   }
  },
  {
   "rnd": 272,
   "n": "N",
   "landed": 1267,
   "p2": true,
   "p3": false,
   "p4": true,
   "p5mid": true,
   "p7": false,
   "strug": {
    "samples": 48,
    "missing": 0,
    "alternatingPeaks": 5,
    "amp": 0.0198
   },
   "hudBad": 48,
   "inOther": 0,
   "minY": 0.6341,
   "mid": 0,
   "card": {
    "cardMs": 1350,
    "landedMs": 1267,
    "ok": true
   }
  },
  {
   "rnd": 293,
   "n": "W",
   "landed": 1267,
   "p2": true,
   "p3": false,
   "p4": true,
   "p5mid": true,
   "p7": false,
   "strug": {
    "samples": 49,
    "missing": 0,
    "alternatingPeaks": 5,
    "amp": 0.0203
   },
   "hudBad": 49,
   "inOther": 0,
   "minY": 0.6943,
   "mid": 0,
   "card": {
    "cardMs": 1350,
    "landedMs": 1267,
    "ok": true
   }
  },
  {
   "rnd": 291,
   "n": "E",
   "landed": 1267,
   "p2": true,
   "p3": false,
   "p4": true,
   "p5mid": true,
   "p7": false,
   "strug": {
    "samples": 49,
    "missing": 0,
    "alternatingPeaks": 7,
    "amp": 0.0217
   },
   "hudBad": 49,
   "inOther": 0,
   "minY": 0.7179,
   "mid": 0,
   "card": {
    "cardMs": 1350,
    "landedMs": 1267,
    "ok": true
   }
  },
  {
   "rnd": 251,
   "n": "Wfar",
   "landed": 1267,
   "p2": true,
   "p3": false,
   "p4": true,
   "p5mid": true,
   "p7": false,
   "strug": {
    "samples": 49,
    "missing": 0,
    "alternatingPeaks": 7,
    "amp": 0.0211
   },
   "hudBad": 49,
   "inOther": 0,
   "minY": 0.7273,
   "mid": 0,
   "card": {
    "cardMs": 1350,
    "landedMs": 1267,
    "ok": true
   }
  },
  {
   "rnd": 361,
   "n": "Efar",
   "landed": 1267,
   "p2": true,
   "p3": false,
   "p4": true,
   "p5mid": true,
   "p7": false,
   "strug": {
    "samples": 49,
    "missing": 0,
    "alternatingPeaks": 7,
    "amp": 0.0217
   },
   "hudBad": 49,
   "inOther": 0,
   "minY": 0.8902,
   "mid": 0,
   "card": {
    "cardMs": 1350,
    "landedMs": 1267,
    "ok": true
   }
  }
 ]
}
S p3 false {"frames":48,"badFrames":48,"first":{"tms":483,"parts":{"#north":4538,"#feltHead":4052,"offscreen":506}}} p7 false
N p3 false {"frames":48,"badFrames":48,"first":{"tms":483,"parts":{"#north":7262,"#feltHead":6484,"offscreen":811}}} p7 false
W p3 false {"frames":49,"badFrames":49,"first":{"tms":467,"parts":{"#north":7373,"#feltHead":6583,"offscreen":3547}}} p7 false
E p3 false {"frames":49,"badFrames":49,"first":{"tms":467,"parts":{"#north":4700,"#feltHead":4197,"offscreen":6335}}} p7 false
Wfar p3 false {"frames":49,"badFrames":49,"first":{"tms":467,"parts":{"#north":3940,"#feltHead":3518,"offscreen":5864}}} p7 false
Efar p3 false {"frames":49,"badFrames":49,"first":{"tms":467,"parts":{"#north":4553,"#feltHead":4065,"offscreen":6623}}} p7 false
