{
 "skip": [
  {
   "n": "S"
  },
  {
   "n": "S"
  },
  {
   "n": "S"
  },
  {
   "n": "S"
  },
  {
   "n": "S"
  },
  {
   "n": "S"
  },
  {
   "n": "N"
  },
  {
   "n": "N"
  },
  {
   "n": "N"
  },
  {
   "n": "N"
  },
  {
   "n": "N"
  },
  {
   "n": "N"
  },
  {
   "n": "W"
  },
  {
   "n": "W"
  },
  {
   "n": "W"
  },
  {
   "n": "W"
  },
  {
   "n": "W"
  },
  {
   "n": "W"
  },
  {
   "n": "E"
  },
  {
   "n": "E"
  },
  {
   "n": "E"
  },
  {
   "n": "E"
  },
  {
   "n": "E"
  },
  {
   "n": "E"
  },
  {
   "n": "cNS"
  },
  {
   "n": "cNS"
  },
  {
   "n": "cNS"
  },
  {
   "n": "cWE"
  },
  {
   "n": "cWE"
  },
  {
   "n": "cWE"
  }
 ]
}
