{
  "fixture": "seed 1, normal UI reveal, doSkip 120ms after first ys:reveal-slot",
  "reducedMotion": false,
  "slots": [
    {
      "slot": 0,
      "t": 17308.19999998808
    },
    {
      "slot": 1,
      "t": 18138.29999998212
    },
    {
      "slot": 2,
      "t": 18139.90000000596
    },
    {
      "slot": 3,
      "t": 18197.79999998212
    }
  ],
  "skipAt": 17433.79999998212,
  "awards": [
    {
      "slot": 0,
      "t": 18135
    },
    {
      "slot": 2,
      "t": 18163.79999998212
    },
    {
      "slot": 3,
      "t": 18221.79999998212
    }
  ],
  "cards": [
    {
      "t": 18135.5
    },
    {
      "t": 18138.79999998212
    },
    {
      "t": 18189.09999999404
    },
    {
      "t": 18226.79999998212
    }
  ],
  "frameCount": 202,
  "flightFrames": 43,
  "firstFlight": {
    "t": 727.8000000119209,
    "moving": true,
    "hands": true,
    "active": true,
    "fit": true,
    "card": false,
    "viewOffset": true
  },
  "handFrames": 53,
  "settledCardFrames": 146,
  "viewOffsetRestored": false,
  "errors": [],
  "pass": false
}
