{
  "fixture": "seed 1, normal UI reveal, doSkip 120ms after first ys:reveal-slot",
  "reducedMotion": false,
  "slots": [
    {
      "slot": 0,
      "t": 14334.699999988079
    },
    {
      "slot": 1,
      "t": 15164.300000011921
    },
    {
      "slot": 2,
      "t": 15166.300000011921
    },
    {
      "slot": 3,
      "t": 15235.90000000596
    }
  ],
  "skipAt": 14461.699999988079,
  "awards": [
    {
      "slot": 2,
      "t": 15203.59999999404
    },
    {
      "slot": 3,
      "t": 15269
    }
  ],
  "cards": [
    {
      "t": 15161.59999999404
    },
    {
      "t": 15164.90000000596
    },
    {
      "t": 15208.40000000596
    },
    {
      "t": 15286.09999999404
    }
  ],
  "frameCount": 200,
  "flightFrames": 0,
  "firstFlight": null,
  "handFrames": 0,
  "settledCardFrames": 143,
  "viewOffsetRestored": true,
  "errors": [],
  "pass": true
}
