{
 "fixture": "seed 1 solo，正常 UI 開標（不跳過、真實時序），844×390",
 "q": "",
 "rows": [
  {
   "slot": 0,
   "landedAfterMs": null,
   "cardAfterMs": 912,
   "cardAfterLanded": false,
   "heldFrames": 0,
   "framedHeldFrames": 0
  },
  {
   "slot": 2,
   "landedAfterMs": null,
   "cardAfterMs": 913,
   "cardAfterLanded": false,
   "heldFrames": 0,
   "framedHeldFrames": 0
  },
  {
   "slot": 3,
   "landedAfterMs": null,
   "cardAfterMs": 910,
   "cardAfterLanded": false,
   "heldFrames": 0,
   "framedHeldFrames": 0
  }
 ],
 "frames": 856,
 "errors": [],
 "pass": false
}
