{
 "fixture": "seed 1 solo，正常 UI 開標（不跳過、真實時序），844×390",
 "q": "grab=0",
 "rows": [
  {
   "slot": 0,
   "grabMs": 0,
   "landedAfterMs": null,
   "cardAfterMs": 912,
   "cardAfterLanded": false,
   "heldFrames": 0,
   "framedHeldFrames": 0
  },
  {
   "slot": 2,
   "grabMs": 0,
   "landedAfterMs": null,
   "cardAfterMs": 919,
   "cardAfterLanded": false,
   "heldFrames": 0,
   "framedHeldFrames": 0
  },
  {
   "slot": 3,
   "grabMs": 0,
   "landedAfterMs": null,
   "cardAfterMs": 920,
   "cardAfterLanded": false,
   "heldFrames": 0,
   "framedHeldFrames": 0
  }
 ],
 "frames": 860,
 "errors": [],
 "pass": false
}
