== d147
正常 cSN c14 0.6406/0.85 過 | c15 v 0.1001 p 0.1001 near 0.0101 過 | c16 in true bot 0.0419 過 | c17 0 過 | 全 過
正常 cSW c14 0.5827/0.85 過 | c15 v 0.0931 p 0.0931 near 0 過 | c16 in true bot 0.0266 過 | c17 0 過 | 全 過
浮空 cSE c14 1.2305/0.85 紅 | c15 v 0.0864 p 0.0864 near 0 過 | c16 in true bot 0.0252 過 | c17 9 紅 | 全 紅
正常 cNS c14 0.6752/0.85 過 | c15 v 0.1856 p 0.1856 near 0 過 | c16 in true bot 0.0334 過 | c17 0 過 | 全 過
浮空 cNW c14 1.3457/0.85 紅 | c15 v 0.0931 p 0.0931 near 0.3861 紅 | c16 in true bot 0.0266 過 | c17 0 過 | 全 紅
浮空 cNE c14 1.3665/0.85 紅 | c15 v 0.0864 p 0.0864 near 0.0045 過 | c16 in true bot 0.0252 過 | c17 1 紅 | 全 紅
浮空 cWS c14 1.4547/0.85 紅 | c15 v 0.9376 p 0.9376 near 0 紅 | c16 in true bot 0.0333 過 | c17 0 過 | 全 紅
浮空 cWN c14 1.0508/0.85 紅 | c15 v 0.1001 p 0.1001 near 0 過 | c16 in true bot 0.0376 過 | c17 0 過 | 全 紅
浮空 cWE c14 1.4559/0.85 紅 | c15 v 0.9153 p 0.9153 near 0.0015 紅 | c16 in true bot 0.0252 過 | c17 0 過 | 全 紅
浮空 cES c14 1.3628/0.85 紅 | c15 v 0.1071 p 0.1071 near 0 過 | c16 in true bot 0.0334 過 | c17 0 過 | 全 紅
浮空 cEN c14 1.0615/0.85 紅 | c15 v 0.1001 p 0.1001 near 0.0199 紅 | c16 in true bot 0.0376 過 | c17 0 過 | 全 紅
正常 cEW c14 0.6282/0.85 過 | c15 v 0.0931 p 0.0931 near 0 過 | c16 in true bot 0.0223 過 | c17 0 過 | 全 過
SUMMARY normal all-pass 4/4 | floating red 8/8
== b709
正常 cSN c14 0.6378/0.85 過 | c15 v 0.0995 p 0.0972 near 0 過 | c16 in true bot 0.039 過 | c17 0 過 | 全 過
正常 cSW c14 0.5799/0.85 過 | c15 v 0.0925 p 0.0903 near 0 過 | c16 in true bot 0.0238 過 | c17 0 過 | 全 過
浮空 cSE c14 1.23/0.85 紅 | c15 v 0.0859 p 0.0836 near 0 過 | c16 in true bot 0.0224 過 | c17 3 紅 | 全 紅
正常 cNS c14 0.5978/0.85 過 | c15 v 0.1854 p 0.1082 near 0 過 | c16 in true bot 0.0305 過 | c17 0 過 | 全 過
浮空 cNW c14 1.3454/0.85 紅 | c15 v 0.0931 p 0.5274 near 0.3877 紅 | c16 in true bot 0.4609 紅 | c17 0 過 | 全 紅
浮空 cNE c14 1.3662/0.85 紅 | c15 v 0.0859 p 0.0836 near 0 過 | c16 in true bot 0.0224 過 | c17 0 過 | 全 紅
浮空 cWS c14 1.4519/0.85 紅 | c15 v 0.9371 p 0.9348 near 0.4869 紅 | c16 in true bot 0.0305 過 | c17 0 過 | 全 紅
浮空 cWN c14 1.0504/0.85 紅 | c15 v 0.0995 p 0.0972 near 0 過 | c16 in true bot 0.039 過 | c17 0 過 | 全 紅
浮空 cWE c14 1.4467/0.85 紅 | c15 v 0.917 p 0.9061 near 0.3811 紅 | c16 in true bot 0.0224 過 | c17 0 過 | 全 紅
浮空 cES c14 1.3629/0.85 紅 | c15 v 0.1065 p 0.1042 near 0 過 | c16 in true bot 0.0305 過 | c17 0 過 | 全 紅
浮空 cEN c14 1.0606/0.85 紅 | c15 v 0.0995 p 0.0972 near 0 過 | c16 in true bot 0.039 過 | c17 0 過 | 全 紅
正常 cEW c14 0.6276/0.85 過 | c15 v 0.0925 p 0.0903 near 0 過 | c16 in true bot 0.0238 過 | c17 0 過 | 全 過
SUMMARY normal all-pass 4/4 | floating red 8/8
