{
 "kinds": [
  {
   "rnd": 493,
   "n": "cSW-wedding",
   "p2c": false,
   "pusher": 0
  },
  {
   "rnd": 507,
   "n": "cNS-wedding",
   "p2c": false,
   "pusher": 1
  },
  {
   "rnd": 468,
   "n": "cEW-wedding",
   "p2c": false,
   "pusher": 3
  },
  {
   "rnd": 398,
   "n": "cSW-guava",
   "p2c": false,
   "pusher": 0
  },
  {
   "rnd": 487,
   "n": "cNS-guava",
   "p2c": false,
   "pusher": 1
  },
  {
   "rnd": 473,
   "n": "cEW-guava",
   "p2c": false,
   "pusher": 3
  },
  {
   "rnd": 444,
   "n": "cSW-water",
   "p2c": false,
   "pusher": 0
  },
  {
   "rnd": 483,
   "n": "cNS-water",
   "p2c": false,
   "pusher": 1
  },
  {
   "rnd": 435,
   "n": "cEW-water",
   "p2c": false,
   "pusher": 3
  },
  {
   "rnd": 482,
   "n": "cSW-lock",
   "p2c": false,
   "pusher": 0
  },
  {
   "rnd": 459,
   "n": "cNS-lock",
   "p2c": false,
   "pusher": 1
  },
  {
   "rnd": 484,
   "n": "cEW-lock",
   "p2c": false,
   "pusher": 3
  },
  {
   "rnd": 466,
   "n": "cSW-tiger",
   "p2c": false,
   "pusher": 0
  },
  {
   "rnd": 468,
   "n": "cNS-tiger",
   "p2c": false,
   "pusher": 1
  },
  {
   "rnd": 435,
   "n": "cEW-tiger",
   "p2c": false,
   "pusher": 3
  }
 ]
}
