{
 "r2": [
  {
   "rnd": 481,
   "n": "cSN",
   "p2c": false,
   "pusher": 0
  },
  {
   "rnd": 486,
   "n": "cSW",
   "p2c": false,
   "pusher": 0
  },
  {
   "rnd": 468,
   "n": "cSE",
   "p2c": false,
   "pusher": 0
  },
  {
   "rnd": 462,
   "n": "cNS",
   "p2c": false,
   "pusher": 1
  },
  {
   "rnd": 451,
   "n": "cNW",
   "p2c": false,
   "pusher": 1
  },
  {
   "rnd": 448,
   "n": "cNE",
   "p2c": false,
   "pusher": 1
  },
  {
   "rnd": 425,
   "n": "cWS",
   "p2c": false,
   "pusher": 2
  },
  {
   "rnd": 434,
   "n": "cWN",
   "p2c": false,
   "pusher": 2
  },
  {
   "rnd": 523,
   "n": "cWE",
   "p2c": false,
   "pusher": 2
  },
  {
   "rnd": 492,
   "n": "cES",
   "p2c": false,
   "pusher": 3
  },
  {
   "rnd": 460,
   "n": "cEN",
   "p2c": false,
   "pusher": 3
  },
  {
   "rnd": 450,
   "n": "cEW",
   "p2c": false,
   "pusher": 3
  },
  {
   "rnd": 448,
   "n": "cSW0",
   "p2c": false,
   "pusher": 0
  },
  {
   "rnd": 436,
   "n": "cSW1",
   "p2c": false,
   "pusher": 0
  },
  {
   "rnd": 479,
   "n": "cSW3",
   "p2c": false,
   "pusher": 0
  }
 ]
}
