{
 "slow": [
  {
   "rnd": 543,
   "n": "cSN",
   "p2c": true,
   "pusher": null
  },
  {
   "rnd": 509,
   "n": "cSW",
   "p2c": true,
   "pusher": null
  },
  {
   "rnd": 514,
   "n": "cSE",
   "p2c": true,
   "pusher": null
  },
  {
   "rnd": 523,
   "n": "cNS",
   "p2c": true,
   "pusher": null
  },
  {
   "rnd": 575,
   "n": "cNW",
   "p2c": true,
   "pusher": null
  },
  {
   "rnd": 556,
   "n": "cNE",
   "p2c": true,
   "pusher": null
  },
  {
   "rnd": 514,
   "n": "cWS",
   "p2c": true,
   "pusher": null
  },
  {
   "rnd": 472,
   "n": "cWN",
   "p2c": true,
   "pusher": null
  },
  {
   "rnd": 518,
   "n": "cWE",
   "p2c": true,
   "pusher": null
  },
  {
   "rnd": 513,
   "n": "cES",
   "p2c": true,
   "pusher": null
  },
  {
   "rnd": 572,
   "n": "cEN",
   "p2c": true,
   "pusher": null
  },
  {
   "rnd": 533,
   "n": "cEW",
   "p2c": true,
   "pusher": null
  },
  {
   "rnd": 545,
   "n": "cSW0",
   "p2c": true,
   "pusher": null
  },
  {
   "rnd": 574,
   "n": "cSW1",
   "p2c": true,
   "pusher": null
  },
  {
   "rnd": 596,
   "n": "cSW3",
   "p2c": true,
   "pusher": null
  }
 ]
}
