{
 "slow": [
  {
   "rnd": 554,
   "n": "cSN",
   "p2c": false,
   "pusher": 0
  },
  {
   "rnd": 541,
   "n": "cSW",
   "p2c": false,
   "pusher": 0
  },
  {
   "rnd": 572,
   "n": "cSE",
   "p2c": false,
   "pusher": 0
  },
  {
   "rnd": 569,
   "n": "cNS",
   "p2c": false,
   "pusher": 1
  },
  {
   "rnd": 507,
   "n": "cNW",
   "p2c": false,
   "pusher": 1
  },
  {
   "rnd": 521,
   "n": "cNE",
   "p2c": false,
   "pusher": 1
  },
  {
   "rnd": 516,
   "n": "cWS",
   "p2c": false,
   "pusher": 2
  },
  {
   "rnd": 522,
   "n": "cWN",
   "p2c": false,
   "pusher": 2
  },
  {
   "rnd": 527,
   "n": "cWE",
   "p2c": false,
   "pusher": 2
  },
  {
   "rnd": 600,
   "n": "cES",
   "p2c": false,
   "pusher": 3
  },
  {
   "rnd": 564,
   "n": "cEN",
   "p2c": false,
   "pusher": 3
  },
  {
   "rnd": 543,
   "n": "cEW",
   "p2c": false,
   "pusher": 3
  },
  {
   "rnd": 545,
   "n": "cSW0",
   "p2c": false,
   "pusher": 0
  },
  {
   "rnd": 525,
   "n": "cSW1",
   "p2c": false,
   "pusher": 0
  },
  {
   "rnd": 496,
   "n": "cSW3",
   "p2c": false,
   "pusher": 0
  }
 ]
}
