{
 "slow": [
  {
   "rnd": 505,
   "n": "cSN",
   "p2c": true,
   "pusher": 0
  },
  {
   "rnd": 487,
   "n": "cSW",
   "p2c": true,
   "pusher": 0
  },
  {
   "rnd": 474,
   "n": "cSE",
   "p2c": true,
   "pusher": 0
  },
  {
   "rnd": 447,
   "n": "cNS",
   "p2c": true,
   "pusher": 1
  },
  {
   "rnd": 478,
   "n": "cNW",
   "p2c": true,
   "pusher": 1
  },
  {
   "rnd": 435,
   "n": "cNE",
   "p2c": true,
   "pusher": 1
  },
  {
   "rnd": 426,
   "n": "cWS",
   "p2c": true,
   "pusher": 2
  },
  {
   "rnd": 475,
   "n": "cWN",
   "p2c": true,
   "pusher": 2
  },
  {
   "rnd": 474,
   "n": "cWE",
   "p2c": true,
   "pusher": 2
  },
  {
   "rnd": 463,
   "n": "cES",
   "p2c": true,
   "pusher": 3
  },
  {
   "rnd": 404,
   "n": "cEN",
   "p2c": true,
   "pusher": 3
  },
  {
   "rnd": 486,
   "n": "cEW",
   "p2c": true,
   "pusher": 3
  },
  {
   "rnd": 442,
   "n": "cSW0",
   "p2c": true,
   "pusher": 0
  },
  {
   "rnd": 420,
   "n": "cSW1",
   "p2c": true,
   "pusher": 0
  },
  {
   "rnd": 441,
   "n": "cSW3",
   "p2c": true,
   "pusher": 0
  }
 ]
}
