{
 "slow": [
  {
   "rnd": 463,
   "n": "cSN",
   "p2c": false,
   "pusher": 0
  },
  {
   "rnd": 442,
   "n": "cSW",
   "p2c": false,
   "pusher": 0
  },
  {
   "rnd": 478,
   "n": "cSE",
   "p2c": false,
   "pusher": 0
  },
  {
   "rnd": 458,
   "n": "cNS",
   "p2c": false,
   "pusher": 1
  },
  {
   "rnd": 505,
   "n": "cNW",
   "p2c": false,
   "pusher": 1
  },
  {
   "rnd": 487,
   "n": "cNE",
   "p2c": false,
   "pusher": 1
  },
  {
   "rnd": 468,
   "n": "cWS",
   "p2c": false,
   "pusher": 2
  },
  {
   "rnd": 487,
   "n": "cWN",
   "p2c": false,
   "pusher": 2
  },
  {
   "rnd": 454,
   "n": "cWE",
   "p2c": false,
   "pusher": 2
  },
  {
   "rnd": 468,
   "n": "cES",
   "p2c": false,
   "pusher": 3
  },
  {
   "rnd": 429,
   "n": "cEN",
   "p2c": false,
   "pusher": 3
  },
  {
   "rnd": 474,
   "n": "cEW",
   "p2c": false,
   "pusher": 3
  },
  {
   "rnd": 484,
   "n": "cSW0",
   "p2c": false,
   "pusher": 0
  },
  {
   "rnd": 468,
   "n": "cSW1",
   "p2c": false,
   "pusher": 0
  },
  {
   "rnd": 444,
   "n": "cSW3",
   "p2c": false,
   "pusher": 0
  }
 ]
}
