{
 "fixture": "seed 1 solo，正常 UI 開標（不跳過、真實時序），844×390",
 "q": "",
 "rows": [
  {
   "slot": 0,
   "grabMs": 1260,
   "landedAfterMs": 1233,
   "cardAfterMs": 1365,
   "cardAfterLanded": true,
   "heldFrames": 69,
   "framedHeldFrames": 69
  },
  {
   "slot": 2,
   "grabMs": 1260,
   "landedAfterMs": 1243,
   "cardAfterMs": 1356,
   "cardAfterLanded": true,
   "heldFrames": 69,
   "framedHeldFrames": 69
  },
  {
   "slot": 3,
   "grabMs": 1260,
   "landedAfterMs": 1247,
   "cardAfterMs": 1364,
   "cardAfterLanded": true,
   "heldFrames": 72,
   "framedHeldFrames": 72
  }
 ],
 "frames": 966,
 "errors": [],
 "pass": true
}
