{
 "award-V3": [
  {
   "rnd": 280,
   "n": "S",
   "landed": 1267,
   "p2": true,
   "p3": true,
   "p4": true,
   "p5mid": true,
   "p7": true,
   "strug": {
    "samples": 48,
    "missing": 0,
    "alternatingPeaks": 7,
    "amp": 0.0213
   },
   "hudBad": 0,
   "inOther": 0,
   "minY": 0.5906,
   "mid": 0,
   "card": {
    "cardMs": 1350,
    "landedMs": 1267,
    "ok": true
   }
  },
  {
   "rnd": 270,
   "n": "N",
   "landed": 1267,
   "p2": true,
   "p3": true,
   "p4": true,
   "p5mid": true,
   "p7": true,
   "strug": {
    "samples": 48,
    "missing": 0,
    "alternatingPeaks": 5,
    "amp": 0.0198
   },
   "hudBad": 0,
   "inOther": 0,
   "minY": 0.6341,
   "mid": 0,
   "card": {
    "cardMs": 1350,
    "landedMs": 1267,
    "ok": true
   }
  },
  {
   "rnd": 246,
   "n": "W",
   "landed": 1267,
   "p2": true,
   "p3": true,
   "p4": true,
   "p5mid": true,
   "p7": true,
   "strug": {
    "samples": 49,
    "missing": 0,
    "alternatingPeaks": 5,
    "amp": 0.0203
   },
   "hudBad": 0,
   "inOther": 0,
   "minY": 0.6943,
   "mid": 0,
   "card": {
    "cardMs": 1350,
    "landedMs": 1267,
    "ok": true
   }
  },
  {
   "rnd": 243,
   "n": "E",
   "landed": 1267,
   "p2": true,
   "p3": true,
   "p4": true,
   "p5mid": true,
   "p7": true,
   "strug": {
    "samples": 49,
    "missing": 0,
    "alternatingPeaks": 7,
    "amp": 0.0217
   },
   "hudBad": 0,
   "inOther": 0,
   "minY": 0.7099,
   "mid": 0,
   "card": {
    "cardMs": 1350,
    "landedMs": 1267,
    "ok": true
   }
  },
  {
   "rnd": 273,
   "n": "Wfar",
   "landed": 1267,
   "p2": true,
   "p3": true,
   "p4": true,
   "p5mid": true,
   "p7": true,
   "strug": {
    "samples": 49,
    "missing": 0,
    "alternatingPeaks": 7,
    "amp": 0.0211
   },
   "hudBad": 0,
   "inOther": 0,
   "minY": 0.7273,
   "mid": 0,
   "card": {
    "cardMs": 1350,
    "landedMs": 1267,
    "ok": true
   }
  },
  {
   "rnd": 291,
   "n": "Efar",
   "landed": 1267,
   "p2": true,
   "p3": true,
   "p4": true,
   "p5mid": true,
   "p7": true,
   "strug": {
    "samples": 49,
    "missing": 0,
    "alternatingPeaks": 7,
    "amp": 0.0217
   },
   "hudBad": 0,
   "inOther": 0,
   "minY": 0.8802,
   "mid": 0,
   "card": {
    "cardMs": 1350,
    "landedMs": 1267,
    "ok": true
   }
  }
 ],
 "hud": [
  {
   "vp": "V1",
   "name": "S",
   "landedMs": 1267,
   "hud": {
    "frames": 48,
    "badFrames": 0,
    "first": null
   },
   "pass3": true,
   "frame7": {
    "held": 48,
    "palmOutsideFelt": 0,
    "firstOut": null
   },
   "card": {
    "cardMs": 1350,
    "landedMs": 1267,
    "ok": true
   },
   "pass7": true,
   "pass4": true,
   "hands": {
    "grabHandFrames": 99,
    "inOtherItemBox": 0,
    "firstIn": null,
    "minY": 0.5906,
    "minYBySeat": {
     "0": 0.5906,
     "1": 0.156
    },
    "tableY": 0.152,
    "legacyInOther": 0
   },
   "mid": {
    "belowTopPoints": 0,
    "first": null
   }
  },
  {
   "vp": "V1",
   "name": "N",
   "landedMs": 1267,
   "hud": {
    "frames": 48,
    "badFrames": 0,
    "first": null
   },
   "pass3": true,
   "frame7": {
    "held": 48,
    "palmOutsideFelt": 0,
    "firstOut": null
   },
   "card": {
    "cardMs": 1350,
    "landedMs": 1267,
    "ok": true
   },
   "pass7": true,
   "pass4": true,
   "hands": {
    "grabHandFrames": 99,
    "inOtherItemBox": 0,
    "firstIn": null,
    "minY": 0.6341,
    "minYBySeat": {
     "0": 0.156,
     "1": 0.6341
    },
    "tableY": 0.152,
    "legacyInOther": 0
   },
   "mid": {
    "belowTopPoints": 0,
    "first": null
   }
  },
  {
   "vp": "V1",
   "name": "W",
   "landedMs": 1267,
   "hud": {
    "frames": 49,
    "badFrames": 0,
    "first": null
   },
   "pass3": true,
   "frame7": {
    "held": 49,
    "palmOutsideFelt": 0,
    "firstOut": null
   },
   "card": {
    "cardMs": 1350,
    "landedMs": 1267,
    "ok": true
   },
   "pass7": true,
   "pass4": true,
   "hands": {
    "grabHandFrames": 99,
    "inOtherItemBox": 0,
    "firstIn": null,
    "minY": 0.6943,
    "minYBySeat": {
     "2": 0.6943,
     "3": 0.156
    },
    "tableY": 0.152,
    "legacyInOther": 0
   },
   "mid": {
    "belowTopPoints": 0,
    "first": null
   }
  },
  {
   "vp": "V1",
   "name": "E",
   "landedMs": 1267,
   "hud": {
    "frames": 49,
    "badFrames": 0,
    "first": null
   },
   "pass3": true,
   "frame7": {
    "held": 49,
    "palmOutsideFelt": 0,
    "firstOut": null
   },
   "card": {
    "cardMs": 1350,
    "landedMs": 1267,
    "ok": true
   },
   "pass7": true,
   "pass4": true,
   "hands": {
    "grabHandFrames": 99,
    "inOtherItemBox": 0,
    "firstIn": null,
    "minY": 0.7099,
    "minYBySeat": {
     "2": 0.156,
     "3": 0.7099
    },
    "tableY": 0.152,
    "legacyInOther": 0
   },
   "mid": {
    "belowTopPoints": 0,
    "first": null
   }
  },
  {
   "vp": "V1",
   "name": "Wfar",
   "landedMs": 1267,
   "hud": {
    "frames": 49,
    "badFrames": 0,
    "first": null
   },
   "pass3": true,
   "frame7": {
    "held": 49,
    "palmOutsideFelt": 0,
    "firstOut": null
   },
   "card": {
    "cardMs": 1350,
    "landedMs": 1267,
    "ok": true
   },
   "pass7": true,
   "pass4": true,
   "hands": {
    "grabHandFrames": 99,
    "inOtherItemBox": 0,
    "firstIn": null,
    "minY": 0.7273,
    "minYBySeat": {
     "0": 0.156,
     "2": 0.7273
    },
    "tableY": 0.152,
    "legacyInOther": 468
   },
   "mid": {
    "belowTopPoints": 0,
    "first": null
   }
  },
  {
   "vp": "V1",
   "name": "Efar",
   "landedMs": 1267,
   "hud": {
    "frames": 49,
    "badFrames": 0,
    "first": null
   },
   "pass3": true,
   "frame7": {
    "held": 49,
    "palmOutsideFelt": 0,
    "firstOut": null
   },
   "card": {
    "cardMs": 1350,
    "landedMs": 1267,
    "ok": true
   },
   "pass7": true,
   "pass4": true,
   "hands": {
    "grabHandFrames": 99,
    "inOtherItemBox": 0,
    "firstIn": null,
    "minY": 0.8802,
    "minYBySeat": {
     "1": 0.156,
     "3": 0.8802
    },
    "tableY": 0.152,
    "legacyInOther": 0
   },
   "mid": {
    "belowTopPoints": 0,
    "first": null
   }
  },
  {
   "vp": "V1",
   "name": "cNS",
   "landedMs": null,
   "hud": {
    "frames": 0,
    "badFrames": 0,
    "first": null
   },
   "pass3": false,
   "frame7": {
    "held": 0,
    "palmOutsideFelt": 0,
    "firstOut": null
   },
   "card": {
    "cardMs": false,
    "landedMs": null,
    "ok": false
   },
   "pass7": false,
   "pass4": true,
   "hands": {
    "grabHandFrames": 120,
    "inOtherItemBox": 0,
    "firstIn": null,
    "minY": 0.1594,
    "minYBySeat": {
     "0": 0.1594,
     "1": 0.2729,
     "3": 0.156
    },
    "tableY": 0.152,
    "legacyInOther": 0
   },
   "mid": {
    "belowTopPoints": 0,
    "first": null
   }
  },
  {
   "vp": "V1",
   "name": "cWE",
   "landedMs": null,
   "hud": {
    "frames": 0,
    "badFrames": 0,
    "first": null
   },
   "pass3": false,
   "frame7": {
    "held": 0,
    "palmOutsideFelt": 0,
    "firstOut": null
   },
   "card": {
    "cardMs": false,
    "landedMs": null,
    "ok": false
   },
   "pass7": false,
   "pass4": true,
   "hands": {
    "grabHandFrames": 120,
    "inOtherItemBox": 0,
    "firstIn": null,
    "minY": 0.156,
    "minYBySeat": {
     "0": 0.156,
     "2": 0.3403,
     "3": 0.156
    },
    "tableY": 0.152,
    "legacyInOther": 0
   },
   "mid": {
    "belowTopPoints": 23747,
    "first": {
     "tms": 1067,
     "seat": 2,
     "n": 27
    }
   }
  },
  {
   "vp": "V1",
   "errs": []
  },
  {
   "vp": "V2",
   "name": "S",
   "landedMs": 1267,
   "hud": {
    "frames": 48,
    "badFrames": 0,
    "first": null
   },
   "pass3": true,
   "frame7": {
    "held": 48,
    "palmOutsideFelt": 0,
    "firstOut": null
   },
   "card": {
    "cardMs": 1350,
    "landedMs": 1267,
    "ok": true
   },
   "pass7": true,
   "pass4": true,
   "hands": {
    "grabHandFrames": 99,
    "inOtherItemBox": 0,
    "firstIn": null,
    "minY": 0.5906,
    "minYBySeat": {
     "0": 0.5906,
     "1": 0.156
    },
    "tableY": 0.152,
    "legacyInOther": 0
   },
   "mid": {
    "belowTopPoints": 0,
    "first": null
   }
  },
  {
   "vp": "V2",
   "name": "N",
   "landedMs": 1267,
   "hud": {
    "frames": 48,
    "badFrames": 0,
    "first": null
   },
   "pass3": true,
   "frame7": {
    "held": 48,
    "palmOutsideFelt": 0,
    "firstOut": null
   },
   "card": {
    "cardMs": 1350,
    "landedMs": 1267,
    "ok": true
   },
   "pass7": true,
   "pass4": true,
   "hands": {
    "grabHandFrames": 99,
    "inOtherItemBox": 0,
    "firstIn": null,
    "minY": 0.6341,
    "minYBySeat": {
     "0": 0.156,
     "1": 0.6341
    },
    "tableY": 0.152,
    "legacyInOther": 0
   },
   "mid": {
    "belowTopPoints": 0,
    "first": null
   }
  },
  {
   "vp": "V2",
   "name": "W",
   "landedMs": 1267,
   "hud": {
    "frames": 49,
    "badFrames": 0,
    "first": null
   },
   "pass3": true,
   "frame7": {
    "held": 49,
    "palmOutsideFelt": 0,
    "firstOut": null
   },
   "card": {
    "cardMs": 1350,
    "landedMs": 1267,
    "ok": true
   },
   "pass7": true,
   "pass4": true,
   "hands": {
    "grabHandFrames": 99,
    "inOtherItemBox": 0,
    "firstIn": null,
    "minY": 0.6943,
    "minYBySeat": {
     "2": 0.6943,
     "3": 0.156
    },
    "tableY": 0.152,
    "legacyInOther": 0
   },
   "mid": {
    "belowTopPoints": 0,
    "first": null
   }
  },
  {
   "vp": "V2",
   "name": "E",
   "landedMs": 1267,
   "hud": {
    "frames": 49,
    "badFrames": 0,
    "first": null
   },
   "pass3": true,
   "frame7": {
    "held": 49,
    "palmOutsideFelt": 0,
    "firstOut": null
   },
   "card": {
    "cardMs": 1350,
    "landedMs": 1267,
    "ok": true
   },
   "pass7": true,
   "pass4": true,
   "hands": {
    "grabHandFrames": 99,
    "inOtherItemBox": 0,
    "firstIn": null,
    "minY": 0.7099,
    "minYBySeat": {
     "2": 0.156,
     "3": 0.7099
    },
    "tableY": 0.152,
    "legacyInOther": 0
   },
   "mid": {
    "belowTopPoints": 0,
    "first": null
   }
  },
  {
   "vp": "V2",
   "name": "Wfar",
   "landedMs": 1267,
   "hud": {
    "frames": 49,
    "badFrames": 0,
    "first": null
   },
   "pass3": true,
   "frame7": {
    "held": 49,
    "palmOutsideFelt": 0,
    "firstOut": null
   },
   "card": {
    "cardMs": 1350,
    "landedMs": 1267,
    "ok": true
   },
   "pass7": true,
   "pass4": true,
   "hands": {
    "grabHandFrames": 99,
    "inOtherItemBox": 0,
    "firstIn": null,
    "minY": 0.7273,
    "minYBySeat": {
     "0": 0.156,
     "2": 0.7273
    },
    "tableY": 0.152,
    "legacyInOther": 468
   },
   "mid": {
    "belowTopPoints": 0,
    "first": null
   }
  },
  {
   "vp": "V2",
   "name": "Efar",
   "landedMs": 1267,
   "hud": {
    "frames": 49,
    "badFrames": 0,
    "first": null
   },
   "pass3": true,
   "frame7": {
    "held": 49,
    "palmOutsideFelt": 0,
    "firstOut": null
   },
   "card": {
    "cardMs": 1350,
    "landedMs": 1267,
    "ok": true
   },
   "pass7": true,
   "pass4": true,
   "hands": {
    "grabHandFrames": 99,
    "inOtherItemBox": 0,
    "firstIn": null,
    "minY": 0.8802,
    "minYBySeat": {
     "1": 0.156,
     "3": 0.8802
    },
    "tableY": 0.152,
    "legacyInOther": 0
   },
   "mid": {
    "belowTopPoints": 0,
    "first": null
   }
  },
  {
   "vp": "V2",
   "name": "cNS",
   "landedMs": null,
   "hud": {
    "frames": 0,
    "badFrames": 0,
    "first": null
   },
   "pass3": false,
   "frame7": {
    "held": 0,
    "palmOutsideFelt": 0,
    "firstOut": null
   },
   "card": {
    "cardMs": false,
    "landedMs": null,
    "ok": false
   },
   "pass7": false,
   "pass4": true,
   "hands": {
    "grabHandFrames": 120,
    "inOtherItemBox": 0,
    "firstIn": null,
    "minY": 0.1594,
    "minYBySeat": {
     "0": 0.1594,
     "1": 0.2729,
     "3": 0.156
    },
    "tableY": 0.152,
    "legacyInOther": 0
   },
   "mid": {
    "belowTopPoints": 0,
    "first": null
   }
  },
  {
   "vp": "V2",
   "name": "cWE",
   "landedMs": null,
   "hud": {
    "frames": 0,
    "badFrames": 0,
    "first": null
   },
   "pass3": false,
   "frame7": {
    "held": 0,
    "palmOutsideFelt": 0,
    "firstOut": null
   },
   "card": {
    "cardMs": false,
    "landedMs": null,
    "ok": false
   },
   "pass7": false,
   "pass4": true,
   "hands": {
    "grabHandFrames": 120,
    "inOtherItemBox": 0,
    "firstIn": null,
    "minY": 0.156,
    "minYBySeat": {
     "0": 0.156,
     "2": 0.3403,
     "3": 0.156
    },
    "tableY": 0.152,
    "legacyInOther": 0
   },
   "mid": {
    "belowTopPoints": 23747,
    "first": {
     "tms": 1067,
     "seat": 2,
     "n": 27
    }
   }
  },
  {
   "vp": "V2",
   "errs": []
  },
  {
   "vp": "V3",
   "name": "S",
   "landedMs": 1267,
   "hud": {
    "frames": 48,
    "badFrames": 0,
    "first": null
   },
   "pass3": true,
   "frame7": {
    "held": 48,
    "palmOutsideFelt": 0,
    "firstOut": null
   },
   "card": {
    "cardMs": 1350,
    "landedMs": 1267,
    "ok": true
   },
   "pass7": true,
   "pass4": true,
   "hands": {
    "grabHandFrames": 99,
    "inOtherItemBox": 0,
    "firstIn": null,
    "minY": 0.5906,
    "minYBySeat": {
     "0": 0.5906,
     "1": 0.156
    },
    "tableY": 0.152,
    "legacyInOther": 0
   },
   "mid": {
    "belowTopPoints": 0,
    "first": null
   }
  },
  {
   "vp": "V3",
   "name": "N",
   "landedMs": 1267,
   "hud": {
    "frames": 48,
    "badFrames": 0,
    "first": null
   },
   "pass3": true,
   "frame7": {
    "held": 48,
    "palmOutsideFelt": 0,
    "firstOut": null
   },
   "card": {
    "cardMs": 1350,
    "landedMs": 1267,
    "ok": true
   },
   "pass7": true,
   "pass4": true,
   "hands": {
    "grabHandFrames": 99,
    "inOtherItemBox": 0,
    "firstIn": null,
    "minY": 0.6341,
    "minYBySeat": {
     "0": 0.156,
     "1": 0.6341
    },
    "tableY": 0.152,
    "legacyInOther": 0
   },
   "mid": {
    "belowTopPoints": 0,
    "first": null
   }
  },
  {
   "vp": "V3",
   "name": "W",
   "landedMs": 1267,
   "hud": {
    "frames": 49,
    "badFrames": 0,
    "first": null
   },
   "pass3": true,
   "frame7": {
    "held": 49,
    "palmOutsideFelt": 0,
    "firstOut": null
   },
   "card": {
    "cardMs": 1350,
    "landedMs": 1267,
    "ok": true
   },
   "pass7": true,
   "pass4": true,
   "hands": {
    "grabHandFrames": 99,
    "inOtherItemBox": 0,
    "firstIn": null,
    "minY": 0.6943,
    "minYBySeat": {
     "2": 0.6943,
     "3": 0.156
    },
    "tableY": 0.152,
    "legacyInOther": 0
   },
   "mid": {
    "belowTopPoints": 0,
    "first": null
   }
  },
  {
   "vp": "V3",
   "name": "E",
   "landedMs": 1267,
   "hud": {
    "frames": 49,
    "badFrames": 0,
    "first": null
   },
   "pass3": true,
   "frame7": {
    "held": 49,
    "palmOutsideFelt": 0,
    "firstOut": null
   },
   "card": {
    "cardMs": 1350,
    "landedMs": 1267,
    "ok": true
   },
   "pass7": true,
   "pass4": true,
   "hands": {
    "grabHandFrames": 99,
    "inOtherItemBox": 0,
    "firstIn": null,
    "minY": 0.7099,
    "minYBySeat": {
     "2": 0.156,
     "3": 0.7099
    },
    "tableY": 0.152,
    "legacyInOther": 0
   },
   "mid": {
    "belowTopPoints": 0,
    "first": null
   }
  },
  {
   "vp": "V3",
   "name": "Wfar",
   "landedMs": 1267,
   "hud": {
    "frames": 49,
    "badFrames": 0,
    "first": null
   },
   "pass3": true,
   "frame7": {
    "held": 49,
    "palmOutsideFelt": 0,
    "firstOut": null
   },
   "card": {
    "cardMs": 1350,
    "landedMs": 1267,
    "ok": true
   },
   "pass7": true,
   "pass4": true,
   "hands": {
    "grabHandFrames": 99,
    "inOtherItemBox": 0,
    "firstIn": null,
    "minY": 0.7273,
    "minYBySeat": {
     "0": 0.156,
     "2": 0.7273
    },
    "tableY": 0.152,
    "legacyInOther": 468
   },
   "mid": {
    "belowTopPoints": 0,
    "first": null
   }
  },
  {
   "vp": "V3",
   "name": "Efar",
   "landedMs": 1267,
   "hud": {
    "frames": 49,
    "badFrames": 0,
    "first": null
   },
   "pass3": true,
   "frame7": {
    "held": 49,
    "palmOutsideFelt": 0,
    "firstOut": null
   },
   "card": {
    "cardMs": 1350,
    "landedMs": 1267,
    "ok": true
   },
   "pass7": true,
   "pass4": true,
   "hands": {
    "grabHandFrames": 99,
    "inOtherItemBox": 0,
    "firstIn": null,
    "minY": 0.8802,
    "minYBySeat": {
     "1": 0.156,
     "3": 0.8802
    },
    "tableY": 0.152,
    "legacyInOther": 0
   },
   "mid": {
    "belowTopPoints": 0,
    "first": null
   }
  },
  {
   "vp": "V3",
   "name": "cNS",
   "landedMs": null,
   "hud": {
    "frames": 0,
    "badFrames": 0,
    "first": null
   },
   "pass3": false,
   "frame7": {
    "held": 0,
    "palmOutsideFelt": 0,
    "firstOut": null
   },
   "card": {
    "cardMs": false,
    "landedMs": null,
    "ok": false
   },
   "pass7": false,
   "pass4": true,
   "hands": {
    "grabHandFrames": 120,
    "inOtherItemBox": 0,
    "firstIn": null,
    "minY": 0.1594,
    "minYBySeat": {
     "0": 0.1594,
     "1": 0.2729,
     "3": 0.156
    },
    "tableY": 0.152,
    "legacyInOther": 0
   },
   "mid": {
    "belowTopPoints": 0,
    "first": null
   }
  },
  {
   "vp": "V3",
   "name": "cWE",
   "landedMs": null,
   "hud": {
    "frames": 0,
    "badFrames": 0,
    "first": null
   },
   "pass3": false,
   "frame7": {
    "held": 0,
    "palmOutsideFelt": 0,
    "firstOut": null
   },
   "card": {
    "cardMs": false,
    "landedMs": null,
    "ok": false
   },
   "pass7": false,
   "pass4": true,
   "hands": {
    "grabHandFrames": 120,
    "inOtherItemBox": 0,
    "firstIn": null,
    "minY": 0.156,
    "minYBySeat": {
     "0": 0.156,
     "2": 0.3403,
     "3": 0.156
    },
    "tableY": 0.152,
    "legacyInOther": 0
   },
   "mid": {
    "belowTopPoints": 23747,
    "first": {
     "tms": 1067,
     "seat": 2,
     "n": 27
    }
   }
  },
  {
   "vp": "V3",
   "errs": []
  },
  {
   "vp": "V4",
   "name": "S",
   "landedMs": 1267,
   "hud": {
    "frames": 48,
    "badFrames": 0,
    "first": null
   },
   "pass3": true,
   "frame7": {
    "held": 48,
    "palmOutsideFelt": 0,
    "firstOut": null
   },
   "card": {
    "cardMs": 1350,
    "landedMs": 1267,
    "ok": true
   },
   "pass7": true,
   "pass4": true,
   "hands": {
    "grabHandFrames": 99,
    "inOtherItemBox": 0,
    "firstIn": null,
    "minY": 0.5906,
    "minYBySeat": {
     "0": 0.5906,
     "1": 0.156
    },
    "tableY": 0.152,
    "legacyInOther": 0
   },
   "mid": {
    "belowTopPoints": 0,
    "first": null
   }
  },
  {
   "vp": "V4",
   "name": "N",
   "landedMs": 1267,
   "hud": {
    "frames": 48,
    "badFrames": 0,
    "first": null
   },
   "pass3": true,
   "frame7": {
    "held": 48,
    "palmOutsideFelt": 0,
    "firstOut": null
   },
   "card": {
    "cardMs": 1350,
    "landedMs": 1267,
    "ok": true
   },
   "pass7": true,
   "pass4": true,
   "hands": {
    "grabHandFrames": 99,
    "inOtherItemBox": 0,
    "firstIn": null,
    "minY": 0.6341,
    "minYBySeat": {
     "0": 0.156,
     "1": 0.6341
    },
    "tableY": 0.152,
    "legacyInOther": 0
   },
   "mid": {
    "belowTopPoints": 0,
    "first": null
   }
  },
  {
   "vp": "V4",
   "name": "W",
   "landedMs": 1267,
   "hud": {
    "frames": 49,
    "badFrames": 0,
    "first": null
   },
   "pass3": true,
   "frame7": {
    "held": 49,
    "palmOutsideFelt": 0,
    "firstOut": null
   },
   "card": {
    "cardMs": 1350,
    "landedMs": 1267,
    "ok": true
   },
   "pass7": true,
   "pass4": true,
   "hands": {
    "grabHandFrames": 99,
    "inOtherItemBox": 0,
    "firstIn": null,
    "minY": 0.6943,
    "minYBySeat": {
     "2": 0.6943,
     "3": 0.156
    },
    "tableY": 0.152,
    "legacyInOther": 0
   },
   "mid": {
    "belowTopPoints": 0,
    "first": null
   }
  },
  {
   "vp": "V4",
   "name": "E",
   "landedMs": 1267,
   "hud": {
    "frames": 49,
    "badFrames": 0,
    "first": null
   },
   "pass3": true,
   "frame7": {
    "held": 49,
    "palmOutsideFelt": 0,
    "firstOut": null
   },
   "card": {
    "cardMs": 1350,
    "landedMs": 1267,
    "ok": true
   },
   "pass7": true,
   "pass4": true,
   "hands": {
    "grabHandFrames": 99,
    "inOtherItemBox": 0,
    "firstIn": null,
    "minY": 0.7099,
    "minYBySeat": {
     "2": 0.156,
     "3": 0.7099
    },
    "tableY": 0.152,
    "legacyInOther": 0
   },
   "mid": {
    "belowTopPoints": 0,
    "first": null
   }
  },
  {
   "vp": "V4",
   "name": "Wfar",
   "landedMs": 1267,
   "hud": {
    "frames": 49,
    "badFrames": 0,
    "first": null
   },
   "pass3": true,
   "frame7": {
    "held": 49,
    "palmOutsideFelt": 0,
    "firstOut": null
   },
   "card": {
    "cardMs": 1350,
    "landedMs": 1267,
    "ok": true
   },
   "pass7": true,
   "pass4": true,
   "hands": {
    "grabHandFrames": 99,
    "inOtherItemBox": 0,
    "firstIn": null,
    "minY": 0.7273,
    "minYBySeat": {
     "0": 0.156,
     "2": 0.7273
    },
    "tableY": 0.152,
    "legacyInOther": 468
   },
   "mid": {
    "belowTopPoints": 0,
    "first": null
   }
  },
  {
   "vp": "V4",
   "name": "Efar",
   "landedMs": 1267,
   "hud": {
    "frames": 49,
    "badFrames": 0,
    "first": null
   },
   "pass3": true,
   "frame7": {
    "held": 49,
    "palmOutsideFelt": 0,
    "firstOut": null
   },
   "card": {
    "cardMs": 1350,
    "landedMs": 1267,
    "ok": true
   },
   "pass7": true,
   "pass4": true,
   "hands": {
    "grabHandFrames": 99,
    "inOtherItemBox": 0,
    "firstIn": null,
    "minY": 0.8802,
    "minYBySeat": {
     "1": 0.156,
     "3": 0.8802
    },
    "tableY": 0.152,
    "legacyInOther": 0
   },
   "mid": {
    "belowTopPoints": 0,
    "first": null
   }
  },
  {
   "vp": "V4",
   "name": "cNS",
   "landedMs": null,
   "hud": {
    "frames": 0,
    "badFrames": 0,
    "first": null
   },
   "pass3": false,
   "frame7": {
    "held": 0,
    "palmOutsideFelt": 0,
    "firstOut": null
   },
   "card": {
    "cardMs": false,
    "landedMs": null,
    "ok": false
   },
   "pass7": false,
   "pass4": true,
   "hands": {
    "grabHandFrames": 120,
    "inOtherItemBox": 0,
    "firstIn": null,
    "minY": 0.1594,
    "minYBySeat": {
     "0": 0.1594,
     "1": 0.2729,
     "3": 0.156
    },
    "tableY": 0.152,
    "legacyInOther": 0
   },
   "mid": {
    "belowTopPoints": 0,
    "first": null
   }
  },
  {
   "vp": "V4",
   "name": "cWE",
   "landedMs": null,
   "hud": {
    "frames": 0,
    "badFrames": 0,
    "first": null
   },
   "pass3": false,
   "frame7": {
    "held": 0,
    "palmOutsideFelt": 0,
    "firstOut": null
   },
   "card": {
    "cardMs": false,
    "landedMs": null,
    "ok": false
   },
   "pass7": false,
   "pass4": true,
   "hands": {
    "grabHandFrames": 120,
    "inOtherItemBox": 0,
    "firstIn": null,
    "minY": 0.156,
    "minYBySeat": {
     "0": 0.156,
     "2": 0.3403,
     "3": 0.156
    },
    "tableY": 0.152,
    "legacyInOther": 0
   },
   "mid": {
    "belowTopPoints": 23747,
    "first": {
     "tms": 1067,
     "seat": 2,
     "n": 27
    }
   }
  },
  {
   "vp": "V4",
   "errs": []
  },
  {
   "vp": "V5",
   "name": "S",
   "landedMs": 1267,
   "hud": {
    "frames": 48,
    "badFrames": 0,
    "first": null
   },
   "pass3": true,
   "frame7": {
    "held": 48,
    "palmOutsideFelt": 0,
    "firstOut": null
   },
   "card": {
    "cardMs": 1350,
    "landedMs": 1267,
    "ok": true
   },
   "pass7": true,
   "pass4": true,
   "hands": {
    "grabHandFrames": 99,
    "inOtherItemBox": 0,
    "firstIn": null,
    "minY": 0.5906,
    "minYBySeat": {
     "0": 0.5906,
     "1": 0.156
    },
    "tableY": 0.152,
    "legacyInOther": 0
   },
   "mid": {
    "belowTopPoints": 0,
    "first": null
   }
  },
  {
   "vp": "V5",
   "name": "N",
   "landedMs": 1267,
   "hud": {
    "frames": 48,
    "badFrames": 0,
    "first": null
   },
   "pass3": true,
   "frame7": {
    "held": 48,
    "palmOutsideFelt": 0,
    "firstOut": null
   },
   "card": {
    "cardMs": 1350,
    "landedMs": 1267,
    "ok": true
   },
   "pass7": true,
   "pass4": true,
   "hands": {
    "grabHandFrames": 99,
    "inOtherItemBox": 0,
    "firstIn": null,
    "minY": 0.6341,
    "minYBySeat": {
     "0": 0.156,
     "1": 0.6341
    },
    "tableY": 0.152,
    "legacyInOther": 0
   },
   "mid": {
    "belowTopPoints": 0,
    "first": null
   }
  },
  {
   "vp": "V5",
   "name": "W",
   "landedMs": 1267,
   "hud": {
    "frames": 49,
    "badFrames": 0,
    "first": null
   },
   "pass3": true,
   "frame7": {
    "held": 49,
    "palmOutsideFelt": 0,
    "firstOut": null
   },
   "card": {
    "cardMs": 1350,
    "landedMs": 1267,
    "ok": true
   },
   "pass7": true,
   "pass4": true,
   "hands": {
    "grabHandFrames": 99,
    "inOtherItemBox": 0,
    "firstIn": null,
    "minY": 0.6943,
    "minYBySeat": {
     "2": 0.6943,
     "3": 0.156
    },
    "tableY": 0.152,
    "legacyInOther": 0
   },
   "mid": {
    "belowTopPoints": 0,
    "first": null
   }
  },
  {
   "vp": "V5",
   "name": "E",
   "landedMs": 1267,
   "hud": {
    "frames": 49,
    "badFrames": 0,
    "first": null
   },
   "pass3": true,
   "frame7": {
    "held": 49,
    "palmOutsideFelt": 0,
    "firstOut": null
   },
   "card": {
    "cardMs": 1350,
    "landedMs": 1267,
    "ok": true
   },
   "pass7": true,
   "pass4": true,
   "hands": {
    "grabHandFrames": 99,
    "inOtherItemBox": 0,
    "firstIn": null,
    "minY": 0.7099,
    "minYBySeat": {
     "2": 0.156,
     "3": 0.7099
    },
    "tableY": 0.152,
    "legacyInOther": 0
   },
   "mid": {
    "belowTopPoints": 0,
    "first": null
   }
  },
  {
   "vp": "V5",
   "name": "Wfar",
   "landedMs": 1267,
   "hud": {
    "frames": 49,
    "badFrames": 0,
    "first": null
   },
   "pass3": true,
   "frame7": {
    "held": 49,
    "palmOutsideFelt": 0,
    "firstOut": null
   },
   "card": {
    "cardMs": 1350,
    "landedMs": 1267,
    "ok": true
   },
   "pass7": true,
   "pass4": true,
   "hands": {
    "grabHandFrames": 99,
    "inOtherItemBox": 0,
    "firstIn": null,
    "minY": 0.7273,
    "minYBySeat": {
     "0": 0.156,
     "2": 0.7273
    },
    "tableY": 0.152,
    "legacyInOther": 468
   },
   "mid": {
    "belowTopPoints": 0,
    "first": null
   }
  },
  {
   "vp": "V5",
   "name": "Efar",
   "landedMs": 1267,
   "hud": {
    "frames": 49,
    "badFrames": 0,
    "first": null
   },
   "pass3": true,
   "frame7": {
    "held": 49,
    "palmOutsideFelt": 0,
    "firstOut": null
   },
   "card": {
    "cardMs": 1350,
    "landedMs": 1267,
    "ok": true
   },
   "pass7": true,
   "pass4": true,
   "hands": {
    "grabHandFrames": 99,
    "inOtherItemBox": 0,
    "firstIn": null,
    "minY": 0.8802,
    "minYBySeat": {
     "1": 0.156,
     "3": 0.8802
    },
    "tableY": 0.152,
    "legacyInOther": 0
   },
   "mid": {
    "belowTopPoints": 0,
    "first": null
   }
  },
  {
   "vp": "V5",
   "name": "cNS",
   "landedMs": null,
   "hud": {
    "frames": 0,
    "badFrames": 0,
    "first": null
   },
   "pass3": false,
   "frame7": {
    "held": 0,
    "palmOutsideFelt": 0,
    "firstOut": null
   },
   "card": {
    "cardMs": false,
    "landedMs": null,
    "ok": false
   },
   "pass7": false,
   "pass4": true,
   "hands": {
    "grabHandFrames": 120,
    "inOtherItemBox": 0,
    "firstIn": null,
    "minY": 0.1594,
    "minYBySeat": {
     "0": 0.1594,
     "1": 0.2729,
     "3": 0.156
    },
    "tableY": 0.152,
    "legacyInOther": 0
   },
   "mid": {
    "belowTopPoints": 0,
    "first": null
   }
  },
  {
   "vp": "V5",
   "name": "cWE",
   "landedMs": null,
   "hud": {
    "frames": 0,
    "badFrames": 0,
    "first": null
   },
   "pass3": false,
   "frame7": {
    "held": 0,
    "palmOutsideFelt": 0,
    "firstOut": null
   },
   "card": {
    "cardMs": false,
    "landedMs": null,
    "ok": false
   },
   "pass7": false,
   "pass4": true,
   "hands": {
    "grabHandFrames": 120,
    "inOtherItemBox": 0,
    "firstIn": null,
    "minY": 0.156,
    "minYBySeat": {
     "0": 0.156,
     "2": 0.3403,
     "3": 0.156
    },
    "tableY": 0.152,
    "legacyInOther": 0
   },
   "mid": {
    "belowTopPoints": 23747,
    "first": {
     "tms": 1067,
     "seat": 2,
     "n": 27
    }
   }
  },
  {
   "vp": "V5",
   "errs": []
  }
 ]
}
