{
 "perf": {
  "rounds": [
   {
    "n": 2736,
    "p50": 1,
    "p95": 2.699999988079071,
    "max": 25.400000035762787
   },
   {
    "n": 2736,
    "p50": 1,
    "p95": 2.599999964237213,
    "max": 19
   },
   {
    "n": 2736,
    "p50": 1,
    "p95": 2.5,
    "max": 16
   },
   {
    "n": 2736,
    "p50": 1,
    "p95": 2.600000023841858,
    "max": 25
   },
   {
    "n": 2736,
    "p50": 1,
    "p95": 2.399999976158142,
    "max": 16.900000035762787
   }
  ],
  "medianP95": 2.599999964237213
 }
}
