{
 "perf": {
  "rounds": [
   {
    "n": 2736,
    "p50": 1.300000011920929,
    "p95": 3.400000035762787,
    "max": 26.5
   },
   {
    "n": 2736,
    "p50": 1.2999999523162842,
    "p95": 3.5,
    "max": 19.100000023841858
   },
   {
    "n": 2736,
    "p50": 1.300000011920929,
    "p95": 3.300000011920929,
    "max": 17.80000001192093
   },
   {
    "n": 2736,
    "p50": 1.300000011920929,
    "p95": 3.100000023841858,
    "max": 15.600000023841858
   },
   {
    "n": 2736,
    "p50": 1.300000011920929,
    "p95": 3.199999988079071,
    "max": 18.899999976158142
   }
  ],
  "medianP95": 3.300000011920929
 }
}
