PASS eliteOpenShot    bow          t1/260ms msOK=true rate=1 fill=0.885 acts=6 handled=true alive=true restored=true onTime=true clean=true focus=true end=27 maxD=0.708 err=0 prog+0 sig=5b/beam+burst+orb/T 1664ms
PASS wardHpFront2     shield       t1/260ms msOK=true rate=1 fill=0.885 acts=7 handled=true alive=true restored=true onTime=true clean=true focus=true end=27 maxD=1.4665 err=0 prog+0 sig=9b/dome+ring 1096ms
PASS eliteArmor       balen        t1/260ms msOK=true rate=1 fill=0.865 acts=19 handled=true alive=true restored=true onTime=true clean=true focus=true end=27 maxD=0.2468 err=0 prog+0 sig=4b/dome+orb+ring 1615ms
PASS wardFirst        eye          t1/260ms msOK=true rate=1 fill=0.877 acts=12 handled=true alive=true restored=true onTime=true clean=true focus=true end=27 maxD=0.4712 err=0 prog+0 sig=7b/beam+burst+orb+ring/T 1190ms
PASS boltGamble       thunder      t1/260ms msOK=true rate=1 fill=0.854 acts=7 handled=true alive=true restored=true onTime=true clean=true focus=true end=27 maxD=0.6443 err=0 prog+0 sig=7b/bolt+burst+orb/T 1155ms
PASS swarmHalfSplash  boat         t1/260ms msOK=true rate=1 fill=0.885 acts=11 handled=true alive=true restored=true onTime=true clean=true focus=true end=27 maxD=0.3768 err=0 prog+0 sig=7b/disc+ring 745ms
PASS swarmThorn       boartusk     t1/260ms msOK=true rate=1 fill=0.885 acts=6 handled=true alive=true restored=true onTime=true clean=true focus=true end=27 maxD=1.0019 err=0 prog+0 sig=7b/bolt+burst+disc/T 1148ms
PASS eliteSelfCut     xianji       t1/260ms msOK=true rate=1 fill=0.881 acts=5 handled=true alive=true restored=true onTime=true clean=true focus=true end=27 maxD=1.744 err=0 prog+0 sig=16b/burst+emblem:knife+trail 1188ms
PASS wardHpAll1       shanshen     t1/260ms msOK=true rate=1 fill=0.885 acts=7 handled=true alive=true restored=true onTime=true clean=true focus=true end=27 maxD=0.3895 err=0 prog+0 sig=8b/disc+orb 742ms
PASS wardAtkAll1      flag         t1/260ms msOK=true rate=1 fill=0.869 acts=10 handled=true alive=true restored=true onTime=true clean=true focus=true end=27 maxD=0.7315 err=0 prog+0 sig=9b/flag+ring 1154ms
PASS eliteCleave      sword        t1/260ms msOK=true rate=1 fill=0.877 acts=10 handled=true alive=true restored=true onTime=true clean=true focus=true end=27 maxD=1.985 err=0 prog+0 sig=7b/beam+blade+burst+disc/T 737ms
PASS wardAbsorb4      wangchuan    t1/260ms msOK=true rate=1 fill=0.877 acts=14 handled=true alive=true restored=true onTime=true clean=true focus=true end=27 maxD=0.2726 err=0 prog+0 sig=9b/burst+disc+dome+orb+ring/T 683ms
PASS wardImmuneLost   bell         t1/260ms msOK=true rate=1 fill=0.881 acts=9 handled=true alive=true restored=true onTime=true clean=true focus=true end=27 maxD=1.6745 err=0 prog+0 sig=23b/burst+emblem:bell+mark:bell+trail 702ms
PASS swarmRally       wuying       t1/260ms msOK=true rate=1 fill=0.869 acts=30 handled=true alive=true restored=true onTime=true clean=true focus=true end=27 maxD=0.9267 err=0 prog+0 sig=8b/beam+disc+flag+orb+ring 709ms
PASS biteGamble       tiger        t1/260ms msOK=true rate=1 fill=0.881 acts=9 handled=true alive=true restored=true onTime=true clean=true focus=true end=27 maxD=2.2796 err=0 prog+0 sig=28b/burst+emblem:seal+mark:seal+trail/T 683ms
PASS wardHpFirst      ashcharm     t1/260ms msOK=true rate=1 fill=0.873 acts=9 handled=true alive=true restored=true onTime=true clean=true focus=true end=27 maxD=0.8371 err=0 prog+0 sig=7b/burst+orb+ring 1792ms
PASS wardRegen1       fushou       t1/260ms msOK=true rate=1 fill=0.885 acts=11 handled=true alive=true restored=true onTime=true clean=true focus=true end=27 maxD=0.7058 err=0 prog+0 sig=7b/beam+burst+orb+ring 1310ms
PASS swarmLastStand   pojun        t1/260ms msOK=true rate=1 fill=0.888 acts=9 handled=true alive=true restored=true onTime=true clean=true focus=true end=27 maxD=1.2319 err=0 prog+0 sig=10b/burst+disc+orb 747ms
PASS hauntLost        redhat       t1/260ms msOK=true rate=1 fill=0.885 acts=24 handled=true alive=true restored=true onTime=true clean=true focus=true end=27 maxD=1.2333 err=0 prog+0 sig=21b/burst+emblem:hat+trail/T 1861ms
PASS hauntSteal       hairpin      t1/260ms msOK=true rate=1 fill=0.885 acts=18 handled=true alive=true restored=true onTime=true clean=true focus=true end=27 maxD=0.4663 err=0 prog+0 sig=7b/bolt+burst+orb/T 732ms
PASS hauntSee         chair        t1/260ms msOK=true rate=1 fill=0.877 acts=15 handled=true alive=true restored=true onTime=true clean=true focus=true end=27 maxD=0.7796 err=0 prog+0 sig=9b/beam+ring/T 1866ms
PASS hauntDread1      raincoat     t1/260ms msOK=true rate=1 fill=0.877 acts=17 handled=true alive=true restored=true onTime=true clean=true focus=true end=27 maxD=0.5588 err=0 prog+0 sig=7b/ring/T 1753ms
PASS hauntSwap        buoy         t1/260ms msOK=true rate=1 fill=0.877 acts=11 handled=true alive=true restored=true onTime=true clean=true focus=true end=27 maxD=0.7949 err=0 prog+0 sig=8b/bolt+burst+ring/T 1808ms
PASS eliteVsSwarm     nail         t1/260ms msOK=true rate=1 fill=0.896 acts=5 handled=true alive=true restored=true onTime=true clean=true focus=true end=27 maxD=2.1307 err=0 prog+0 sig=10b/burst+orb/T 1545ms
PASS swarmPierce      yinyangcoin  t1/260ms msOK=true rate=1 fill=0.877 acts=6 handled=true alive=true restored=true onTime=true clean=true focus=true end=27 maxD=1.4296 err=0 prog+0 sig=8b/beam+burst/T 1309ms
PASS hauntFearX2      guoyin       t1/260ms msOK=true rate=1 fill=0.877 acts=17 handled=true alive=true restored=true onTime=true clean=true focus=true end=27 maxD=0.5973 err=0 prog+0 sig=11b/ring/T 709ms
PASS swarmFeed1       sigui        t1/260ms msOK=true rate=1 fill=0.885 acts=18 handled=true alive=true restored=true onTime=true clean=true focus=true end=27 maxD=0.8338 err=0 prog+0 sig=8b/disc+orb 1281ms

F10 動作數（非 flinch 的 tween／fly／fade／grow）：eliteOpenShot=6 wardHpFront2=7 eliteArmor=19 wardFirst=12 boltGamble=7 swarmHalfSplash=11 swarmThorn=6 eliteSelfCut=5 wardHpAll1=7 wardAtkAll1=10 eliteCleave=10 wardAbsorb4=14 wardImmuneLost=9 swarmRally=30 biteGamble=9 wardHpFirst=9 wardRegen1=11 swarmLastStand=9 hauntLost=24 hauntSteal=18 hauntSee=15 hauntDread1=17 hauntSwap=11 eliteVsSwarm=5 swarmPierce=6 hauntFearX2=17 swarmFeed1=18

★M1 未在條文情境下驗證（react 量在出招方自己身上，場上只有他一個人）：eliteSelfCut
  自益招要量在受益方身上，請另跑一次 --only=<trId> --count=2（凍結檔 L2 假綠清單第 3 條）
sig 序列 → docs/experiments/2026-09-12-fxvocab-switch-evidence/gates/sig-t1-on.txt（27 行；批 1–3 用 diff 比這份，不要只比 trace-eq）

27/27 pass · 重複簽章 0 · docs/experiments/2026-09-12-fxvocab-switch-evidence/gates/t1-on.json
