PASS eliteOpenShot    bow          t1/260ms msOK=true rate=1 fill=0.885 acts=6 handled=true alive=true restored=true onTime=true clean=true focus=true end=27 maxD=0.708 err=0 prog+0 sig=5b/beam+burst+orb/T 2009ms
PASS wardHpFront2     shield       t1/260ms msOK=true rate=1 fill=0.885 acts=7 handled=true alive=true restored=true onTime=true clean=true focus=true end=27 maxD=1.4665 err=0 prog+0 sig=9b/dome+ring 1418ms
PASS eliteArmor       balen        t1/260ms msOK=true rate=1 fill=0.865 acts=19 handled=true alive=true restored=true onTime=true clean=true focus=true end=27 maxD=0.2468 err=0 prog+0 sig=4b/dome+orb+ring 724ms
PASS wardFirst        eye          t1/260ms msOK=true rate=1 fill=0.877 acts=12 handled=true alive=true restored=true onTime=true clean=true focus=true end=27 maxD=0.4712 err=0 prog+0 sig=7b/beam+burst+orb+ring/T 655ms
PASS boltGamble       thunder      t1/260ms msOK=true rate=1 fill=0.854 acts=7 handled=true alive=true restored=true onTime=true clean=true focus=true end=27 maxD=0.6443 err=0 prog+0 sig=7b/bolt+burst+orb/T 686ms
PASS swarmHalfSplash  boat         t1/260ms msOK=true rate=1 fill=0.885 acts=11 handled=true alive=true restored=true onTime=true clean=true focus=true end=27 maxD=0.3768 err=0 prog+0 sig=7b/disc+ring 824ms
PASS swarmThorn       boartusk     t1/260ms msOK=true rate=1 fill=0.885 acts=6 handled=true alive=true restored=true onTime=true clean=true focus=true end=27 maxD=1.0019 err=0 prog+0 sig=7b/bolt+burst+disc/T 691ms
PASS eliteSelfCut     xianji       t1/260ms msOK=true rate=1 fill=0.865 acts=8 handled=true alive=true restored=true onTime=true clean=true focus=true end=27 maxD=0.9432 err=0 prog+0 sig=5b/beam+burst+orb 906ms
PASS wardHpAll1       shanshen     t1/260ms msOK=true rate=1 fill=0.885 acts=7 handled=true alive=true restored=true onTime=true clean=true focus=true end=27 maxD=0.3895 err=0 prog+0 sig=8b/disc+orb 663ms
PASS wardAtkAll1      flag         t1/260ms msOK=true rate=1 fill=0.869 acts=10 handled=true alive=true restored=true onTime=true clean=true focus=true end=27 maxD=0.7315 err=0 prog+0 sig=9b/flag+ring 860ms
PASS eliteCleave      sword        t1/260ms msOK=true rate=1 fill=0.877 acts=10 handled=true alive=true restored=true onTime=true clean=true focus=true end=27 maxD=1.985 err=0 prog+0 sig=7b/beam+blade+burst+disc/T 712ms
PASS wardAbsorb4      wangchuan    t1/260ms msOK=true rate=1 fill=0.877 acts=14 handled=true alive=true restored=true onTime=true clean=true focus=true end=27 maxD=0.2726 err=0 prog+0 sig=9b/burst+disc+dome+orb+ring/T 756ms
PASS wardImmuneLost   bell         t1/260ms msOK=true rate=1 fill=0.877 acts=10 handled=true alive=true restored=true onTime=true clean=true focus=true end=27 maxD=0.9721 err=0 prog+0 sig=7b/beam+ring 1175ms
PASS swarmRally       wuying       t1/260ms msOK=true rate=1 fill=0.869 acts=30 handled=true alive=true restored=true onTime=true clean=true focus=true end=27 maxD=0.9267 err=0 prog+0 sig=8b/beam+disc+flag+orb+ring 929ms
PASS biteGamble       tiger        t1/260ms msOK=true rate=1 fill=0.885 acts=6 handled=true alive=true restored=true onTime=true clean=true focus=true end=27 maxD=1.0792 err=0 prog+0 sig=10b/bolt+burst/T 703ms
PASS wardHpFirst      ashcharm     t1/260ms msOK=true rate=1 fill=0.873 acts=9 handled=true alive=true restored=true onTime=true clean=true focus=true end=27 maxD=0.8371 err=0 prog+0 sig=7b/burst+orb+ring 740ms
PASS wardRegen1       fushou       t1/260ms msOK=true rate=1 fill=0.885 acts=11 handled=true alive=true restored=true onTime=true clean=true focus=true end=27 maxD=0.7058 err=0 prog+0 sig=7b/beam+burst+orb+ring 791ms
PASS swarmLastStand   pojun        t1/260ms msOK=true rate=1 fill=0.888 acts=9 handled=true alive=true restored=true onTime=true clean=true focus=true end=27 maxD=1.2319 err=0 prog+0 sig=10b/burst+disc+orb 725ms
PASS hauntLost        redhat       t1/260ms msOK=true rate=1 fill=0.877 acts=21 handled=true alive=true restored=true onTime=true clean=true focus=true end=27 maxD=1.1746 err=0 prog+0 sig=8b/orb/T 1761ms
PASS hauntSteal       hairpin      t1/260ms msOK=true rate=1 fill=0.885 acts=18 handled=true alive=true restored=true onTime=true clean=true focus=true end=27 maxD=0.4663 err=0 prog+0 sig=7b/bolt+burst+orb/T 1512ms
PASS hauntSee         chair        t1/260ms msOK=true rate=1 fill=0.877 acts=15 handled=true alive=true restored=true onTime=true clean=true focus=true end=27 maxD=0.7796 err=0 prog+0 sig=9b/beam+ring/T 2382ms
PASS hauntDread1      raincoat     t1/260ms msOK=true rate=1 fill=0.877 acts=17 handled=true alive=true restored=true onTime=true clean=true focus=true end=27 maxD=0.5588 err=0 prog+0 sig=7b/ring/T 1315ms
PASS hauntSwap        buoy         t1/260ms msOK=true rate=1 fill=0.877 acts=11 handled=true alive=true restored=true onTime=true clean=true focus=true end=27 maxD=0.7949 err=0 prog+0 sig=8b/bolt+burst+ring/T 1500ms
PASS eliteVsSwarm     nail         t1/260ms msOK=true rate=1 fill=0.896 acts=5 handled=true alive=true restored=true onTime=true clean=true focus=true end=27 maxD=2.1307 err=0 prog+0 sig=10b/burst+orb/T 627ms
PASS swarmPierce      yinyangcoin  t1/260ms msOK=true rate=1 fill=0.877 acts=6 handled=true alive=true restored=true onTime=true clean=true focus=true end=27 maxD=1.4296 err=0 prog+0 sig=8b/beam+burst/T 692ms
PASS hauntFearX2      guoyin       t1/260ms msOK=true rate=1 fill=0.877 acts=17 handled=true alive=true restored=true onTime=true clean=true focus=true end=27 maxD=0.5973 err=0 prog+0 sig=11b/ring/T 732ms
PASS swarmFeed1       sigui        t1/260ms msOK=true rate=1 fill=0.885 acts=18 handled=true alive=true restored=true onTime=true clean=true focus=true end=27 maxD=0.8338 err=0 prog+0 sig=8b/disc+orb 692ms

F10 動作數（非 flinch 的 tween／fly／fade／grow）：eliteOpenShot=6 wardHpFront2=7 eliteArmor=19 wardFirst=12 boltGamble=7 swarmHalfSplash=11 swarmThorn=6 eliteSelfCut=8 wardHpAll1=7 wardAtkAll1=10 eliteCleave=10 wardAbsorb4=14 wardImmuneLost=10 swarmRally=30 biteGamble=6 wardHpFirst=9 wardRegen1=11 swarmLastStand=9 hauntLost=21 hauntSteal=18 hauntSee=15 hauntDread1=17 hauntSwap=11 eliteVsSwarm=5 swarmPierce=6 hauntFearX2=17 swarmFeed1=18
sig 序列 → docs/experiments/2026-09-12-fxvocab-switch-evidence/gates/sig-t1-work.txt（27 行；批 1–3 用 diff 比這份，不要只比 trace-eq）

27/27 pass · 重複簽章 0 · docs/experiments/2026-09-12-fxvocab-switch-evidence/gates/t1-work.json
