V1 solo mark railW 0  
V1 solo mark railW 1  
V1 solo mark railE 2  
V1 solo mark railE 3  
V1 solo bid railW 0  
V1 solo bid railW 1  
V1 solo bid railE 2  
V1 solo bid railE 3  
V1 hot mark railW 0  
V1 hot mark railW 1  
V1 hot mark railE 2  
V1 hot mark railE 3  
V1 hot bid railW 0  
V1 hot bid railW 1  
V1 hot bid railE 2  
V1 hot bid railE 3  
V2 solo mark railW 0  
V2 solo mark railW 1  
V2 solo mark railE 2  
V2 solo mark railE 3  
V2 solo bid railW 0  
V2 solo bid railW 1  
V2 solo bid railE 2  
V2 solo bid railE 3  
V2 hot mark railW 0  
V2 hot mark railW 1  
V2 hot mark railE 2  
V2 hot mark railE 3  
V2 hot bid railW 0  
V2 hot bid railW 1  
V2 hot bid railE 2  
V2 hot bid railE 3  
V3 solo mark railW 0  
V3 solo mark railW 1  
V3 solo mark railE 2  
V3 solo mark railE 3  
V3 solo bid railW 0  
V3 solo bid railW 1  
V3 solo bid railE 2  
V3 solo bid railE 3  
V3 hot mark railW 0  
V3 hot mark railW 1  
V3 hot mark railE 2  
V3 hot mark railE 3  
V3 hot bid railW 0  
