V1 solo mark railW 0  
V1 solo mark railW 1  
V1 solo mark railE 2  
V1 solo mark railE 3  
V1 solo bid railW 0  
V1 solo bid railW 1  
V1 solo bid railE 2  
V1 solo bid railE 3  
V1 hot mark railW 0  
V1 hot mark railW 1  
V1 hot mark railE 2  
V1 hot mark railE 3  
V1 hot bid railW 0  
V1 hot bid railW 1  
V1 hot bid railE 2  
V1 hot bid railE 3  
V2 solo mark railW 0  
V2 solo mark railW 1  
V2 solo mark railE 2  
V2 solo mark railE 3  
V2 solo bid railW 0  
V2 solo bid railW 1  
V2 solo bid railE 2  
V2 solo bid railE 3  
V2 hot mark railW 0  
V2 hot mark railW 1  
V2 hot mark railE 2  
V2 hot mark railE 3  
V2 hot bid railW 0  
V2 hot bid railW 1  
V2 hot bid railE 2  
V2 hot bid railE 3  
V3 solo mark railW 0  
V3 solo mark railW 1  
V3 solo mark railE 2  
V3 solo mark railE 3  
V3 solo bid railW 0  
V3 solo bid railW 1  
V3 solo bid railE 2  
V3 solo bid railE 3  
V3 hot mark railW 0  
V3 hot mark railW 1  
V3 hot mark railE 2  
V3 hot mark railE 3  
V3 hot bid railW 0  
V3 hot bid railW 1  
V3 hot bid railE 2  
V3 hot bid railE 3  
V4 solo mark railW 0  
V4 solo mark railW 1  
V4 solo mark railE 2  
V4 solo mark railE 3  
V4 solo bid railW 0  
V4 solo bid railW 1  
V4 solo bid railE 2  
V4 solo bid railE 3  
V4 hot mark railW 0  
V4 hot mark railW 1  
V4 hot mark railE 2  
V4 hot mark railE 3  
V4 hot bid railW 0  
V4 hot bid railW 1  
V4 hot bid railE 2  
V4 hot bid railE 3  
V5 solo mark railW 0  
V5 solo mark railW 1  
V5 solo mark railE 2  
V5 solo mark railE 3  
V5 solo bid railW 0  
V5 solo bid railW 1  
V5 solo bid railE 2  
V5 solo bid railE 3  
V5 hot mark railW 0  
V5 hot mark railW 1  
V5 hot mark railE 2  
V5 hot mark railE 3  
V5 hot bid railW 0  
V5 hot bid railW 1  
V5 hot bid railE 2  
V5 hot bid railE 3  
寫入 C:\Users\shung\wt\yaoshi\v0592c\docs\experiments\2026-09-28-appraise-c\head3-raw.json cases 10 picks 80 notes 0
