[visual-polish] solo|title 7.7s
[visual-polish] solo|select 5.4s
[visual-polish] solo|mark|n1 34.4s
[visual-polish] solo|bid|n1 34.9s
[visual-polish] solo|modal:南家・青面攤主（ 32.6s
[visual-polish] solo|modal:北家・收驚婆 32.6s
[visual-polish] solo|modal:？ 妖市規則 32.3s
[visual-polish] solo|reveal 35.8s
[visual-polish] solo|shrine|n1 23.5s
[visual-polish] solo|shrine-run 0.8s
[visual-polish] solo|reveal-result 6.6s
[visual-polish] solo|duel 4.7s
[visual-polish] solo|night-end|n1 7.9s
[visual-polish] solo|mark|n2 42.8s
[visual-polish] solo|bid|n2 43.9s
[visual-polish] solo|shrine|n2 29.9s
[visual-polish] solo|shrine-run 0.8s
[visual-polish] solo|duel 8.3s
[visual-polish] solo|night-end|n2 9.6s
[visual-polish] solo|mark|n3 34.3s
[visual-polish] solo|bid|n3 35.6s
[visual-polish] solo|shrine|n3 28.3s
[visual-polish] solo|shrine-run 0.8s
[visual-polish] solo|duel 2.4s
[visual-polish] solo|event|n4 9.5s
[visual-polish] solo|event-result|n4 9.8s
[visual-polish] solo|mark|n4 32.9s
[visual-polish] solo|bid|n4 33.8s
[visual-polish] solo|shrine|n4 25.8s
[visual-polish] solo|shrine-run 0.8s
[visual-polish] solo|night-end|n4 8.1s
[visual-polish] solo|mark|n5 36.5s
[visual-polish] solo|bid|n5 36.9s
[visual-polish] solo|shrine|n5 27.7s
[visual-polish] solo|shrine-run 0.8s
[visual-polish] solo|mark|n6 28.9s
[visual-polish] solo|bid|n6 29.8s
[visual-polish] solo|shrine|n6 26.1s
[visual-polish] solo|shrine-run 0.8s
[visual-polish] solo|night-end|n6 8.4s
[visual-polish] solo|mark|n7 31.4s
[visual-polish] solo|bid|n7 31.6s
[visual-polish] solo|shrine|n7 26.7s
[visual-polish] solo|shrine-run 0.8s
[visual-polish] solo|event|n8 8.6s
[visual-polish] solo|event-result|n8 8.4s
[visual-polish] solo|mark|n8 36.8s
[visual-polish] solo|bid|n8 37.8s
[visual-polish] solo|shrine|n8 28.3s
[visual-polish] solo|shrine-run 0.8s
[visual-polish] solo|night-end|n8 10.3s
[visual-polish] solo|mark|n9 39.3s
[visual-polish] solo|bid|n9 40.5s
[visual-polish] solo|shrine|n9 37.2s
[visual-polish] solo|night-end|n9 12.9s
[visual-polish] solo|mark|n10 27.9s
[visual-polish] solo|bid|n10 28.2s
[visual-polish] solo|shrine|n10 23.2s
[visual-polish] solo|night-end|n10 7.8s
[visual-polish] solo|event|n11 7.4s
[visual-polish] solo|event-result|n11 7.3s
[visual-polish] solo|mark|n11 34.1s
[visual-polish] solo|bid|n11 34.8s
[visual-polish] solo|shrine|n11 24.4s
[visual-polish] solo|shrine-run 0.8s
[visual-polish] solo|night-end|n11 7.4s
[visual-polish] solo|mark|n12 34.8s
[visual-polish] solo|bid|n12 35.7s
[visual-polish] solo|shrine|n12 28.2s
[visual-polish] solo|night-end|n12 9.5s
[visual-polish] solo|end 7.3s
[visual-polish] solo|review 6.7s
[visual-polish] solo done 1807s
[visual-polish] hot|title 6.8s
[visual-polish] hot|select 4.5s
[visual-polish] hot|handoff 3.6s
[visual-polish] hot|mark|n1 33.6s
[visual-polish] hot|bid|n1 34.1s
[visual-polish] hot|reveal 35.2s
[visual-polish] hot|shrine|n1 30.7s
[visual-polish] hot|shrine-run 0.8s
[visual-polish] hot|reveal-result 10.2s
[visual-polish] hot|duel 5.0s
[visual-polish] hot|night-end|n1 10.6s
[visual-polish] hot|mark|n2 28.6s
[visual-polish] hot|bid|n2 29.6s
[visual-polish] hot|shrine|n2 25.1s
[visual-polish] hot|shrine-run 0.8s
[visual-polish] hot|duel 4.3s
[visual-polish] hot|mark|n3 21.7s
[visual-polish] hot|bid|n3 21.8s
[visual-polish] hot|shrine|n3 22.2s
[visual-polish] hot|shrine-run 0.8s
[visual-polish] hot|event|n4 6.3s
[visual-polish] hot|event-result|n4 6.1s
[visual-polish] hot|mark|n4 31.8s
[visual-polish] hot|bid|n4 32.2s
[visual-polish] hot|shrine|n4 29.1s
[visual-polish] hot|shrine-run 0.8s
[visual-polish] hot|mark|n5 31.8s
[visual-polish] hot|bid|n5 32.8s
[visual-polish] hot|shrine|n5 29.1s
[visual-polish] hot|shrine-run 0.8s
[visual-polish] hot|night-end|n5 10.3s
[visual-polish] hot|mark|n6 35.6s
[visual-polish] hot|bid|n6 35.7s
[visual-polish] hot|shrine|n6 24.9s
[visual-polish] hot|shrine-run 0.8s
[visual-polish] hot|mark|n7 27.8s
[visual-polish] hot|bid|n7 28.9s
[visual-polish] hot|shrine|n7 27.0s
[visual-polish] hot|shrine-run 0.8s
[visual-polish] hot|night-end|n7 8.8s
[visual-polish] hot|event|n8 8.7s
[visual-polish] hot|event-result|n8 8.5s
[visual-polish] hot|mark|n8 35.0s
[visual-polish] hot|bid|n8 36.3s
[visual-polish] hot|shrine|n8 31.8s
[visual-polish] hot|shrine-run 0.8s
[visual-polish] hot|mark|n9 36.9s
[visual-polish] hot|bid|n9 37.2s
[visual-polish] hot|shrine|n9 34.3s
[visual-polish] hot|mark|n10 32.8s
[visual-polish] hot|bid|n10 32.7s
[visual-polish] hot|shrine|n10 32.5s
[visual-polish] hot|night-end|n10 11.4s
[visual-polish] hot|event|n11 11.0s
[visual-polish] hot|event-result|n11 11.1s
[visual-polish] hot|mark|n11 37.1s
[visual-polish] hot|bid|n11 38.2s
[visual-polish] hot|shrine|n11 33.9s
[visual-polish] hot|shrine-run 0.9s
[visual-polish] hot|mark|n12 32.2s
[visual-polish] hot|bid|n12 33.3s
[visual-polish] hot|shrine|n12 30.8s
[visual-polish] hot|night-end|n12 10.6s
[visual-polish] hot|end 8.3s
[visual-polish] hot|review 7.9s
[visual-polish] hot done 1538s
[visual-polish] nw1|nw-menu 4.1s
[visual-polish] nw1|nw-intro 3.8s
[visual-polish] nw1|select 4.4s
[visual-polish] nw1|mark|n1 33.6s
[visual-polish] nw1|bid|n1 34.1s
[visual-polish] nw1|reveal 36.6s
[visual-polish] nw1|shrine|n1 29.4s
[visual-polish] nw1|shrine-run 0.8s
[visual-polish] nw1|reveal-result 9.7s
[visual-polish] nw1|duel 5.4s
[visual-polish] nw1|night-end|n1 10.0s
[visual-polish] nw1|mark|n2 29.7s
[visual-polish] nw1|bid|n2 33.8s
[visual-polish] nw1|shrine|n2 25.2s
[visual-polish] nw1|shrine-run 0.8s
[visual-polish] nw1|duel 6.0s
[visual-polish] nw1|mark|n3 28.0s
[visual-polish] nw1|bid|n3 27.2s
[visual-polish] nw1|shrine|n3 26.4s
[visual-polish] nw1|shrine-run 0.8s
[visual-polish] nw1|night-end|n3 7.6s
[visual-polish] nw1|event|n4 7.3s
[visual-polish] nw1|event-result|n4 7.4s
[visual-polish] nw1|mark|n4 35.5s
[visual-polish] nw1|bid|n4 35.4s
[visual-polish] nw1|shrine|n4 23.8s
[visual-polish] nw1|shrine-run 0.8s
[visual-polish] nw1|mark|n5 33.6s
[visual-polish] nw1|bid|n5 33.8s
[visual-polish] nw1|shrine|n5 31.1s
[visual-polish] nw1|shrine-run 0.9s
[visual-polish] nw1|night-end|n5 10.2s
[visual-polish] nw1|mark|n6 30.2s
[visual-polish] nw1|bid|n6 31.3s
[visual-polish] nw1|shrine|n6 26.4s
[visual-polish] nw1|night-end|n6 8.3s
[visual-polish] nw1|mark|n7 32.7s
[visual-polish] nw1|bid|n7 37.3s
[visual-polish] nw1|shrine|n7 31.2s
[visual-polish] nw1|night-end|n7 10.7s
[visual-polish] nw1|event|n8 10.5s
[visual-polish] nw1|event-result|n8 10.5s
[visual-polish] nw1|mark|n8 36.1s
[visual-polish] nw1|bid|n8 36.3s
[visual-polish] nw1|shrine|n8 27.3s
[visual-polish] nw1|shrine-run 0.8s
[visual-polish] nw1|night-end|n8 9.2s
[visual-polish] nw1|mark|n9 35.6s
[visual-polish] nw1|bid|n9 36.5s
[visual-polish] nw1|shrine|n9 36.2s
[visual-polish] nw1|shrine-run 0.9s
[visual-polish] nw1|mark|n10 36.9s
[visual-polish] nw1|bid|n10 37.6s
[visual-polish] nw1|shrine|n10 32.4s
[visual-polish] nw1|shrine-run 0.8s
[visual-polish] nw1|night-end|n10 11.4s
[visual-polish] nw1|event|n11 11.2s
[visual-polish] nw1|event-result|n11 11.3s
[visual-polish] nw1|mark|n11 35.8s
[visual-polish] nw1|bid|n11 36.5s
[visual-polish] nw1|shrine|n11 31.0s
[visual-polish] nw1|shrine-run 0.8s
[visual-polish] nw1|night-end|n11 10.7s
[visual-polish] nw1|end 7.3s
[visual-polish] nw1|nw-scroll 7.2s
[visual-polish] nw1 done 1480s
[visual-polish] nw2|nw-menu 4.0s
[visual-polish] nw2|nw-intro 3.8s
[visual-polish] nw2|select 4.2s
[visual-polish] nw2|mark|n1 33.6s
[visual-polish] nw2|bid|n1 34.1s
[visual-polish] nw2|reveal 29.4s
[visual-polish] nw2|shrine|n1 21.8s
[visual-polish] nw2|shrine-run 0.8s
[visual-polish] nw2|reveal-result 6.0s
[visual-polish] nw2|duel 6.6s
[visual-polish] nw2|night-end|n1 6.8s
[visual-polish] nw2|mark|n2 28.7s
[visual-polish] nw2|bid|n2 29.6s
[visual-polish] nw2 done 222s
[visual-polish] nw3|nw-menu 4.0s
[visual-polish] nw3|nw-intro 3.7s
[visual-polish] nw3|select 4.0s
[visual-polish] nw3|mark|n1 33.1s
[visual-polish] nw3|bid|n1 34.3s
[visual-polish] nw3|reveal 35.5s
[visual-polish] nw3|shrine|n1 29.3s
[visual-polish] nw3|shrine-run 0.9s
[visual-polish] nw3|reveal-result 9.6s
[visual-polish] nw3|duel 5.6s
[visual-polish] nw3|night-end|n1 9.9s
[visual-polish] nw3|mark|n2 28.8s
[visual-polish] nw3|bid|n2 29.4s
[visual-polish] nw3 done 239s
{
 "tag": "base3cb",
 "cells": 970,
 "lost": [
  "solo|shrine-run lost9",
  "solo|duel lost2",
  "hot|shrine-run lost9",
  "hot|duel lost1",
  "nw1|shrine-run lost9",
  "nw1|duel lost1",
  "nw2|shrine-run lost1",
  "nw2|duel lost1",
  "nw3|shrine-run lost1",
  "nw3|duel lost1"
 ],
 "pageErrors": {
  "solo": 0,
  "hot": 0,
  "nw1": 0,
  "nw2": 0,
  "nw3": 0
 },
 "breaks": {
  "byVp": {
   "V1": "24/195 格紅（含例外 24）",
   "V2": "24/195 格紅（含例外 24）",
   "V3": "24/194 格紅（含例外 24）",
   "V4": "24/193 格紅（含例外 24）",
   "V5": "24/193 格紅（含例外 24）"
  },
  "items": 3,
  "list": [
   "#pnl > div.pnl-sec.wish > div.pnl-lab「心願」心|願 ×120 「心 ／ 願」",
   "#pnl > div.pnl-sec.duel > div.pnl-lab「對決」對|決 ×119 「對 ／ 決」",
   "#pnl > div.pnl-sec.dawn > div.pnl-lab「天明」天|明 ×36 「天 ／ 明」"
  ]
 },
 "spill": {
  "byVp": {
   "V1": "12/195 格紅（含例外 12）",
   "V2": "12/195 格紅（含例外 12）",
   "V3": "12/194 格紅（含例外 12）",
   "V4": "12/193 格紅（含例外 12）",
   "V5": "0/193 格紅（含例外 0）"
  },
  "items": 2,
  "list": [
   "#pnl > div.pnl-grid > div.pnl-cell.me ⊃ div.pnl-grid > div.pnl-cell.me > div.pnl-head > span.pnl-cnt ×48 40.4pxR",
   "#pnl > div.pnl-grid > div.pnl-cell.s1 ⊃ div.pnl-grid > div.pnl-cell.s1 > div.pnl-head > span.pnl-cnt ×24 18.9pxR"
  ]
 },
 "font": {
  "byVp": {
   "V1": "5/195 格紅（含例外 5）",
   "V2": "4/195 格紅（含例外 4）",
   "V3": "4/194 格紅（含例外 4）",
   "V4": "3/193 格紅（含例外 3）",
   "V5": "2/193 格紅（含例外 2）"
  },
  "items": 6,
  "list": [
   "#pwch-B > i.pwfac 9px ×18",
   "#pwch-A > i.pwfac 9px ×13",
   "#pwch-A > i.pwfac 9.39px ×2",
   "#pwch-A > i.pwfac 9.44px ×1",
   "#pwch-A > i.pwfac 9.46px ×1",
   "#pwch-A > i.pwfac 9.58px ×1"
  ]
 },
 "contrast": {
  "byVp": {
   "V1": "61/195 格紅（含例外 61）",
   "V2": "61/195 格紅（含例外 64）",
   "V3": "61/194 格紅（含例外 64）",
   "V4": "61/193 格紅（含例外 61）",
   "V5": "61/193 格紅（含例外 62）"
  },
  "items": 31,
  "list": [
   "#pnl > div.pnl-sec.duel > div.pnl-body > div.pnl-sub ×883 3.38/4.5",
   "div.pnl-row.pnl-fight > span.pnl-who > span.pnl-l > span.pnl-name.lose ×207 2.85/4.5",
   "div.pnl-grid > div.pnl-cell.s1 > div.pnl-head > span.pnl-cnt ×185 3.34/4.5",
   "div.pnl-grid > div.pnl-cell.s2 > div.pnl-head > span.pnl-cnt ×185 3.38/4.5",
   "#pnl > div.pnl-grid > div.pnl-cell.me > div.pnl-row.pnl-none ×175 2.84/4.5",
   "#pnl > div.pnl-title > span.pnl-pass ×155 3.44/4.5",
   "div.pnl-grid > div.pnl-cell.me > div.pnl-head > span.pnl-cnt ×149 2.67/4.5",
   "div.pnl-body > div.pnl-row.pnl-fight > span.pnl-price > b.pnl-chip.down ×105 4.14/4.5",
   "#pnl > div.pnl-title > span.pnl-pass > span.pnl-item.sys-zuling ×100 2.43/4.5",
   "div.pnl-body > div.pnl-row.me > span.pnl-what > span.pnl-tag.miss ×96 3.23/4.5",
   "#pnl > div.pnl-grid > div.pnl-cell.s1 > div.pnl-row.pnl-none ×95 3.4/4.5",
   "div.pnl-grid > div.pnl-cell.s2 > div.pnl-row.pnl-fee > span.pnl-note ×70 3.43/4.5",
   "#pnl > div.pnl-title > span.pnl-pass > span.pnl-item.sys-xianghuo ×70 4.1/4.5",
   "#pnl > div.pnl-grid > div.pnl-cell.s2 > div.pnl-row.pnl-none ×65 3.43/4.5",
   "div.pnl-grid > div.pnl-cell.s1 > div.pnl-row.pnl-fee > span.pnl-note ×50 3.43/4.5",
   "div.pnl-grid > div.pnl-cell.s1 > div.pnl-row > span.pnl-item.sys-zuling ×40 3.34/4.5",
   "div.pnl-grid > div.pnl-cell.s3 > div.pnl-head > span.pnl-cnt ×37 3.43/4.5",
   "div.pnl-body > div.pnl-row > span.pnl-who > span.pnl-note ×34 3.45/4.5",
   "div.pnl-grid > div.pnl-cell.s2 > div.pnl-row > span.pnl-item.sys-zuling ×30 2.91/4.5",
   "div.pnl-body > div.pnl-row.pnl-life > span.pnl-price > b.pnl-chip.down ×25 4.14/4.5",
   "div.pnl-sec.duel > div.pnl-body > div.pnl-row > span.pnl-what.pnl-note ×20 3.45/4.5",
   "div.pnl-grid > div.pnl-cell.s2 > div.pnl-how > span.pnl-note ×20 3.43/4.5",
   "div.pnl-body > div.pnl-row > span.pnl-what > span.pnl-tag.miss ×20 3.45/4.5",
   "#pnl > div.pnl-title > span.pnl-pass > span.pnl-item.sys-curse ×18 4.46/4.5",
   "div.pnl-grid > div.pnl-cell.s3 > div.pnl-row.pnl-fee > span.pnl-note ×9 3.42/4.5",
   "#pwch-A > i.pwfac [transient] ×7 1.01/4.5",
   "#pwch-B > i.pwfac [transient] ×6 1.01/4.5",
   "div.pnl-sec.duel > div.pnl-body > div.pnl-row.me > span.pnl-what.pnl-note ×5 3.23/4.5",
   "#dL > div.fdir [transient] ×3 3.5/4.5",
   "#pnl > div.pnl-sec.dawn > div.pnl-body > div.pnl-whisper ×1 3.39/4.5",
   "#dL > div.fnm [transient] ×1 4.4/4.5"
  ]
 },
 "target": {
  "byVp": {
   "V1": "38/195 格紅（含例外 38）",
   "V2": "0/195 格紅（含例外 0）",
   "V3": "14/194 格紅（含例外 14）",
   "V4": "14/193 格紅（含例外 14）",
   "V5": "0/193 格紅（含例外 0）"
  },
  "items": 5,
  "list": [
   "#seat2 > span.roleInfoBtn ×24 35x41",
   "#railW > div.railTabs > button.sys-curse ×15 112x32",
   "#railW > div.railTabs > button.sys-xianghuo ×12 96x24",
   "#railW > div.railTabs > button.sys-zuling ×9 96x32",
   "#railW > div.railTabs > button.sys-yinqi ×6 99x32"
  ]
 },
 "align": {
  "byVp": {
   "V1": "123/195 格紅（含例外 123）",
   "V2": "123/195 格紅（含例外 123）",
   "V3": "123/194 格紅（含例外 123）",
   "V4": "123/193 格紅（含例外 123）",
   "V5": "123/193 格紅（含例外 123）"
  },
  "items": 1,
  "list": [
   "railTabs ×615 dt44 db44 dh0"
  ]
 },
 "north": {
  "byVp": {
   "V1": "0/195 格紅（含例外 0）",
   "V2": "0/195 格紅（含例外 0）",
   "V3": "0/194 格紅（含例外 0）",
   "V4": "0/193 格紅（含例外 0）",
   "V5": "0/193 格紅（含例外 0）"
  },
  "items": 0,
  "list": []
 },
 "northOpen": {
  "openedCells": 615,
  "srcItemsChecked": 15610
 }
}
