[visual-polish] solo|title 6.3s
[visual-polish] solo|select 4.3s
[visual-polish] solo|mark|n1 30.4s
[visual-polish] solo|bid|n1 29.8s
[visual-polish] solo|modal:南家・青面攤主（ 28.1s
[visual-polish] solo|modal:北家・收驚婆 28.0s
[visual-polish] solo|modal:？ 妖市規則 28.8s
[visual-polish] solo|reveal 30.8s
[visual-polish] solo|shrine|n1 21.0s
[visual-polish] solo|shrine-run 0.8s
[visual-polish] solo|reveal-result 5.5s
[visual-polish] solo|duel 4.3s
[visual-polish] solo|night-end|n1 6.2s
[visual-polish] solo|mark|n2 34.9s
[visual-polish] solo|bid|n2 36.0s
[visual-polish] solo|shrine|n2 26.7s
[visual-polish] solo|shrine-run 0.8s
[visual-polish] solo|duel 5.2s
[visual-polish] solo|night-end|n2 8.0s
[visual-polish] solo|mark|n3 29.7s
[visual-polish] solo|bid|n3 30.0s
[visual-polish] solo|shrine|n3 25.9s
[visual-polish] solo|shrine-run 0.8s
[visual-polish] solo|event|n4 8.1s
[visual-polish] solo|event-result|n4 7.9s
[visual-polish] solo|mark|n4 29.3s
[visual-polish] solo|bid|n4 30.0s
[visual-polish] solo|shrine|n4 22.0s
[visual-polish] solo|shrine-run 0.8s
[visual-polish] solo|night-end|n4 6.7s
[visual-polish] solo|mark|n5 33.0s
[visual-polish] solo|bid|n5 33.6s
[visual-polish] solo|shrine|n5 24.9s
[visual-polish] solo|shrine-run 0.8s
[visual-polish] solo|mark|n6 28.0s
[visual-polish] solo|bid|n6 28.9s
[visual-polish] solo|shrine|n6 21.5s
[visual-polish] solo|night-end|n6 5.8s
[visual-polish] solo|mark|n7 27.7s
[visual-polish] solo|bid|n7 28.5s
[visual-polish] solo|shrine|n7 25.2s
[visual-polish] solo|event|n8 7.7s
[visual-polish] solo|event-result|n8 7.4s
[visual-polish] solo|mark|n8 33.8s
[visual-polish] solo|bid|n8 34.6s
[visual-polish] solo|shrine|n8 32.7s
[visual-polish] solo|shrine-run 0.8s
[visual-polish] solo|mark|n9 33.2s
[visual-polish] solo|bid|n9 33.6s
[visual-polish] solo|shrine|n9 28.4s
[visual-polish] solo|shrine-run 0.8s
[visual-polish] solo|end 6.8s
[visual-polish] solo|review 6.1s
[visual-polish] solo done 1183s
[visual-polish] hot|title 5.9s
[visual-polish] hot|select 4.6s
[visual-polish] hot|handoff 3.5s
[visual-polish] hot|mark|n1 31.2s
[visual-polish] hot|bid|n1 31.6s
[visual-polish] hot|reveal 32.7s
[visual-polish] hot|shrine|n1 28.5s
[visual-polish] hot|shrine-run 0.8s
[visual-polish] hot|reveal-result 8.9s
[visual-polish] hot|duel 5.2s
[visual-polish] hot|night-end|n1 9.1s
[visual-polish] hot|mark|n2 26.8s
[visual-polish] hot|bid|n2 27.7s
[visual-polish] hot|shrine|n2 24.4s
[visual-polish] hot|shrine-run 0.8s
[visual-polish] hot|duel 2.9s
[visual-polish] hot|night-end|n2 7.2s
[visual-polish] hot|mark|n3 20.2s
[visual-polish] hot|bid|n3 21.4s
[visual-polish] hot|shrine|n3 21.7s
[visual-polish] hot|shrine-run 0.8s
[visual-polish] hot|event|n4 5.6s
[visual-polish] hot|event-result|n4 5.3s
[visual-polish] hot|mark|n4 28.8s
[visual-polish] hot|bid|n4 29.8s
[visual-polish] hot|shrine|n4 27.8s
[visual-polish] hot|shrine-run 0.8s
[visual-polish] hot|mark|n5 28.7s
[visual-polish] hot|bid|n5 29.4s
[visual-polish] hot|shrine|n5 26.5s
[visual-polish] hot|shrine-run 0.8s
[visual-polish] hot|mark|n6 31.6s
[visual-polish] hot|bid|n6 32.4s
[visual-polish] hot|shrine|n6 27.9s
[visual-polish] hot|shrine-run 0.8s
[visual-polish] hot|mark|n7 26.3s
[visual-polish] hot|bid|n7 27.1s
[visual-polish] hot|shrine|n7 24.3s
[visual-polish] hot|night-end|n7 7.3s
[visual-polish] hot|event|n8 7.0s
[visual-polish] hot|event-result|n8 6.8s
[visual-polish] hot|mark|n8 32.2s
[visual-polish] hot|bid|n8 32.5s
[visual-polish] hot|shrine|n8 29.0s
[visual-polish] hot|shrine-run 0.8s
[visual-polish] hot|mark|n9 32.4s
[visual-polish] hot|bid|n9 33.2s
[visual-polish] hot|shrine|n9 28.9s
[visual-polish] hot|night-end|n9 9.3s
[visual-polish] hot|mark|n10 29.5s
[visual-polish] hot|bid|n10 29.9s
[visual-polish] hot|shrine|n10 27.9s
[visual-polish] hot|night-end|n10 9.1s
[visual-polish] hot|event|n11 8.9s
[visual-polish] hot|event-result|n11 9.1s
[visual-polish] hot|mark|n11 33.1s
[visual-polish] hot|bid|n11 33.7s
[visual-polish] hot|shrine|n11 30.3s
[visual-polish] hot|shrine-run 0.9s
[visual-polish] hot|mark|n12 29.1s
[visual-polish] hot|bid|n12 29.9s
[visual-polish] hot|shrine|n12 26.8s
[visual-polish] hot|night-end|n12 8.3s
[visual-polish] hot|end 6.7s
[visual-polish] hot|review 6.2s
[visual-polish] hot done 1419s
[visual-polish] nw1|nw-menu 3.9s
[visual-polish] nw1|nw-intro 3.7s
[visual-polish] nw1|select 4.3s
[visual-polish] nw1|mark|n1 31.4s
[visual-polish] nw1|bid|n1 31.9s
[visual-polish] nw1|reveal 33.4s
[visual-polish] nw1|shrine|n1 27.4s
[visual-polish] nw1|shrine-run 0.8s
[visual-polish] nw1|reveal-result 8.6s
[visual-polish] nw1|duel 5.3s
[visual-polish] nw1|night-end|n1 9.1s
[visual-polish] nw1|mark|n2 26.7s
[visual-polish] nw1|bid|n2 27.5s
[visual-polish] nw1|shrine|n2 21.2s
[visual-polish] nw1|duel 5.2s
[visual-polish] nw1|night-end|n2 6.4s
[visual-polish] nw1|mark|n3 21.8s
[visual-polish] nw1|bid|n3 23.6s
[visual-polish] nw1|shrine|n3 23.0s
[visual-polish] nw1|shrine-run 0.7s
[visual-polish] nw1|event|n4 5.8s
[visual-polish] nw1|event-result|n4 5.5s
[visual-polish] nw1|mark|n4 30.4s
[visual-polish] nw1|bid|n4 31.4s
[visual-polish] nw1|shrine|n4 21.8s
[visual-polish] nw1|shrine-run 0.8s
[visual-polish] nw1|night-end|n4 6.5s
[visual-polish] nw1|mark|n5 29.6s
[visual-polish] nw1|bid|n5 29.9s
[visual-polish] nw1|shrine|n5 28.4s
[visual-polish] nw1|shrine-run 0.8s
[visual-polish] nw1|night-end|n5 8.8s
[visual-polish] nw1|mark|n6 27.5s
[visual-polish] nw1|bid|n6 27.7s
[visual-polish] nw1|shrine|n6 25.1s
[visual-polish] nw1|mark|n7 29.9s
[visual-polish] nw1|bid|n7 30.3s
[visual-polish] nw1|shrine|n7 29.0s
[visual-polish] nw1|night-end|n7 9.0s
[visual-polish] nw1|event|n8 9.1s
[visual-polish] nw1|event-result|n8 8.8s
[visual-polish] nw1|mark|n8 32.1s
[visual-polish] nw1|bid|n8 33.0s
[visual-polish] nw1|shrine|n8 26.2s
[visual-polish] nw1|shrine-run 0.8s
[visual-polish] nw1|night-end|n8 8.3s
[visual-polish] nw1|mark|n9 32.3s
[visual-polish] nw1|bid|n9 32.6s
[visual-polish] nw1|shrine|n9 32.5s
[visual-polish] nw1|shrine-run 0.9s
[visual-polish] nw1|night-end|n9 10.9s
[visual-polish] nw1|mark|n10 33.9s
[visual-polish] nw1|bid|n10 34.1s
[visual-polish] nw1|shrine|n10 29.9s
[visual-polish] nw1|shrine-run 0.8s
[visual-polish] nw1|event|n11 9.8s
[visual-polish] nw1|event-result|n11 9.8s
[visual-polish] nw1|mark|n11 33.1s
[visual-polish] nw1|bid|n11 33.7s
[visual-polish] nw1|shrine|n11 28.9s
[visual-polish] nw1|shrine-run 0.8s
[visual-polish] nw1|end 6.8s
[visual-polish] nw1|nw-scroll 6.4s
[visual-polish] nw1 done 1328s
[visual-polish] nw2|nw-menu 3.9s
[visual-polish] nw2|nw-intro 3.6s
[visual-polish] nw2|select 4.3s
[visual-polish] nw2|mark|n1 31.1s
[visual-polish] nw2|bid|n1 31.9s
[visual-polish] nw2|reveal 27.9s
[visual-polish] nw2|shrine|n1 21.8s
[visual-polish] nw2|shrine-run 0.8s
[visual-polish] nw2|reveal-result 5.4s
[visual-polish] nw2|duel 6.3s
[visual-polish] nw2|night-end|n1 5.9s
[visual-polish] nw2|mark|n2 27.4s
[visual-polish] nw2|bid|n2 28.1s
[visual-polish] nw2 done 210s
[visual-polish] nw3|nw-menu 3.9s
[visual-polish] nw3|nw-intro 3.6s
[visual-polish] nw3|select 4.1s
[visual-polish] nw3|mark|n1 30.9s
[visual-polish] nw3|bid|n1 31.7s
[visual-polish] nw3|reveal 33.0s
[visual-polish] nw3|shrine|n1 27.8s
[visual-polish] nw3|shrine-run 0.8s
[visual-polish] nw3|reveal-result 8.7s
[visual-polish] nw3|duel 5.1s
[visual-polish] nw3|night-end|n1 8.8s
[visual-polish] nw3|mark|n2 26.9s
[visual-polish] nw3|bid|n2 27.9s
[visual-polish] nw3 done 224s
{
 "tag": "base",
 "cells": 890,
 "lost": [
  "solo|shrine-run lost7",
  "solo|duel lost1",
  "hot|shrine-run lost8",
  "hot|duel lost1",
  "nw1|shrine-run lost8",
  "nw1|duel lost1",
  "nw2|shrine-run lost1",
  "nw2|duel lost1",
  "nw3|shrine-run lost1",
  "nw3|duel lost1"
 ],
 "pageErrors": {
  "solo": 0,
  "hot": 0,
  "nw1": 0,
  "nw2": 0,
  "nw3": 0
 },
 "breaks": {
  "byVp": {
   "V1": "0/179 格紅（含例外 0）",
   "V2": "0/179 格紅（含例外 0）",
   "V3": "0/178 格紅（含例外 0）",
   "V4": "0/177 格紅（含例外 0）",
   "V5": "0/177 格紅（含例外 0）"
  },
  "items": 0,
  "list": []
 },
 "spill": {
  "byVp": {
   "V1": "0/179 格紅（含例外 0）",
   "V2": "0/179 格紅（含例外 0）",
   "V3": "0/178 格紅（含例外 0）",
   "V4": "0/177 格紅（含例外 0）",
   "V5": "0/177 格紅（含例外 0）"
  },
  "items": 0,
  "list": []
 },
 "font": {
  "byVp": {
   "V1": "5/179 格紅（含例外 5）",
   "V2": "5/179 格紅（含例外 5）",
   "V3": "4/178 格紅（含例外 4）",
   "V4": "3/177 格紅（含例外 3）",
   "V5": "3/177 格紅（含例外 3）"
  },
  "items": 6,
  "list": [
   "#pwch-B > i.pwfac 9px ×20",
   "#pwch-A > i.pwfac 9px ×16",
   "#pwch-A > i.pwfac 9.3px ×1",
   "#pwch-A > i.pwfac 9.6px ×1",
   "#pwch-A > i.pwfac 9.52px ×1",
   "#pwch-A > i.pwfac 9.44px ×1"
  ]
 },
 "contrast": {
  "byVp": {
   "V1": "0/179 格紅（含例外 1）",
   "V2": "0/179 格紅（含例外 3）",
   "V3": "0/178 格紅（含例外 2）",
   "V4": "0/177 格紅（含例外 0）",
   "V5": "0/177 格紅（含例外 2）"
  },
  "items": 17,
  "list": [
   "#pwch-B > i.pwfac [transient] ×8 1/4.5",
   "#pwch-A > i.pwfac [transient] ×7 1/4.5",
   "#dL > div.fdir [transient] ×4 1.15/4.5",
   "#dL > div.fnm [transient] ×4 1.17/4.5",
   "#pwn-A [transient] ×4 1.14/3",
   "#dR > div.fdir [transient] ×4 1.3/4.5",
   "#dR > div.fnm [transient] ×4 1.39/4.5",
   "#pwn-B [transient] ×4 1.33/3",
   "#flyzone > div.bidfly > span [transient] ×2 2.83/4.5",
   "#duelResult > span.mut [transient] ×1 1.44/4.5",
   "#duelBeat [transient] ×1 1.6/4.5",
   "#duelResult [transient] ×1 1.45/4.5",
   "#duelResult > span.dmg.anim-stamp-in [transient] ×1 1.14/3",
   "#duelSub [transient] ×1 1.2/4.5",
   "#flyzone > div.bidPills > span.mut [transient] ×1 3.22/4.5",
   "#flyzone > div.bidPills > span.bidPill.win [transient] ×1 1.23/4.5",
   "#outzone > div.outcome [transient] ×1 1.35/4.5"
  ]
 },
 "target": {
  "byVp": {
   "V1": "0/179 格紅（含例外 0）",
   "V2": "0/179 格紅（含例外 0）",
   "V3": "0/178 格紅（含例外 0）",
   "V4": "0/177 格紅（含例外 0）",
   "V5": "0/177 格紅（含例外 0）"
  },
  "items": 0,
  "list": []
 },
 "align": {
  "byVp": {
   "V1": "114/179 格紅（含例外 114）",
   "V2": "114/179 格紅（含例外 114）",
   "V3": "114/178 格紅（含例外 114）",
   "V4": "114/177 格紅（含例外 114）",
   "V5": "114/177 格紅（含例外 114）"
  },
  "items": 1,
  "list": [
   "railTabs ×570 dt44 db44 dh0"
  ]
 },
 "north": {
  "byVp": {
   "V1": "0/179 格紅（含例外 0）",
   "V2": "0/179 格紅（含例外 0）",
   "V3": "0/178 格紅（含例外 0）",
   "V4": "0/177 格紅（含例外 0）",
   "V5": "0/177 格紅（含例外 0）"
  },
  "items": 0,
  "list": []
 },
 "northOpen": {
  "openedCells": 570,
  "srcItemsChecked": 14395
 }
}
