[visual-polish] solo|title 12.1s
[visual-polish] solo|select 8.5s
[visual-polish] solo|mark|n1 47.7s
[visual-polish] solo|bid|n1 49.6s
[visual-polish] solo|modal:南家・青面攤主（ 46.8s
[visual-polish] solo|modal:北家・收驚婆 46.8s
[visual-polish] solo|modal:？ 妖市規則 48.7s
[visual-polish] solo|reveal 50.5s
[visual-polish] solo|shrine|n1 33.0s
[visual-polish] solo|shrine-run 0.9s
[visual-polish] solo|reveal-result 11.4s
[visual-polish] solo|duel 5.9s
[visual-polish] solo|night-end|n1 12.3s
[visual-polish] solo|mark|n2 57.4s
[visual-polish] solo|bid|n2 58.7s
[visual-polish] solo|shrine|n2 43.0s
[visual-polish] solo|shrine-run 0.9s
[visual-polish] solo|duel 11.3s
[visual-polish] solo|night-end|n2 15.7s
[visual-polish] solo|mark|n3 50.7s
[visual-polish] solo|bid|n3 51.0s
[visual-polish] solo|shrine|n3 41.0s
[visual-polish] solo|shrine-run 0.9s
[visual-polish] solo|duel 10.6s
[visual-polish] solo|night-end|n3 15.3s
[visual-polish] solo|event|n4 15.9s
[visual-polish] solo|event-result|n4 15.8s
[visual-polish] solo|mark|n4 47.8s
[visual-polish] solo|bid|n4 48.2s
[visual-polish] solo|shrine|n4 38.3s
[visual-polish] solo|shrine-run 0.9s
[visual-polish] solo|duel 15.6s
[visual-polish] solo|night-end|n4 14.7s
[visual-polish] solo|mark|n5 51.1s
[visual-polish] solo|bid|n5 51.3s
[visual-polish] solo|shrine|n5 40.6s
[visual-polish] solo|shrine-run 0.9s
[visual-polish] solo|mark|n6 42.8s
[visual-polish] solo|bid|n6 43.5s
[visual-polish] solo|shrine|n6 34.4s
[visual-polish] solo|shrine-run 0.9s
[visual-polish] solo|mark|n7 51.0s
[visual-polish] solo|bid|n7 52.6s
[visual-polish] solo|shrine|n7 40.7s
[visual-polish] solo|shrine-run 0.9s
[visual-polish] solo|night-end|n7 15.3s
[visual-polish] solo|event|n8 15.5s
[visual-polish] solo|event-result|n8 15.8s
[visual-polish] solo|mark|n8 62.9s
[visual-polish] solo|bid|n8 64.8s
[visual-polish] solo|shrine|n8 37.1s
[visual-polish] solo|shrine-run 0.9s
[visual-polish] solo|mark|n9 57.5s
[visual-polish] solo|bid|n9 58.8s
[visual-polish] solo|shrine|n9 50.0s
[visual-polish] solo|end 13.8s
[visual-polish] solo|review 12.8s
[visual-polish] solo done 2005s
[visual-polish] hot|title 12.1s
[visual-polish] hot|select 8.2s
[visual-polish] hot|handoff 7.9s
[visual-polish] hot|mark|n1 48.2s
[visual-polish] hot|bid|n1 48.3s
[visual-polish] hot|reveal 49.8s
[visual-polish] hot|shrine|n1 43.5s
[visual-polish] hot|shrine-run 0.9s
[visual-polish] hot|reveal-result 16.3s
[visual-polish] hot|duel 7.0s
[visual-polish] hot|night-end|n1 17.8s
[visual-polish] hot|mark|n2 41.8s
[visual-polish] hot|bid|n2 44.7s
[visual-polish] hot|shrine|n2 36.6s
[visual-polish] hot|shrine-run 0.9s
[visual-polish] hot|duel 8.8s
[visual-polish] hot|night-end|n2 14.0s
[visual-polish] hot|mark|n3 32.0s
[visual-polish] hot|bid|n3 32.1s
[visual-polish] hot|shrine|n3 32.4s
[visual-polish] hot|shrine-run 0.8s
[visual-polish] hot|duel 3.3s
[visual-polish] hot|night-end|n3 11.0s
[visual-polish] hot|event|n4 11.0s
[visual-polish] hot|event-result|n4 11.0s
[visual-polish] hot|mark|n4 45.7s
[visual-polish] hot|bid|n4 46.3s
[visual-polish] hot|shrine|n4 41.7s
[visual-polish] hot|shrine-run 0.9s
[visual-polish] hot|duel 5.7s
[visual-polish] hot|night-end|n4 17.1s
[visual-polish] hot|mark|n5 46.5s
[visual-polish] hot|bid|n5 48.5s
[visual-polish] hot|shrine|n5 42.0s
[visual-polish] hot|shrine-run 0.9s
[visual-polish] hot|night-end|n5 17.8s
[visual-polish] hot|mark|n6 52.5s
[visual-polish] hot|bid|n6 53.4s
[visual-polish] hot|shrine|n6 38.5s
[visual-polish] hot|shrine-run 0.9s
[visual-polish] hot|night-end|n6 13.8s
[visual-polish] hot|mark|n7 42.2s
[visual-polish] hot|bid|n7 42.5s
[visual-polish] hot|shrine|n7 38.7s
[visual-polish] hot|shrine-run 0.9s
[visual-polish] hot|event|n8 14.5s
[visual-polish] hot|event-result|n8 15.1s
[visual-polish] hot|mark|n8 51.5s
[visual-polish] hot|bid|n8 51.4s
[visual-polish] hot|shrine|n8 46.2s
[visual-polish] hot|shrine-run 1.0s
[visual-polish] hot|night-end|n8 22.5s
[visual-polish] hot|mark|n9 60.0s
[visual-polish] hot|bid|n9 57.8s
[visual-polish] hot|shrine|n9 54.1s
[visual-polish] hot|night-end|n9 20.1s
[visual-polish] hot|mark|n10 46.6s
[visual-polish] hot|bid|n10 47.3s
[visual-polish] hot|shrine|n10 46.7s
[visual-polish] hot|event|n11 18.1s
[visual-polish] hot|event-result|n11 18.6s
[visual-polish] hot|mark|n11 52.2s
[visual-polish] hot|bid|n11 54.8s
[visual-polish] hot|shrine|n11 49.1s
[visual-polish] hot|shrine-run 1.0s
[visual-polish] hot|mark|n12 47.2s
[visual-polish] hot|bid|n12 47.5s
[visual-polish] hot|shrine|n12 43.9s
[visual-polish] hot|night-end|n12 17.5s
[visual-polish] hot|end 13.5s
[visual-polish] hot|review 12.2s
[visual-polish] hot done 2324s
[visual-polish] nw1|nw-menu 8.3s
[visual-polish] nw1|nw-intro 8.3s
[visual-polish] nw1|select 7.8s
[visual-polish] nw1|mark|n1 47.0s
[visual-polish] nw1|bid|n1 48.4s
[visual-polish] nw1|reveal 52.4s
[visual-polish] nw1|shrine|n1 42.9s
[visual-polish] nw1|shrine-run 1.0s
[visual-polish] nw1|reveal-result 15.8s
[visual-polish] nw1|duel 7.1s
[visual-polish] nw1|night-end|n1 17.3s
[visual-polish] nw1|mark|n2 43.5s
[visual-polish] nw1|bid|n2 44.4s
[visual-polish] nw1|shrine|n2 33.4s
[visual-polish] nw1|shrine-run 0.8s
[visual-polish] nw1|duel 3.3s
[visual-polish] nw1|mark|n3 33.6s
[visual-polish] nw1|bid|n3 34.6s
[visual-polish] nw1|shrine|n3 32.8s
[visual-polish] nw1|shrine-run 0.9s
[visual-polish] nw1|duel 8.3s
[visual-polish] nw1|night-end|n3 11.3s
[visual-polish] nw1|event|n4 11.2s
[visual-polish] nw1|event-result|n4 11.5s
[visual-polish] nw1|mark|n4 48.3s
[visual-polish] nw1|bid|n4 50.8s
[visual-polish] nw1|shrine|n4 33.5s
[visual-polish] nw1|shrine-run 0.8s
[visual-polish] nw1|duel 14.1s
[visual-polish] nw1|night-end|n4 13.0s
[visual-polish] nw1|mark|n5 46.9s
[visual-polish] nw1|bid|n5 49.5s
[visual-polish] nw1|shrine|n5 44.6s
[visual-polish] nw1|shrine-run 1.0s
[visual-polish] nw1|mark|n6 45.5s
[visual-polish] nw1|bid|n6 44.7s
[visual-polish] nw1|shrine|n6 39.1s
[visual-polish] nw1|night-end|n6 14.4s
[visual-polish] nw1|mark|n7 47.3s
[visual-polish] nw1|bid|n7 47.5s
[visual-polish] nw1|shrine|n7 44.0s
[visual-polish] nw1|night-end|n7 19.1s
[visual-polish] nw1|event|n8 19.2s
[visual-polish] nw1|event-result|n8 18.7s
[visual-polish] nw1|mark|n8 54.8s
[visual-polish] nw1|bid|n8 55.3s
[visual-polish] nw1|shrine|n8 43.2s
[visual-polish] nw1|shrine-run 0.9s
[visual-polish] nw1|mark|n9 53.5s
[visual-polish] nw1|bid|n9 55.0s
[visual-polish] nw1|shrine|n9 55.3s
[visual-polish] nw1|shrine-run 1.0s
[visual-polish] nw1|night-end|n9 21.0s
[visual-polish] nw1|mark|n10 54.7s
[visual-polish] nw1|bid|n10 56.5s
[visual-polish] nw1|shrine|n10 47.8s
[visual-polish] nw1|shrine-run 1.0s
[visual-polish] nw1|event|n11 19.9s
[visual-polish] nw1|event-result|n11 20.2s
[visual-polish] nw1|mark|n11 54.0s
[visual-polish] nw1|bid|n11 55.3s
[visual-polish] nw1|shrine|n11 46.9s
[visual-polish] nw1|shrine-run 0.9s
[visual-polish] nw1|end 12.9s
[visual-polish] nw1|nw-scroll 12.2s
[visual-polish] nw1 done 2124s
[visual-polish] nw2|nw-menu 8.1s
[visual-polish] nw2|nw-intro 7.9s
[visual-polish] nw2|select 8.6s
[visual-polish] nw2|mark|n1 49.1s
[visual-polish] nw2|bid|n1 48.8s
[visual-polish] nw2|reveal 44.0s
[visual-polish] nw2|shrine|n1 34.0s
[visual-polish] nw2|shrine-run 0.8s
[visual-polish] nw2|reveal-result 11.8s
[visual-polish] nw2|duel 9.5s
[visual-polish] nw2|night-end|n1 12.7s
[visual-polish] nw2|mark|n2 44.2s
[visual-polish] nw2|bid|n2 45.0s
[visual-polish] nw2 done 340s
[visual-polish] nw3|nw-menu 8.4s
[visual-polish] nw3|nw-intro 8.5s
[visual-polish] nw3|select 8.6s
[visual-polish] nw3|mark|n1 48.1s
[visual-polish] nw3|bid|n1 48.5s
[visual-polish] nw3|reveal 52.2s
[visual-polish] nw3|shrine|n1 42.7s
[visual-polish] nw3|shrine-run 0.9s
[visual-polish] nw3|reveal-result 16.5s
[visual-polish] nw3|duel 7.2s
[visual-polish] nw3|night-end|n1 16.5s
[visual-polish] nw3|mark|n2 43.2s
[visual-polish] nw3|bid|n2 44.1s
[visual-polish] nw3 done 360s
{
 "tag": "cloud1",
 "cells": 902,
 "lost": [
  "solo|shrine-run lost8",
  "solo|duel lost3",
  "hot|shrine-run lost9",
  "hot|duel lost3",
  "nw1|shrine-run lost9",
  "nw1|duel lost3",
  "nw2|shrine-run lost1",
  "nw2|duel lost1",
  "nw3|shrine-run lost1",
  "nw3|duel lost1"
 ],
 "pageErrors": {
  "solo": 0,
  "hot": 0,
  "nw1": 0,
  "nw2": 0,
  "nw3": 0
 },
 "breaks": {
  "byVp": {
   "V1": "0/182 格紅（含例外 0）",
   "V2": "0/180 格紅（含例外 0）",
   "V3": "0/180 格紅（含例外 0）",
   "V4": "0/180 格紅（含例外 0）",
   "V5": "0/180 格紅（含例外 0）"
  },
  "items": 0,
  "list": []
 },
 "spill": {
  "byVp": {
   "V1": "0/182 格紅（含例外 0）",
   "V2": "0/180 格紅（含例外 0）",
   "V3": "0/180 格紅（含例外 0）",
   "V4": "0/180 格紅（含例外 0）",
   "V5": "0/180 格紅（含例外 0）"
  },
  "items": 0,
  "list": []
 },
 "font": {
  "byVp": {
   "V1": "5/182 格紅（含例外 5）",
   "V2": "2/180 格紅（含例外 2）",
   "V3": "3/180 格紅（含例外 3）",
   "V4": "3/180 格紅（含例外 3）",
   "V5": "3/180 格紅（含例外 3）"
  },
  "items": 2,
  "list": [
   "#pwch-B > i.pwfac 9px ×28",
   "#pwch-A > i.pwfac 9px ×20"
  ]
 },
 "contrast": {
  "byVp": {
   "V1": "0/182 格紅（含例外 5）",
   "V2": "0/180 格紅（含例外 1）",
   "V3": "1/180 格紅（含例外 2）",
   "V4": "1/180 格紅（含例外 1）",
   "V5": "0/180 格紅（含例外 0）"
  },
  "items": 14,
  "list": [
   "#dL > div.fdir [transient] ×8 1.03/4.5",
   "#pwch-A > i.pwfac [transient] ×8 1/4.5",
   "#pwch-B > i.pwfac [transient] ×8 1/4.5",
   "#dL > div.fnm [transient] ×6 1.04/4.5",
   "#pwn-A [transient] ×6 1.03/3",
   "#dR > div.fdir [transient] ×6 1.07/4.5",
   "#duelResult > span.dmg.anim-stamp-in [transient] ×6 1.03/3",
   "#duelSub [transient] ×6 1.05/4.5",
   "#dR > div.fdir > span [transient] ×5 1.07/4.5",
   "#dR > div.fnm [transient] ×5 1.09/4.5",
   "#pwn-B [transient] ×4 1.07/3",
   "#duelResult [transient] ×4 1.09/4.5",
   "#pwch-A > i.pwfac ×1 1.42/4.5",
   "#pwch-B > i.pwfac ×1 1.02/4.5"
  ]
 },
 "target": {
  "byVp": {
   "V1": "1/182 格紅（含例外 1）",
   "V2": "0/180 格紅（含例外 0）",
   "V3": "0/180 格紅（含例外 0）",
   "V4": "0/180 格紅（含例外 0）",
   "V5": "0/180 格紅（含例外 0）"
  },
  "items": 1,
  "list": [
   "#seat2 > span.roleInfoBtn ×1 39x42"
  ]
 },
 "align": {
  "byVp": {
   "V1": "113/182 格紅（含例外 113）",
   "V2": "114/180 格紅（含例外 114）",
   "V3": "113/180 格紅（含例外 113）",
   "V4": "113/180 格紅（含例外 113）",
   "V5": "114/180 格紅（含例外 114）"
  },
  "items": 1,
  "list": [
   "railTabs ×567 dt44 db44 dh0"
  ]
 },
 "north": {
  "byVp": {
   "V1": "0/182 格紅（含例外 0）",
   "V2": "0/180 格紅（含例外 0）",
   "V3": "0/180 格紅（含例外 0）",
   "V4": "0/180 格紅（含例外 0）",
   "V5": "0/180 格紅（含例外 0）"
  },
  "items": 0,
  "list": []
 },
 "northOpen": {
  "openedCells": 570,
  "srcItemsChecked": 14395
 }
}
