[visual-polish] solo|title 8.3s
[visual-polish] solo|select 6.2s
[visual-polish] solo|mark|n1 38.0s
[visual-polish] solo|bid|n1 38.7s
[visual-polish] solo|modal:南家・青面攤主（ 36.0s
[visual-polish] solo|modal:北家・收驚婆 36.6s
[visual-polish] solo|modal:？ 妖市規則 37.7s
[visual-polish] solo|reveal 41.4s
[visual-polish] solo|shrine|n1 28.2s
[visual-polish] solo|shrine-run 0.8s
[visual-polish] solo|reveal-result 8.4s
[visual-polish] solo|duel 4.7s
[visual-polish] solo|night-end|n1 10.0s
[visual-polish] solo|mark|n2 46.8s
[visual-polish] solo|bid|n2 47.7s
[visual-polish] solo|shrine|n2 35.1s
[visual-polish] solo|shrine-run 0.9s
[visual-polish] solo|duel 8.3s
[visual-polish] solo|night-end|n2 12.1s
[visual-polish] solo|mark|n3 39.3s
[visual-polish] solo|bid|n3 41.0s
[visual-polish] solo|shrine|n3 33.7s
[visual-polish] solo|shrine-run 0.8s
[visual-polish] solo|duel 9.0s
[visual-polish] solo|night-end|n3 12.2s
[visual-polish] solo|event|n4 12.0s
[visual-polish] solo|event-result|n4 11.8s
[visual-polish] solo|mark|n4 38.8s
[visual-polish] solo|bid|n4 39.4s
[visual-polish] solo|shrine|n4 31.3s
[visual-polish] solo|shrine-run 0.8s
[visual-polish] solo|duel 6.9s
[visual-polish] solo|mark|n5 44.3s
[visual-polish] solo|bid|n5 46.0s
[visual-polish] solo|shrine|n5 35.4s
[visual-polish] solo|shrine-run 0.9s
[visual-polish] solo|night-end|n5 12.7s
[visual-polish] solo|mark|n6 37.6s
[visual-polish] solo|bid|n6 42.1s
[visual-polish] solo|shrine|n6 36.3s
[visual-polish] solo|shrine-run 0.8s
[visual-polish] solo|night-end|n6 11.4s
[visual-polish] solo|mark|n7 38.4s
[visual-polish] solo|bid|n7 38.4s
[visual-polish] solo|shrine|n7 33.0s
[visual-polish] solo|shrine-run 0.8s
[visual-polish] solo|event|n8 11.4s
[visual-polish] solo|event-result|n8 11.3s
[visual-polish] solo|mark|n8 46.6s
[visual-polish] solo|bid|n8 46.7s
[visual-polish] solo|shrine|n8 35.1s
[visual-polish] solo|shrine-run 0.9s
[visual-polish] solo|night-end|n8 14.6s
[visual-polish] solo|mark|n9 49.8s
[visual-polish] solo|bid|n9 51.2s
[visual-polish] solo|shrine|n9 47.2s
[visual-polish] solo|mark|n10 41.9s
[visual-polish] solo|bid|n10 47.3s
[visual-polish] solo|shrine|n10 30.2s
[visual-polish] solo|night-end|n10 10.5s
[visual-polish] solo|event|n11 10.3s
[visual-polish] solo|event-result|n11 10.4s
[visual-polish] solo|mark|n11 42.1s
[visual-polish] solo|bid|n11 56.8s
[visual-polish] solo|shrine|n11 42.0s
[visual-polish] solo|shrine-run 0.8s
[visual-polish] solo|mark|n12 45.9s
[visual-polish] solo|bid|n12 59.0s
[visual-polish] solo|shrine|n12 47.9s
[visual-polish] solo|end 10.7s
[visual-polish] solo|review 9.0s
[visual-polish] solo done 2239s
[visual-polish] hot|title 8.8s
[visual-polish] hot|select 6.3s
[visual-polish] hot|handoff 5.6s
[visual-polish] hot|mark|n1 52.6s
[visual-polish] hot|bid|n1 41.7s
[visual-polish] hot|reveal 55.7s
[visual-polish] hot|shrine|n1 48.9s
[visual-polish] hot|shrine-run 1.0s
[visual-polish] hot|reveal-result 14.2s
[visual-polish] hot|duel 5.6s
[visual-polish] hot|night-end|n1 13.9s
[visual-polish] hot|mark|n2 39.2s
[visual-polish] hot|bid|n2 47.6s
[visual-polish] hot|shrine|n2 38.1s
[visual-polish] hot|shrine-run 0.8s
[visual-polish] hot|duel 7.0s
[visual-polish] hot|night-end|n2 11.1s
[visual-polish] hot|mark|n3 33.4s
[visual-polish] hot|bid|n3 32.2s
[visual-polish] hot|shrine|n3 29.9s
[visual-polish] hot|shrine-run 0.9s
[visual-polish] hot|duel 7.4s
[visual-polish] hot|night-end|n3 12.7s
[visual-polish] hot|event|n4 8.9s
[visual-polish] hot|event-result|n4 8.8s
[visual-polish] hot|mark|n4 48.5s
[visual-polish] hot|bid|n4 43.3s
[visual-polish] hot|shrine|n4 41.9s
[visual-polish] hot|shrine-run 0.8s
[visual-polish] hot|duel 4.4s
[visual-polish] hot|mark|n5 41.5s
[visual-polish] hot|bid|n5 42.9s
[visual-polish] hot|shrine|n5 42.5s
[visual-polish] hot|shrine-run 0.9s
[visual-polish] hot|mark|n6 53.3s
[visual-polish] hot|bid|n6 54.2s
[visual-polish] hot|shrine|n6 52.0s
[visual-polish] hot|shrine-run 0.9s
[visual-polish] hot|mark|n7 69.3s
[visual-polish] hot|bid|n7 80.2s
[visual-polish] hot|shrine|n7 51.2s
[visual-polish] hot|night-end|n7 19.7s
[visual-polish] hot|event|n8 20.1s
[visual-polish] hot|event-result|n8 13.7s
[visual-polish] hot|mark|n8 62.8s
[visual-polish] hot|bid|n8 43.7s
[visual-polish] hot|shrine|n8 37.9s
[visual-polish] hot|shrine-run 0.9s
[visual-polish] hot|night-end|n8 15.8s
[visual-polish] hot|mark|n9 48.2s
[visual-polish] hot|bid|n9 50.3s
[visual-polish] hot|shrine|n9 43.6s
[visual-polish] hot|night-end|n9 15.7s
[visual-polish] hot|mark|n10 41.6s
[visual-polish] hot|bid|n10 41.6s
[visual-polish] hot|shrine|n10 36.3s
[visual-polish] hot|night-end|n10 13.6s
[visual-polish] hot|event|n11 13.2s
[visual-polish] hot|event-result|n11 12.9s
[visual-polish] hot|mark|n11 44.1s
[visual-polish] hot|bid|n11 44.7s
[visual-polish] hot|shrine|n11 37.0s
[visual-polish] hot|shrine-run 0.9s
[visual-polish] hot|mark|n12 38.6s
[visual-polish] hot|bid|n12 38.9s
[visual-polish] hot|shrine|n12 30.8s
[visual-polish] hot|end 8.0s
[visual-polish] hot|review 6.7s
[visual-polish] hot done 2192s
[visual-polish] nw1|nw-menu 6.4s
[visual-polish] nw1|nw-intro 5.0s
[visual-polish] nw1|select 5.9s
[visual-polish] nw1|mark|n1 40.2s
[visual-polish] nw1|bid|n1 41.2s
[visual-polish] nw1|reveal 43.3s
[visual-polish] nw1|shrine|n1 35.4s
[visual-polish] nw1|shrine-run 0.9s
[visual-polish] nw1|reveal-result 12.6s
[visual-polish] nw1|duel 3.3s
[visual-polish] nw1|night-end|n1 13.2s
[visual-polish] nw1|mark|n2 34.9s
[visual-polish] nw1|bid|n2 36.3s
[visual-polish] nw1|shrine|n2 28.7s
[visual-polish] nw1|shrine-run 0.8s
[visual-polish] nw1|duel 9.8s
[visual-polish] nw1|night-end|n2 11.0s
[visual-polish] nw1|mark|n3 29.4s
[visual-polish] nw1|bid|n3 30.1s
[visual-polish] nw1|shrine|n3 28.0s
[visual-polish] nw1|shrine-run 0.8s
[visual-polish] nw1|duel 8.9s
[visual-polish] nw1|night-end|n3 9.2s
[visual-polish] nw1|event|n4 9.0s
[visual-polish] nw1|event-result|n4 8.9s
[visual-polish] nw1|mark|n4 40.6s
[visual-polish] nw1|bid|n4 41.4s
[visual-polish] nw1|shrine|n4 29.0s
[visual-polish] nw1|shrine-run 0.8s
[visual-polish] nw1|duel 4.5s
[visual-polish] nw1|night-end|n4 8.5s
[visual-polish] nw1|mark|n5 38.5s
[visual-polish] nw1|bid|n5 38.4s
[visual-polish] nw1|shrine|n5 36.3s
[visual-polish] nw1|shrine-run 0.9s
[visual-polish] nw1|night-end|n5 12.8s
[visual-polish] nw1|mark|n6 34.9s
[visual-polish] nw1|bid|n6 36.5s
[visual-polish] nw1|shrine|n6 32.5s
[visual-polish] nw1|mark|n7 38.8s
[visual-polish] nw1|bid|n7 38.8s
[visual-polish] nw1|shrine|n7 36.1s
[visual-polish] nw1|event|n8 12.9s
[visual-polish] nw1|event-result|n8 12.7s
[visual-polish] nw1|mark|n8 41.5s
[visual-polish] nw1|bid|n8 43.7s
[visual-polish] nw1|shrine|n8 33.7s
[visual-polish] nw1|shrine-run 0.8s
[visual-polish] nw1|night-end|n8 11.7s
[visual-polish] nw1|mark|n9 41.4s
[visual-polish] nw1|bid|n9 41.9s
[visual-polish] nw1|shrine|n9 42.1s
[visual-polish] nw1|shrine-run 0.9s
[visual-polish] nw1|night-end|n9 16.0s
[visual-polish] nw1|mark|n10 44.3s
[visual-polish] nw1|bid|n10 44.7s
[visual-polish] nw1|shrine|n10 38.0s
[visual-polish] nw1|shrine-run 0.9s
[visual-polish] nw1|night-end|n10 14.4s
[visual-polish] nw1|event|n11 13.9s
[visual-polish] nw1|event-result|n11 14.5s
[visual-polish] nw1|mark|n11 42.8s
[visual-polish] nw1|bid|n11 44.2s
[visual-polish] nw1|shrine|n11 37.2s
[visual-polish] nw1|shrine-run 0.9s
[visual-polish] nw1|night-end|n11 14.0s
[visual-polish] nw1|end 9.5s
[visual-polish] nw1|nw-scroll 8.7s
[visual-polish] nw1 done 1746s
[visual-polish] nw2|nw-menu 5.8s
[visual-polish] nw2|nw-intro 5.1s
[visual-polish] nw2|select 6.0s
[visual-polish] nw2|mark|n1 40.0s
[visual-polish] nw2|bid|n1 40.8s
[visual-polish] nw2|reveal 35.5s
[visual-polish] nw2|shrine|n1 28.4s
[visual-polish] nw2|shrine-run 0.8s
[visual-polish] nw2|reveal-result 8.6s
[visual-polish] nw2|duel 7.4s
[visual-polish] nw2|night-end|n1 9.4s
[visual-polish] nw2|mark|n2 35.1s
[visual-polish] nw2|bid|n2 35.8s
[visual-polish] nw2 done 271s
[visual-polish] nw3|nw-menu 5.7s
[visual-polish] nw3|nw-intro 5.5s
[visual-polish] nw3|select 5.8s
[visual-polish] nw3|mark|n1 40.0s
[visual-polish] nw3|bid|n1 41.0s
[visual-polish] nw3|reveal 42.8s
[visual-polish] nw3|shrine|n1 35.1s
[visual-polish] nw3|shrine-run 0.9s
[visual-polish] nw3|reveal-result 12.4s
[visual-polish] nw3|duel 5.9s
[visual-polish] nw3|night-end|n1 13.0s
[visual-polish] nw3|mark|n2 34.6s
[visual-polish] nw3|bid|n2 35.1s
[visual-polish] nw3 done 291s
{
 "tag": "head3",
 "cells": 974,
 "lost": [
  "solo|shrine-run lost9",
  "solo|duel lost3",
  "hot|shrine-run lost8",
  "hot|duel lost3",
  "nw1|shrine-run lost9",
  "nw1|duel lost3",
  "nw2|shrine-run lost1",
  "nw2|duel lost1",
  "nw3|shrine-run lost1",
  "nw3|duel lost1"
 ],
 "pageErrors": {
  "solo": 0,
  "hot": 0,
  "nw1": 0,
  "nw2": 0,
  "nw3": 0
 },
 "breaks": {
  "byVp": {
   "V1": "0/196 格紅（含例外 0）",
   "V2": "0/196 格紅（含例外 0）",
   "V3": "0/194 格紅（含例外 0）",
   "V4": "0/194 格紅（含例外 0）",
   "V5": "0/194 格紅（含例外 0）"
  },
  "items": 0,
  "list": []
 },
 "spill": {
  "byVp": {
   "V1": "0/196 格紅（含例外 0）",
   "V2": "0/196 格紅（含例外 0）",
   "V3": "0/194 格紅（含例外 0）",
   "V4": "0/194 格紅（含例外 0）",
   "V5": "0/194 格紅（含例外 0）"
  },
  "items": 0,
  "list": []
 },
 "font": {
  "byVp": {
   "V1": "5/196 格紅（含例外 5）",
   "V2": "4/196 格紅（含例外 4）",
   "V3": "3/194 格紅（含例外 3）",
   "V4": "3/194 格紅（含例外 3）",
   "V5": "3/194 格紅（含例外 3）"
  },
  "items": 3,
  "list": [
   "#pwch-B > i.pwfac 9px ×28",
   "#pwch-A > i.pwfac 9px ×19",
   "#pwch-B > i.pwfac 9.34px ×1"
  ]
 },
 "contrast": {
  "byVp": {
   "V1": "0/196 格紅（含例外 6）",
   "V2": "0/196 格紅（含例外 1）",
   "V3": "1/194 格紅（含例外 1）",
   "V4": "0/194 格紅（含例外 0）",
   "V5": "0/194 格紅（含例外 3）"
  },
  "items": 15,
  "list": [
   "#pwch-A > i.pwfac [transient] ×10 1/4.5",
   "#dL > div.fdir [transient] ×8 1.06/4.5",
   "#pwch-B > i.pwfac [transient] ×8 1.02/4.5",
   "#duelResult > span.dmg.anim-stamp-in [transient] ×4 1.06/3",
   "#dL > div.fnm [transient] ×4 1.07/4.5",
   "#pwn-A [transient] ×4 1.05/3",
   "#duelSub [transient] ×3 1.08/4.5",
   "#dL > div.fdir > span [transient] ×2 1.89/4.5",
   "#dR > div.fdir [transient] ×2 1.12/4.5",
   "#dR > div.fnm [transient] ×2 1.14/4.5",
   "#pwn-B [transient] ×2 1.12/3",
   "#flyzone > div.bidPills > span.mut [transient] ×2 3.61/4.5",
   "#flyzone > div.bidPills > span.bidPill.win [transient] ×2 1.39/4.5",
   "#pwch-B > i.pwfac ×1 1.04/4.5",
   "#duelResult [transient] ×1 1.16/4.5"
  ]
 },
 "target": {
  "byVp": {
   "V1": "1/196 格紅（含例外 1）",
   "V2": "0/196 格紅（含例外 0）",
   "V3": "0/194 格紅（含例外 0）",
   "V4": "0/194 格紅（含例外 0）",
   "V5": "0/194 格紅（含例外 0）"
  },
  "items": 1,
  "list": [
   "#seat2 > span.roleInfoBtn ×1 39x41"
  ]
 },
 "align": {
  "byVp": {
   "V1": "122/196 格紅（含例外 122）",
   "V2": "123/196 格紅（含例外 123）",
   "V3": "122/194 格紅（含例外 122）",
   "V4": "122/194 格紅（含例外 122）",
   "V5": "123/194 格紅（含例外 123）"
  },
  "items": 1,
  "list": [
   "railTabs ×612 dt44 db44 dh0"
  ]
 },
 "north": {
  "byVp": {
   "V1": "0/196 格紅（含例外 0）",
   "V2": "0/196 格紅（含例外 0）",
   "V3": "0/194 格紅（含例外 0）",
   "V4": "0/194 格紅（含例外 0）",
   "V5": "0/194 格紅（含例外 0）"
  },
  "items": 0,
  "list": []
 },
 "northOpen": {
  "openedCells": 615,
  "srcItemsChecked": 15610
 }
}
