[visual-polish] solo|title 6.4s
[visual-polish] solo|select 5.0s
[visual-polish] solo|mark|n1 31.2s
[visual-polish] solo|bid|n1 31.6s
[visual-polish] solo|modal:南家・青面攤主（ 29.4s
[visual-polish] solo|modal:北家・收驚婆 29.5s
[visual-polish] solo|modal:？ 妖市規則 30.4s
[visual-polish] solo|reveal 32.8s
[visual-polish] solo|shrine|n1 23.8s
[visual-polish] solo|shrine-run 0.8s
[visual-polish] solo|reveal-result 6.1s
[visual-polish] solo|duel 4.7s
[visual-polish] solo|night-end|n1 6.9s
[visual-polish] solo|mark|n2 36.6s
[visual-polish] solo|bid|n2 37.6s
[visual-polish] solo|shrine|n2 29.1s
[visual-polish] solo|shrine-run 0.8s
[visual-polish] solo|duel 8.3s
[visual-polish] solo|night-end|n2 9.3s
[visual-polish] solo|mark|n3 32.4s
[visual-polish] solo|bid|n3 32.4s
[visual-polish] solo|shrine|n3 27.7s
[visual-polish] solo|shrine-run 0.8s
[visual-polish] solo|duel 2.2s
[visual-polish] solo|event|n4 8.7s
[visual-polish] solo|event-result|n4 8.6s
[visual-polish] solo|mark|n4 31.0s
[visual-polish] solo|bid|n4 31.6s
[visual-polish] solo|shrine|n4 26.3s
[visual-polish] solo|shrine-run 0.8s
[visual-polish] solo|night-end|n4 8.0s
[visual-polish] solo|mark|n5 33.5s
[visual-polish] solo|bid|n5 34.7s
[visual-polish] solo|shrine|n5 28.3s
[visual-polish] solo|shrine-run 0.8s
[visual-polish] solo|night-end|n5 9.3s
[visual-polish] solo|mark|n6 30.7s
[visual-polish] solo|bid|n6 31.4s
[visual-polish] solo|shrine|n6 26.8s
[visual-polish] solo|shrine-run 0.8s
[visual-polish] solo|mark|n7 30.1s
[visual-polish] solo|bid|n7 30.2s
[visual-polish] solo|shrine|n7 29.0s
[visual-polish] solo|shrine-run 0.8s
[visual-polish] solo|night-end|n7 9.5s
[visual-polish] solo|event|n8 9.3s
[visual-polish] solo|event-result|n8 9.1s
[visual-polish] solo|mark|n8 35.8s
[visual-polish] solo|bid|n8 36.6s
[visual-polish] solo|shrine|n8 29.2s
[visual-polish] solo|shrine-run 0.8s
[visual-polish] solo|mark|n9 34.9s
[visual-polish] solo|bid|n9 35.5s
[visual-polish] solo|shrine|n9 28.8s
[visual-polish] solo|mark|n10 29.5s
[visual-polish] solo|bid|n10 30.1s
[visual-polish] solo|shrine|n10 26.3s
[visual-polish] solo|event|n11 8.8s
[visual-polish] solo|event-result|n11 8.4s
[visual-polish] solo|mark|n11 30.7s
[visual-polish] solo|bid|n11 31.3s
[visual-polish] solo|shrine|n11 27.4s
[visual-polish] solo|shrine-run 0.8s
[visual-polish] solo|mark|n12 31.0s
[visual-polish] solo|bid|n12 31.9s
[visual-polish] solo|shrine|n12 26.8s
[visual-polish] solo|end 6.4s
[visual-polish] solo|review 6.0s
[visual-polish] solo done 1677s
[visual-polish] hot|title 6.8s
[visual-polish] hot|select 4.9s
[visual-polish] hot|handoff 3.8s
[visual-polish] hot|mark|n1 32.3s
[visual-polish] hot|bid|n1 32.6s
[visual-polish] hot|reveal 34.0s
[visual-polish] hot|shrine|n1 29.8s
[visual-polish] hot|shrine-run 0.8s
[visual-polish] hot|reveal-result 9.6s
[visual-polish] hot|duel 5.1s
[visual-polish] hot|night-end|n1 10.4s
[visual-polish] hot|mark|n2 28.2s
[visual-polish] hot|bid|n2 29.1s
[visual-polish] hot|shrine|n2 26.2s
[visual-polish] hot|shrine-run 0.8s
[visual-polish] hot|duel 4.2s
[visual-polish] hot|mark|n3 22.6s
[visual-polish] hot|bid|n3 24.0s
[visual-polish] hot|shrine|n3 23.1s
[visual-polish] hot|shrine-run 0.8s
[visual-polish] hot|night-end|n3 6.7s
[visual-polish] hot|event|n4 6.3s
[visual-polish] hot|event-result|n4 6.1s
[visual-polish] hot|mark|n4 30.8s
[visual-polish] hot|bid|n4 30.9s
[visual-polish] hot|shrine|n4 27.0s
[visual-polish] hot|shrine-run 0.8s
[visual-polish] hot|night-end|n4 11.5s
[visual-polish] hot|mark|n5 38.2s
[visual-polish] hot|bid|n5 37.6s
[visual-polish] hot|shrine|n5 31.8s
[visual-polish] hot|shrine-run 0.8s
[visual-polish] hot|mark|n6 37.8s
[visual-polish] hot|bid|n6 39.0s
[visual-polish] hot|shrine|n6 36.6s
[visual-polish] hot|shrine-run 0.9s
[visual-polish] hot|night-end|n6 13.2s
[visual-polish] hot|mark|n7 36.1s
[visual-polish] hot|bid|n7 39.0s
[visual-polish] hot|shrine|n7 33.9s
[visual-polish] hot|shrine-run 0.8s
[visual-polish] hot|event|n8 12.1s
[visual-polish] hot|event-result|n8 11.9s
[visual-polish] hot|mark|n8 40.0s
[visual-polish] hot|bid|n8 40.6s
[visual-polish] hot|shrine|n8 38.0s
[visual-polish] hot|shrine-run 0.9s
[visual-polish] hot|mark|n9 44.2s
[visual-polish] hot|bid|n9 44.7s
[visual-polish] hot|shrine|n9 42.5s
[visual-polish] hot|night-end|n9 17.4s
[visual-polish] hot|mark|n10 44.6s
[visual-polish] hot|bid|n10 44.3s
[visual-polish] hot|shrine|n10 42.5s
[visual-polish] hot|event|n11 15.2s
[visual-polish] hot|event-result|n11 15.3s
[visual-polish] hot|mark|n11 46.0s
[visual-polish] hot|bid|n11 47.1s
[visual-polish] hot|shrine|n11 37.1s
[visual-polish] hot|shrine-run 0.9s
[visual-polish] hot|mark|n12 41.6s
[visual-polish] hot|bid|n12 39.4s
[visual-polish] hot|shrine|n12 34.1s
[visual-polish] hot|night-end|n12 11.9s
[visual-polish] hot|end 9.0s
[visual-polish] hot|review 8.1s
[visual-polish] hot done 1749s
[visual-polish] nw1|nw-menu 5.8s
[visual-polish] nw1|nw-intro 5.1s
[visual-polish] nw1|select 6.0s
[visual-polish] nw1|mark|n1 40.6s
[visual-polish] nw1|bid|n1 40.9s
[visual-polish] nw1|reveal 43.5s
[visual-polish] nw1|shrine|n1 35.5s
[visual-polish] nw1|shrine-run 0.9s
[visual-polish] nw1|reveal-result 12.3s
[visual-polish] nw1|duel 7.3s
[visual-polish] nw1|night-end|n1 12.8s
[visual-polish] nw1|mark|n2 34.9s
[visual-polish] nw1|bid|n2 35.3s
[visual-polish] nw1|shrine|n2 28.6s
[visual-polish] nw1|shrine-run 0.8s
[visual-polish] nw1|duel 9.4s
[visual-polish] nw1|night-end|n2 9.8s
[visual-polish] nw1|mark|n3 28.7s
[visual-polish] nw1|bid|n3 29.7s
[visual-polish] nw1|shrine|n3 27.1s
[visual-polish] nw1|shrine-run 0.8s
[visual-polish] nw1|duel 3.1s
[visual-polish] nw1|event|n4 8.5s
[visual-polish] nw1|event-result|n4 8.8s
[visual-polish] nw1|mark|n4 39.3s
[visual-polish] nw1|bid|n4 40.4s
[visual-polish] nw1|shrine|n4 28.5s
[visual-polish] nw1|shrine-run 0.8s
[visual-polish] nw1|duel 4.0s
[visual-polish] nw1|mark|n5 38.1s
[visual-polish] nw1|bid|n5 38.0s
[visual-polish] nw1|shrine|n5 35.6s
[visual-polish] nw1|shrine-run 0.9s
[visual-polish] nw1|mark|n6 35.4s
[visual-polish] nw1|bid|n6 35.9s
[visual-polish] nw1|shrine|n6 32.0s
[visual-polish] nw1|mark|n7 37.5s
[visual-polish] nw1|bid|n7 39.0s
[visual-polish] nw1|shrine|n7 36.3s
[visual-polish] nw1|night-end|n7 13.5s
[visual-polish] nw1|event|n8 13.2s
[visual-polish] nw1|event-result|n8 12.8s
[visual-polish] nw1|mark|n8 41.6s
[visual-polish] nw1|bid|n8 43.0s
[visual-polish] nw1|shrine|n8 34.0s
[visual-polish] nw1|shrine-run 0.8s
[visual-polish] nw1|mark|n9 41.3s
[visual-polish] nw1|bid|n9 41.8s
[visual-polish] nw1|shrine|n9 42.2s
[visual-polish] nw1|shrine-run 0.9s
[visual-polish] nw1|mark|n10 43.8s
[visual-polish] nw1|bid|n10 44.6s
[visual-polish] nw1|shrine|n10 38.3s
[visual-polish] nw1|shrine-run 0.9s
[visual-polish] nw1|night-end|n10 14.5s
[visual-polish] nw1|event|n11 13.9s
[visual-polish] nw1|event-result|n11 14.1s
[visual-polish] nw1|mark|n11 43.0s
[visual-polish] nw1|bid|n11 43.4s
[visual-polish] nw1|shrine|n11 36.6s
[visual-polish] nw1|shrine-run 0.9s
[visual-polish] nw1|end 9.5s
[visual-polish] nw1|nw-scroll 8.3s
[visual-polish] nw1 done 1671s
[visual-polish] nw2|nw-menu 6.0s
[visual-polish] nw2|nw-intro 5.3s
[visual-polish] nw2|select 5.3s
[visual-polish] nw2|mark|n1 39.7s
[visual-polish] nw2|bid|n1 40.7s
[visual-polish] nw2|reveal 35.3s
[visual-polish] nw2|shrine|n1 28.3s
[visual-polish] nw2|shrine-run 0.8s
[visual-polish] nw2|reveal-result 8.4s
[visual-polish] nw2|duel 7.1s
[visual-polish] nw2|night-end|n1 9.0s
[visual-polish] nw2|mark|n2 34.9s
[visual-polish] nw2|bid|n2 35.4s
[visual-polish] nw2 done 270s
[visual-polish] nw3|nw-menu 5.5s
[visual-polish] nw3|nw-intro 5.3s
[visual-polish] nw3|select 6.0s
[visual-polish] nw3|mark|n1 39.7s
[visual-polish] nw3|bid|n1 40.6s
[visual-polish] nw3|reveal 42.0s
[visual-polish] nw3|shrine|n1 35.4s
[visual-polish] nw3|shrine-run 0.9s
[visual-polish] nw3|reveal-result 12.4s
[visual-polish] nw3|duel 6.9s
[visual-polish] nw3|night-end|n1 12.7s
[visual-polish] nw3|mark|n2 34.8s
[visual-polish] nw3|bid|n2 35.1s
[visual-polish] nw3 done 290s
{
 "tag": "head8",
 "cells": 934,
 "lost": [
  "solo|shrine-run lost9",
  "solo|duel lost2",
  "hot|shrine-run lost9",
  "hot|duel lost1",
  "nw1|shrine-run lost9",
  "nw1|duel lost3",
  "nw2|shrine-run lost1",
  "nw2|duel lost1",
  "nw3|shrine-run lost1",
  "nw3|duel lost1"
 ],
 "pageErrors": {
  "solo": 0,
  "hot": 0,
  "nw1": 0,
  "nw2": 0,
  "nw3": 0
 },
 "breaks": {
  "byVp": {
   "V1": "0/188 格紅（含例外 0）",
   "V2": "0/188 格紅（含例外 0）",
   "V3": "0/186 格紅（含例外 0）",
   "V4": "0/186 格紅（含例外 0）",
   "V5": "0/186 格紅（含例外 0）"
  },
  "items": 0,
  "list": []
 },
 "spill": {
  "byVp": {
   "V1": "0/188 格紅（含例外 0）",
   "V2": "0/188 格紅（含例外 0）",
   "V3": "0/186 格紅（含例外 0）",
   "V4": "0/186 格紅（含例外 0）",
   "V5": "0/186 格紅（含例外 0）"
  },
  "items": 0,
  "list": []
 },
 "font": {
  "byVp": {
   "V1": "5/188 格紅（含例外 5）",
   "V2": "5/188 格紅（含例外 5）",
   "V3": "3/186 格紅（含例外 3）",
   "V4": "3/186 格紅（含例外 3）",
   "V5": "3/186 格紅（含例外 3）"
  },
  "items": 5,
  "list": [
   "#pwch-B > i.pwfac 9px ×19",
   "#pwch-A > i.pwfac 9px ×17",
   "#pwch-A > i.pwfac 9.46px ×1",
   "#pwch-A > i.pwfac 9.31px ×1",
   "#pwch-B > i.pwfac 9.34px ×1"
  ]
 },
 "contrast": {
  "byVp": {
   "V1": "2/188 格紅（含例外 5）",
   "V2": "0/188 格紅（含例外 3）",
   "V3": "0/186 格紅（含例外 0）",
   "V4": "0/186 格紅（含例外 0）",
   "V5": "0/186 格紅（含例外 1）"
  },
  "items": 16,
  "list": [
   "#pwch-A > i.pwfac [transient] ×5 1.02/4.5",
   "#pwch-B > i.pwfac [transient] ×3 1.04/4.5",
   "#dL > div.fdir [transient] ×3 1.2/4.5",
   "#flyzone > div.bidPills > span.bidPill.win [transient] ×2 1.35/4.5",
   "#duelResult > span.dmg.anim-stamp-in [transient] ×2 1.2/3",
   "div.pnl-grid > div.pnl-cell.me > div.pnl-head > span.pnl-cnt ×1 4.5/4.5",
   "#flyzone > div.bidPills > span.mut [transient] ×1 3.01/4.5",
   "#outzone > div.outcome [transient] ×1 3.57/4.5",
   "#dL > div.fnm [transient] ×1 1.24/4.5",
   "#pwn-A [transient] ×1 1.2/3",
   "#dR > div.fdir [transient] ×1 1.51/4.5",
   "#dR > div.fnm [transient] ×1 1.64/4.5",
   "#pwn-B [transient] ×1 1.49/3",
   "#duelResult [transient] ×1 1.66/4.5",
   "#duelSub [transient] ×1 1.3/4.5",
   "#pwch-B > i.pwfac ×1 1.04/4.5"
  ]
 },
 "target": {
  "byVp": {
   "V1": "0/188 格紅（含例外 0）",
   "V2": "0/188 格紅（含例外 0）",
   "V3": "0/186 格紅（含例外 0）",
   "V4": "0/186 格紅（含例外 0）",
   "V5": "0/186 格紅（含例外 0）"
  },
  "items": 0,
  "list": []
 },
 "align": {
  "byVp": {
   "V1": "122/188 格紅（含例外 122）",
   "V2": "123/188 格紅（含例外 123）",
   "V3": "122/186 格紅（含例外 122）",
   "V4": "122/186 格紅（含例外 122）",
   "V5": "123/186 格紅（含例外 123）"
  },
  "items": 2,
  "list": [
   "railTabs ×612 dt44 db44 dh0",
   "seats [transient] ×1 dt1.8 db2.2 dh0.4"
  ]
 },
 "north": {
  "byVp": {
   "V1": "0/188 格紅（含例外 0）",
   "V2": "0/188 格紅（含例外 0）",
   "V3": "0/186 格紅（含例外 0）",
   "V4": "0/186 格紅（含例外 0）",
   "V5": "0/186 格紅（含例外 0）"
  },
  "items": 0,
  "list": []
 },
 "northOpen": {
  "openedCells": 615,
  "srcItemsChecked": 15610
 }
}
