[visual-polish] solo|title 5.8s
[visual-polish] solo|select 4.5s
[visual-polish] solo|mark|n1 29.5s
[visual-polish] solo|bid|n1 30.9s
[visual-polish] solo|modal:南家・青面攤主（ 29.0s
[visual-polish] solo|modal:北家・收驚婆 28.5s
[visual-polish] solo|modal:？ 妖市規則 29.4s
[visual-polish] solo|reveal 28.9s
[visual-polish] solo|shrine|n1 22.2s
[visual-polish] solo|shrine-run 0.7s
[visual-polish] solo|reveal-result 5.3s
[visual-polish] solo|duel 4.6s
[visual-polish] solo|night-end|n1 6.4s
[visual-polish] solo|mark|n2 34.6s
[visual-polish] solo|bid|n2 35.3s
[visual-polish] solo|shrine|n2 27.8s
[visual-polish] solo|shrine-run 0.8s
[visual-polish] solo|duel 5.0s
[visual-polish] solo|night-end|n2 8.7s
[visual-polish] solo|mark|n3 29.9s
[visual-polish] solo|bid|n3 30.9s
[visual-polish] solo|shrine|n3 26.2s
[visual-polish] solo|shrine-run 0.8s
[visual-polish] solo|event|n4 7.8s
[visual-polish] solo|event-result|n4 7.8s
[visual-polish] solo|mark|n4 29.5s
[visual-polish] solo|bid|n4 29.8s
[visual-polish] solo|shrine|n4 22.5s
[visual-polish] solo|shrine-run 0.7s
[visual-polish] solo|night-end|n4 6.6s
[visual-polish] solo|mark|n5 32.3s
[visual-polish] solo|bid|n5 33.5s
[visual-polish] solo|shrine|n5 25.5s
[visual-polish] solo|shrine-run 0.8s
[visual-polish] solo|night-end|n5 7.2s
[visual-polish] solo|mark|n6 28.3s
[visual-polish] solo|bid|n6 29.1s
[visual-polish] solo|shrine|n6 22.0s
[visual-polish] solo|shrine-run 0.8s
[visual-polish] solo|mark|n7 28.1s
[visual-polish] solo|bid|n7 29.1s
[visual-polish] solo|shrine|n7 25.9s
[visual-polish] solo|night-end|n7 7.9s
[visual-polish] solo|event|n8 7.6s
[visual-polish] solo|event-result|n8 7.4s
[visual-polish] solo|mark|n8 35.4s
[visual-polish] solo|bid|n8 34.5s
[visual-polish] solo|shrine|n8 32.4s
[visual-polish] solo|shrine-run 0.9s
[visual-polish] solo|mark|n9 32.5s
[visual-polish] solo|bid|n9 33.2s
[visual-polish] solo|shrine|n9 28.1s
[visual-polish] solo|shrine-run 0.8s
[visual-polish] solo|night-end|n9 8.9s
[visual-polish] solo|end 6.6s
[visual-polish] solo|review 6.1s
[visual-polish] solo done 1201s
[visual-polish] hot|title 5.9s
[visual-polish] hot|select 4.3s
[visual-polish] hot|handoff 3.5s
[visual-polish] hot|mark|n1 31.1s
[visual-polish] hot|bid|n1 31.2s
[visual-polish] hot|reveal 32.4s
[visual-polish] hot|shrine|n1 28.9s
[visual-polish] hot|shrine-run 0.8s
[visual-polish] hot|reveal-result 8.9s
[visual-polish] hot|duel 4.3s
[visual-polish] hot|night-end|n1 9.7s
[visual-polish] hot|mark|n2 27.5s
[visual-polish] hot|bid|n2 27.9s
[visual-polish] hot|shrine|n2 24.8s
[visual-polish] hot|shrine-run 0.8s
[visual-polish] hot|duel 2.7s
[visual-polish] hot|mark|n3 21.2s
[visual-polish] hot|bid|n3 22.4s
[visual-polish] hot|shrine|n3 22.6s
[visual-polish] hot|night-end|n3 6.1s
[visual-polish] hot|event|n4 5.5s
[visual-polish] hot|event-result|n4 5.6s
[visual-polish] hot|mark|n4 28.9s
[visual-polish] hot|bid|n4 30.0s
[visual-polish] hot|shrine|n4 27.9s
[visual-polish] hot|shrine-run 0.8s
[visual-polish] hot|night-end|n4 9.3s
[visual-polish] hot|mark|n5 29.2s
[visual-polish] hot|bid|n5 29.5s
[visual-polish] hot|shrine|n5 27.2s
[visual-polish] hot|shrine-run 0.8s
[visual-polish] hot|night-end|n5 8.8s
[visual-polish] hot|mark|n6 31.4s
[visual-polish] hot|bid|n6 31.6s
[visual-polish] hot|shrine|n6 25.7s
[visual-polish] hot|shrine-run 0.8s
[visual-polish] hot|mark|n7 27.1s
[visual-polish] hot|bid|n7 27.7s
[visual-polish] hot|shrine|n7 26.3s
[visual-polish] hot|shrine-run 0.8s
[visual-polish] hot|event|n8 7.8s
[visual-polish] hot|event-result|n8 7.7s
[visual-polish] hot|mark|n8 32.3s
[visual-polish] hot|bid|n8 32.8s
[visual-polish] hot|shrine|n8 30.3s
[visual-polish] hot|shrine-run 0.8s
[visual-polish] hot|night-end|n8 10.8s
[visual-polish] hot|mark|n9 32.3s
[visual-polish] hot|bid|n9 32.3s
[visual-polish] hot|shrine|n9 27.3s
[visual-polish] hot|mark|n10 29.3s
[visual-polish] hot|bid|n10 29.5s
[visual-polish] hot|shrine|n10 29.5s
[visual-polish] hot|event|n11 9.5s
[visual-polish] hot|event-result|n11 9.6s
[visual-polish] hot|mark|n11 33.0s
[visual-polish] hot|bid|n11 33.8s
[visual-polish] hot|shrine|n11 31.0s
[visual-polish] hot|shrine-run 0.8s
[visual-polish] hot|mark|n12 29.9s
[visual-polish] hot|bid|n12 30.1s
[visual-polish] hot|shrine|n12 28.7s
[visual-polish] hot|end 7.5s
[visual-polish] hot|review 6.8s
[visual-polish] hot done 1426s
[visual-polish] nw1|nw-menu 3.9s
[visual-polish] nw1|nw-intro 3.6s
[visual-polish] nw1|select 4.0s
[visual-polish] nw1|mark|n1 31.4s
[visual-polish] nw1|bid|n1 31.5s
[visual-polish] nw1|reveal 33.5s
[visual-polish] nw1|shrine|n1 28.2s
[visual-polish] nw1|shrine-run 0.8s
[visual-polish] nw1|reveal-result 8.6s
[visual-polish] nw1|duel 5.4s
[visual-polish] nw1|night-end|n1 9.5s
[visual-polish] nw1|mark|n2 27.6s
[visual-polish] nw1|bid|n2 28.0s
[visual-polish] nw1|shrine|n2 22.5s
[visual-polish] nw1|shrine-run 0.8s
[visual-polish] nw1|duel 6.3s
[visual-polish] nw1|mark|n3 22.4s
[visual-polish] nw1|bid|n3 23.8s
[visual-polish] nw1|shrine|n3 23.4s
[visual-polish] nw1|shrine-run 0.8s
[visual-polish] nw1|night-end|n3 5.9s
[visual-polish] nw1|event|n4 5.9s
[visual-polish] nw1|event-result|n4 5.8s
[visual-polish] nw1|mark|n4 30.5s
[visual-polish] nw1|bid|n4 31.1s
[visual-polish] nw1|shrine|n4 22.2s
[visual-polish] nw1|night-end|n4 6.9s
[visual-polish] nw1|mark|n5 30.1s
[visual-polish] nw1|bid|n5 30.2s
[visual-polish] nw1|shrine|n5 28.2s
[visual-polish] nw1|shrine-run 0.8s
[visual-polish] nw1|night-end|n5 9.3s
[visual-polish] nw1|mark|n6 27.8s
[visual-polish] nw1|bid|n6 28.0s
[visual-polish] nw1|shrine|n6 25.8s
[visual-polish] nw1|night-end|n6 7.9s
[visual-polish] nw1|mark|n7 30.0s
[visual-polish] nw1|bid|n7 30.4s
[visual-polish] nw1|shrine|n7 29.1s
[visual-polish] nw1|night-end|n7 9.7s
[visual-polish] nw1|event|n8 9.3s
[visual-polish] nw1|event-result|n8 9.4s
[visual-polish] nw1|mark|n8 32.4s
[visual-polish] nw1|bid|n8 33.4s
[visual-polish] nw1|shrine|n8 27.1s
[visual-polish] nw1|shrine-run 0.8s
[visual-polish] nw1|night-end|n8 8.9s
[visual-polish] nw1|mark|n9 32.5s
[visual-polish] nw1|bid|n9 33.0s
[visual-polish] nw1|shrine|n9 32.6s
[visual-polish] nw1|shrine-run 0.8s
[visual-polish] nw1|night-end|n9 11.0s
[visual-polish] nw1|mark|n10 33.7s
[visual-polish] nw1|bid|n10 33.8s
[visual-polish] nw1|shrine|n10 30.3s
[visual-polish] nw1|shrine-run 0.8s
[visual-polish] nw1|event|n11 9.8s
[visual-polish] nw1|event-result|n11 9.5s
[visual-polish] nw1|mark|n11 33.2s
[visual-polish] nw1|bid|n11 33.0s
[visual-polish] nw1|shrine|n11 29.7s
[visual-polish] nw1|shrine-run 0.8s
[visual-polish] nw1|night-end|n11 9.4s
[visual-polish] nw1|end 7.1s
[visual-polish] nw1|nw-scroll 6.2s
[visual-polish] nw1 done 1357s
[visual-polish] nw2|nw-menu 3.9s
[visual-polish] nw2|nw-intro 3.5s
[visual-polish] nw2|select 4.0s
[visual-polish] nw2|mark|n1 31.0s
[visual-polish] nw2|bid|n1 31.4s
[visual-polish] nw2|reveal 28.2s
[visual-polish] nw2|shrine|n1 22.4s
[visual-polish] nw2|shrine-run 0.7s
[visual-polish] nw2|reveal-result 5.5s
[visual-polish] nw2|duel 6.4s
[visual-polish] nw2|night-end|n1 6.2s
[visual-polish] nw2|mark|n2 27.3s
[visual-polish] nw2|bid|n2 28.3s
[visual-polish] nw2 done 209s
[visual-polish] nw3|nw-menu 3.9s
[visual-polish] nw3|nw-intro 3.7s
[visual-polish] nw3|select 4.2s
[visual-polish] nw3|mark|n1 30.9s
[visual-polish] nw3|bid|n1 32.3s
[visual-polish] nw3|reveal 32.5s
[visual-polish] nw3|shrine|n1 27.5s
[visual-polish] nw3|shrine-run 0.8s
[visual-polish] nw3|reveal-result 8.6s
[visual-polish] nw3|duel 5.1s
[visual-polish] nw3|night-end|n1 9.6s
[visual-polish] nw3|mark|n2 27.8s
[visual-polish] nw3|bid|n2 28.0s
[visual-polish] nw3 done 225s
{
 "tag": "head",
 "cells": 906,
 "lost": [
  "solo|shrine-run lost8",
  "solo|duel lost1",
  "hot|shrine-run lost8",
  "hot|duel lost1",
  "nw1|shrine-run lost8",
  "nw1|duel lost1",
  "nw2|shrine-run lost1",
  "nw2|duel lost1",
  "nw3|shrine-run lost1",
  "nw3|duel lost1"
 ],
 "pageErrors": {
  "solo": 0,
  "hot": 0,
  "nw1": 0,
  "nw2": 0,
  "nw3": 0
 },
 "breaks": {
  "byVp": {
   "V1": "22/182 格紅（含例外 22）",
   "V2": "22/182 格紅（含例外 22）",
   "V3": "22/182 格紅（含例外 22）",
   "V4": "22/180 格紅（含例外 22）",
   "V5": "22/180 格紅（含例外 22）"
  },
  "items": 3,
  "list": [
   "#pnl > div.pnl-sec.wish > div.pnl-lab「心願」心|願 ×110 「心 ／ 願」",
   "#pnl > div.pnl-sec.duel > div.pnl-lab「對決」對|決 ×110 「對 ／ 決」",
   "#pnl > div.pnl-sec.dawn > div.pnl-lab「天明」天|明 ×49 「天 ／ 明」"
  ]
 },
 "spill": {
  "byVp": {
   "V1": "12/182 格紅（含例外 12）",
   "V2": "12/182 格紅（含例外 12）",
   "V3": "12/182 格紅（含例外 12）",
   "V4": "12/180 格紅（含例外 12）",
   "V5": "0/180 格紅（含例外 0）"
  },
  "items": 2,
  "list": [
   "#pnl > div.pnl-grid > div.pnl-cell.me ⊃ div.pnl-grid > div.pnl-cell.me > div.pnl-head > span.pnl-cnt ×48 40.4pxR",
   "#pnl > div.pnl-grid > div.pnl-cell.s1 ⊃ div.pnl-grid > div.pnl-cell.s1 > div.pnl-head > span.pnl-cnt ×24 18.9pxR"
  ]
 },
 "font": {
  "byVp": {
   "V1": "5/182 格紅（含例外 5）",
   "V2": "5/182 格紅（含例外 5）",
   "V3": "5/182 格紅（含例外 5）",
   "V4": "3/180 格紅（含例外 3）",
   "V5": "2/180 格紅（含例外 2）"
  },
  "items": 7,
  "list": [
   "#pwch-B > i.pwfac 9px ×20",
   "#pwch-A > i.pwfac 9px ×15",
   "#pwch-A > i.pwfac 9.34px ×1",
   "#pwch-A > i.pwfac 9.31px ×1",
   "#pwch-A > i.pwfac 9.55px ×1",
   "#pwch-A > i.pwfac 9.58px ×1",
   "#pwch-A > i.pwfac 9.3px ×1"
  ]
 },
 "contrast": {
  "byVp": {
   "V1": "56/182 格紅（含例外 60）",
   "V2": "56/182 格紅（含例外 59）",
   "V3": "57/182 格紅（含例外 58）",
   "V4": "56/180 格紅（含例外 57）",
   "V5": "56/180 格紅（含例外 57）"
  },
  "items": 56,
  "list": [
   "#pnl > div.pnl-sec.duel > div.pnl-body > div.pnl-sub ×704 3.38/4.5",
   "div.pnl-row.pnl-fight > span.pnl-who > span.pnl-l > span.pnl-name.lose ×186 2.85/4.5",
   "div.pnl-grid > div.pnl-cell.s1 > div.pnl-head > span.pnl-cnt ×170 3.37/4.5",
   "div.pnl-grid > div.pnl-cell.s2 > div.pnl-head > span.pnl-cnt ×170 3.39/4.5",
   "#pnl > div.pnl-grid > div.pnl-cell.me > div.pnl-row.pnl-none ×160 2.81/4.5",
   "#pnl > div.pnl-title > span.pnl-pass ×140 3.44/4.5",
   "div.pnl-grid > div.pnl-cell.me > div.pnl-head > span.pnl-cnt ×134 2.66/4.5",
   "div.pnl-body > div.pnl-row.pnl-fight > span.pnl-price > b.pnl-chip.down ×105 4.14/4.5",
   "div.pnl-body > div.pnl-row.me > span.pnl-what > span.pnl-tag.miss ×94 3.23/4.5",
   "#pnl > div.pnl-title > span.pnl-pass > span.pnl-item.sys-zuling ×90 2.41/4.5",
   "#pnl > div.pnl-grid > div.pnl-cell.s1 > div.pnl-row.pnl-none ×80 3.38/4.5",
   "#pnl > div.pnl-grid > div.pnl-cell.s2 > div.pnl-row.pnl-none ×80 3.43/4.5",
   "div.pnl-grid > div.pnl-cell.s2 > div.pnl-row.pnl-fee > span.pnl-note ×70 3.39/4.5",
   "#pnl > div.pnl-title > span.pnl-pass > span.pnl-item.sys-xianghuo ×70 4.42/4.5",
   "div.pnl-body > div.pnl-row > span.pnl-who > span.pnl-note ×44 3.44/4.5",
   "div.pnl-grid > div.pnl-cell.s1 > div.pnl-row.pnl-fee > span.pnl-note ×35 3.43/4.5",
   "div.pnl-grid > div.pnl-cell.s1 > div.pnl-row > span.pnl-item.sys-zuling ×35 3.31/4.5",
   "div.pnl-grid > div.pnl-cell.s3 > div.pnl-head > span.pnl-cnt ×34 3.43/4.5",
   "div.pnl-body > div.pnl-row.pnl-life > span.pnl-price > b.pnl-chip.down ×30 4.14/4.5",
   "div.pnl-body > div.pnl-row > span.pnl-what > span.pnl-tag.miss ×25 3.45/4.5",
   "div.pnl-sec.duel > div.pnl-body > div.pnl-row > span.pnl-what.pnl-note ×20 3.45/4.5",
   "div.pnl-grid > div.pnl-cell.s2 > div.pnl-row > span.pnl-item.sys-zuling ×20 3.34/4.5",
   "#pnl > div.pnl-title > span.pnl-pass > span.pnl-item.sys-curse ×14 4.47/4.5",
   "div.pnl-grid > div.pnl-cell.s3 > div.pnl-row.pnl-fee > span.pnl-note ×7 3.42/4.5",
   "#pwch-A > i.pwfac [transient] ×6 1.01/4.5",
   "#pwch-B > i.pwfac [transient] ×5 1.02/4.5",
   "div.pnl-grid > div.pnl-cell.s1 > div.pnl-how > span.pnl-note ×5 3.43/4.5",
   "div.pnl-grid > div.pnl-cell.s2 > div.pnl-how > span.pnl-note ×5 3.43/4.5",
   "div.pnl-sec.duel > div.pnl-body > div.pnl-row.me > span.pnl-what.pnl-note ×5 3.23/4.5",
   "#flyzone > div.bidfly > span [transient] ×4 2.25/4.5",
   "#dL > div.fdir [transient] ×4 2.98/4.5",
   "#flyzone > div.bidPills > span.bidPill.win [transient] ×3 1.1/4.5",
   "#outzone > div.outcome [transient] ×2 1.1/4.5",
   "#dR > div.fdir [transient] ×2 3.51/4.5",
   "#flyzone > div.bidPills > span.mut [transient] ×2 2.3/4.5",
   "#duelBeat [transient] ×2 2.46/4.5",
   "#seat1 > div > div.st [transient] ×2 2.42/4.5",
   "#seat2 > div > div.st [transient] ×2 2.37/4.5",
   "#revealCard > div.big > span.fchip.f-xianghuo [transient] ×1 1.05/4.5",
   "#revealCard > div.big > span.mut [transient] ×1 4.44/4.5"
  ]
 },
 "target": {
  "byVp": {
   "V1": "34/182 格紅（含例外 34）",
   "V2": "0/182 格紅（含例外 0）",
   "V3": "12/182 格紅（含例外 12）",
   "V4": "12/180 格紅（含例外 12）",
   "V5": "0/180 格紅（含例外 0）"
  },
  "items": 5,
  "list": [
   "#seat2 > span.roleInfoBtn ×22 35x41",
   "#railW > div.railTabs > button.sys-curse ×15 112x32",
   "#railW > div.railTabs > button.sys-zuling ×9 96x32",
   "#railW > div.railTabs > button.sys-xianghuo ×6 96x24",
   "#railW > div.railTabs > button.sys-yinqi ×6 99x32"
  ]
 },
 "align": {
  "byVp": {
   "V1": "114/182 格紅（含例外 114）",
   "V2": "114/182 格紅（含例外 114）",
   "V3": "114/182 格紅（含例外 114）",
   "V4": "114/180 格紅（含例外 114）",
   "V5": "114/180 格紅（含例外 114）"
  },
  "items": 1,
  "list": [
   "railTabs ×570 dt44 db44 dh0"
  ]
 },
 "north": {
  "byVp": {
   "V1": "0/182 格紅（含例外 0）",
   "V2": "0/182 格紅（含例外 0）",
   "V3": "0/182 格紅（含例外 0）",
   "V4": "0/180 格紅（含例外 0）",
   "V5": "0/180 格紅（含例外 0）"
  },
  "items": 0,
  "list": []
 },
 "northOpen": {
  "openedCells": 570,
  "srcItemsChecked": 14395
 }
}
