[visual-polish] solo|title 12.0s
[visual-polish] solo|select 8.2s
[visual-polish] solo|mark|n1 48.6s
[visual-polish] solo|bid|n1 49.2s
[visual-polish] solo|modal:南家・青面攤主（ 46.9s
[visual-polish] solo|modal:北家・收驚婆 47.2s
[visual-polish] solo|modal:？ 妖市規則 47.0s
[visual-polish] solo|reveal 44.7s
[visual-polish] solo|shrine|n1 31.6s
[visual-polish] solo|shrine-run 0.8s
[visual-polish] solo|reveal-result 11.1s
[visual-polish] solo|duel 5.7s
[visual-polish] solo|night-end|n1 12.1s
[visual-polish] solo|mark|n2 59.4s
[visual-polish] solo|bid|n2 58.1s
[visual-polish] solo|shrine|n2 41.4s
[visual-polish] solo|shrine-run 0.9s
[visual-polish] solo|duel 10.2s
[visual-polish] solo|night-end|n2 16.2s
[visual-polish] solo|mark|n3 49.1s
[visual-polish] solo|bid|n3 48.4s
[visual-polish] solo|shrine|n3 40.3s
[visual-polish] solo|shrine-run 1.0s
[visual-polish] solo|duel 10.0s
[visual-polish] solo|night-end|n3 15.1s
[visual-polish] solo|event|n4 15.2s
[visual-polish] solo|event-result|n4 15.0s
[visual-polish] solo|mark|n4 47.1s
[visual-polish] solo|bid|n4 48.0s
[visual-polish] solo|shrine|n4 35.8s
[visual-polish] solo|shrine-run 0.9s
[visual-polish] solo|duel 14.2s
[visual-polish] solo|night-end|n4 13.4s
[visual-polish] solo|mark|n5 55.0s
[visual-polish] solo|bid|n5 56.6s
[visual-polish] solo|shrine|n5 40.8s
[visual-polish] solo|shrine-run 0.9s
[visual-polish] solo|duel 15.1s
[visual-polish] solo|mark|n6 50.2s
[visual-polish] solo|bid|n6 48.2s
[visual-polish] solo|shrine|n6 42.7s
[visual-polish] solo|shrine-run 0.9s
[visual-polish] solo|night-end|n6 14.9s
[visual-polish] solo|mark|n7 48.3s
[visual-polish] solo|bid|n7 50.2s
[visual-polish] solo|shrine|n7 41.5s
[visual-polish] solo|shrine-run 0.9s
[visual-polish] solo|night-end|n7 15.2s
[visual-polish] solo|event|n8 15.4s
[visual-polish] solo|event-result|n8 14.4s
[visual-polish] solo|mark|n8 57.8s
[visual-polish] solo|bid|n8 58.5s
[visual-polish] solo|shrine|n8 41.8s
[visual-polish] solo|shrine-run 0.9s
[visual-polish] solo|night-end|n8 20.1s
[visual-polish] solo|mark|n9 67.1s
[visual-polish] solo|bid|n9 69.0s
[visual-polish] solo|shrine|n9 62.9s
[visual-polish] solo|mark|n10 44.1s
[visual-polish] solo|bid|n10 44.6s
[visual-polish] solo|shrine|n10 36.7s
[visual-polish] solo|night-end|n10 13.9s
[visual-polish] solo|event|n11 13.5s
[visual-polish] solo|event-result|n11 14.6s
[visual-polish] solo|mark|n11 51.3s
[visual-polish] solo|bid|n11 51.7s
[visual-polish] solo|shrine|n11 37.1s
[visual-polish] solo|shrine-run 0.9s
[visual-polish] solo|mark|n12 63.4s
[visual-polish] solo|bid|n12 64.7s
[visual-polish] solo|shrine|n12 52.1s
[visual-polish] solo|night-end|n12 18.0s
[visual-polish] solo|end 12.6s
[visual-polish] solo|review 12.6s
[visual-polish] solo done 2731s
[visual-polish] hot|title 11.5s
[visual-polish] hot|select 8.6s
[visual-polish] hot|handoff 8.2s
[visual-polish] hot|mark|n1 48.2s
[visual-polish] hot|bid|n1 48.9s
[visual-polish] hot|reveal 50.0s
[visual-polish] hot|shrine|n1 43.5s
[visual-polish] hot|shrine-run 0.9s
[visual-polish] hot|reveal-result 16.9s
[visual-polish] hot|duel 6.4s
[visual-polish] hot|night-end|n1 16.8s
[visual-polish] hot|mark|n2 42.0s
[visual-polish] hot|bid|n2 42.9s
[visual-polish] hot|shrine|n2 35.6s
[visual-polish] hot|shrine-run 0.9s
[visual-polish] hot|duel 8.5s
[visual-polish] hot|night-end|n2 13.3s
[visual-polish] hot|mark|n3 30.1s
[visual-polish] hot|bid|n3 31.3s
[visual-polish] hot|shrine|n3 30.6s
[visual-polish] hot|shrine-run 0.9s
[visual-polish] hot|duel 3.1s
[visual-polish] hot|event|n4 11.3s
[visual-polish] hot|event-result|n4 11.2s
[visual-polish] hot|mark|n4 46.5s
[visual-polish] hot|bid|n4 47.4s
[visual-polish] hot|shrine|n4 34.3s
[visual-polish] hot|shrine-run 0.8s
[visual-polish] hot|duel 9.1s
[visual-polish] hot|night-end|n4 12.8s
[visual-polish] hot|mark|n5 46.5s
[visual-polish] hot|bid|n5 47.7s
[visual-polish] hot|shrine|n5 38.5s
[visual-polish] hot|shrine-run 0.9s
[visual-polish] hot|duel 10.7s
[visual-polish] hot|mark|n6 53.4s
[visual-polish] hot|bid|n6 55.2s
[visual-polish] hot|shrine|n6 49.1s
[visual-polish] hot|shrine-run 1.0s
[visual-polish] hot|mark|n7 45.6s
[visual-polish] hot|bid|n7 45.5s
[visual-polish] hot|shrine|n7 42.6s
[visual-polish] hot|shrine-run 0.9s
[visual-polish] hot|night-end|n7 16.3s
[visual-polish] hot|event|n8 16.2s
[visual-polish] hot|event-result|n8 15.6s
[visual-polish] hot|mark|n8 48.3s
[visual-polish] hot|bid|n8 48.8s
[visual-polish] hot|shrine|n8 46.7s
[visual-polish] hot|shrine-run 0.9s
[visual-polish] hot|night-end|n8 20.1s
[visual-polish] hot|mark|n9 57.1s
[visual-polish] hot|bid|n9 54.6s
[visual-polish] hot|shrine|n9 49.9s
[visual-polish] hot|mark|n10 49.6s
[visual-polish] hot|bid|n10 50.0s
[visual-polish] hot|shrine|n10 47.9s
[visual-polish] hot|event|n11 19.8s
[visual-polish] hot|event-result|n11 18.4s
[visual-polish] hot|mark|n11 54.7s
[visual-polish] hot|bid|n11 55.3s
[visual-polish] hot|shrine|n11 42.3s
[visual-polish] hot|shrine-run 0.9s
[visual-polish] hot|night-end|n11 17.2s
[visual-polish] hot|mark|n12 48.8s
[visual-polish] hot|bid|n12 49.5s
[visual-polish] hot|shrine|n12 40.5s
[visual-polish] hot|night-end|n12 15.9s
[visual-polish] hot|end 11.7s
[visual-polish] hot|review 11.0s
[visual-polish] hot done 2273s
[visual-polish] nw1|nw-menu 8.2s
[visual-polish] nw1|nw-intro 8.1s
[visual-polish] nw1|select 9.0s
[visual-polish] nw1|mark|n1 48.7s
[visual-polish] nw1|bid|n1 49.2s
[visual-polish] nw1|reveal 52.3s
[visual-polish] nw1|shrine|n1 42.0s
[visual-polish] nw1|shrine-run 0.9s
[visual-polish] nw1|reveal-result 16.1s
[visual-polish] nw1|duel 6.8s
[visual-polish] nw1|night-end|n1 16.3s
[visual-polish] nw1|mark|n2 42.6s
[visual-polish] nw1|bid|n2 45.4s
[visual-polish] nw1|shrine|n2 33.6s
[visual-polish] nw1|shrine-run 0.8s
[visual-polish] nw1|duel 3.4s
[visual-polish] nw1|mark|n3 33.4s
[visual-polish] nw1|bid|n3 34.5s
[visual-polish] nw1|shrine|n3 34.0s
[visual-polish] nw1|shrine-run 0.8s
[visual-polish] nw1|duel 8.9s
[visual-polish] nw1|night-end|n3 11.7s
[visual-polish] nw1|event|n4 11.2s
[visual-polish] nw1|event-result|n4 11.3s
[visual-polish] nw1|mark|n4 50.5s
[visual-polish] nw1|bid|n4 51.4s
[visual-polish] nw1|shrine|n4 31.9s
[visual-polish] nw1|shrine-run 0.9s
[visual-polish] nw1|duel 13.9s
[visual-polish] nw1|night-end|n4 12.5s
[visual-polish] nw1|mark|n5 48.7s
[visual-polish] nw1|bid|n5 50.0s
[visual-polish] nw1|shrine|n5 44.9s
[visual-polish] nw1|shrine-run 1.0s
[visual-polish] nw1|mark|n6 44.2s
[visual-polish] nw1|bid|n6 46.3s
[visual-polish] nw1|shrine|n6 39.0s
[visual-polish] nw1|night-end|n6 14.5s
[visual-polish] nw1|mark|n7 47.3s
[visual-polish] nw1|bid|n7 48.6s
[visual-polish] nw1|shrine|n7 45.4s
[visual-polish] nw1|night-end|n7 20.0s
[visual-polish] nw1|event|n8 19.5s
[visual-polish] nw1|event-result|n8 20.0s
[visual-polish] nw1|mark|n8 55.2s
[visual-polish] nw1|bid|n8 55.8s
[visual-polish] nw1|shrine|n8 44.5s
[visual-polish] nw1|shrine-run 0.9s
[visual-polish] nw1|mark|n9 53.8s
[visual-polish] nw1|bid|n9 54.6s
[visual-polish] nw1|shrine|n9 53.8s
[visual-polish] nw1|shrine-run 1.2s
[visual-polish] nw1|mark|n10 55.6s
[visual-polish] nw1|bid|n10 55.6s
[visual-polish] nw1|shrine|n10 47.3s
[visual-polish] nw1|shrine-run 1.0s
[visual-polish] nw1|night-end|n10 19.3s
[visual-polish] nw1|event|n11 19.5s
[visual-polish] nw1|event-result|n11 20.2s
[visual-polish] nw1|mark|n11 54.1s
[visual-polish] nw1|bid|n11 55.4s
[visual-polish] nw1|shrine|n11 46.9s
[visual-polish] nw1|shrine-run 1.0s
[visual-polish] nw1|end 12.4s
[visual-polish] nw1|nw-scroll 11.7s
[visual-polish] nw1 done 2140s
[visual-polish] nw2|nw-menu 7.7s
[visual-polish] nw2|nw-intro 7.8s
[visual-polish] nw2|select 8.3s
[visual-polish] nw2|mark|n1 47.3s
[visual-polish] nw2|bid|n1 48.2s
[visual-polish] nw2|reveal 41.2s
[visual-polish] nw2|shrine|n1 31.6s
[visual-polish] nw2|shrine-run 0.9s
[visual-polish] nw2|reveal-result 11.2s
[visual-polish] nw2|duel 9.6s
[visual-polish] nw2|night-end|n1 11.8s
[visual-polish] nw2|mark|n2 42.7s
[visual-polish] nw2|bid|n2 44.6s
[visual-polish] nw2 done 328s
[visual-polish] nw3|nw-menu 7.9s
[visual-polish] nw3|nw-intro 8.1s
[visual-polish] nw3|select 9.1s
[visual-polish] nw3|mark|n1 48.4s
[visual-polish] nw3|bid|n1 49.6s
[visual-polish] nw3|reveal 51.5s
[visual-polish] nw3|shrine|n1 41.6s
[visual-polish] nw3|shrine-run 0.9s
[visual-polish] nw3|reveal-result 15.9s
[visual-polish] nw3|duel 7.2s
[visual-polish] nw3|night-end|n1 16.3s
[visual-polish] nw3|mark|n2 42.6s
[visual-polish] nw3|bid|n2 43.7s
[visual-polish] nw3 done 359s
{
 "tag": "linuxbase",
 "cells": 968,
 "lost": [
  "solo|shrine-run lost9",
  "solo|duel lost4",
  "hot|shrine-run lost9",
  "hot|duel lost4",
  "nw1|shrine-run lost9",
  "nw1|duel lost3",
  "nw2|shrine-run lost1",
  "nw2|duel lost1",
  "nw3|shrine-run lost1",
  "nw3|duel lost1"
 ],
 "pageErrors": {
  "solo": 0,
  "hot": 0,
  "nw1": 0,
  "nw2": 0,
  "nw3": 0
 },
 "breaks": {
  "byVp": {
   "V1": "0/195 格紅（含例外 0）",
   "V2": "0/194 格紅（含例外 0）",
   "V3": "0/193 格紅（含例外 0）",
   "V4": "0/193 格紅（含例外 0）",
   "V5": "0/193 格紅（含例外 0）"
  },
  "items": 0,
  "list": []
 },
 "spill": {
  "byVp": {
   "V1": "0/195 格紅（含例外 0）",
   "V2": "0/194 格紅（含例外 0）",
   "V3": "0/193 格紅（含例外 0）",
   "V4": "0/193 格紅（含例外 0）",
   "V5": "0/193 格紅（含例外 0）"
  },
  "items": 0,
  "list": []
 },
 "font": {
  "byVp": {
   "V1": "5/195 格紅（含例外 5）",
   "V2": "4/194 格紅（含例外 4）",
   "V3": "3/193 格紅（含例外 3）",
   "V4": "3/193 格紅（含例外 3）",
   "V5": "3/193 格紅（含例外 3）"
  },
  "items": 2,
  "list": [
   "#pwch-B > i.pwfac 9px ×31",
   "#pwch-A > i.pwfac 9px ×21"
  ]
 },
 "contrast": {
  "byVp": {
   "V1": "0/195 格紅（含例外 5）",
   "V2": "0/194 格紅（含例外 2）",
   "V3": "0/193 格紅（含例外 1）",
   "V4": "0/193 格紅（含例外 2）",
   "V5": "0/193 格紅（含例外 2）"
  },
  "items": 13,
  "list": [
   "#pwch-B > i.pwfac [transient] ×16 1/4.5",
   "#pwch-A > i.pwfac [transient] ×14 1/4.5",
   "#dL > div.fdir [transient] ×10 1.03/4.5",
   "#dL > div.fnm [transient] ×9 1.04/4.5",
   "#duelResult > span.dmg.anim-stamp-in [transient] ×7 1.03/3",
   "#pwn-A [transient] ×7 1.03/3",
   "#duelSub [transient] ×7 1.05/4.5",
   "#dR > div.fdir [transient] ×5 1.07/4.5",
   "#dR > div.fnm [transient] ×5 1.1/4.5",
   "#pwn-B [transient] ×5 1.07/3",
   "#duelResult [transient] ×5 1.08/4.5",
   "#dR > div.fdir > span [transient] ×3 1.79/4.5",
   "#dL > div.fdir > span [transient] ×1 1.35/4.5"
  ]
 },
 "target": {
  "byVp": {
   "V1": "1/195 格紅（含例外 1）",
   "V2": "0/194 格紅（含例外 0）",
   "V3": "0/193 格紅（含例外 0）",
   "V4": "0/193 格紅（含例外 0）",
   "V5": "0/193 格紅（含例外 0）"
  },
  "items": 1,
  "list": [
   "#seat2 > span.roleInfoBtn ×1 39x42"
  ]
 },
 "align": {
  "byVp": {
   "V1": "123/195 格紅（含例外 123）",
   "V2": "123/194 格紅（含例外 123）",
   "V3": "123/193 格紅（含例外 123）",
   "V4": "123/193 格紅（含例外 123）",
   "V5": "123/193 格紅（含例外 123）"
  },
  "items": 1,
  "list": [
   "railTabs ×615 dt44 db44 dh0"
  ]
 },
 "north": {
  "byVp": {
   "V1": "0/195 格紅（含例外 0）",
   "V2": "0/194 格紅（含例外 0）",
   "V3": "0/193 格紅（含例外 0）",
   "V4": "0/193 格紅（含例外 0）",
   "V5": "0/193 格紅（含例外 0）"
  },
  "items": 0,
  "list": []
 },
 "northOpen": {
  "openedCells": 615,
  "srcItemsChecked": 15610
 }
}
