award S done
award N done
curse cSN done
curse cNS done
curse cSW done
curse cNE done
{
 "award/S/s0/垂尾1": {
  "landFrames": 98,
  "visMove": 98,
  "visStop": 150,
  "peakOverLen": 0.4087,
  "a_pass": true,
  "after15OverPeak": 0.00385,
  "staticSdOverPeak": 0.001015,
  "b_pass": true,
  "minTipClearOverLen": 4.6921,
  "c_pass": true,
  "stopRigidMaxStepOverLen": 0,
  "stopVisibleS": 2.5
 },
 "award/S/s0/垂尾2": {
  "landFrames": 98,
  "visMove": 98,
  "visStop": 150,
  "peakOverLen": 0.4151,
  "a_pass": true,
  "after15OverPeak": 0.00424,
  "staticSdOverPeak": 0.001089,
  "b_pass": true,
  "minTipClearOverLen": 5.2586,
  "c_pass": true,
  "stopRigidMaxStepOverLen": 0,
  "stopVisibleS": 2.5
 },
 "award/N/s1/福袋": {
  "landFrames": 98,
  "visMove": 98,
  "visStop": 150,
  "peakOverLen": 0.45,
  "a_pass": true,
  "after15OverPeak": 0.00702,
  "staticSdOverPeak": 0.001701,
  "b_pass": true,
  "minTipClearOverLen": 8.3901,
  "c_pass": true,
  "stopRigidMaxStepOverLen": 0,
  "stopVisibleS": 2.5
 },
 "curse/cSN/s0/垂尾1": {
  "landFrames": 156,
  "visMove": 156,
  "visStop": 150,
  "peakOverLen": 0.3701,
  "a_pass": true,
  "after15OverPeak": 0.00125,
  "staticSdOverPeak": 0.000294,
  "b_pass": true,
  "minTipClearOverLen": 1.9656,
  "c_pass": true,
  "stopRigidMaxStepOverLen": 0,
  "stopVisibleS": 2.5
 },
 "curse/cSN/s0/垂尾2": {
  "landFrames": 156,
  "visMove": 156,
  "visStop": 150,
  "peakOverLen": 0.3828,
  "a_pass": true,
  "after15OverPeak": 0.00124,
  "staticSdOverPeak": 0.0003,
  "b_pass": true,
  "minTipClearOverLen": 2.0895,
  "c_pass": true,
  "stopRigidMaxStepOverLen": 0,
  "stopVisibleS": 2.5
 },
 "curse/cNS/s1/福袋": {
  "landFrames": 156,
  "visMove": 156,
  "visStop": 150,
  "peakOverLen": 0.3989,
  "a_pass": true,
  "after15OverPeak": 0.00076,
  "staticSdOverPeak": 0.000239,
  "b_pass": true,
  "minTipClearOverLen": 3.3338,
  "c_pass": true,
  "stopRigidMaxStepOverLen": 0,
  "stopVisibleS": 2.5
 },
 "curse/cSW/s0/垂尾1": {
  "landFrames": 156,
  "visMove": 156,
  "visStop": 150,
  "peakOverLen": 0.3775,
  "a_pass": true,
  "after15OverPeak": 0.00079,
  "staticSdOverPeak": 0.000243,
  "b_pass": true,
  "minTipClearOverLen": 2.0323,
  "c_pass": true,
  "stopRigidMaxStepOverLen": 0,
  "stopVisibleS": 2.5
 },
 "curse/cSW/s0/垂尾2": {
  "landFrames": 156,
  "visMove": 156,
  "visStop": 150,
  "peakOverLen": 0.3914,
  "a_pass": true,
  "after15OverPeak": 0.00086,
  "staticSdOverPeak": 0.000265,
  "b_pass": true,
  "minTipClearOverLen": 2.1561,
  "c_pass": true,
  "stopRigidMaxStepOverLen": 0,
  "stopVisibleS": 2.5
 },
 "curse/cNE/s1/福袋": {
  "landFrames": 156,
  "visMove": 156,
  "visStop": 150,
  "peakOverLen": 0.3363,
  "a_pass": true,
  "after15OverPeak": 0.00199,
  "staticSdOverPeak": 0.000616,
  "b_pass": true,
  "minTipClearOverLen": 3.4294,
  "c_pass": true,
  "stopRigidMaxStepOverLen": 0,
  "stopVisibleS": 2.5
 },
 "__errs": []
}
