{
 "cells": 16,
 "equal": 4,
 "openEqual": 16,
 "missing": 0,
 "diffs": [
  {
   "k": "n3@V1",
   "equal": false,
   "diff": [
    "framing",
    "cam"
   ],
   "openEqual": true,
   "diffOpen": [],
   "northH": [
    56,
    56
   ],
   "basePoseStill": true,
   "headPoseStill": true
  },
  {
   "k": "n3@V2",
   "equal": false,
   "diff": [
    "framing",
    "cam"
   ],
   "openEqual": true,
   "diffOpen": [],
   "northH": [
    56,
    56
   ],
   "basePoseStill": true,
   "headPoseStill": true
  },
  {
   "k": "n3@V3",
   "equal": false,
   "diff": [
    "framing",
    "cam"
   ],
   "openEqual": true,
   "diffOpen": [],
   "northH": [
    56,
    56
   ],
   "basePoseStill": true,
   "headPoseStill": true
  },
  {
   "k": "n3@V4",
   "equal": false,
   "diff": [
    "framing",
    "cam"
   ],
   "openEqual": true,
   "diffOpen": [],
   "northH": [
    56,
    56
   ],
   "basePoseStill": true,
   "headPoseStill": true
  },
  {
   "k": "n4@V1",
   "equal": false,
   "diff": [
    "framing"
   ],
   "openEqual": true,
   "diffOpen": [],
   "northH": [
    56,
    56
   ],
   "basePoseStill": true,
   "headPoseStill": true
  },
  {
   "k": "n4@V2",
   "equal": false,
   "diff": [
    "framing"
   ],
   "openEqual": true,
   "diffOpen": [],
   "northH": [
    56,
    56
   ],
   "basePoseStill": true,
   "headPoseStill": true
  },
  {
   "k": "n4@V3",
   "equal": false,
   "diff": [
    "framing"
   ],
   "openEqual": true,
   "diffOpen": [],
   "northH": [
    56,
    56
   ],
   "basePoseStill": true,
   "headPoseStill": true
  },
  {
   "k": "n4@V4",
   "equal": false,
   "diff": [
    "framing"
   ],
   "openEqual": true,
   "diffOpen": [],
   "northH": [
    56,
    56
   ],
   "basePoseStill": true,
   "headPoseStill": true
  },
  {
   "k": "n7@V1",
   "equal": false,
   "diff": [
    "framing",
    "cam"
   ],
   "openEqual": true,
   "diffOpen": [],
   "northH": [
    56,
    56
   ],
   "basePoseStill": true,
   "headPoseStill": true
  },
  {
   "k": "n7@V2",
   "equal": false,
   "diff": [
    "framing",
    "cam"
   ],
   "openEqual": true,
   "diffOpen": [],
   "northH": [
    56,
    56
   ],
   "basePoseStill": true,
   "headPoseStill": true
  },
  {
   "k": "n7@V3",
   "equal": false,
   "diff": [
    "framing",
    "cam"
   ],
   "openEqual": true,
   "diffOpen": [],
   "northH": [
    56,
    56
   ],
   "basePoseStill": true,
   "headPoseStill": true
  },
  {
   "k": "n7@V4",
   "equal": false,
   "diff": [
    "framing",
    "cam"
   ],
   "openEqual": true,
   "diffOpen": [],
   "northH": [
    56,
    56
   ],
   "basePoseStill": true,
   "headPoseStill": true
  }
 ],
 "errs": {
  "base": [],
  "head": []
 }
}
