[visual-polish] solo|title 4.9s
[visual-polish] solo|select 4.3s
[visual-polish] solo|mark|n1 11.9s
[visual-polish] solo|bid|n1 9.7s
[visual-polish] solo|modal:南家・青面攤主（ 9.2s
[visual-polish] solo|modal:北家・收驚婆 9.2s
[visual-polish] solo|modal:？ 妖市規則 14.0s
[visual-polish] solo|reveal 9.2s
[visual-polish] solo|shrine|n1 5.8s
[visual-polish] solo|shrine-run 0.8s
[visual-polish] solo|reveal-result 6.4s
[visual-polish] solo|duel 4.6s
[visual-polish] solo|night-end|n1 6.8s
[visual-polish] solo|mark|n2 12.7s
[visual-polish] solo|bid|n2 13.1s
[visual-polish] solo|shrine|n2 8.5s
[visual-polish] solo|shrine-run 0.8s
[visual-polish] solo|duel 5.6s
[visual-polish] solo|mark|n3 9.9s
[visual-polish] solo|bid|n3 10.3s
[visual-polish] solo|shrine|n3 7.4s
[visual-polish] solo|shrine-run 0.8s
[visual-polish] solo|event|n4 7.7s
[visual-polish] solo|event-result|n4 7.7s
[visual-polish] solo|mark|n4 9.4s
[visual-polish] solo|bid|n4 9.7s
[visual-polish] solo|shrine|n4 7.1s
[visual-polish] solo|shrine-run 0.8s
[visual-polish] solo|mark|n5 9.9s
[visual-polish] solo|bid|n5 10.2s
[visual-polish] solo|shrine|n5 7.7s
[visual-polish] solo|shrine-run 0.8s
[visual-polish] solo|night-end|n5 8.0s
[visual-polish] solo|mark|n6 8.6s
[visual-polish] solo|bid|n6 8.8s
[visual-polish] solo|shrine|n6 7.2s
[visual-polish] solo|shrine-run 0.8s
[visual-polish] solo|night-end|n6 7.4s
[visual-polish] solo|mark|n7 9.0s
[visual-polish] solo|bid|n7 9.6s
[visual-polish] solo|shrine|n7 8.4s
[visual-polish] solo|shrine-run 0.8s
[visual-polish] solo|event|n8 8.4s
[visual-polish] solo|event-result|n8 8.2s
[visual-polish] solo|mark|n8 9.8s
[visual-polish] solo|bid|n8 10.1s
[visual-polish] solo|shrine|n8 8.2s
[visual-polish] solo|shrine-run 0.8s
[visual-polish] solo|mark|n9 14.6s
[visual-polish] solo|bid|n9 14.4s
[visual-polish] solo|shrine|n9 13.4s
[visual-polish] solo|end 9.9s
[visual-polish] solo|review 9.0s
[visual-polish] solo done 603s
[visual-polish] hot|title 4.2s
[visual-polish] hot|select 4.2s
[visual-polish] hot|handoff 5.5s
[visual-polish] hot|mark|n1 10.5s
[visual-polish] hot|bid|n1 10.3s
[visual-polish] hot|reveal 10.8s
[visual-polish] hot|shrine|n1 8.9s
[visual-polish] hot|shrine-run 0.8s
[visual-polish] hot|reveal-result 9.5s
[visual-polish] hot|duel 4.7s
[visual-polish] hot|night-end|n1 9.2s
[visual-polish] hot|mark|n2 8.5s
[visual-polish] hot|bid|n2 8.6s
[visual-polish] hot|shrine|n2 7.7s
[visual-polish] hot|shrine-run 0.8s
[visual-polish] hot|duel 5.6s
[visual-polish] hot|night-end|n2 8.0s
[visual-polish] hot|mark|n3 5.4s
[visual-polish] hot|bid|n3 5.8s
[visual-polish] hot|shrine|n3 5.7s
[visual-polish] hot|shrine-run 0.7s
[visual-polish] hot|duel 1.9s
[visual-polish] hot|event|n4 6.4s
[visual-polish] hot|event-result|n4 5.9s
[visual-polish] hot|mark|n4 9.2s
[visual-polish] hot|bid|n4 9.6s
[visual-polish] hot|shrine|n4 6.8s
[visual-polish] hot|shrine-run 0.8s
[visual-polish] hot|night-end|n4 7.0s
[visual-polish] hot|mark|n5 8.9s
[visual-polish] hot|bid|n5 8.8s
[visual-polish] hot|shrine|n5 7.9s
[visual-polish] hot|shrine-run 0.8s
[visual-polish] hot|night-end|n5 7.9s
[visual-polish] hot|mark|n6 9.6s
[visual-polish] hot|bid|n6 9.8s
[visual-polish] hot|shrine|n6 7.0s
[visual-polish] hot|night-end|n6 10.2s
[visual-polish] hot|mark|n7 16.9s
[visual-polish] hot|bid|n7 16.2s
[visual-polish] hot|shrine|n7 9.1s
[visual-polish] hot|night-end|n7 13.8s
[visual-polish] hot|event|n8 11.4s
[visual-polish] hot|event-result|n8 6.8s
[visual-polish] hot|mark|n8 15.7s
[visual-polish] hot|bid|n8 21.2s
[visual-polish] hot|shrine|n8 13.8s
[visual-polish] hot|shrine-run 1.1s
[visual-polish] hot|mark|n9 20.7s
[visual-polish] hot|bid|n9 22.3s
[visual-polish] hot|shrine|n9 16.0s
[visual-polish] hot|night-end|n9 18.4s
[visual-polish] hot|mark|n10 16.5s
[visual-polish] hot|bid|n10 19.8s
[visual-polish] hot|shrine|n10 12.1s
[visual-polish] hot|night-end|n10 16.1s
[visual-polish] hot|event|n11 15.5s
[visual-polish] hot|event-result|n11 16.1s
[visual-polish] hot|mark|n11 20.8s
[visual-polish] hot|bid|n11 21.2s
[visual-polish] hot|shrine|n11 17.1s
[visual-polish] hot|shrine-run 0.9s
[visual-polish] hot|end 13.5s
[visual-polish] hot|review 10.7s
[visual-polish] hot done 860s
[visual-polish] nw1|nw-menu 6.5s
[visual-polish] nw1|nw-intro 6.2s
[visual-polish] nw1|select 6.3s
[visual-polish] nw1|mark|n1 15.3s
[visual-polish] nw1|bid|n1 16.0s
[visual-polish] nw1|reveal 16.1s
[visual-polish] nw1|shrine|n1 10.7s
[visual-polish] nw1|shrine-run 0.9s
[visual-polish] nw1|reveal-result 13.8s
[visual-polish] nw1|duel 7.3s
[visual-polish] nw1|night-end|n1 11.5s
[visual-polish] nw1|mark|n2 22.0s
[visual-polish] nw1|bid|n2 23.3s
[visual-polish] nw1|shrine|n2 10.3s
[visual-polish] nw1|shrine-run 1.0s
[visual-polish] nw1|duel 11.3s
[visual-polish] nw1|night-end|n2 12.3s
[visual-polish] nw1|mark|n3 10.0s
[visual-polish] nw1|bid|n3 10.7s
[visual-polish] nw1|shrine|n3 10.6s
[visual-polish] nw1|shrine-run 0.8s
[visual-polish] nw1|duel 14.0s
[visual-polish] nw1|night-end|n3 12.2s
[visual-polish] nw1|event|n4 12.2s
[visual-polish] nw1|event-result|n4 12.8s
[visual-polish] nw1|mark|n4 21.0s
[visual-polish] nw1|bid|n4 21.8s
[visual-polish] nw1|shrine|n4 12.9s
[visual-polish] nw1|shrine-run 0.9s
[visual-polish] nw1|duel 11.1s
[visual-polish] nw1|night-end|n4 12.9s
[visual-polish] nw1|mark|n5 15.4s
[visual-polish] nw1|bid|n5 15.2s
[visual-polish] nw1|shrine|n5 13.7s
[visual-polish] nw1|shrine-run 1.0s
[visual-polish] nw1|night-end|n5 13.5s
[visual-polish] nw1|mark|n6 20.6s
[visual-polish] nw1|bid|n6 19.7s
[visual-polish] nw1|shrine|n6 15.9s
[visual-polish] nw1|shrine-run 1.1s
[visual-polish] nw1|mark|n7 22.7s
[visual-polish] nw1|bid|n7 23.8s
[visual-polish] nw1|shrine|n7 16.9s
[visual-polish] nw1|shrine-run 0.9s
[visual-polish] nw1|event|n8 14.5s
[visual-polish] nw1|event-result|n8 15.1s
[visual-polish] nw1|mark|n8 19.8s
[visual-polish] nw1|bid|n8 20.9s
[visual-polish] nw1|shrine|n8 12.4s
[visual-polish] nw1|shrine-run 0.9s
[visual-polish] nw1|mark|n9 15.6s
[visual-polish] nw1|bid|n9 16.5s
[visual-polish] nw1|shrine|n9 11.9s
[visual-polish] nw1|mark|n10 20.5s
[visual-polish] nw1|bid|n10 24.3s
[visual-polish] nw1|shrine|n10 16.9s
[visual-polish] nw1|night-end|n10 22.8s
[visual-polish] nw1|event|n11 25.3s
[visual-polish] nw1|event-result|n11 23.6s
[visual-polish] nw1|mark|n11 21.5s
[visual-polish] nw1|bid|n11 25.8s
[visual-polish] nw1|shrine|n11 20.8s
[visual-polish] nw1|shrine-run 0.9s
[visual-polish] nw1|night-end|n11 17.0s
[visual-polish] nw1|mark|n12 23.0s
[visual-polish] nw1|bid|n12 22.2s
[visual-polish] nw1|shrine|n12 15.2s
[visual-polish] nw1|end 8.6s
[visual-polish] nw1|nw-scroll 7.0s
[visual-polish] nw1 done 1239s
[visual-polish] nw2|nw-menu 4.7s
[visual-polish] nw2|nw-intro 5.3s
[visual-polish] nw2|select 6.2s
[visual-polish] nw2|mark|n1 16.3s
[visual-polish] nw2|bid|n1 16.8s
[visual-polish] nw2|reveal 16.6s
[visual-polish] nw2|shrine|n1 13.6s
[visual-polish] nw2|shrine-run 0.8s
[visual-polish] nw2|reveal-result 15.6s
[visual-polish] nw2|duel 7.3s
[visual-polish] nw2|night-end|n1 18.3s
[visual-polish] nw2|mark|n2 12.1s
[visual-polish] nw2|bid|n2 8.5s
[visual-polish] nw2 done 157s
[visual-polish] nw3|nw-menu 4.4s
[visual-polish] nw3|nw-intro 4.2s
[visual-polish] nw3|select 4.5s
[visual-polish] nw3|mark|n1 9.9s
[visual-polish] nw3|bid|n1 10.4s
[visual-polish] nw3|reveal 9.8s
[visual-polish] nw3|shrine|n1 8.2s
[visual-polish] nw3|shrine-run 0.8s
[visual-polish] nw3|reveal-result 8.7s
[visual-polish] nw3|duel 5.7s
[visual-polish] nw3|night-end|n1 8.5s
[visual-polish] nw3|mark|n2 11.0s
[visual-polish] nw3|bid|n2 11.2s
[visual-polish] nw3 done 109s
{
 "tag": "base-e29a753",
 "cells": 894,
 "lost": [
  "solo|shrine-run lost8",
  "solo|duel lost1",
  "hot|shrine-run lost7",
  "hot|duel lost2",
  "nw1|shrine-run lost9",
  "nw1|duel lost3",
  "nw2|shrine-run lost1",
  "nw2|duel lost1",
  "nw3|shrine-run lost1",
  "nw3|duel lost1"
 ],
 "pageErrors": {
  "solo": 0,
  "hot": 0,
  "nw1": 0,
  "nw2": 0,
  "nw3": 0
 },
 "breaks": {
  "byVp": {
   "V1": "149/180 格紅（含例外 153）",
   "V2": "84/179 格紅（含例外 111）",
   "V3": "146/179 格紅（含例外 150）",
   "V4": "162/178 格紅（含例外 162）",
   "V5": "39/178 格紅（含例外 87）"
  },
  "items": 95,
  "list": [
   "#south > button.side「袋子」袋|子 ×572 「袋 ／ 子」",
   "#myPow「部隊 1 隻・攻 1・血 3」攻|1 ×198 「部隊 1 隻・攻 ／ 1・血 3」",
   "#myPow「部隊 1 隻・攻 1・血 3」血|3 ×134 「部隊 1 隻・攻 1・血 ／ 3」",
   "#mainbtn「蓋牌開標」牌|開 [例外] ×92 「蓋牌 ／ 開標」",
   "#mainbtn「🕯️ 請神」請|神 ×82 「🕯️ 請 ／ 神」",
   "#mc0 > div.ab「每次戰敗：每件額外失 1 壽命（」減|傷 [句子] ×80 「每次戰敗：每件額外失 1 壽命（減 ／ 傷前）」",
   "#mainbtn「進入下一夜」一|夜 ×74 「進入下一 ／ 夜」",
   "#myDir「南・青面攤主」攤|主 ×73 「南・青面攤 ／ 主」",
   "#myDir「南・紅衣婆婆」婆|婆 ×73 「南・紅衣婆 ／ 婆」",
   "#mainbtn「不盯任何一件」一|件 ×71 「不盯任何一 ／ 件」",
   "#myDir「南・青面攤主」面|攤 ×61 「南・青面 ／ 攤主」",
   "#myDir「南・玩家一・青面攤主」面|攤 ×61 「南・玩家一・青面 ／ 攤主」",
   "#mainbtn「不盯任何一件」何|一 ×55 「不盯任何 ／ 一件」",
   "#mainbtn「蓋牌開標」開|標 ×51 「蓋牌開 ／ 標」",
   "#myDir「南・紅衣婆婆」衣|婆 ×45 「南・紅衣 ／ 婆婆」",
   "#myDir「南・玩家一・青面攤主」攤|主 ×44 「南・玩家一・青面攤 ／ 主」",
   "#mc2 > div.ab「✦ 被毒標塞中時，下手的人失 2」壽|命 [句子] ×35 「✦ 被毒標塞中時，下手的人失 2 壽 ／ 命」",
   "#mc2 > div.ab「✦ 整夜未得標任何拍品時，夜末回」回|2 [句子] ×30 「✦ 整夜未得標任何拍品時，夜末回 ／ 2 壽命」",
   "#mc0 > div.ab「✦ 壽命低於 15 時，本夜共鳴」加|倍 [句子] ×30 「✦ 壽命低於 15 時，本夜共鳴效果加 ／ 倍」",
   "#myDir「南・玩家一・青面攤主」青|面 ×26 「南・玩家一・青 ／ 面攤主」",
   "#mainbtn「進入下一夜」下|一 ×23 「進入下 ／ 一夜」",
   "#myDir「南・玩家一・青面攤主」家|一 ×23 「南・玩家 ／ 一・青面攤 ／ 主」",
   "#mainbtn「蓋牌，交給下一位」交|給 ×20 「蓋牌，交 ／ 給下一位」",
   "#mainbtn「蓋牌，交給下一位」下|一 ×20 「蓋牌， ／ 交給下 ／ 一位」",
   "#mc0 > div.ab「✦ 你的毒標比價時視為 +2（實」不|變 [句子] ×20 「✦ 你的毒標比價時視為 +2（實付不 ／ 變）」",
   "#mc2 > div.ab「夜戰：本隊攻擊無視送王船的傷害吸」害|吸 [句子] ×20 「夜戰：本隊攻擊無視送王船的傷害 ／ 吸收」",
   "#myDir「南・青面攤主」青|面 ×19 「南・青 ／ 面攤主」",
   "#mainbtn「前往拍賣」拍|賣 ×19 「前往拍 ／ 賣」",
   "#myDir「南・紅衣婆婆（南風）」南|風 ×17 「南・紅衣婆婆（南 ／ 風）」",
   "#myDir「南・青面攤主（南風）」南|風 ×15 「南・青面攤主（南 ／ 風）」",
   "#mc2 > div.ab「第1拍：本方最高基礎攻擊紙紮，每」每|件 [句子] ×15 「第1拍：本方最高基礎攻擊紙紮，每 ／ 件攻擊 −2」",
   "#mc0 > div.ab「✦ 你的保守標上限提高 50%（」下|取 [句子] ×15 「✦ 你的保守標上限提高 50%（向下 ／ 取整）」",
   "#mc2 > div.ab「✦ 你的毒標比價時視為 +2（實」不|變 [句子] ×15 「✦ 你的毒標比價時視為 +2（實付不 ／ 變）」",
   "#mc2 > div.ab「每次戰敗：每件額外失 1 壽命（」減|傷 [句子] ×15 「每次戰敗：每件額外失 1 壽命（減 ／ 傷前）」",
   "#mc0 > div.ab「夜戰：本隊攻擊無視送王船的傷害吸」害|吸 [句子] ×15 「夜戰：本隊攻擊無視送王船的傷害 ／ 吸收」",
   "#mc2 > div.ab「✦ 你的保守標上限提高 50%（」下|取 [句子] ×15 「✦ 你的保守標上限提高 50%（向下 ／ 取整）」",
   "#myDir「南・紅衣婆婆」紅|衣 ×13 「南・紅 ／ 衣婆婆」",
   "#myPow「部隊 1 隻・攻 1・血 3」1|隻 ×12 「部隊 1 ／ 隻・攻 1・ ／ 血 3」",
   "#mainbtn「再入妖市」妖|市 ×12 「再入妖 ／ 市」",
   "#myDir「南・玩家一・青面攤主（南風）」南|風 ×11 「南・玩家一・青面攤主（南 ／ 風）」"
  ]
 },
 "spill": {
  "byVp": {
   "V1": "114/180 格紅（含例外 114）",
   "V2": "114/179 格紅（含例外 114）",
   "V3": "114/179 格紅（含例外 114）",
   "V4": "115/178 格紅（含例外 115）",
   "V5": "114/178 格紅（含例外 114）"
  },
  "items": 11,
  "list": [
   "#northPrev > div.preview ⊃ #northPrev > div.preview > span.mut ×469 0px",
   "#northPrev > div.preview ⊃ #northPrev > div.preview ×279 0px",
   "#northPrev > div.preview ⊃ div.preview > span.credin > b > span.mut ×162 0px",
   "#northPrev > div.preview ⊃ #northPrev > div.preview > b ×84 0px",
   "#northPrev > div.preview ⊃ #northPrev > div.preview > span.rulein > span.mut ×70 0px",
   "#northPrev > div.preview ⊃ #northPrev > div.preview > span.credin ×56 0px",
   "#northPrev > div.preview ⊃ #northPrev > div.preview > span.credin > b ×51 0px",
   "#south ⊃ #myDir ×30 11.5pxT",
   "#south ⊃ #myLife ×30 13.5pxB",
   "#mainbtn ⊃ #mainbtn ×11 13pxB",
   "#northPrev > div.preview ⊃ #northPrev > div.preview > span.credin > span.mut ×4 0px"
  ]
 },
 "font": {
  "byVp": {
   "V1": "171/180 格紅（含例外 171）",
   "V2": "170/179 格紅（含例外 170）",
   "V3": "170/179 格紅（含例外 170）",
   "V4": "169/178 格紅（含例外 169）",
   "V5": "169/178 格紅（含例外 169）"
  },
  "items": 62,
  "list": [
   "#shrines > div.incboard > span.ibh > span 7.5px ×1440",
   "div.incboard > span.ibh > span > b 7.5px ×1440",
   "div.shcards > div.shcard > span.shname > span.shn 8px ×1320",
   "div.shcards > div.shcard > span.shname > span.shfac 8px ×1320",
   "#shrines > div.incboard > span.ibh > span.on 7.5px ×840",
   "div.incboard > span.ibh > span.on > b 7.5px ×840",
   "#seat2 > div > div.st 9px ×809",
   "#seat3 > div > div.st 9px ×809",
   "#shrines > div.incboard > span.ibgap 8px ×570",
   "#mc0 > div.ab 9px ×570",
   "#mc0 > div.uline.stat 9px ×570",
   "#mc2 > div.ab 9px ×570",
   "#mc2 > div.uline.stat 9px ×570",
   "#shrines > div.shcards > div.shcard > span.shmove 8px ×510",
   "#shrines > div.incboard > span.ibwhen 8px ×450",
   "#northPrev > div.preview 8.5px ×445",
   "div.shcards > div.shcard.gone > span.shname > span.shn 8px ×390",
   "div.shcards > div.shcard.gone > span.shname > span.shfac 8px ×390",
   "#shrines > div.shcards > div.shcard.gone > span.shtaken 8px ×390",
   "#selGrid > div.rcard > div.rlf 9px ×210",
   "#northPrev > div.preview > span.rulein > b 8.5px ×210",
   "#mc2 > div > span.fchip.f-zuling 8.5px ×190",
   "#northPrev > div.preview > b 8.5px ×180",
   "#northPrev > div.preview > span.credin > b 8.5px ×180",
   "#mc2 > div > span.fchip.f-xianghuo 8.5px ×180",
   "#mc0 > div > span.fchip.f-yinqi 8.5px ×180",
   "#mc0 > div > span.fchip.f-curse 8.5px ×160",
   "#mc2 > div > span.fchip.f-yinqi 8.5px ×145",
   "#mc2 > span.markb 9.5px ×130",
   "#mc0 > span.markb 9.5px ×130",
   "#shrines > div.incboard > span.ibwhen > b 8px ×120",
   "#mc0 > div > span.fchip.f-zuling 8.5px ×115",
   "#mc2 > div > span.moonCue 8.5px ×115",
   "#mc0 > div > span.fchip.f-xianghuo 8.5px ×115",
   "#mc1 > div.ab 9px ×114",
   "#mc1 > div.uline.stat 9px ×114",
   "#mc3 > div.ab 9px ×114",
   "#mc3 > div.uline.stat 9px ×114",
   "#mc0 > div > span.moonCue 8.5px ×55",
   "#mc2 > div > span.fchip.f-curse 8.5px ×55"
  ]
 },
 "contrast": {
  "byVp": {
   "V1": "87/180 格紅（含例外 97）",
   "V2": "88/179 格紅（含例外 98）",
   "V3": "89/179 格紅（含例外 98）",
   "V4": "89/178 格紅（含例外 96）",
   "V5": "111/178 格紅（含例外 119）"
  },
  "items": 38,
  "list": [
   "div.shcards > div.shcard.gone > span.shname > span.shfac ×390 1.7/4.5",
   "#shrines > div.shcards > div.shcard.gone > span.shtaken ×390 3.48/4.5",
   "#seat2 > div > div.st ×180 2/4.5",
   "#mc0 > div > span.fchip.f-curse ×145 4.4/4.5",
   "#seat2 > div > div.nm ×90 2.78/4.5",
   "#mc2 > div > span.fchip.f-curse ×55 4.4/4.5",
   "#mainbtn [inactive] ×40 1.62/3",
   "#seat2 > span.windb ×35 1.31/4.5",
   "#selHead > button.selback ×25 4.26/4.5",
   "#mc3 > div > span.fchip.f-curse ×25 4.4/4.5",
   "#mc1 > div > span.fchip.f-curse ×23 3.87/4.5",
   "#seat1 > div > div.st ×20 2/4.5",
   "div.shcards > div.shcard.gone > span.shname > span.shn ×16 4.04/4.5",
   "#nwBody > div.nwHead > button.selback ×15 4.26/4.5",
   "#pwch-B > i.pwfac [transient] ×10 1/4.5",
   "#seat1 > div > div.nm ×10 2.78/4.5",
   "#pwch-A > i.pwfac [transient] ×9 1/4.5",
   "#revealCard > div.big > span.fchip.f-curse ×9 4.4/4.5",
   "#seat1 > span.windb ×5 1.32/4.5",
   "#mc1 > div.nm ×4 4.43/4.5",
   "#mc1 > div > span.pw ×4 3.54/4.5",
   "#mc1 > div.ab ×4 2.89/4.5",
   "#mc1 > div.uline.stat ×4 2.89/4.5",
   "#dL > div.fdir [transient] ×3 1.11/4.5",
   "#dL > div.fnm [transient] ×3 1.12/4.5",
   "#dL > div > span.pwunit [transient] ×3 1.06/4.5",
   "#dL > div.pwbody [transient] ×3 1.06/4.5",
   "#dR > div.fdir [transient] ×3 1.11/4.5",
   "#dR > div > span.pwunit [transient] ×3 1.08/4.5",
   "#dR > div.pwbody [transient] ×3 1.08/4.5",
   "#mainbtn [transient] ×2 2.9/3",
   "#pwn-A [transient] ×2 1.09/3",
   "#duelArena > div.vsbig [transient] ×2 1.17/3",
   "#dR > div.fnm [transient] ×2 1.13/4.5",
   "#pwn-B [transient] ×2 1.12/3",
   "#duelResult > span.mut [transient] ×1 1.35/4.5",
   "#duelArena > div.vsbig ×1 2.61/3",
   "#pwch-A > i.pwfac ×1 1.04/4.5"
  ]
 },
 "target": {
  "byVp": {
   "V1": "170/180 格紅（含例外 170）",
   "V2": "170/179 格紅（含例外 170）",
   "V3": "170/179 格紅（含例外 170）",
   "V4": "170/178 格紅（含例外 170）",
   "V5": "170/178 格紅（含例外 170）"
  },
  "items": 23,
  "list": [
   "#seat1 > span.roleInfoBtn ×775 24x18",
   "#seat2 > span.roleInfoBtn ×775 24x18",
   "#helpBtn ×775 34x34",
   "#seat3 > span.roleInfoBtn ×775 24x18",
   "#south > button.side ×775 46x38",
   "#south > button.side.roleInfoBtn ×774 32x38",
   "#sfxBtn ×671 43x38",
   "#budget > span.incbar > button ×350 20x20",
   "div.nwCard > div.nwInfo > div.nwBtns > button.bigbtn ×45 54x36",
   "#selHead > button.selback ×25 50x30",
   "#skipbtn ×25 58x22",
   "div.stakebar > div.stakerow > div.stepper > button ×20 16x30",
   "#nwBody > div.nwHead > button.selback ×15 50x30",
   "#nwGo ×15 80x36",
   "#nwBody > div.stageCard.nwBig > div.nwBtns > button.bigbtn.alt ×15 82x36",
   "#stage > div.stakebar > div.stakerow > button.typebtn ×10 58x30",
   "#rvDl ×10 114x34",
   "#rvCopy ×10 116x34",
   "#reviewbox > div.rvTop > div.rvTopBtns > button.bigbtn.alt ×10 60x34",
   "#fpsToggle ×5 84x22",
   "#nwScrollClose ×5 82x36",
   "#stage > div.stageCard > button.bigbtn.alt ×3 121x38",
   "#nwReadScroll ×1 121x38"
  ]
 },
 "align": {
  "byVp": {
   "V1": "114/180 格紅（含例外 114）",
   "V2": "114/179 格紅（含例外 114）",
   "V3": "114/179 格紅（含例外 114）",
   "V4": "114/178 格紅（含例外 114）",
   "V5": "114/178 格紅（含例外 114）"
  },
  "items": 3,
  "list": [
   "north ×570 dt21.6 db21.6 dh43.3",
   "railCards ×400 dt0 db31.3 dh31.3",
   "railCards2 ×76 dt8 db36 dh28"
  ]
 }
}
ALLDONE
