[visual-polish] solo|title 4.0s
[visual-polish] solo|select 4.2s
[visual-polish] solo|mark|n1 10.3s
[visual-polish] solo|bid|n1 9.5s
[visual-polish] solo|modal:南家・青面攤主（ 8.2s
[visual-polish] solo|modal:北家・收驚婆 8.4s
[visual-polish] solo|modal:？ 妖市規則 9.3s
[visual-polish] solo|reveal 9.2s
[visual-polish] solo|shrine|n1 6.0s
[visual-polish] solo|shrine-run 0.7s
[visual-polish] solo|reveal-result 5.8s
[visual-polish] solo|duel 4.3s
[visual-polish] solo|night-end|n1 6.1s
[visual-polish] solo|mark|n2 12.3s
[visual-polish] solo|bid|n2 12.4s
[visual-polish] solo|shrine|n2 8.5s
[visual-polish] solo|shrine-run 0.8s
[visual-polish] solo|duel 5.5s
[visual-polish] solo|night-end|n2 7.5s
[visual-polish] solo|mark|n3 9.7s
[visual-polish] solo|bid|n3 9.9s
[visual-polish] solo|shrine|n3 7.8s
[visual-polish] solo|shrine-run 0.8s
[visual-polish] solo|event|n4 7.8s
[visual-polish] solo|event-result|n4 7.4s
[visual-polish] solo|mark|n4 9.6s
[visual-polish] solo|bid|n4 9.8s
[visual-polish] solo|shrine|n4 6.3s
[visual-polish] solo|shrine-run 0.8s
[visual-polish] solo|night-end|n4 5.7s
[visual-polish] solo|mark|n5 10.6s
[visual-polish] solo|bid|n5 10.7s
[visual-polish] solo|shrine|n5 7.8s
[visual-polish] solo|shrine-run 0.8s
[visual-polish] solo|mark|n6 10.2s
[visual-polish] solo|bid|n6 10.4s
[visual-polish] solo|shrine|n6 8.5s
[visual-polish] solo|shrine-run 0.8s
[visual-polish] solo|mark|n7 8.9s
[visual-polish] solo|bid|n7 9.4s
[visual-polish] solo|shrine|n7 7.2s
[visual-polish] solo|shrine-run 0.8s
[visual-polish] solo|night-end|n7 7.1s
[visual-polish] solo|event|n8 7.2s
[visual-polish] solo|event-result|n8 7.0s
[visual-polish] solo|mark|n8 10.9s
[visual-polish] solo|bid|n8 11.2s
[visual-polish] solo|shrine|n8 10.4s
[visual-polish] solo|shrine-run 0.9s
[visual-polish] solo|mark|n9 10.9s
[visual-polish] solo|bid|n9 11.6s
[visual-polish] solo|shrine|n9 8.4s
[visual-polish] solo|night-end|n9 8.3s
[visual-polish] solo|end 6.4s
[visual-polish] solo|review 5.4s
[visual-polish] solo done 591s
[visual-polish] hot|title 4.0s
[visual-polish] hot|select 4.2s
[visual-polish] hot|handoff 3.4s
[visual-polish] hot|mark|n1 10.4s
[visual-polish] hot|bid|n1 10.3s
[visual-polish] hot|reveal 10.9s
[visual-polish] hot|shrine|n1 9.0s
[visual-polish] hot|shrine-run 0.8s
[visual-polish] hot|reveal-result 8.6s
[visual-polish] hot|duel 4.3s
[visual-polish] hot|night-end|n1 8.4s
[visual-polish] hot|mark|n2 8.2s
[visual-polish] hot|bid|n2 8.3s
[visual-polish] hot|shrine|n2 8.0s
[visual-polish] hot|shrine-run 0.8s
[visual-polish] hot|duel 3.8s
[visual-polish] hot|mark|n3 5.4s
[visual-polish] hot|bid|n3 6.1s
[visual-polish] hot|shrine|n3 6.1s
[visual-polish] hot|shrine-run 0.7s
[visual-polish] hot|event|n4 5.2s
[visual-polish] hot|event-result|n4 5.4s
[visual-polish] hot|mark|n4 9.2s
[visual-polish] hot|bid|n4 9.4s
[visual-polish] hot|shrine|n4 7.1s
[visual-polish] hot|shrine-run 0.8s
[visual-polish] hot|mark|n5 8.6s
[visual-polish] hot|bid|n5 8.8s
[visual-polish] hot|shrine|n5 7.7s
[visual-polish] hot|shrine-run 0.8s
[visual-polish] hot|night-end|n5 8.2s
[visual-polish] hot|mark|n6 9.5s
[visual-polish] hot|bid|n6 9.8s
[visual-polish] hot|shrine|n6 7.3s
[visual-polish] hot|night-end|n6 7.0s
[visual-polish] hot|mark|n7 8.3s
[visual-polish] hot|bid|n7 8.6s
[visual-polish] hot|shrine|n7 7.1s
[visual-polish] hot|night-end|n7 6.6s
[visual-polish] hot|event|n8 6.5s
[visual-polish] hot|event-result|n8 6.4s
[visual-polish] hot|mark|n8 10.4s
[visual-polish] hot|bid|n8 10.4s
[visual-polish] hot|shrine|n8 7.6s
[visual-polish] hot|shrine-run 0.7s
[visual-polish] hot|mark|n9 11.3s
[visual-polish] hot|bid|n9 11.3s
[visual-polish] hot|shrine|n9 9.7s
[visual-polish] hot|night-end|n9 9.8s
[visual-polish] hot|mark|n10 9.9s
[visual-polish] hot|bid|n10 10.2s
[visual-polish] hot|shrine|n10 8.8s
[visual-polish] hot|event|n11 8.6s
[visual-polish] hot|event-result|n11 8.6s
[visual-polish] hot|mark|n11 10.9s
[visual-polish] hot|bid|n11 11.1s
[visual-polish] hot|shrine|n11 10.3s
[visual-polish] hot|shrine-run 0.8s
[visual-polish] hot|end 7.3s
[visual-polish] hot|review 6.7s
[visual-polish] hot done 631s
[visual-polish] nw1|nw-menu 3.5s
[visual-polish] nw1|nw-intro 3.5s
[visual-polish] nw1|select 4.0s
[visual-polish] nw1|mark|n1 11.8s
[visual-polish] nw1|bid|n1 12.4s
[visual-polish] nw1|reveal 11.0s
[visual-polish] nw1|shrine|n1 8.4s
[visual-polish] nw1|shrine-run 0.7s
[visual-polish] nw1|reveal-result 8.6s
[visual-polish] nw1|duel 5.9s
[visual-polish] nw1|night-end|n1 8.4s
[visual-polish] nw1|mark|n2 9.4s
[visual-polish] nw1|bid|n2 9.8s
[visual-polish] nw1|shrine|n2 7.7s
[visual-polish] nw1|shrine-run 0.8s
[visual-polish] nw1|duel 4.6s
[visual-polish] nw1|night-end|n2 7.2s
[visual-polish] nw1|mark|n3 5.5s
[visual-polish] nw1|bid|n3 6.3s
[visual-polish] nw1|shrine|n3 6.2s
[visual-polish] nw1|shrine-run 0.8s
[visual-polish] nw1|event|n4 5.8s
[visual-polish] nw1|event-result|n4 5.6s
[visual-polish] nw1|mark|n4 8.5s
[visual-polish] nw1|bid|n4 8.6s
[visual-polish] nw1|shrine|n4 6.0s
[visual-polish] nw1|shrine-run 0.8s
[visual-polish] nw1|night-end|n4 5.8s
[visual-polish] nw1|mark|n5 8.7s
[visual-polish] nw1|bid|n5 9.1s
[visual-polish] nw1|shrine|n5 8.7s
[visual-polish] nw1|shrine-run 0.8s
[visual-polish] nw1|night-end|n5 8.1s
[visual-polish] nw1|mark|n6 9.9s
[visual-polish] nw1|bid|n6 10.6s
[visual-polish] nw1|shrine|n6 7.9s
[visual-polish] nw1|shrine-run 0.7s
[visual-polish] nw1|night-end|n6 7.6s
[visual-polish] nw1|mark|n7 9.2s
[visual-polish] nw1|bid|n7 9.7s
[visual-polish] nw1|shrine|n7 7.6s
[visual-polish] nw1|shrine-run 0.8s
[visual-polish] nw1|event|n8 7.5s
[visual-polish] nw1|event-result|n8 7.4s
[visual-polish] nw1|mark|n8 10.2s
[visual-polish] nw1|bid|n8 10.2s
[visual-polish] nw1|shrine|n8 8.5s
[visual-polish] nw1|shrine-run 0.8s
[visual-polish] nw1|night-end|n8 8.2s
[visual-polish] nw1|mark|n9 9.2s
[visual-polish] nw1|bid|n9 9.4s
[visual-polish] nw1|shrine|n9 6.7s
[visual-polish] nw1|mark|n10 10.1s
[visual-polish] nw1|bid|n10 10.2s
[visual-polish] nw1|shrine|n10 8.1s
[visual-polish] nw1|event|n11 8.2s
[visual-polish] nw1|event-result|n11 8.2s
[visual-polish] nw1|mark|n11 9.9s
[visual-polish] nw1|bid|n11 9.9s
[visual-polish] nw1|shrine|n11 10.0s
[visual-polish] nw1|shrine-run 0.8s
[visual-polish] nw1|mark|n12 10.3s
[visual-polish] nw1|bid|n12 10.4s
[visual-polish] nw1|shrine|n12 9.4s
[visual-polish] nw1|night-end|n12 8.9s
[visual-polish] nw1|end 7.0s
[visual-polish] nw1|nw-scroll 5.7s
[visual-polish] nw1 done 694s
[visual-polish] nw2|nw-menu 3.4s
[visual-polish] nw2|nw-intro 3.4s
[visual-polish] nw2|select 4.0s
[visual-polish] nw2|mark|n1 9.9s
[visual-polish] nw2|bid|n1 10.2s
[visual-polish] nw2|reveal 9.8s
[visual-polish] nw2|shrine|n1 8.6s
[visual-polish] nw2|shrine-run 0.8s
[visual-polish] nw2|reveal-result 8.6s
[visual-polish] nw2|duel 5.1s
[visual-polish] nw2|night-end|n1 8.3s
[visual-polish] nw2|mark|n2 10.7s
[visual-polish] nw2|bid|n2 10.6s
[visual-polish] nw2 done 106s
[visual-polish] nw3|nw-menu 3.6s
[visual-polish] nw3|nw-intro 3.4s
[visual-polish] nw3|select 4.0s
[visual-polish] nw3|mark|n1 9.4s
[visual-polish] nw3|bid|n1 9.7s
[visual-polish] nw3|reveal 8.9s
[visual-polish] nw3|shrine|n1 8.2s
[visual-polish] nw3|shrine-run 0.8s
[visual-polish] nw3|reveal-result 8.1s
[visual-polish] nw3|duel 5.2s
[visual-polish] nw3|night-end|n1 7.8s
[visual-polish] nw3|mark|n2 11.5s
[visual-polish] nw3|bid|n2 11.4s
[visual-polish] nw3 done 103s
{
 "tag": "head",
 "cells": 891,
 "lost": [
  "solo|shrine-run lost8",
  "solo|duel lost1",
  "hot|shrine-run lost7",
  "hot|duel lost1",
  "nw1|shrine-run lost9",
  "nw1|duel lost1",
  "nw2|shrine-run lost1",
  "nw2|duel lost1",
  "nw3|shrine-run lost1",
  "nw3|duel lost1"
 ],
 "pageErrors": {
  "solo": 0,
  "hot": 0,
  "nw1": 0,
  "nw2": 0,
  "nw3": 0
 },
 "breaks": {
  "byVp": {
   "V1": "0/179 格紅（含例外 69）",
   "V2": "0/179 格紅（含例外 69）",
   "V3": "0/178 格紅（含例外 69）",
   "V4": "0/178 格紅（含例外 70）",
   "V5": "0/177 格紅（含例外 101）"
  },
  "items": 39,
  "list": [
   "#mc2 > div.ab「夜戰：本隊精英的第二目標濺射，改」濺|射 [句子] ×50 「夜戰：本隊精英的第二目標濺 ／ 射，改為當次攻擊力全額」",
   "#mc0 > div.ab「✦ 你的毒標比價時視為 +2（實」實|付 [句子] ×40 「✦ 你的毒標比價時視為 +2（實 ／ 付不變）」",
   "#mc2 > div.ab「✦ 戰敗時少失 2 壽命，最低仍」失|1 [句子] ×35 「✦ 戰敗時少失 2 壽命，最低仍失 ／ 1」",
   "#mc2 > div.ab「✦ 壽命 30 以上時，共鳴加成」額|外 [句子] ×35 「✦ 壽命 30 以上時，共鳴加成額 ／ 外 +50%」",
   "#mc2 > div.ab「每戰首次折損：牽連另一隻紙紮，每」紙|紮 [句子] ×30 「每戰首次折損：牽連另一隻紙 ／ 紮，每件傷害 1」",
   "#mc0 > div.ab「✦ 壽命低於 15 時，本夜共鳴」效|果 [句子] ×30 「✦ 壽命低於 15 時，本夜共鳴效 ／ 果加倍」",
   "#mc0 > div.ab「✦ 壽命 30 以上時，共鳴加成」額|外 [句子] ×20 「✦ 壽命 30 以上時，共鳴加成額 ／ 外 +50%」",
   "#mc0 > div.ab「✦ 你的押命標落標時免標額損失，」損|失 [句子] ×15 「✦ 你的押命標落標時免標額損 ／ 失，買路錢照收」",
   "#mc2 > div.ab「✦ 你的押命標落標時免標額損失，」損|失 [句子] ×15 「✦ 你的押命標落標時免標額損 ／ 失，買路錢照收」",
   "#mc2 > div.ab「✦ 整夜未得標任何拍品時，夜末回」末|回 [句子] ×15 「✦ 整夜未得標任何拍品時，夜末 ／ 回 2 壽命」",
   "#mc2 > div.ab「✦ 你的毒標比價時視為 +2（實」實|付 [句子] ×15 「✦ 你的毒標比價時視為 +2（實 ／ 付不變）」",
   "#mc0 > div.ab「第1拍：本方最高基礎攻擊紙紮，每」紙|紮 [句子] ×15 「第1拍：本方最高基礎攻擊紙 ／ 紮，每件攻擊 −2」",
   "#mc0 > div.ab「夜戰：本隊只剩 1 隻存活紙紮時」紮|時 [句子] ×15 「夜戰：本隊只剩 1 隻存活紙紮 ／ 時，該隻每次攻擊 +1」",
   "#mc2 > div.ab「✦ 壽命低於 15 時，本夜共鳴」效|果 [句子] ×15 「✦ 壽命低於 15 時，本夜共鳴效 ／ 果加倍」",
   "#mc0 > div.ab「✦ 被毒標塞中時，下手的人失 2」2|壽 [句子] ×15 「✦ 被毒標塞中時，下手的人失 2 ／ 壽命」",
   "#mc1 > div.ab「✦ 被毒標塞中時，下手的人失 2」2|壽 [句子] ×10 「✦ 被毒標塞中時，下手的人失 2 ／ 壽命」",
   "#mc0 > div.ab「🚫 本夜不開標・每夜末：每件失」件|失 [句子] ×10 「🚫 本夜不開標・每夜末：每件 ／ 失 1 壽命」",
   "#mc3 > div.ab「✦ 你的押命標落標時免標額損失，」損|失 [句子] ×10 「✦ 你的押命標落標時免標額損 ／ 失，買路錢照收」",
   "#mc2 > div.ab「夜戰：本隊攻擊無視送王船的傷害吸」傷|害 [句子] ×10 「夜戰：本隊攻擊無視送王船的傷 ／ 害吸收」",
   "#mc3 > div.ab「每戰首次折損：牽連另一隻紙紮，每」紙|紮 [句子] ×7 「每戰首次折損：牽連另一隻紙 ／ 紮，每件傷害 1」",
   "#mc3 > div.ab「第1拍：本方最高基礎攻擊紙紮，每」紙|紮 [句子] ×6 「第1拍：本方最高基礎攻擊紙 ／ 紮，每件攻擊 −2」",
   "#mc1 > div.ab「夜戰：本隊攻擊無視送王船的傷害吸」傷|害 [句子] ×6 「夜戰：本隊攻擊無視送王船的傷 ／ 害吸收」",
   "#mc1 > div.ab「✦ 戰敗時少失 2 壽命，最低仍」失|1 [句子] ×6 「✦ 戰敗時少失 2 壽命，最低仍失 ／ 1」",
   "#mc2 > div.ab「第1拍：本方最高基礎攻擊紙紮，每」紙|紮 [句子] ×5 「第1拍：本方最高基礎攻擊紙 ／ 紮，每件攻擊 −2」",
   "#mc3 > div.ab「✦ 戰敗時少失 2 壽命，最低仍」失|1 [句子] ×4 「✦ 戰敗時少失 2 壽命，最低仍失 ／ 1」",
   "#mc1 > div.ab「✦ 壽命 30 以上時，共鳴加成」額|外 [句子] ×3 「✦ 壽命 30 以上時，共鳴加成額 ／ 外 +50%」",
   "#mc1 > div.ab「夜戰：本隊精英的第二目標濺射，改」濺|射 [句子] ×3 「夜戰：本隊精英的第二目標濺 ／ 射，改為當次攻擊力全額」",
   "#mc1 > div.ab「✦ 你的毒標比價時視為 +2（實」實|付 [句子] ×3 「✦ 你的毒標比價時視為 +2（實 ／ 付不變）」",
   "#mc1 > div.ab「夜戰：本隊只剩 1 隻存活紙紮時」紮|時 [句子] ×3 「夜戰：本隊只剩 1 隻存活紙紮 ／ 時，該隻每次攻擊 +1」",
   "#mc3 > div.ab「夜戰：本隊只剩 1 隻存活紙紮時」紮|時 [句子] ×3 「夜戰：本隊只剩 1 隻存活紙紮 ／ 時，該隻每次攻擊 +1」",
   "#mc3 > div.ab「✦ 被毒標塞中時，下手的人失 2」2|壽 [句子] ×3 「✦ 被毒標塞中時，下手的人失 2 ／ 壽命」",
   "#mc1 > div.ab「每戰首次折損：牽連另一隻紙紮，每」紙|紮 [句子] ×3 「每戰首次折損：牽連另一隻紙 ／ 紮，每件傷害 1」",
   "#mc1 > div.ab「✦ 壽命低於 15 時，本夜共鳴」效|果 [句子] ×3 「✦ 壽命低於 15 時，本夜共鳴效 ／ 果加倍」",
   "#mc1 > div.ab「✦ 整夜未得標任何拍品時，夜末回」末|回 [句子] ×3 「✦ 整夜未得標任何拍品時，夜末 ／ 回 2 壽命」",
   "#mc3 > div.ab「夜戰：本隊精英的第二目標濺射，改」濺|射 [句子] ×3 「夜戰：本隊精英的第二目標濺 ／ 射，改為當次攻擊力全額」",
   "#mc3 > div.ab「✦ 整夜未得標任何拍品時，夜末回」末|回 [句子] ×3 「✦ 整夜未得標任何拍品時，夜末 ／ 回 2 壽命」",
   "#mc3 > div.ab「✦ 你的毒標比價時視為 +2（實」實|付 [句子] ×2 「✦ 你的毒標比價時視為 +2（實 ／ 付不變）」",
   "#stage > div.stageCard > div.big「👹 青面攤主 以 5 壽命自保」離|去 [句子] ×1 「👹 青面攤主 以 5 壽命自保，厲鬼悻然離 ／ 去」",
   "#bub1「驚啥？妖市的驚，阮收慣矣。」慣|矣 [句子] ×1 「驚啥？妖市的驚，阮收慣 ／ 矣。」"
  ]
 },
 "spill": {
  "byVp": {
   "V1": "114/179 格紅（含例外 114）",
   "V2": "114/179 格紅（含例外 114）",
   "V3": "114/178 格紅（含例外 114）",
   "V4": "114/178 格紅（含例外 114）",
   "V5": "114/177 格紅（含例外 114）"
  },
  "items": 8,
  "list": [
   "#northPrev > div.preview ⊃ #northPrev > div.preview > span.mut ×479 0px",
   "#northPrev > div.preview ⊃ #northPrev > div.preview ×279 0px",
   "#northPrev > div.preview ⊃ div.preview > span.credin > b > span.mut ×162 0px",
   "#northPrev > div.preview ⊃ #northPrev > div.preview > b ×84 0px",
   "#northPrev > div.preview ⊃ #northPrev > div.preview > span.rulein > span.mut ×60 0px",
   "#northPrev > div.preview ⊃ #northPrev > div.preview > span.credin ×56 0px",
   "#northPrev > div.preview ⊃ #northPrev > div.preview > span.credin > b ×51 0px",
   "#northPrev > div.preview ⊃ #northPrev > div.preview > span.credin > span.mut ×4 0px"
  ]
 },
 "font": {
  "byVp": {
   "V1": "119/179 格紅（含例外 119）",
   "V2": "119/179 格紅（含例外 119）",
   "V3": "118/178 格紅（含例外 118）",
   "V4": "118/178 格紅（含例外 118）",
   "V5": "115/177 格紅（含例外 115）"
  },
  "items": 19,
  "list": [
   "#shrines > div.incboard > span.ibh > span 7.5px ×1440",
   "div.incboard > span.ibh > span > b 7.5px ×1440",
   "div.shcards > div.shcard > span.shname > span.shn 8px ×1320",
   "div.shcards > div.shcard > span.shname > span.shfac 8px ×1320",
   "#shrines > div.incboard > span.ibh > span.on 7.5px ×840",
   "div.incboard > span.ibh > span.on > b 7.5px ×840",
   "#shrines > div.incboard > span.ibgap 8px ×570",
   "#shrines > div.shcards > div.shcard > span.shmove 8px ×510",
   "#shrines > div.incboard > span.ibwhen 8px ×450",
   "#northPrev > div.preview 8.5px ×445",
   "div.shcards > div.shcard.gone > span.shname > span.shn 8px ×390",
   "div.shcards > div.shcard.gone > span.shname > span.shfac 8px ×390",
   "#shrines > div.shcards > div.shcard.gone > span.shtaken 8px ×390",
   "#northPrev > div.preview > span.rulein > b 8.5px ×195",
   "#northPrev > div.preview > b 8.5px ×180",
   "#northPrev > div.preview > span.credin > b 8.5px ×180",
   "#shrines > div.incboard > span.ibwhen > b 8px ×120",
   "#pwch-B > i.pwfac 9px ×21",
   "#pwch-A > i.pwfac 9px ×19"
  ]
 },
 "contrast": {
  "byVp": {
   "V1": "0/179 格紅（含例外 11）",
   "V2": "0/179 格紅（含例外 12）",
   "V3": "1/178 格紅（含例外 10）",
   "V4": "0/178 格紅（含例外 10）",
   "V5": "0/177 格紅（含例外 10）"
  },
  "items": 19,
  "list": [
   "#mainbtn [inactive] ×40 1.62/3",
   "#pwch-B > i.pwfac [transient] ×9 1.01/4.5",
   "#pwch-A > i.pwfac [transient] ×8 1.02/4.5",
   "#flyzone > div.bidfly > span [transient] ×4 1.01/4.5",
   "#flyzone > div.bidPills > span.bidPill.win [transient] ×3 1.03/4.5",
   "#mainbtn [transient] ×3 2.9/3",
   "#dL > div.fdir [transient] ×3 3.51/4.5",
   "#outzone > div.outcome [transient] ×2 1.34/4.5",
   "#dL > div.fnm [transient] ×2 3.89/4.5",
   "#dR > div.fdir [transient] ×2 3.36/4.5",
   "#revealCard > div.big > span.fchip.f-xianghuo [transient] ×1 1.1/4.5",
   "#flyzone > div.bidPills > span.mut [transient] ×1 2.7/4.5",
   "#pwch-A > i.pwfac ×1 1.04/4.5",
   "#dL > div.fdir > span [transient] ×1 4.2/4.5",
   "#revealCard > div.big [transient] ×1 1.54/4.5",
   "#revealCard > div.big > span.fchip.f-zuling [transient] ×1 1.01/4.5",
   "#revealCard > div.big > span.mut [transient] ×1 1.4/4.5",
   "#revealCard > div.mut [transient] ×1 1.4/4.5",
   "#dR > div.fnm [transient] ×1 4.45/4.5"
  ]
 },
 "target": {
  "byVp": {
   "V1": "0/179 格紅（含例外 0）",
   "V2": "0/179 格紅（含例外 0）",
   "V3": "0/178 格紅（含例外 0）",
   "V4": "0/178 格紅（含例外 0）",
   "V5": "0/177 格紅（含例外 0）"
  },
  "items": 0,
  "list": []
 },
 "align": {
  "byVp": {
   "V1": "114/179 格紅（含例外 114）",
   "V2": "114/179 格紅（含例外 114）",
   "V3": "114/178 格紅（含例外 114）",
   "V4": "114/178 格紅（含例外 114）",
   "V5": "114/177 格紅（含例外 114）"
  },
  "items": 1,
  "list": [
   "north ×570 dt21.6 db21.6 dh43.3"
  ]
 }
}
ALLDONE
