✔ highest noncurse market item wins tie by index, and a curse cannot be target (1.6276ms)
✔ largest legal second bid changes the next bid, bounded to base plus two and cap (0.2519ms)
✖ third legal preview reserves two when its value exceeds tonight best (1.1385ms)
✔ fee, budget, max bids, empty market and null context are deterministic for both arms (0.367ms)
✖ blind adapter exposes only base preview and removes reveal, preserving original base count (0.5556ms)
✔ policy adapter still consumes information when recipe is already complete, without private reads (20.1883ms)
✔ paired whole-game and separate ever-held denominators remain distinct (0.6539ms)
✔ real engine three arms replay, retain raw provenance and report incomplete status (554.6356ms)
✔ CLI sample validation (0.532ms)
ℹ tests 9
ℹ suites 0
ℹ pass 7
ℹ fail 2
ℹ cancelled 0
ℹ skipped 0
ℹ todo 0
ℹ duration_ms 2100.4783

✖ failing tests:

test at ..\..\..\AppData\Local\Temp\l1e-information-efU03S\mutant-ignore-third-preview\l1-information.test.mjs:34:1
✖ third legal preview reserves two when its value exceeds tonight best (1.1385ms)
  AssertionError [ERR_ASSERTION]: Expected values to be strictly deep-equal:
  + actual - expected

    [
      2,
      2,
  +   1
  -   0
    ]

      at TestContext.<anonymous> (file:///C:/Users/shung/AppData/Local/Temp/l1e-information-efU03S/mutant-ignore-third-preview/l1-information.test.mjs:37:10)
      at Test.runInAsyncScope (node:async_hooks:227:14)
      at Test.run (node:internal/test_runner/test:1306:25)
      at Test.processPendingSubtests (node:internal/test_runner/test:897:18)
      at Test.postRun (node:internal/test_runner/test:1447:19)
      at Test.run (node:internal/test_runner/test:1372:12)
      at async Test.processPendingSubtests (node:internal/test_runner/test:897:7) {
    generatedMessage: true,
    code: 'ERR_ASSERTION',
    actual: [ 2, 2, 1 ],
    expected: [ 2, 2, 0 ],
    operator: 'deepStrictEqual',
    diff: 'simple'
  }

test at ..\..\..\AppData\Local\Temp\l1e-information-efU03S\mutant-ignore-third-preview\l1-information.test.mjs:51:1
✖ blind adapter exposes only base preview and removes reveal, preserving original base count (0.5556ms)
  AssertionError [ERR_ASSERTION]: Expected values to be strictly deep-equal:
  + actual - expected

    [
      2,
      2,
  +   1
  -   0
    ]

      at TestContext.<anonymous> (file:///C:/Users/shung/AppData/Local/Temp/l1e-information-efU03S/mutant-ignore-third-preview/l1-information.test.mjs:61:10)
      at Test.runInAsyncScope (node:async_hooks:227:14)
      at Test.run (node:internal/test_runner/test:1306:25)
      at Test.processPendingSubtests (node:internal/test_runner/test:897:18)
      at Test.postRun (node:internal/test_runner/test:1447:19)
      at Test.run (node:internal/test_runner/test:1372:12)
      at async Test.processPendingSubtests (node:internal/test_runner/test:897:7) {
    generatedMessage: true,
    code: 'ERR_ASSERTION',
    actual: [ 2, 2, 1 ],
    expected: [ 2, 2, 0 ],
    operator: 'deepStrictEqual',
    diff: 'simple'
  }
