{
 "kinds": [
  {
   "rnd": 507,
   "n": "cWS-wedding",
   "p2c": false,
   "pusher": 2
  },
  {
   "rnd": 439,
   "n": "cES-wedding",
   "p2c": false,
   "pusher": 3
  },
  {
   "rnd": 489,
   "n": "cNW-wedding",
   "p2c": false,
   "pusher": 1
  },
  {
   "rnd": 459,
   "n": "cWS-guava",
   "p2c": true,
   "pusher": 2
  },
  {
   "rnd": 437,
   "n": "cES-guava",
   "p2c": true,
   "pusher": 3
  },
  {
   "rnd": 471,
   "n": "cNW-guava",
   "p2c": true,
   "pusher": 1
  },
  {
   "rnd": 404,
   "n": "cWS-water",
   "p2c": false,
   "pusher": 2
  },
  {
   "rnd": 452,
   "n": "cES-water",
   "p2c": false,
   "pusher": 3
  },
  {
   "rnd": 473,
   "n": "cNW-water",
   "p2c": false,
   "pusher": 1
  },
  {
   "rnd": 415,
   "n": "cWS-lock",
   "p2c": false,
   "pusher": 2
  },
  {
   "rnd": 476,
   "n": "cES-lock",
   "p2c": false,
   "pusher": 3
  },
  {
   "rnd": 472,
   "n": "cNW-lock",
   "p2c": false,
   "pusher": 2
  },
  {
   "rnd": 406,
   "n": "cWS-tiger",
   "p2c": true,
   "pusher": 2
  },
  {
   "rnd": 464,
   "n": "cES-tiger",
   "p2c": true,
   "pusher": 3
  },
  {
   "rnd": 444,
   "n": "cNW-tiger",
   "p2c": true,
   "pusher": 1
  }
 ]
}
