{
 "slow": [
  {
   "rnd": 569,
   "n": "cSN",
   "p2c": false,
   "pusher": 0
  },
  {
   "rnd": 568,
   "n": "cSW",
   "p2c": false,
   "pusher": 0
  },
  {
   "rnd": 567,
   "n": "cSE",
   "p2c": false,
   "pusher": 0
  },
  {
   "rnd": 525,
   "n": "cNS",
   "p2c": false,
   "pusher": 1
  },
  {
   "rnd": 543,
   "n": "cNW",
   "p2c": false,
   "pusher": 1
  },
  {
   "rnd": 554,
   "n": "cNE",
   "p2c": false,
   "pusher": 1
  },
  {
   "rnd": 504,
   "n": "cWS",
   "p2c": false,
   "pusher": 2
  },
  {
   "rnd": 486,
   "n": "cWN",
   "p2c": false,
   "pusher": 2
  },
  {
   "rnd": 536,
   "n": "cWE",
   "p2c": false,
   "pusher": 2
  },
  {
   "rnd": 597,
   "n": "cES",
   "p2c": false,
   "pusher": 3
  },
  {
   "rnd": 559,
   "n": "cEN",
   "p2c": false,
   "pusher": 3
  },
  {
   "rnd": 549,
   "n": "cEW",
   "p2c": false,
   "pusher": 3
  },
  {
   "rnd": 504,
   "n": "cSW0",
   "p2c": false,
   "pusher": 0
  },
  {
   "rnd": 512,
   "n": "cSW1",
   "p2c": false,
   "pusher": 0
  },
  {
   "rnd": 530,
   "n": "cSW3",
   "p2c": false,
   "pusher": 0
  }
 ]
}
