{
 "slow": [
  {
   "rnd": 574,
   "n": "cSN",
   "p2c": false,
   "pusher": 0
  },
  {
   "rnd": 554,
   "n": "cSW",
   "p2c": false,
   "pusher": 0
  },
  {
   "rnd": 558,
   "n": "cSE",
   "p2c": false,
   "pusher": 0
  },
  {
   "rnd": 533,
   "n": "cNS",
   "p2c": false,
   "pusher": 1
  },
  {
   "rnd": 525,
   "n": "cNW",
   "p2c": false,
   "pusher": 1
  },
  {
   "rnd": 559,
   "n": "cNE",
   "p2c": false,
   "pusher": 1
  },
  {
   "rnd": 526,
   "n": "cWS",
   "p2c": false,
   "pusher": 2
  },
  {
   "rnd": 541,
   "n": "cWN",
   "p2c": false,
   "pusher": 2
  },
  {
   "rnd": 506,
   "n": "cWE",
   "p2c": false,
   "pusher": 2
  },
  {
   "rnd": 546,
   "n": "cES",
   "p2c": false,
   "pusher": 3
  },
  {
   "rnd": 535,
   "n": "cEN",
   "p2c": false,
   "pusher": 3
  },
  {
   "rnd": 524,
   "n": "cEW",
   "p2c": false,
   "pusher": 3
  },
  {
   "rnd": 486,
   "n": "cSW0",
   "p2c": false,
   "pusher": 0
  },
  {
   "rnd": 509,
   "n": "cSW1",
   "p2c": false,
   "pusher": 0
  },
  {
   "rnd": 523,
   "n": "cSW3",
   "p2c": false,
   "pusher": 0
  }
 ]
}
