{
 "slow": [
  {
   "rnd": 566,
   "n": "cSN",
   "p2c": false,
   "pusher": 0
  },
  {
   "rnd": 540,
   "n": "cSW",
   "p2c": false,
   "pusher": 0
  },
  {
   "rnd": 571,
   "n": "cSE",
   "p2c": false,
   "pusher": 0
  },
  {
   "rnd": 549,
   "n": "cNS",
   "p2c": false,
   "pusher": 1
  },
  {
   "rnd": 527,
   "n": "cNW",
   "p2c": false,
   "pusher": 1
  },
  {
   "rnd": 571,
   "n": "cNE",
   "p2c": false,
   "pusher": 1
  },
  {
   "rnd": 551,
   "n": "cWS",
   "p2c": false,
   "pusher": 2
  },
  {
   "rnd": 506,
   "n": "cWN",
   "p2c": false,
   "pusher": 2
  },
  {
   "rnd": 533,
   "n": "cWE",
   "p2c": false,
   "pusher": 2
  },
  {
   "rnd": 566,
   "n": "cES",
   "p2c": false,
   "pusher": 3
  },
  {
   "rnd": 537,
   "n": "cEN",
   "p2c": false,
   "pusher": 3
  },
  {
   "rnd": 510,
   "n": "cEW",
   "p2c": false,
   "pusher": 3
  },
  {
   "rnd": 499,
   "n": "cSW0",
   "p2c": false,
   "pusher": 0
  },
  {
   "rnd": 536,
   "n": "cSW1",
   "p2c": false,
   "pusher": 0
  },
  {
   "rnd": 546,
   "n": "cSW3",
   "p2c": false,
   "pusher": 0
  }
 ]
}
