{
 "slow": [
  {
   "rnd": 481,
   "n": "cSN",
   "p2c": false,
   "pusher": 0
  },
  {
   "rnd": 486,
   "n": "cSW",
   "p2c": false,
   "pusher": 0
  },
  {
   "rnd": 447,
   "n": "cSE",
   "p2c": false,
   "pusher": 0
  },
  {
   "rnd": 410,
   "n": "cNS",
   "p2c": false,
   "pusher": 1
  },
  {
   "rnd": 478,
   "n": "cNW",
   "p2c": false,
   "pusher": 1
  },
  {
   "rnd": 460,
   "n": "cNE",
   "p2c": false,
   "pusher": 1
  },
  {
   "rnd": 409,
   "n": "cWS",
   "p2c": false,
   "pusher": 2
  },
  {
   "rnd": 435,
   "n": "cWN",
   "p2c": false,
   "pusher": 2
  },
  {
   "rnd": 457,
   "n": "cWE",
   "p2c": false,
   "pusher": 2
  },
  {
   "rnd": 463,
   "n": "cES",
   "p2c": false,
   "pusher": 3
  },
  {
   "rnd": 421,
   "n": "cEN",
   "p2c": false,
   "pusher": 3
  },
  {
   "rnd": 409,
   "n": "cEW",
   "p2c": false,
   "pusher": 3
  },
  {
   "rnd": 448,
   "n": "cSW0",
   "p2c": false,
   "pusher": 0
  },
  {
   "rnd": 461,
   "n": "cSW1",
   "p2c": false,
   "pusher": 0
  },
  {
   "rnd": 483,
   "n": "cSW3",
   "p2c": false,
   "pusher": 0
  }
 ]
}
