{
 "skip30": [
  {
   "n": "cSN"
  },
  {
   "n": "cSW"
  },
  {
   "n": "cSE"
  },
  {
   "n": "cNS"
  },
  {
   "n": "cNW"
  },
  {
   "n": "cNE"
  },
  {
   "n": "cWS"
  },
  {
   "n": "cWN"
  },
  {
   "n": "cWE"
  },
  {
   "n": "cES"
  },
  {
   "n": "cEN"
  },
  {
   "n": "cEW"
  },
  {
   "n": "cWN"
  },
  {
   "n": "cSE"
  },
  {
   "n": "cSE"
  },
  {
   "n": "cNS"
  },
  {
   "n": "cWS"
  },
  {
   "n": "cNS"
  },
  {
   "n": "cWE"
  },
  {
   "n": "cSE"
  },
  {
   "n": "cSN"
  },
  {
   "n": "cWS"
  },
  {
   "n": "cSN"
  },
  {
   "n": "cES"
  },
  {
   "n": "cES"
  },
  {
   "n": "cSW"
  },
  {
   "n": "cEN"
  },
  {
   "n": "cWN"
  },
  {
   "n": "cES"
  },
  {
   "n": "cWN"
  }
 ]
}
