✔ chaser prefers completion, then missing material, keeps original bids by index (20.3974ms)
✖ one target per night: two missing materials and duplicate offers use first market index (20.223ms)
✔ chaser leaves splitter untouched when complete or no material available (11.4859ms)
✖ chaser respects conservative cap, full fee budget and maximum bid count (11.4823ms)
✔ chaser cannot inspect private opponents or future market (11.1004ms)
✔ zero arm preserves recipe identity and bonus, removes only effects (38.234ms)
✔ summary uses full-game and holder denominators, including null zero cases (0.5641ms)
✔ matched pairs align by seed and reject duplicates or missing seeds (0.9022ms)
✔ real engine seven arms replay identically and carry raw metadata (949.1485ms)
✔ input and CLI reject nonpositive, duplicate or malformed samples (0.5121ms)
ℹ tests 10
ℹ suites 0
ℹ pass 8
ℹ fail 2
ℹ cancelled 0
ℹ skipped 0
ℹ todo 0
ℹ duration_ms 2595.5352

✖ failing tests:

test at ..\..\..\AppData\Local\Temp\l1e-evidence-0oKc05\mutant-no-chaser-boost\l1-balance.test.mjs:28:1
✖ one target per night: two missing materials and duplicate offers use first market index (20.223ms)
  AssertionError [ERR_ASSERTION]: Expected values to be strictly deep-equal:
  + actual - expected
  
    [
  -   4,
      2,
  +   2,
      0
    ]
  
      at TestContext.<anonymous> (file:///C:/Users/shung/AppData/Local/Temp/l1e-evidence-0oKc05/mutant-no-chaser-boost/l1-balance.test.mjs:31:10)
      at Test.runInAsyncScope (node:async_hooks:227:14)
      at Test.run (node:internal/test_runner/test:1306:25)
      at Test.processPendingSubtests (node:internal/test_runner/test:897:18)
      at Test.postRun (node:internal/test_runner/test:1447:19)
      at Test.run (node:internal/test_runner/test:1372:12)
      at async startSubtestAfterBootstrap (node:internal/test_runner/harness:385:3) {
    generatedMessage: true,
    code: 'ERR_ASSERTION',
    actual: [ 2, 2, 0 ],
    expected: [ 4, 2, 0 ],
    operator: 'deepStrictEqual',
    diff: 'simple'
  }

test at ..\..\..\AppData\Local\Temp\l1e-evidence-0oKc05\mutant-no-chaser-boost\l1-balance.test.mjs:44:1
✖ chaser respects conservative cap, full fee budget and maximum bid count (11.4823ms)
  AssertionError [ERR_ASSERTION]: Expected values to be strictly deep-equal:
  + actual - expected
  
    [
  -   3,
      2,
  +   2,
      0
    ]
  
      at TestContext.<anonymous> (file:///C:/Users/shung/AppData/Local/Temp/l1e-evidence-0oKc05/mutant-no-chaser-boost/l1-balance.test.mjs:51:10)
      at Test.runInAsyncScope (node:async_hooks:227:14)
      at Test.run (node:internal/test_runner/test:1306:25)
      at Test.processPendingSubtests (node:internal/test_runner/test:897:18)
      at Test.postRun (node:internal/test_runner/test:1447:19)
      at Test.run (node:internal/test_runner/test:1372:12)
      at async Test.processPendingSubtests (node:internal/test_runner/test:897:7) {
    generatedMessage: true,
    code: 'ERR_ASSERTION',
    actual: [ 2, 2, 0 ],
    expected: [ 3, 2, 0 ],
    operator: 'deepStrictEqual',
    diff: 'simple'
  }
