✖ opt-in observes real acquisition immediately and preserves first time after same-night loss (72.2009ms)
✔ off/on game results are byte-identical after removing record field and RNG is unchanged (1321.6745ms)
✔ recorder is detached from game state and reset for the next game (62.0715ms)
✔ callback exception clears recorder and nested playPolicyGame is rejected before replacing state (21.8723ms)
✔ previews and lookalike players cannot create holdings (38.3365ms)
✖ opponent and dead holder remain in first snapshot; duplicate and reacquisition never overwrite first (20.7876ms)
✔ same-night completion then loss uses real hunter gain and ghost loss (29.1055ms)
✔ real player identity guard rejects same-id preview mutated through a real hook (89.4478ms)
✖ auction acquisition and poison transfer are observed before item hooks (13.3606ms)
✔ event gifts, transfers and forced curse use their real mutation entrances (133.7117ms)
✖ hook transfer, pawn and wind observe each removal and receipt in order (16.934ms)
✔ shrine reward, award, release and actual endgame stripping are observed (99.3561ms)
✔ off/on equivalence also holds with default event, rule, wish and shrine flags (165.0696ms)
ℹ tests 13
ℹ suites 0
ℹ pass 9
ℹ fail 4
ℹ cancelled 0
ℹ skipped 0
ℹ todo 0
ℹ duration_ms 3695.8927

✖ failing tests:

test at tests\chain-holdings.test.mjs:24:1
✖ opt-in observes real acquisition immediately and preserves first time after same-night loss (72.2009ms)
  AssertionError [ERR_ASSERTION]: Expected values to be strictly deep-equal:
  + actual - expected
  
    {
  +   mutationSequence: 1,
  -   mutationSequence: 2,
      phase: 'battle.hunter.gain',
      round: 1
    }
  
      at TestContext.<anonymous> (file:///C:/Users/shung/wt/yaoshi/l1-water-chain/tests/chain-holdings.test.mjs:35:10)
      at Test.runInAsyncScope (node:async_hooks:227:14)
      at Test.run (node:internal/test_runner/test:1306:25)
      at Test.start (node:internal/test_runner/test:1177:17)
      at startSubtestAfterBootstrap (node:internal/test_runner/harness:385:17) {
    generatedMessage: true,
    code: 'ERR_ASSERTION',
    actual: { round: 1, phase: 'battle.hunter.gain', mutationSequence: 1 },
    expected: { round: 1, phase: 'battle.hunter.gain', mutationSequence: 2 },
    operator: 'deepStrictEqual',
    diff: 'simple'
  }

test at tests\chain-holdings.test.mjs:93:1
✖ opponent and dead holder remain in first snapshot; duplicate and reacquisition never overwrite first (20.7876ms)
  AssertionError [ERR_ASSERTION]: Expected values to be strictly deep-equal:
  + actual - expected
  
  + undefined
  - {
  -   mutationSequence: 2,
  -   phase: 'battle.hunter.gain',
  -   round: 1
  - }
  
      at TestContext.<anonymous> (file:///C:/Users/shung/wt/yaoshi/l1-water-chain/tests/chain-holdings.test.mjs:106:10)
      at Test.runInAsyncScope (node:async_hooks:227:14)
      at Test.run (node:internal/test_runner/test:1306:25)
      at Test.processPendingSubtests (node:internal/test_runner/test:897:18)
      at Test.postRun (node:internal/test_runner/test:1447:19)
      at Test.run (node:internal/test_runner/test:1372:12)
      at async Test.processPendingSubtests (node:internal/test_runner/test:897:7) {
    generatedMessage: true,
    code: 'ERR_ASSERTION',
    actual: undefined,
    expected: { round: 1, phase: 'battle.hunter.gain', mutationSequence: 2 },
    operator: 'deepStrictEqual',
    diff: 'simple'
  }

test at tests\chain-holdings.test.mjs:137:1
✖ auction acquisition and poison transfer are observed before item hooks (13.3606ms)
  TypeError: Cannot read properties of undefined (reading 'phase')
      at TestContext.<anonymous> (file:///C:/Users/shung/wt/yaoshi/l1-water-chain/tests/chain-holdings.test.mjs:148:38)
      at Test.runInAsyncScope (node:async_hooks:227:14)
      at Test.run (node:internal/test_runner/test:1306:25)
      at Test.processPendingSubtests (node:internal/test_runner/test:897:18)
      at Test.postRun (node:internal/test_runner/test:1447:19)
      at Test.run (node:internal/test_runner/test:1372:12)
      at async Test.processPendingSubtests (node:internal/test_runner/test:897:7)

test at tests\chain-holdings.test.mjs:165:1
✖ hook transfer, pawn and wind observe each removal and receipt in order (16.934ms)
  AssertionError [ERR_ASSERTION]: wangchuan
  + actual - expected
  
  + undefined
  - {
  -   mutationSequence: 2,
  -   phase: 'hook.wangchuan.gain',
  -   round: 1
  - }
  
      at TestContext.<anonymous> (file:///C:/Users/shung/wt/yaoshi/l1-water-chain/tests/chain-holdings.test.mjs:188:14)
      at Test.runInAsyncScope (node:async_hooks:227:14)
      at Test.run (node:internal/test_runner/test:1306:25)
      at Test.processPendingSubtests (node:internal/test_runner/test:897:18)
      at Test.postRun (node:internal/test_runner/test:1447:19)
      at Test.run (node:internal/test_runner/test:1372:12)
      at async Test.processPendingSubtests (node:internal/test_runner/test:897:7) {
    generatedMessage: false,
    code: 'ERR_ASSERTION',
    actual: undefined,
    expected: { round: 1, phase: 'hook.wangchuan.gain', mutationSequence: 2 },
    operator: 'deepStrictEqual',
    diff: 'simple'
  }
