{
 "kinds": [
  {
   "rnd": 502,
   "n": "cSW-wedding",
   "p2c": true,
   "pusher": 0
  },
  {
   "rnd": 469,
   "n": "cNS-wedding",
   "p2c": true,
   "pusher": 1
  },
  {
   "rnd": 453,
   "n": "cEW-wedding",
   "p2c": true,
   "pusher": 3
  },
  {
   "rnd": 458,
   "n": "cSW-guava",
   "p2c": true,
   "pusher": 0
  },
  {
   "rnd": 411,
   "n": "cNS-guava",
   "p2c": true,
   "pusher": 1
  },
  {
   "rnd": 463,
   "n": "cEW-guava",
   "p2c": true,
   "pusher": 3
  },
  {
   "rnd": 463,
   "n": "cSW-water",
   "p2c": true,
   "pusher": 0
  },
  {
   "rnd": 446,
   "n": "cNS-water",
   "p2c": true,
   "pusher": 1
  },
  {
   "rnd": 412,
   "n": "cEW-water",
   "p2c": true,
   "pusher": 3
  },
  {
   "rnd": 427,
   "n": "cSW-lock",
   "p2c": true,
   "pusher": 0
  },
  {
   "rnd": 462,
   "n": "cNS-lock",
   "p2c": true,
   "pusher": 1
  },
  {
   "rnd": 436,
   "n": "cEW-lock",
   "p2c": true,
   "pusher": 3
  },
  {
   "rnd": 452,
   "n": "cSW-tiger",
   "p2c": true,
   "pusher": 0
  },
  {
   "rnd": 421,
   "n": "cNS-tiger",
   "p2c": true,
   "pusher": 1
  },
  {
   "rnd": 416,
   "n": "cEW-tiger",
   "p2c": true,
   "pusher": 3
  }
 ]
}
