
押寶夜 AI 一注決策（onAiStake） 行為測試　目標檔：C:\Users\shung\wt\yaoshi\curse-slow\index.html

  PASS  X＝會進開標的前 MAX_BIDS 筆金額總和（D1'）：4 筆 5/4/3/2、MAX_BIDS=2 → X=9
  PASS  MAX_BIDS=0（無上限）時全取：同一份計畫 X＝5+4+3+2＝14
  PASS  被 MAX_BIDS 裁掉的那幾筆不計入 X，但仍留在勾選集裡（全落標）
  PASS  保守標的 X 受 consCapFor 夾住（壽命 24 → 上限 8，X＝9 夾成 8）
  PASS  押命標的 X 受「壽命−1」夾住（壽命 12 → 上限 11，X＝14 夾成 11）
  PASS  型態取原本金額最大那筆（最大那筆是押命標 → 這一注就是押命標）
  PASS  真人不受影響：UI 封好的一注（stake 記號）照原樣過，不加總、不夾上限
  PASS  非押寶夜完全不走這一段：同一份計畫在一般夜仍是三筆獨立的標

────────────────────────────
通過 8　失敗 0
✔ tests\aistake.test.mjs (1926.8334ms)
✔ opt-in observes real acquisition immediately and preserves first time after same-night loss (174.4186ms)
✔ off/on game results are byte-identical after removing record field and RNG is unchanged (3547.8576ms)
✔ recorder is detached from game state and reset for the next game (135.1786ms)
✔ callback exception clears recorder and nested playPolicyGame is rejected before replacing state (82.3394ms)
✔ previews and lookalike players cannot create holdings (117.3173ms)
✔ opponent and dead holder remain in first snapshot; duplicate and reacquisition never overwrite first (72.6816ms)
✔ same-night completion then loss uses real hunter gain and ghost loss (77.04ms)
✔ real player identity guard rejects same-id preview mutated through a real hook (234.0147ms)
✔ auction acquisition and poison transfer are observed before item hooks (24.5883ms)
✔ event gifts, transfers and forced curse use their real mutation entrances (630.6805ms)
✔ hook transfer, pawn and wind observe each removal and receipt in order (578.5222ms)
✔ shrine reward, award, release and actual endgame stripping are observed (440.9688ms)
✔ off/on seeds 1..20 also match with default event, rule, wish and shrine flags (4692.0571ms)
✔ 水陸配方查詢純讀，雙件啟動、重複不疊加、缺件即失效 (48.1635ms)
✔ 毒標遇有效水陸：付費得標、銷毀一次、未入袋、未算命中 (36.9883ms)
✔ 缺材料時毒標照常入袋、命中與歷史不加阻擋欄 (45.8775ms)
✔ 詛咒偽材料不啟動；已有詛咒不清除；自購詛咒沿用自保銷毀 (22.6666ms)
✔ 同夜先補材料後毒標即擋；毒標先到不能追溯 (77.3645ms)
✔ 阻擋時虎爺與紅衣受咒 hook 不發，大家樂仍計得標 (18.6846ms)
✔ 空 CHAINS 表決定性，trace seeds 1–20 重跑逐位元組相等 (2448.5875ms)
✔ 道具、連鎖、角色與心願的收集層順序固定 (21.6395ms)
✔ 王船或夜規直接送入詛咒時水陸不攔，既有物件仍在袋中 (32.726ms)
✔ 被擋毒標不列入回顧命中與最狠一手，歷史仍留企圖目標 (21.2639ms)
✔ 128 physical coins use the eight-sided square-hole geometry budget (3.5529ms)

保守標上限伺服端夾 行為測試　目標檔：C:\Users\shung\wt\yaoshi\curse-slow\index.html

【一般夜】
  PASS  設標時合法的保守標，放血把上限壓到金額之下 → 落標實付＝押命標算式
  PASS  反面：沒放血、保守標仍在上限內 → 落標實付不變（保守標算式）
  PASS  反面：放血後金額仍在新上限內的保守標，實付照舊不受影響
  PASS  得標者不受影響：超上限的保守標若得標，實付仍是全額出價＋買路錢
【押寶夜（singleStake）】
  PASS  押寶夜：一注設定時合法，放血後超上限 → 落標實付＝押命標算式

────────────────────────────
通過 5　失敗 0
✔ tests\conscap.test.mjs (1742.533ms)
✔ dupGroups：只有同一側同 ab ≥2 隻才成組；無同型／紙紮（無 ab）一律 null (14.3209ms)
✔ dupStagger：無同型 ⇒ 三分量全 0；同型三隻 ⇒ 朝向對稱且互異、前排一對內外分開、後排那隻只往前帶不左右挪 (4.1473ms)
✔ MAIN_OUTLINE：三件主色 hex 逐一等於 assets/creatures/<ab>.json 的 palette 色 (41.9608ms)
✔ outlineColorFromHex：保留主色色相、明度壓在 bloom 門檻下，且與該系描邊色不同（不是空改） (2.5386ms)
✔ all five auction curse cards explain their distinct effect, including locked auctions (2.3628ms)
✔ all six full curse descriptions state triggers, limits, stacking and purification scope (0.5479ms)
✔ marking cards explain all curses before the player chooses a target (1.1436ms)
✔ retired power-only copy stays hidden while cards show the actual paper-war move (2.9011ms)
✔ non-lock curses no longer impose a shared attack penalty (79.7144ms)
✔ lock affects one strongest front unit only on beat one, stacks, and is cleansed (52.6308ms)
✔ white tiger adds defeat loss only, before item mitigation, and respects cleansing (26.2584ms)
✔ water talisman triggers once per battle, stacks damage without recursion (22.5584ms)
✔ event boat curse weakens one unit without killing it or lowering all attack (18.6102ms)
✔ wedding gift is charged at night end only after winning an auction, guava is unconditional (79.2457ms)
✔ cleansed army summary still discloses wedding and guava costs (24.5791ms)
✔ white tiger does not penalize its holder for winning or drawing (27.4068ms)
✔ curse feedback targets its holder and distinguishes attack reduction from health loss (20.1044ms)
✔ water waits for simultaneous damage settlement and cannot target an already doomed last ally (21.0069ms)
✔ unregistered curse events cannot impersonate health damage (23.2095ms)
✔ water selects the actual survivor after two allies die in one settlement batch (28.0978ms)

對決演出「沒兵仍出招／隻數不同步」行為測試　目標檔：C:\Users\shung\wt\yaoshi\curse-slow\index.html

【D2：一側第 2 拍前全滅 → 第 2、3 拍不得再有該側的 trait 事件】
  PASS  前提：甲方確實在第 1 拍就已全滅（活性，不是本測試的核心斷言）
  PASS  行為斷言：新版第 2、3 拍沒有由甲方（全滅方）發出的 trait 事件
        （備忘）第2拍甲方 trait 事件數＝0，第3拍＝0
  PASS  鑑別力：舊版（呼叫端傳入的 TARGET）在同一條斷言上必須是紅的，證明治具真的踩到這個桶子
  PASS  新版：乙方的誘餌群體單位不該被「死人抓交替」燒掉（aliveB 應為 2＝精英＋誘餌都在，不是 1）

【個別驗證：另外三處存活檢查（atkAll／飼鬼甕／迷途）各自的行為斷言】
  PASS  wardAtkAll1（媽祖令旗，二拍全體 atk+）：全滅方不該再發這個 trait
  PASS  swarmFeed1（飼鬼甕，拍末對面有燒就本方全體 hp+）：全滅方不該再發這個 trait
  PASS  hauntLost（魔神仔紅帽，三拍迷途）：全滅方不該再讓對面某隊三拍不出手

結果：7 綠 ／ 0 紅
✔ tests\duel-desync.test.mjs (329.7509ms)
徽記剪影互撞：30 個 kind ／ 435 對 ／ 同系門檻 0.8
  PASS  自我對照＝1.0（30/30）
  PASS  自我擾動（放大 1.5 倍）必須全部掉到 ≤0.50
  PASS  相似度有動態範圍（最小 <0.20、最大 >0.85）
  PASS  人眼公認不像的一對（bolt 雷女之火 vs seal 虎爺印）必須 ≤0.60
        人眼互撞五組：knife~blade=0.5(第 227 名) seal~tornflag=0.3784(第 337 名) seal~chair=0.3275(第 374 名) hat~wave=0.4247(第 292 名) hat~banner5=0.4864(第 241 名)
        bell 同系最高：bell~lamp=0.8352（第 4 名）
  PASS  校準記錄：五組人眼互撞的最小值 < bell 同系的最大值（＝純幾何無法校準到人眼）
  PASS  同系 IoU ≥0.8 的配對全部在批 1 前置回修清單裡
  PASS  回修清單裡的每一對現在仍然真的超標（死豁免判紅）
  PASS  跨系 IoU ≥0.8 的配對全部在跨系記錄清單裡（覆審 r2 N5）
  PASS  跨系記錄清單裡的每一對現在仍然真的超標（死豁免判紅）

【報告，不進判定】IoU ≥0.8 的配對共 16 對（同系 3 對）：
   0.9290 bell      shade     跨系 xianghuo/yinqi
   0.8698 urn       drop      同系 yinqi
   0.8480 crag      urn       跨系 zuling/yinqi
   0.8352 bell      lamp      同系 xianghuo
   0.8333 rhomb     talis     跨系 zuling/xianghuo
   0.8258 lamp      shade     跨系 xianghuo/yinqi
   0.8202 talis     tablet    跨系 xianghuo/legend
   0.8182 bead      drop      跨系 zuling/yinqi
   0.8161 bead      urn       跨系 zuling/yinqi
   0.8136 bead      sundisc   跨系 zuling/legend
   0.8118 seal      urn       跨系 xianghuo/yinqi
   0.8068 bell      urn       跨系 xianghuo/yinqi
   0.8034 crag      sundisc   跨系 zuling/legend
   0.8011 sun       sundisc   跨系 zuling/legend
   0.8000 knife     tablet    跨系 zuling/legend
   0.8000 drop      shade     同系 yinqi

結果：9 綠 ／ 0 紅
✔ tests\emblem-collision.test.mjs (301.2298ms)
三級視覺分級 F1：目標檔 index.html
  PASS  fx-consts.mjs 與頁面 PW_FX 的三張表逐鍵相同
  PASS  頁面 PW_FX 就是 fx-consts 那三張表（走真的載進來的物件，不是 regex）
  PASS  pwBeatTier 已匯出（沒有就是這一卷還沒做，下面四條一併紅）
  PASS  三尊大招（TRAITS.tier===3）把整拍鎖在 tier 3
  PASS  ★修訂一★ 一般擊殺拍走 tier 1（不再因為有 burn 就升 2）
  PASS  ★修訂一★ 燒掉傳說尊那一拍升 tier 2
  PASS  pwIsLegendUnit 認的是 LEGENDS 的 m（不是寫死字串），側別用 burn 的 side
  PASS  ?fxtier=0（TIER_ON=false）時所有拍恆回 tier 2＝v0.53 行為
  PASS  ★R1 M2★ 招級時長：同一拍裡的普通招上限 2，只有傳說招走 3
  PASS  pwTierMs／pwBeatMinMs 只認 1／2／3，別的值一律當 2（不給 0 或 undefined）
  PASS  js/trait-fx.js：沒有 `|| 900` 退路，且缺 detail.ms／baseMs 會 throw
  PASS  js/camera-director.js：LEAN.ms 退路已刪，缺 detail.ms 會 throw
  PASS  runtime（index.html＋js/）語意為招式時長的 900 字面值＝0 處
  PASS  TRAITS 的 tier 欄位只掛在三尊三招上（其餘 27 支不寫，讀作 1）

結果：14 綠 ／ 0 紅
✔ tests\fxtier.test.mjs (321.8594ms)
語彙對齊 L12：docs\experiments\2026-09-11-fx-vocab.md ↔ js/trait-fx/vocab.js ↔ js/trait-fx/emblems.js
  PASS  FX_PAL 三系四色與文件第 1 節逐格相同
  PASS  BEAT 三級四段與文件第 2 節逐格相同
  PASS  BEAT_FRAC 是比例不是毫秒（三級各三個切點、遞增、都 <1）
  PASS  PHASE_GATE 的六個數字都出現在文件第 3 節
  PASS  EMBLEM_OF 是 trId ↔ kind 的雙射，30 對
  PASS  EMBLEM_OF 與文件第 4 節逐列相同（trId／系／kind）
  PASS  FAC_VOCAB 是三系各一組白名單（動詞庫／道具家族／反應家族都非空）
  PASS  MOVE_SPEC 三欄都非空，且取值落在該系白名單內（P1 ①②）
  PASS  MOVE_SPEC 覆蓋 27 支招、不含三尊（P1 ③）
  PASS  STANCE_VOCAB／REACT_AXIS／FAC_GROUND 三張表自身完整（沒有 undefined 可以讓「不同型」恆綠）
  PASS  已轉正的招都登記了 stance，且取值在白名單內（§A9 ①）
  PASS  施招姿態與受益／受招反應不同型（§A9 ②）
  PASS  已轉正的招的編舞真的呼叫了 st.stance／st.groundMark（§A9 ③）
  PASS  已轉正的招都登記了道具落點 anchor，取值在白名單內，而且編舞真的登記了至少一件（裁定①）
  PASS  三系編舞與引擎裡不得把「橫向」寫成世界軸（覆審 r5 HIGH-A 的掃描）
  PASS  ANCHOR_KIND 的六個取值與語彙檔 §A9 逐格相同（防「兩邊各一套」）
  PASS  selfReact 是「唯一一支沒有第三方」的豁免，不得長成第二支（§A9 ② 的豁免守衛）
  PASS  STANCE_VOCAB 的幅度與 STANCE_GATE 與語彙檔 §A9 逐格相同（防「兩邊各一套」）
  PASS  還留著 V054 退路的招不得在 MOVE_SPEC 登記 stance（覆審 M9 的協調盲點）
  PASS  emblems.js 的 kind 集合等於 EMBLEM_OF 的 kind 集合
  PASS  每個 kind 的外框頂點 ≤24（ART_BIBLE §10.2 第 3 條）
  PASS  ICON 四個欄位與文件第 5 節相同
  PASS  ICON.sizeOf／flatSizeOf 是尺寸的單一事實來源（byKind 覆寫、其餘回預設）
  PASS  ICON.markSizeOf 是印記尺寸的單一事實來源，且與文件第 5 節的 markByKind 表逐列相同
  PASS  ICON.byKind／flatByKind 與文件第 5 節的覆寫表逐列相同
        （分母：4 個編舞檔、82 處 scale 寫法、8 個徽記名字、5 處 st.iconScale；徽記 mesh 被直接縮放 0 處）
  PASS  徽記世界尺寸不得有第二份來源（o.size 拒收 ＋ 編舞不得碰 scale／geometry／matrix／parent ＋ 不得 grow／add）
  PASS  ICON._resolve 是三張尺寸表的共同出口（L3 canary 一次蓋三表，覆審 r3 N12）
  PASS  DEPRECATED／RETIRED_BY_FAC 與文件第 6 節相同
  PASS  vocab.js 自己不含 TODO／佔位
  PASS  腳下語彙是 stain 的系別，本體色的相對亮度必須低於桌面（§B3「暗斑」）

結果：30 綠 ／ 0 紅
✔ tests\fxvocab.test.mjs (410.3724ms)
✔ D3：GRAB_MS 單一來源——index.html CFG.GRAB_MS=1260 經 ys:reveal-result 的 grabMs 交給 3D；卡片等待由它推得 (1.8893ms)
✔ 一般得標：落定＝GRAB_MS、時間軸隨 GRAB_MS 等比縮放；落定後停 HOLD_S 才隱藏（D1） (2.5302ms)
✔ 掙扎：抓起階段法寶相對掌心的側向位移正負交替 ≥2 次、振幅 >0（拿掉掙扎就紅） (1.9835ms)
✔ D2：扣法——side 扣肩頸（低於頂、指尖朝上＝手臂從下方伸來，不從天上伸下來）；top（西／東越中線）扣上緣；俯角都 < 0.62 (0.4364ms)
✔ v0.61.1 CURSE_MS 單一來源：index.html CFG.CURSE_MS=2000 經 ys:reveal-result 的 curseMs 交給 3D；揭卡等到按住結束（CURSE_CARD_K＝CURSE.T.hold/T.press） (0.9121ms)
✔ 詛咒 A＋C：施放者＝毒標得標席、受害者＝transferTarget；落定＝CURSE_MS（2000 → 1800–2200）、推 ≥1.2s、按住 ≥0.6s；繩只在按住階段、受害者顫抖 (12.7863ms)
✔ v0.60.1 詛咒不拖回（docs/experiments/2026-10-05-curse-fix/acceptance.md #2）：按住起到演完，符紙堆停在受害者席前（dest）不動；受害者的手不往席位縮（只抖） (1.3388ms)
✔ v0.61.1 抬升規劃：符紙堆與兩手的高度 ≥ 可達需要量（不穿）且每格變化 ≤ 斜率上限（不瞬移）；按住段受害者固定、施放者不提早抬 (1.9998ms)
✔ D5：紙錢繩幾何預建——new THREE.TubeGeometry 全檔只有一處，且在 ropeMesh() 的「已建就回」守衛之後（每幀 0 次重建）；不 dispose 繩幾何 (0.6185ms)
✔ D6：純呈現——grab-motion 不碰亂數、不讀賽局；?grab=0 與 CFG.GRAB_ON 兩道開關都在 (0.8995ms)
✔ D4：抓取專用可達只作用於 grab 類——frames() 在 REACH／俯角掃描之前分流；reveal 不覆寫抓取中的手 (0.3189ms)
✔ 跳過：doSkip 的 ys:fx-trait-cancel 先把抓取演出跳到終態再收手；跳過中才開的件 3D 直接到終態 (0.3025ms)
RENDER {"kind":2,"scarY":1,"noise":{"px":0,"stable":921600},"scar":{"px":3726,"stable":921600},"skin":{"px":232402,"stable":921600},"errs":[]}
✔ 寫實皮膚實頁像素：獵人疤強度歸零⇒疤的像素改變；膚色換純綠⇒手的像素大量改變 (16217.3661ms)
✔ 命懸一線只給存活的低血量冠軍，四家全滅不得宣稱活到天明 (2.1305ms)
✔ 三種高光轉場由單一純讀取 CUTS 表定義 (1.4599ms)
✔ 轉場只能由真人演出點消費，且每局每種最多一次 (2.5815ms)
✔ 高光轉場保持 reduced-motion 的靜態替代路徑 (1.3478ms)
✔ auction abilities state the fee and minimum-life-loss exceptions (11.2746ms)
✔ battle details distinguish initiative ties, the winning side, and precise swap targets (2.1396ms)
✔ damage copy covers ward fear and armor that triggers only above one remaining damage (0.6192ms)
✔ health growth and sacrifice specify health limits, team scope and battle duration (0.4973ms)
✔ full unit details explain resonance timing without implying a single attack beat (0.2322ms)
✔ chair disclosure explains the computer-holder exception (0.1593ms)
✔ chaser prefers completion, then missing material, keeps original bids by index (42.0503ms)
✔ one target per night: two missing materials and duplicate offers use first market index (37.3218ms)
✔ chaser leaves splitter untouched when complete or no material available (36.8523ms)
✔ chaser respects conservative cap, full fee budget and maximum bid count (20.928ms)
✔ chaser cannot inspect private opponents or future market (28.2218ms)
✔ zero arm preserves recipe identity and bonus, removes only effects (184.058ms)
✔ summary uses full-game and holder denominators, including null zero cases (0.5286ms)
✔ matched pairs align by seed and reject duplicates or missing seeds (1.656ms)
✔ real engine seven arms replay identically and carry raw metadata (1888.3439ms)
✔ input and CLI reject nonpositive, duplicate or malformed samples (1.0068ms)
✔ untargeted splitter holder fields are not measured, never zero attainment (0.2642ms)
✔ all 6 cross-faction chains are correctly defined (38.7545ms)
✔ water chain freeBidFee: resolves with 0 fee, whereas normal player pays fee 1 (47.6787ms)
✔ twinTiger markTax charges opponents +1 fee when marked, but not本人 (19.5763ms)
✔ eyes previewDiscount gives -1 cost to items seen in previous preview (19.9279ms)
✔ water swapNoSelfBurn and teamHalfSplash in paperWar (38.0391ms)
✔ eyes teamWardFirst and beat1WeakenFront in paperWar (19.6505ms)
✔ bloodOath yamingEffBonus: gives +1 effective bid in auction comparison (21.7119ms)
✔ bloodOath paperWar: bloodSacrifice low-life atk and selfCut reflection (24.6843ms)
✔ godKing shrineAutoIncense: awards +1 incense in resolveShrines without spending life (20.0571ms)
✔ godKing paperWar: godKingSniper deals 3 damage instead of 1 in openShot (21.2359ms)
✔ eternalFlame roundExpenseRebate on night end and teamRegenAll in paperWar (26.8674ms)
✔ AI destiny pursuit adds two only to its own missing recipe items above the life floor (39.6307ms)
✔ AI actual bid rises by exactly two for a missing destiny material (63.4693ms)
✔ AI plans with actual water-free, ordinary, and tiger-marked entry fees (62.1688ms)
✔ four letters draw independently with replacement without advancing market RNG (75.9637ms)
✔ rejects sparse explicit private destiny draws (22.9511ms)
✔ public seed and market cannot determine an unrevealed private letter (51.8529ms)
✔ production draw uses secure bytes and persists private letters across reload (64.9441ms)
✔ production draw fails closed without secure entropy (19.9261ms)
✔ policy and trace runners accept private draws for paired reproducibility (486.8769ms)
✔ true eyes sees a private fourth preview only while awakened recipe is held (20.8406ms)
✔ next preview is frozen before auction awakening and survives later material loss (42.8186ms)
✔ original true water refunds one only for an effective empty-hand auction (59.0081ms)
✔ original true tiger charges 35% conservative loss on its marked item without bidding (79.2233ms)
✔ true blood oath reduces original every losing life bid, candidate only first (68.7475ms)
✔ true eyes discounts only its fourth individually recorded preview (53.7892ms)
✔ true eyes preview distinguishes duplicate copies of the same named item (21.5738ms)
✔ true god king returns seven life on shrine award and original waives this night tithe (55.4509ms)
✔ true eternal flame grants the lowest life after auction before death sweep (58.2301ms)
✔ two paid true eternal holders tied for lowest follow the wind only in candidate (37.2501ms)
✔ real auction bag ingress awakens designated recipe once; other recipe, duplicates and losses do not (27.9747ms)
✔ empty bag, cursed lookalike, preview and non-auction mutation never awaken (21.0098ms)
✔ public projection gates hotseat letters until each actual reveal; replay has only event-time results (23.5264ms)
✔ two materials won in one auction announce only at the second item and never repeat (18.441ms)
✔ unannounced later item cannot leak its private cost through public replay or seat state (46.1533ms)
✔ malformed noncurse poison transfer remains engine-safe if injected by a headless caller (18.8488ms)
✔ solo bag shows no premature awakened status before its reveal card (19.9839ms)
✔ dead seat cannot buy a missing material and gains no private hotseat view (18.6816ms)
✔ fatal winning payment still enters the bag and awakens before the existing death sweep (17.9687ms)
✔ public seed never exposes independently drawn private letters (17.6104ms)
✔ focus instrumentation leaves an ordinary game and both RNG streams unchanged (480.3897ms)
✔ focus replay forks at an identical complete checkpoint and isolates other seats (541.2874ms)
✔ checkpoint equality includes treatment mode, RNG state and object identity (0.7722ms)
✔ checkpoint mismatch aborts before focus intervention (195.8175ms)
✔ focus transform rejects drift in product anchors (0.9395ms)
✔ tiger loser event is attributed to its true-effect source chain (0.4384ms)
✔ focus gate requires the frozen sample and a distinct true event (0.2537ms)
✔ committed raw keeps historical HEAD while current byte hashes are checked (635.5403ms)
✔ function-bearing chain effects get a stable, cloneable source fingerprint (2.2958ms)
✔ machine-readable protocol freezes six chains, arm IDs and seed blocks (3.4442ms)
✔ raw validator accepts a complete same-seed six-arm batch and rejects mutations (1052.571ms)
✔ ten thousand structurally valid rows cannot be mistaken for a measured result (746.6373ms)
✔ conditional measures fail closed on an empty denominator (0.7085ms)
✔ paired effect gate refuses small samples and zero-trigger arms despite a narrow interval (0.4058ms)
✔ real runner executes paired arms with one private draw table and records engine events (2900.5916ms)
✔ true tiger weakens only the first front, for the whole battle, once (82.9994ms)
✔ true tiger has no phantom front to weaken (19.5543ms)
✔ true water follows a successful swap; candidate requires the source team alive (64.5105ms)
✔ true eyes first-beat armor pierce keeps boat absorb and personal shield rules separate (47.1462ms)
✔ two true-eye armies with first strike both act before either side settles (19.8976ms)
✔ true god king gains one attack after an actual opening-shot kill; candidate ends after beat one (85.8564ms)
✔ true blood oath adds one opening retaliation once despite duplicate knives (41.3111ms)
✔ true eternal shield follows successful feeding, and candidate needs its source alive (60.044ms)
✔ candidate eternal shield expires after the next beat, while original shield persists (41.8639ms)
✔ duplicate urns produce one true shield per successful feed beat (20.7388ms)
✔ personal shield absorbs after boat and before armor; pierce skips boat only (27.521ms)
✔ each true destiny has a readable private rule and night move caption (20.372ms)
✔ H9 uses unrounded holder rates at the +3pp boundary (1.1865ms)
✔ H9 uses unrounded holder rate at the 85% ceiling (0.2587ms)
✔ H9 keeps information-blind eyes and empty holders incomplete (0.1771ms)
✔ water chain has zero auction fee in settlement and in single-stake projection (58.6446ms)
✔ tiger mark charges an opposing bidder two in settlement and single-stake projection (36.3245ms)
✔ mixed single-stake selection shows conditional fee range and reserves its maximum (22.1255ms)
✔ mixed-item single stake settles at the winning item fee (82.3025ms)
✔ normal bidding uses own-mark rebate and charges no fee for zero bids (24.3629ms)
✔ ordinary bid sheet renders the active seat fee instead of throwing (30.8116ms)
✔ ordinary bid sheet uses the same own-mark rebate as settlement (20.7075ms)
✔ luopo full-loss rule preserves the actual water or tiger entry fee (44.46ms)
✔ raincoat blocks lost stake but preserves water-free or tiger-marked fee (41.2502ms)
✔ xiaonv lost stake preserves the actual water-free or tiger-marked fee (48.8431ms)
✔ lvshan solo curse discount excludes the actual water-free or tiger-marked fee (51.0142ms)
✔ frozen eight arms and table modes are explicit (2.0235ms)
✔ real engine runs all eight tables with complete four-seat ever-held evidence (5053.5601ms)
✔ H1 uses seat-zero paired win difference and inclusive -8 to +5 pp bounds (35.971ms)
✔ H9 counts any of four ever-holders, winner among them, separate denominators and 85% ceiling (13.1768ms)
✔ H9 zero denominators are null/incomplete; blind eyes diagnostic cannot pass (1.1929ms)
✔ H9 +3/+10 bounds and 85% ceiling are independently checked (21.5723ms)
✔ formal status requires exactly seeds 1..10000 and a failing metric makes overall fail (1949.5239ms)
✔ aggregate rejects absent arm/seed, duplicate, invalid winner/holders and mixed provenance (6.3363ms)
✔ CLI requires explicit arm for run and positive n; aggregate is a separate mode (0.7282ms)
✔ gzip arm files round-trip; all writes are exclusive and report keeps table/limit labels (306.379ms)
✔ counts all four endpoint holders, including winners outside seat zero (6.7069ms)
✔ normal and zero use their own denominator and zero denominator is null (0.7258ms)
✔ raw parser requires valid JSON lines (3.5234ms)
✔ rejects invalid arms and duplicate or missing arm seeds (0.7894ms)
✔ rejects illegal winner and malformed four-seat chain data (1.8564ms)
✔ validates entire raw before any output and hashes original bytes (18.7059ms)
✔ refuses an output directory inside the original pilot (3.6224ms)
✔ refuses a junction that resolves into the original pilot (5.6661ms)
✔ highest noncurse market item wins tie by index, and a curse cannot be target (2.8144ms)
✔ largest legal second bid changes the next bid, bounded to base plus two and cap (0.4293ms)
✔ third legal preview reserves two when its value exceeds tonight best (0.4868ms)
✔ fee, budget, max bids, empty market and null context are deterministic for both arms (0.8348ms)
✔ blind adapter exposes only base preview and removes reveal, preserving original base count (0.6123ms)
✔ policy adapter still consumes information when recipe is already complete, without private reads (52.7276ms)
✔ paired whole-game and separate ever-held denominators remain distinct (1.0112ms)
✔ real engine three arms replay, retain raw provenance and report incomplete status (1434.377ms)
✔ CLI sample validation (1.114ms)
L1 tiger RED/GREEN assertions passed
✔ tests\l1-tiger.test.mjs (1728.5509ms)
✔ 3D 托盤具備連鎖共鳴層 (tray-chain-resonance)，且與月相光環 (tray-moon-benefit) 區隔 (1.4981ms)
✔ market3dItems 正確將當前真人玩家之補件連鎖標記傳入 3D 托盤，並保護私密性 (0.6857ms)
✔ 托盤插槽生命週期維護 chain 狀態並支援共鳴呼吸脈動 (0.3637ms)
✔ water and eyes recipes, preview maximum, and duplicate completion (48.3016ms)
✔ second bid counts tied raw entries and suppresses hidden or short reveal (43.4873ms)
✔ viewer gate only permits active human at private market (63.4914ms)
✔ AI bid reflects only a newly completed chain (426.9463ms)
✔ v3 contract records auction-only progress and leaves the full-game gates closed (26.6707ms)
✔ normal auction iterator exposes all bounded one-item submissions and engine accepts each (364.9518ms)
✔ single-stake iterator covers each legal selected subset and one shared stake without changing settlement (333.3544ms)
✔ curse submissions include every living poison target and retain the keep-to-poison rule branch (173.7619ms)
✔ ordinary submission budgets include each bid fee, shrine contribution and the nightly bid cap (229.7728ms)
✔ auction observation hides opponent bags, sealed bids, unseen future market and RNG while retaining own destiny (173.4605ms)
✔ v6 records automatic transitions and leaves whole-game gates closed (26.4671ms)
✔ automatic battle follows both sides of the engine lightning chance threshold (406.2315ms)
✔ night settlement resolves drain death and unaffordable shrine tithe through the frozen engine (163.7263ms)
✔ terminal settlement closes shrines, strips endgame items and captures final rank/history (170.261ms)
✔ v9 contract advances cross-night restore while keeping chance and release gates incomplete (47.536ms)
✔ the cross-night checkpoint comes from a frozen-engine night and captures both RNG streams and runner memory (231.0574ms)
✔ a separate pinned engine restores the graph and follows the frozen next-round market schedule identically (377.1879ms)
✔ snapshot restore rejects mutated payloads and state roots not created by its engine wrapper (309.4489ms)
✔ v9 rejects incomplete runner identity, malformed private draws, and unregistered engines (158.3117ms)
✔ v9 detects live state drift and refuses to advance from a market boundary twice (464.1482ms)
✔ v2 contract pins the current product and keeps six-of-four and release gates closed (387.5291ms)
✔ secure private-destiny draw covers all 252 accepted bytes and rejects modulo-biased tail bytes (172.2207ms)
✔ four independent private draws expose all 1296 joint tuples, including collisions (151.2632ms)
✔ private draws do not advance or alter the public seeded market stream (285.6766ms)
✔ state-only snapshot restores the initial auction boundary, aliases, result and next gameplay RNG (185.3052ms)
✔ public replay keeps opposing sealed bids hidden until the corresponding reveal (381.2057ms)
✔ seat-specific destiny projection is invariant to hidden opponents until a legal reveal (413.4581ms)
✔ v4 contract adds event decisions but keeps complete-game gates closed (26.7065ms)
✔ every current event exposes exactly its engine-defined legal choices and settles through the frozen event engine (158.8812ms)
✔ event observations hide every sealed choice and market state, then reveal all choices only after settlement (165.4891ms)
✔ zongzi pass and zero-price bid stay distinct, and a mismatched choice profile fails closed (147.8359ms)
✔ v7 contract adds one-seat cross-phase history while keeping complete-game gates closed (32.3155ms)
✔ a seat retains its own actions across event, mark, sacrifice, auction and shrine-pick histories (3.9557ms)
✔ full recall accepts immutable projections from the pinned phase adapters in one seat sequence (354.2067ms)
✔ full recall rejects mixed-seat histories and cross-seat current observations (1.3852ms)
✔ phase-specific action validation rejects illegal choices, schema spoofing and hidden engine state (1.3724ms)
✔ history copies observations and actions instead of retaining mutable caller data (0.6042ms)
✔ v8 pins the product source and keeps unsolved six-of-four and release gates closed (35.2471ms)
✔ a valid-looking frozen object is not accepted without pinned projection provenance (1.5972ms)
✔ all five phases accept only observations produced by the pinned projection adapters (364.544ms)
✔ event phase cannot begin after a later phase has acted in the same round (162.5115ms)
✔ event phase cannot begin after an auction action in another history (154.1024ms)
✔ event resolution runs only once per game state and round (172.0053ms)
✔ event settlement rejects a decision after a later phase advances the state (188.6326ms)
✔ an event decision cannot be reopened after settlement at a later revision (254.3251ms)
✔ a pinned public event reveal is included in a later information key (450.2203ms)
✔ a public event reveal must match the seat action recorded in its history (174.3359ms)
✔ an event action recorded after commitment must match the committed choice (165.3266ms)
✔ a late event action from another decision object must match the committed state-locus choice (162.0415ms)
✔ later phase histories and current keys require resolved and committed prior actions (212.2949ms)
✔ a decision object cannot be rebound to a conflicting action in a forked history (194.617ms)
✔ different decision objects at one state locus cannot bind conflicting actions (204.3679ms)
✔ shrine resolution can start only once per game state and round (467.5926ms)
✔ a recorded action cannot commit after its decision projection becomes stale (238.3434ms)
✔ a pinned projection from another game state branch cannot join an existing history (545.4985ms)
✔ one history cannot record the same sacrifice decision locus twice (240.0915ms)
✔ one full-recall sacrifice action can commit once, then requires a fresh locus (251.4532ms)
✔ wrapper-tracked state changes invalidate stale projections (665.6044ms)
✔ v8 preserves same-seat and chronological guards across public transitions (501.9284ms)
✔ mark timing protocol freezes matched arms, event equality and 10,000 paired seeds (26.2742ms)
✔ formal cohort label requires the exact ordered protocol seed range (3.5929ms)
✔ paired trial reproduces a small seed cohort and requires first-event equality (5994.3452ms)
✔ v11 pins the market-draw chance abstraction without claiming full-game chance or release (33.8745ms)
✔ v11 fails closed when the contract diverges from the enumerator or claims more than partial scope (4.714ms)
✔ v11 accepts only its pinned engine and immutable nodes it produced (192.7986ms)
✔ non-refill market node enumerates curse and plain branches with exact weights that sum to one (206.6614ms)
✔ every non-refill branch replays to the same market, deck and cdeck in the frozen drawMarketFor (183.7054ms)
✔ an empty cdeck still consumes the curse check and merges the curse mass into the plain branch (209.9052ms)
✔ shousui onMarketDraw hook is enumerated exactly and replays to an all-curse market (222.9028ms)
✔ a POOL deck refill fails closed, and the frozen engine really consumes extra draws there (176.0926ms)
✔ a shousui hook that would reshuffle CURSES fails closed, and the engine really consumes extra draws there (186.1434ms)
✔ unknown or replaced onMarketDraw hooks fail closed (192.2817ms)
✔ building a market node consumes no gameplay or UI RNG and leaves deck, cdeck, market and nextMarket untouched (180.8518ms)
✔ market purity inspection rejects RNG use or deck mutation and restores the state (187.5455ms)
✔ shousui plus any additional onMarketDraw hook fails closed instead of modelling only shousui (210.3831ms)
✔ shousui with exactly MARKET-1 cdeck items fails closed with a CURSES refill error (212.1852ms)
✔ a deck holding exactly MARKET items needs no refill and every branch replays exactly (204.4774ms)
✔ audits frozen source references and exposes legacy-scope and missing-adapter gaps (13.2391ms)
✔ rejects duplicate inventory ids instead of silently overwriting coverage (7.1397ms)
✔ rejects a pass claim while required adapters and payoff mappings remain missing (8.8393ms)
✔ does not accept a self-declared pass without exhaustive solver evidence (7.2114ms)
✔ rejects source evidence symbols absent from the pinned source (26.6753ms)
✔ recomputes contract, arms, and source integrity inside the exported auditor (20.3008ms)
✔ uses one immutable contract snapshot for hashing and scope checks (27.5204ms)
✔ requires a repository root before verifying document references (5.3504ms)
✔ rejects forged resolved source commit labels (6.8903ms)
✔ reports malformed rows and incomplete provenance without throwing (0.9715ms)
✔ fails closed on malformed source-reference and product-scope collections (7.523ms)
✔ rejects empty or unparseable source evidence instead of counting zero checks as valid (11.5334ms)
✔ requires valid non-empty chain and destiny scope arrays (41.7452ms)
✔ rejects documentation evidence paths missing from the repository (24.8339ms)
✔ does not accept documentation reached through an external junction (18.468ms)
✔ does not let an edited contract fabricate complete six-chain and destiny coverage (5.707ms)
✔ loads the frozen git source, hashes it, and keeps the release gate closed (433.617ms)
✔ pins JSON content independently of object key order (271.7447ms)
✔ CLI reports incomplete successfully and fails the explicit require-pass gate (4059.1335ms)
✔ v5 records remaining player decisions while the full-game gate stays closed (60.3508ms)
✔ mark choices are the no-mark action plus every current market slot and hide target identities (253.55ms)
✔ sacrifice actions apply one engine bleed at a time and stop at the life floor (261.5241ms)
✔ interactive shrine winner can choose any open legend and settlement uses the engine path (604.3759ms)
✔ v10 pins the wish-draw chance abstraction without claiming full-game chance or release (31.0497ms)
✔ v10 rejects engine-shaped objects that were not loaded by its pinned engine loader (251.6481ms)
✔ v10 fails closed when a chance contract description diverges from the enumerator (1.941ms)
✔ v10 enumerator accepts only immutable nodes produced by its pinned state inspector (214.8771ms)
✔ the frozen wish node enumerates its entire state-conditioned joint support with exact abstract weights (335.484ms)
✔ every per-seat wish outcome maps to the same frozen drawWishes result and consumes one draw per living seat (211.695ms)
✔ dead seats, disabled wishes and state changes alter draw count or support without adding chance (184.9403ms)
✔ v10 rejects ambiguous config and malformed seat identities before assigning chance weights (170.728ms)
✔ wish support table identities fail closed if a pinned rule is replaced (219.4368ms)
✔ wish table accessors cannot swap a mutated definition into a pinned chance node (176.5921ms)
✔ the exported WISHES property itself cannot be replaced with an alternating accessor (179.8376ms)
✔ purity inspection catches captured RNG closures and restores their streams after rejection (201.2728ms)
✔ a two-life purchase cannot inherit a sixteen-life night or suppress a recorded defeat (65.8288ms)
✔ death later in the game is not described as death on the loss night (41.1277ms)
✔ an unrecorded terminal interval is not invented as a named event or numbered night (19.7986ms)
✔ equal losses select the later snapshot, then lower seat; missing causes remain unknown (28.9119ms)
✔ a recorded defeat remains evidence when a survival hook reduces its damage to zero (24.1449ms)
✔ current seeds 1 and 2 reconstruct a loss interval from snapshots and retain exact payment evidence (246.6948ms)
✔ reader materials retain six frozen seeds and describe loss intervals without inventing events (2441.3471ms)
✔ research judge labels current reconstruction, preserves original version and lists separate costs (1893.6057ms)
✔ 凍結 #9 ①②③④：seeds 1–20 句數 3–6、evRef 對得上、無私有資訊、同 seed 逐字相同、cause 與口徑逐欄相等 (2222.3244ms)
ℹ cause kinds: {"night":20,"interval":0,"none":0} evRef types: {"dawn":20,"night":20,"win":20,"poison":18,"shrine":20,"death":19} no-poison games: 2
✔ 凍結 #9 ⑤：異事夜殺到剩一人（補快照路徑）、無毒標局、空局都 ≥1 句不 throw (62.1992ms)
  PASS  H5①請神夜：香火**不綁尊**——燒在哪一格都算同一個池，第一個請神夜由池最高的人請神
  PASS  H5①同分：依「本夜風位起順時針」的第一個人請神（不是座位 0 恆贏）
  PASS  H5①已持有者不參加：他的香火再高也不得，該夜由「還沒請到的人」裡最高者請神
  PASS  H5②得主自選（AI 規則）：挑「袋中最多陣營同系」的那一尊，不是固定第 0 尊
  PASS  H5②同數取 LEGENDS 順序：空袋（四系皆 0 件）的得主拿第 0 尊
  PASS  H5②真人得主跳選擇窗：interactive 下先回 pending、尊還沒進袋；finishShrines 帶回 idx 才落地
  PASS  H5②已被請走的尊不可選：帶回一個已關的 idx，退回 AI 規則、不得重複發同一尊
  PASS  H5③落空保留：第一個請神夜落空、香火 5 到下一夜仍是 5，而且可以繼續往上加
  PASS  H5④沒人有資格（全員香火 0）的請神夜：不結算、三尊都留著，下一個請神夜再比
  PASS  H5④沒人有資格（有資格者都沒香火、香火全在已持有者身上）：一樣不結算、剩下的尊都留著
  PASS  H5④最後一個請神夜結算完：沒被請走的尊回天，本局不再出現、也不重開
  PASS  H5⑤一人一尊：請到之後封籤被拒——壽命一毛不扣、香火不累積、out.locked 記一筆
  PASS  H5⑥封籤不收龕參數：帶了 shrine 也忽略，燒進的是**自己的香火池**、紀錄裡不留龕號
  PASS  H5⑦供奉：持有者每夜末 −INC_TITHE 壽命；壽命 ≤1 付不出 → 尊回天並移出袋子
  PASS  H5⑦送神回天鈕：任何一夜可主動放手——當夜起不再扣供奉、尊移出袋、那一尊不重開
  PASS  H5⑦危急提示：只在「付完壽命 ≤TITHE_WARN」那一夜出現，同一尊只一次；headless 走預設「要」
  PASS  H5⑦AI 放手走同一條門檻：AI 持有者在「付完 ≤TITHE_WARN」那一夜主動送神回天
  PASS  H5⑦神債最後收：壽命 2＋詛咒品 −1 → 先 drain 剩 1 → 付不出供奉 → 傳說回天、人活著
  PASS  H5⑧kill switch：OFF 零亂數、不建 S.shrines；**ON 也不得因尊→夜洗牌多耗 rng**（3.0 把洗牌整支拿掉）
  PASS  H5補：燒香夾限＋封籤留痕——壽命 3 封 3 → 實燒 2，clip 事件與 shrineStat 都要有
  PASS  H5補：局末結清依「場上最高香火」的比例——最高 9 時 h=9 退 5＋小法寶、h=6 退 3＋小法寶、h=3 退 1
  PASS  守衛：傳說不進 S.deck、也不在 POOL 裡——整局市集不會出現傳說，但請神請得下來
  PASS  守衛：AI 燒香啟發式是資料表驅動——ROLES[*].ai.inc 覆寫 minLifeFrac 之後那個角色就不拜了
  PASS  守衛：settleShrinesEnd 冪等——連叫兩次不得重複結清、壽命不得再變
  PASS  守衛：回天結清不得就地改寫「不是本輪收尾」的那一筆 S.history.life
  PASS  守衛：傳說的招式真的進得了 paperWar——殘日的餘暉灼目會出現在對決 beats 裡
  PASS  H10傳說共鳴：持殘日（祖靈）＋2 件祖靈法寶 → facCount("zuling")=4（傳說算 2 件）
  PASS  H11部隊預覽：5 個袋子的逐件隻數／atk／hp／拍序／招式名，逐項等於 buildArmy 展開與 TRAITS 表
  PASS  H11市集卡招式行：27 件法寶＋3 尊傳說——卡面只印數字、卡片詳情印招式且與 TRAITS 對得上
  PASS  H11詛咒品那一行看主人：一般人印「只算纏身」，帶 curseWard 的印「已淨化」
  PASS  H11袋子總計：總隻數／總攻／總血與 buildArmy(整袋) 一致，共鳴 hp 與 pwResLv 一致
  PASS  決定性：顯式 LEGEND_ON=true 下 trace(1..20) 連跑兩次逐位元組相等，且引擎段零 Math.random

32 過 / 0 失敗
✔ tests\legend.test.mjs (4156.2245ms)
✔ 凍結 #8 ①：每個 AI 角色七個鍵各 ≥2 句，佔位只用公開欄位 (40.0546ms)
✔ 凍結 #8 ②③④⑤：seeds 1–20 evRef 對得上、無私有資訊、同 seed 逐字相同、六類都量到 (2614.721ms)
ℹ events per type: {"win":342,"lose":225,"poison":56,"poisoned":36,"mark":459,"death":17,"shrine":28}
陣列卷 G1：目標檔 index.html
  PASS  fac 序列＝祖靈…→香火…→陰氣…（不是取得順序）
  PASS  id 指回 buildArmy 展開的同索引單位（body／fac／ab 逐項相同）
  PASS  同系內 id 遞增（穩定：同系保留取得順序）
  PASS  隻數與組成不受排序影響
  PASS  MAXFIG＝10（裁甲；讀 index.html 的 PW_FX.MAXFIG 字面值）
  PASS  紅暈側別：真人那一側（跟席位 id 無關；AI 對 AI 的旁觀場兩側都不閃）
  PASS  紅暈側別：熱座兩位真人對打時**兩側都閃**（各自被打各自閃）
  PASS  紅暈側別：座位物件缺失時不當成真人（不會誤閃）
結果：8 綠 ／ 0 紅
✔ tests\lineup-order.test.mjs (241.6685ms)
✔ 同槽四席盯牌的投影互不疊字，重設版面與揭盅後仍成立 (107.7575ms)
✔ 盯印留在同一排、別槽加牌不搬動本槽，木籌槽連回原拍品且換夜清空 (6.3602ms)
✔ 盯牌在陰影、出價、揭盅與換夜後仍保持原始牌面比例 (15.8123ms)
✔ disposing the tray releases its moon-ring instance buffer (1.4228ms)

今夜市集規則 行為測試　目標檔：C:\Users\shung\wt\yaoshi\curse-slow\index.html

【落魄夜】
  PASS  保守標落標全付＝出價＋買路錢（平常只付 CONS_LOSE_FRAC）
  PASS  押命標落標全付＝出價＋買路錢（平常只付一半）
  PASS  保命例外不被規則覆寫：黃色小雨衣落標仍只付買路錢，同注無雨衣者付全額
  PASS  保命例外不被規則覆寫：陰間當鋪在落魄夜被逼到典當，保住 8 壽命＋縛靈鎖
【收祟夜】
  PASS  市集 CFG.MARKET 件全為詛咒品
  PASS  口徑 4′：全場都沒出手時，流標詛咒品進壽命最高者的袋（不記仇、無下手者）
  PASS  口徑 4′：塞給「沒出手者」中壽命最高者——壽命更高但有出手的人不收（覆審 A5 裁定）
  PASS  口徑 4′：全員都出手時，落回全場壽命最高者
  PASS  AI 的「買下銷毀」防禦性標本夜被引擎攔掉（詛咒品只能毒標或流標）
  PASS  玩家送出的「買下銷毀」標本夜改成毒標塞給戰力最高的對手（人機同語意，覆審 HIGH-2）
  PASS  收祟夜 AI 的「買下銷毀」意圖被引擎改成毒標；消失的標全部可歸因 MAX_BIDS 名額裁切（覆審 HIGH-2／N3）
  PASS  押寶夜不發結構恆假的心願牌：貪多務得／敗軍之志／借刀傷人（覆審 HIGH-1）
【押寶夜】
  PASS  一注壓 3 件、其中 2 件都最高 → 只得開標順序第一件，實付 X＋1 筆買路錢
  PASS  一注全落標，只依型態付一次落標費（買路錢也只收一次）
  PASS  詛咒品本夜不開標：毒標整筆作廢、不入任何人袋
【三條迴圈一致性（不變量，非鑑別力測試）】
  PASS  simulate() 與 playPolicyGame() 在規則開啟下 seeds 1..10 結果一致

結果：16 綠 ／ 0 紅
✔ tests\nightrules.test.mjs (2299.0142ms)
✔ #3 三章各 seeds 1–50：主角恰好一次、在 AI 席；四席互不重複；真人席照選 (78.8174ms)
✔ #3 真人選主角：開局函式改抽，不會出現兩個主角 (57.4059ms)
✔ #3 第 1 章：六組連鎖注入 activeChains／chainsCompletedBy 皆空（常規局同注入非空＝正對照） (29.2018ms)
✔ #3 第 1 章：雙虎合陣不成隊、袋子不列連鎖進度（常規局對照） (20.613ms)
✔ #3 第 1、2 章：天命效果判定四席皆 false、AI 不追天命、命函不顯示（常規單人局正對照） (24.719ms)
✔ #3 第 2 章：連鎖注入非空；真實開標補齊天命配方也不覺醒、不公開（常規局正對照） (68.3147ms)
✔ #3 第 3 章：destinyEffectMode 與常規單人局相同（original），連鎖注入非空 (23.8419ms)
✔ #3／#1 恩怨台詞只耗 S.rngUi，S.rng 不動 (34.203ms)
✔ #1 常規局：S 不多欄位；座位與亂數流與 3a0d971 相同（seeds 1–50、solo／hotseat） (297.9383ms)
✔ #4 nightwalkPass 表格：只比真人與主角；平手、真人出局皆未過 (22.8569ms)
✔ #5 過關寫入 {"v":1,"cleared":[…]}、讀回一致、重複通關不重複、未過關不寫 (28.9963ms)
✔ #5 壞資料／讀寫丟例外：當空進度、不丟例外、選單只開第 1 章、可開局 (209.1468ms)
✔ #6 依序開放；?nwall=1 全開 (91.5253ms)
✔ #6 章節局選角：可選任一池角色，唯獨該章主角不可選；常規模式 10 角色全開且與 3a0d971 相同 (242.0739ms)
✔ #8 NIGHTWALK 逐字等於讀者驗收過的 copy-r1.json (20.9842ms)
✔ #8 文案格式：引言 3–5 句、新規則 2–4 條、恩怨三時機各 ≥1、殘卷標題＋150–300 字 (21.2301ms)
✔ #8 不含簡體字：內建字表 ≥100 字（正對照抓得到），文案與夜行錄介面字串掃描 0 (78.5308ms)
✔ 開局台詞泡：第 1 夜重畫補回（正對照）、第 2 夜不補回、常規局不動作 (44.3238ms)
✔ merge: two parts concatenate every attribute and offset the second index range (4.1325ms)
✔ merge: ghost material groups are dropped, other groups kept; all-ghost part contributes nothing (0.9759ms)
✔ merge: returns null when a part has no index or a different attribute set (caller falls back to per-part shells) (1.9571ms)
✔ 128-coin perf mode fills every legal seat and market slot through product bids (2.9227ms)
✔ 128-coin gate rejects a command that omits the required performance mode (898.2611ms)
✔ 128-coin performance samples precompile the actual scene before timing (0.3196ms)
✔ 128-coin speed gate uses the interleaved five-run median, not one scheduler outlier (0.2617ms)
✔ opt-in projects only legal preview and strips fourth item and raw state references (170.9478ms)
✔ ordinary bell preview remains two when eyes effect is removed (211.2173ms)
✔ frozen context cannot mutate the original next-market item (112.0162ms)
✔ first night is null; next night reveal freezes eligibility at reveal time (94.2721ms)
✔ late acquisition cannot recover previous reveal, hidden entries and fewer than two bids yield null (156.5242ms)
✔ default caller receives one argument and does not invoke reveal hook (83.5043ms)
✔ reveal visibility is per seat, and tied second bids keep the second entry amount (21.8271ms)
✔ unrelated preview effect of four remains visible with or without eyes (154.8803ms)
✔ ignored context preserves outcomes and next RNG over seeds 1–20 (3039.3123ms)
✔ callback failure and new game clear per-run reveal memory (63.9712ms)
✔ formal target selection uses highest life and stable seat order (8.0392ms)
✔ Wangchuan sends the most recent curse to the highest-life foe (1.0835ms)
✔ retired power abilities do not modify formal power accounting (2.08ms)
✔ hunter AI adds four only when pwTrial improves (5.3341ms)
✔ hunter compares paper units and takes the largest non-curse troop team (2.011ms)
✔ formal simulation and policy game never invoke power() (266.6159ms)
✔ formal battle records prebattle paper-unit counts without a raw-power context (4.6014ms)
✔ active wishes and event descriptions use market prices rather than combat power (0.7885ms)
✔ 首頁、更新探針與資產快取使用相同發布版本 (3.2109ms)
✔ 舊主畫面版本可以發現本次發布；同版與舊版不提示 (10.3435ms)
✔ 十個角色各有自己的動作，沒有漏角色 (2.0701ms)
✔ t≤0 與 t≥1 精確回到原擺位（動作結束時信物不能漂移） (0.752ms)
✔ 動作進行中確實有位移，且每個角色的動作互不相同 (1.7908ms)
✔ 幅度上限：信物只是「小動作」，不能搶拍品 (7.4508ms)
✔ 決定性：同一個 t 每次結果相同，沒有亂數 (0.3766ms)
✔ 未知角色（退路素木牌）也有動作，不會丟例外 (0.2265ms)
✔ replayExport：seeds 1–10 打包→JSON→貼回，history 逐值相同、口徑相同、敘事相同、可重現 (1362.0269ms)
✔ 回顧畫面只有一顆複製按鈕，copyReplay 不用會擋頁的對話框 (1.3193ms)
✔ 回顧畫面只有一顆下載按鈕，downloadReplay 走分享面板→下載、檔名決定性、不用對話框 (1.9305ms)
✔ 揭盅維持 3D 牌桌可見，且不再用黑幕切換 (2.1156ms)
✔ 托盤有硃砂法陣、月相受惠與揭盅結果三種純演出狀態 (0.5297ms)
✔ 道具層有廉價接觸陰影並能把開標錢堆並排保留 (0.3972ms)
✔ 揭盅卡不撞夜況列，完整列出比價與結果 (0.9026ms)
✔ 揭盅先播錢柱與法寶飛行，再顯示固定的比價卡 (1.1994ms)
✔ 逐槽微距鏡頭不能被結算事件重設，結果卡也不得遮住托盤 (0.5176ms)
✔ 逐槽微距必須把攝影機錨到錢柱，且落標錢要有收回動作 (0.3799ms)
✔ 揭盅卡不被通用燈籠動畫偏移，側欄與令牌在遠景都保持可讀 (0.583ms)
✔ 局末只留一個進入完整回顧的入口，策略建議不以心願硬優先 (0.9895ms)
  PASS  seed 3：S.history 存在且形狀正確
  PASS  seed 3：壽命曲線長度 = 夜數+1，每筆 = 玩家數
  PASS  seed 3：夜數與 playPolicyGame 的 lifeByRound 一致（同一條迴圈）
  PASS  seed 3：末筆快照 = 局末各人壽命
  PASS  seed 3：每夜紀錄 round 連號、closed、拍賣筆數 ≥1、每筆欄位齊全
  PASS  seed 3：心願筆數 = 該夜開夜時存活人數
  PASS  seed 3：對決紀錄與死亡紀錄自洽
  PASS  seed 3：reviewSummary 加總與原始紀錄一致
  PASS  seed 3：finalizeHistory 冪等；壽命被改動後才補一筆
  PASS  seed 7：S.history 存在且形狀正確
  PASS  seed 7：壽命曲線長度 = 夜數+1，每筆 = 玩家數
  PASS  seed 7：夜數與 playPolicyGame 的 lifeByRound 一致（同一條迴圈）
  PASS  seed 7：末筆快照 = 局末各人壽命
  PASS  seed 7：每夜紀錄 round 連號、closed、拍賣筆數 ≥1、每筆欄位齊全
  PASS  seed 7：心願筆數 = 該夜開夜時存活人數
  PASS  seed 7：對決紀錄與死亡紀錄自洽
  PASS  seed 7：reviewSummary 加總與原始紀錄一致
  PASS  seed 7：finalizeHistory 冪等；壽命被改動後才補一筆
  PASS  seed 11：S.history 存在且形狀正確
  PASS  seed 11：壽命曲線長度 = 夜數+1，每筆 = 玩家數
  PASS  seed 11：夜數與 playPolicyGame 的 lifeByRound 一致（同一條迴圈）
  PASS  seed 11：末筆快照 = 局末各人壽命
  PASS  seed 11：每夜紀錄 round 連號、closed、拍賣筆數 ≥1、每筆欄位齊全
  PASS  seed 11：心願筆數 = 該夜開夜時存活人數
  PASS  seed 11：對決紀錄與死亡紀錄自洽
  PASS  seed 11：reviewSummary 加總與原始紀錄一致
  PASS  seed 11：finalizeHistory 冪等；壽命被改動後才補一筆
        活性計數： {"bids":142,"poison":8,"deaths":6,"wishesDone":39}
  PASS  活性：三個種子合計有出價、有毒標、有死亡、有心願達成（不是空紀錄）
────────────────────────────
通過 28　失敗 0
✔ tests\review.test.mjs (2084.5517ms)
  PASS  斷手書生：同系 4 件時紙紮共鳴等級高於無被動者（pwResLv 真的被改到）
  PASS  斷手書生：同系 4 件時整場紙紮夜戰的結果真的變好（不只是帳面戰力）
  PASS  斷手書生：不足 4 件時不生效（被動不是恆真式）
  PASS  斷手書生：只有達標的那一系吃到（另一系不得跟著 ×1.5）
  PASS  閭山法師：縛靈鎖不降低自己的首拍攻擊
  PASS  閭山法師：袋中沒有詛咒品時不生效（被動不是恆真式）
  PASS  閭山法師：免疫不外洩給其他角色
  PASS  閭山法師：起始壽命＝CFG.LIFE+2（二版第二輪 life0d 0→+2）
  PASS  陰間當鋪：起始壽命＝CFG.LIFE
  PASS  大家樂組頭：夜末掛零不再扣 2 壽命
  PASS  大家樂組頭：夜末連中 ≥2 件仍然 +2（獎勵側沒被順手拆掉）
  PASS  紅衣婆婆：被毒標塞中時下手者 −2、自己 +2
  PASS  紅衣婆婆：不是塞給紅衣時什麼都不發生（被動不是恆真式）
  PASS  陰間當鋪 H2：life=5 出價 13 → 實付 4、剩 1（不再白拿）
  PASS  陰間當鋪 H2：life=5 受傷 40 → 剩 1（不再免傷）
  PASS  陰間當鋪 H2：life=20 出價 30 → 實付 12、剩 8
  PASS  陰間當鋪 H2：life=−30 夜末 → 1（夜末也走 pawnFloor，不從 ≤0 免費回到 8）
  PASS  斷手書生 H3：同系 4 件時 power() 不再被推高（被動只走對決路徑）
  PASS  斷手書生 H3：對決路徑仍然生效（不是把被動整個拆掉）
  PASS  陰間當鋪：夜末結算致死時典當接住（壽命回正、袋中留下縛靈鎖）
  PASS  陰間當鋪：出價實付致死時付到剛好剩 CFG.PAWN_KEEP
  PASS  陰間當鋪：典當一局只有一次（不是恆真式）
  PASS  盯上宣告：十隻的 markReact 全部維持設計值（三型混桌 3 怯場／4 搶標／3 無視）
  PASS  青面攤主：ROLES.ai ＝掃描表最佳值 0.6/0.1/contest
  PASS  斷手書生：ROLES.ai ＝掃描表最佳值 1/0.1/ignore
  PASS  閭山法師：ROLES.ai ＝掃描表最佳值 0.8/0.1/ignore
  PASS  陰間當鋪：ROLES.ai ＝掃描表最佳值 0.8/0.1/avoid
  PASS  收驚婆：ai 與 life0d 與基準相同（B2 不得動）
  PASS  閭山法師：袋中帶詛咒品時，隻數牌印「詛咒已淨化」而不是「詛咒纏身」
  PASS  沒有免疫的角色仍印「詛咒纏身」（M6 不是把這段拆掉）
  PASS  斷手書生 B：AI 估值只對「湊得成套的那一件」加價，其餘系不再被低估
  PASS  紅衣婆婆 B：玩家座位的記仇換得到東西（對仇人主力陣營的拍品比價 +3）

角色平衡卷單元測試：32 過 / 0 失敗
✔ tests\roles-balance.test.mjs (1681.7404ms)
✔ 凍結 #6①：封標／揭盅／受咒／落籌接線與 SKIP、?sfx=0 靜音 (669028.8017ms)
ℹ seed 1: nights 9 winners 24 poison 4 skipAttempts [{"round":1,"clickAttempted":true,"skipActivated":true,"wakeSignaled":true},{"round":2,"clickAttempted":true,"skipActivated":true,"wakeSignaled":true},{"round":3,"clickAttempted":true,"skipActivated":true,"wakeSignaled":true},{"round":4,"clickAttempted":true,"skipActivated":true,"wakeSignaled":true},{"round":5,"clickAttempted":true,"skipActivated":true,"wakeSignaled":true},{"round":6,"clickAttempted":true,"skipActivated":true,"wakeSignaled":true},{"round":7,"clickAttempted":true,"skipActivated":true,"wakeSignaled":false},{"round":8,"clickAttempted":true,"skipActivated":true,"wakeSignaled":true},{"round":9,"clickAttempted":true,"skipActivated":true,"wakeSignaled":true}] wakeSignals [1,2,3,4,5,6,8,9] → {"wind":40,"babble":35,"stamp":48,"woodfish":183,"seal":9,"woodslam":9,"gong":24,"reveal":24,"bell":34,"whoosh":23,"cymbal":26,"hurt":15,"curse":4}
ℹ seed 2: nights 12 winners 29 poison 2 skipAttempts [{"round":2,"clickAttempted":true,"skipActivated":true,"wakeSignaled":true},{"round":3,"clickAttempted":true,"skipActivated":true,"wakeSignaled":true},{"round":4,"clickAttempted":true,"skipActivated":true,"wakeSignaled":true},{"round":5,"clickAttempted":true,"skipActivated":true,"wakeSignaled":true},{"round":6,"clickAttempted":true,"skipActivated":true,"wakeSignaled":true},{"round":7,"clickAttempted":true,"skipActivated":true,"wakeSignaled":false},{"round":8,"clickAttempted":true,"skipActivated":true,"wakeSignaled":true},{"round":9,"clickAttempted":true,"skipActivated":true,"wakeSignaled":false},{"round":10,"clickAttempted":true,"skipActivated":true,"wakeSignaled":true},{"round":11,"clickAttempted":true,"skipActivated":true,"wakeSignaled":true},{"round":12,"clickAttempted":true,"skipActivated":true,"wakeSignaled":true}] wakeSignals [2,3,4,5,6,8,10,11,12] → {"wind":45,"babble":38,"stamp":62,"woodfish":230,"woodslam":13,"seal":12,"gong":28,"reveal":29,"bell":37,"whoosh":23,"cymbal":35,"hurt":13,"dawn":1,"curse":2}
ℹ seed 3: nights 9 winners 26 poison 2 skipAttempts [{"round":1,"clickAttempted":true,"skipActivated":true,"wakeSignaled":true},{"round":2,"clickAttempted":true,"skipActivated":true,"wakeSignaled":true},{"round":3,"clickAttempted":true,"skipActivated":true,"wakeSignaled":false},{"round":4,"clickAttempted":true,"skipActivated":true,"wakeSignaled":true},{"round":5,"clickAttempted":true,"skipActivated":true,"wakeSignaled":true},{"round":6,"clickAttempted":true,"skipActivated":true,"wakeSignaled":true},{"round":7,"clickAttempted":true,"skipActivated":true,"wakeSignaled":true},{"round":8,"clickAttempted":true,"skipActivated":true,"wakeSignaled":true},{"round":9,"clickAttempted":true,"skipActivated":true,"wakeSignaled":true}] wakeSignals [1,2,4,5,6,7,8,9] → {"wind":36,"babble":35,"stamp":42,"woodfish":147,"seal":9,"woodslam":9,"gong":22,"reveal":26,"curse":2,"bell":35,"whoosh":21,"cymbal":17,"hurt":13}
✔ table tray + props: every transparent DoubleSide decal material renders in one pass (157.0722ms)
✔ trait-fx templates: MAT_GLOW / MAT_SOLID warm-up meshes render in one pass (47.0916ms)
✔ creature water pool (ab=buoy): disc, edge glow and 3 ripple rings render in one pass (78.6039ms)
✔ legend kit: canri afterglow disc renders in one pass; dashiye / youyinggong have no such material (19.661ms)
✔ cloned figure meshes with identical bone sets share one skeleton and skin to the same positions (53.9521ms)
✔ sharing stays inside one figure: separate clones keep independent skeletons and poses (22.3762ms)
✔ posedBounds conservatively contains every POOL skin pose across every authored clip (1540.4094ms)
✔ posedBounds covers mixed and non-normalized skin weights (2.5155ms)
✔ framing samples the same attached skin pose as the next render after moving its root (24.0112ms)
✔ framing moves an intact projected subject away from HUD using the least displacement (5.6822ms)
✔ flight depth prevents approach magnification and projection counts only visible geometry (2.5597ms)
✔ adaptive camera retreats to fit HUD space without changing model scale (3.0071ms)
✔ an outline shell sharing geometry, skeleton and bind reuses the frame's posed bounds exactly (2.4887ms)
✔ skinned meshes that only share geometry still get their own posed bounds (3.1615ms)
✔ instanced stamps participate at their actual instance positions in a framing union (1.6575ms)
✔ V1 三角色的手：專屬色區域頂點數 >0（預設手＝0）、配件頂點 >0（預設手＝0），三者兩兩不同 (426.3301ms)
✔ V1 各角色的特徵色真的在手上：袖口主色、紅線、算盤珠色戒指、護腕與舊疤 (198.7446ms)
✔ V1 收驚婆：老膚色與手背暗斑是頂點色——手背有一批頂點比同角色老膚色基底更暗 (199.1941ms)
✔ V2 未知／缺角色／空清單／亂格式 → 預設手、不丟例外；其餘 7 角色與斷手書生都拿寫實預設手；寫實幾何每席一份、份數有上限且不洩漏 (901.0238ms)
✔ V3 L：每隻寫實手 ≤6,500 面、變體多於預設手、寫實皮膚；每席仍是 1 個蒙皮 mesh、四席共用 1 份材質（draw call 增量 ≤4、配件不另開材質） (348.0778ms)
✔ V3 P：每隻寫實手 ≤6,500 面、變體多於預設手、寫實皮膚；每席仍是 1 個蒙皮 mesh、四席共用 1 份材質（draw call 增量 ≤4、配件不另開材質） (242.3366ms)
✔ V4 變體幾何只在 setSeats 建一次（以角色鍵快取），整段動作／每幀 update 都不重建、幾何物件不換 (702.9503ms)
✔ 批 1：青面／紅衣婆婆／斷手書生／組頭各拿專屬手——變體鍵＝角色、辨識物齊全且真的畫出來、與預設手不同；共用 1 份材質；每幀 update 不重建、幾何物件不換 (990.2993ms)
✔ 純演出：變體建構不耗亂數（props 自己的亂數不算：同 props 下有變體與無變體的 Math.random 呼叫數必須相同，建構函式本身 0 次）；原頂點位置／權重／索引與預設手逐值相同；同輸入兩次建構逐值相同 (1622.458ms)
✔ 純演出：同一串事件下，每席手的動作只取決於自己的手形（別席換角色不影響）；變體手形真的進了擺位解算 (2504.4462ms)
✔ 配件隨骨：推／拍整段動作每一幀，配件頂點與它的錨點在蒙皮後的距離不超過綁定距離（＋容差）；硬配件整顆同一組權重（不被拉變形） (3985.339ms)
✔ 配件幾何：每個配件三角形的面法線與頂點法線同向（繞序朝外）；索引不越界 (58.4945ms)
✔ 變體手 L 種子 123456789：推（1/8/12 枚）與拍令牌每幀，三變體手的每個蒙皮頂點（含配件）都不在任何錢或令牌體內 (58668.6913ms)
✔ 變體手 L 種子 987654321：推（1/8/12 枚）與拍令牌每幀，三變體手的每個蒙皮頂點（含配件）都不在任何錢或令牌體內 (62490.8799ms)
✔ 變體手 L 種子 192837465：推（1/8/12 枚）與拍令牌每幀，三變體手的每個蒙皮頂點（含配件）都不在任何錢或令牌體內 (52733.6511ms)
✔ 變體手 P 種子 123456789：推（1/8/12 枚）與拍令牌每幀，三變體手的每個蒙皮頂點（含配件）都不在任何錢或令牌體內 (47331.1161ms)
✔ 變體手 P 種子 987654321：推（1/8/12 枚）與拍令牌每幀，三變體手的每個蒙皮頂點（含配件）都不在任何錢或令牌體內 (56433.7732ms)
✔ 變體手 P 種子 192837465：推（1/8/12 枚）與拍令牌每幀，三變體手的每個蒙皮頂點（含配件）都不在任何錢或令牌體內 (47149.4889ms)
✔ R1a 腕部色塊面積（節點層、dm²）：收驚婆／當鋪 ≥ 基準×2、獵人 ≥ 基準×1.5；預設手＝0 (317.9802ms)
✔ R1b（色彩層）三角色色塊「面積加權平均色」sRGB 兩兩歐氏距離 ≥60（實拍層的距離在 hands-roles-shots --measure 另量） (403.0743ms)
✔ R2 識別物互斥（各角色實際頂點色；第三輪改版）：收驚婆有紅繩＋佛珠、無錢無毛無骨；當鋪有方孔錢、無紅繩無佛珠無毛無骨；獵人有疤＋鐵扣＋毛皮＋骨牙、無錢無紅繩無佛珠；預設手皆無 (429.0277ms)
✔ R3 動作中（推／拍）四席皮膚頂點 alpha 全為 1、material.opacity＝1；袖尾漸隱仍在（有頂點 alpha<1）；漸隱沒吃進膚色（z ≥ CUFF_FROM） (825.2157ms)
✔ R3-2 無綠：獵人與當鋪變體幾何的全部頂點（原頂點＋配件）綠色主導（g−r>0.08 且 g−b>0.08）＝0 (25.7603ms)
✔ R3-4 金色只屬當鋪：當鋪金色頂點 >0；獵人、收驚婆全部頂點金色＝0 (41.2068ms)
✔ R3-4 當鋪方孔錢：錢色連通塊 ≥5，每塊沿平均面法線過質心的射線不命中（有孔）、0.8×外半徑處命中（不是空的） (18.6604ms)
✔ R3-3 獵人毛皮邊：毛皮色組面積 ≥ 任一其他配件色；毛皮平均色與當鋪金邊、收驚婆白袖口 sRGB 兩兩 ≥60；骨牙護符 ≥3 顆且是尖形 (18.1615ms)
✔ R3-5 shoujing 袖口封口：從袖口外側沿手臂軸往內看的每條射線，第一個會被畫出的命中（正面）必須存在、落在袖口區、且不透明 (168.4684ms)
✔ R3-5 dangpu 袖口封口：從袖口外側沿手臂軸往內看的每條射線，第一個會被畫出的命中（正面）必須存在、落在袖口區、且不透明 (107.7514ms)
✔ R3-5 hunter 袖口封口：從袖口外側沿手臂軸往內看的每條射線，第一個會被畫出的命中（正面）必須存在、落在袖口區、且不透明 (129.2373ms)
✔ #B1 GLB 資產 ≤2,500 面、單一 primitive、24 骨；畫面上每隻寫實手 >GLB 面數且 ≤6,500、用寫實皮膚；四隻手共用一份材質、同一顆 GLB 只抓一次（走 cloneSkinnedGlb 管線） (208.4711ms)
✔ #C1/#C2 L：推（四席×四格×1/8/12 枚）每幀的手部蒙皮頂點都不在任何一枚錢或令牌體內 (84056.2754ms)
✔ #C1/#C2 L：拍（令牌舉高→拍下→微顫→收）與收（敗方扒回、勝方停一拍）每幀不穿錢柱與令牌 (22070.0525ms)
✔ #C1/#C2 P：推（四席×四格×1/8/12 枚）每幀的手部蒙皮頂點都不在任何一枚錢或令牌體內 (83567.306ms)
✔ #C1/#C2 P：拍（令牌舉高→拍下→微顫→收）與收（敗方扒回、勝方停一拍）每幀不穿錢柱與令牌 (13284.223ms)
✔ #C1 手的地板外框蓋得住錢柱的真實幾何：每一幀 stackAt 的頂高／半徑 ≥ 該柱每枚錢實例頂點的實際最高點／最遠水平距離（含傾斜、一串立錢、得標脈衝） (102.0605ms)
✔ #C1 收：勝方錢柱得標脈衝放大（×1.24）的那幾幀，旁邊扒錢的手也不穿入（實頁探針抓到的情境，細步進 1/400 秒） (27770.9427ms)
✔ #C1 收手後整隻不可見（閒置＝收在畫面外）：推／拍／收各自做完，四隻手都回到不可見 (2184.2038ms)
✔ #C2 直式的手比橫式小（SCALE_P），兩版面都以同一組常數換算 (324.5775ms)
✔ #C3 縮時：同一事件序列以 1/120、1/60、1/20 秒步進，錢與令牌的終點逐位元相同、四隻手都已收；且與「不開手」的錢終點相同 (7450.3845ms)
✔ #C3 跳過：動作進行到一半按跳過（props.finish＋hands.finish），手立刻全收、錢與令牌直接到終點，且終點與正常播完相同 (3380.8528ms)
✔ #C4 決定性：整段事件序列 Math.random 呼叫 0 次；同一事件序列跑兩次，手勢序列（每幀擺位＋骨旋轉）逐值相同 (4525.4767ms)
✔ #C5 同席同格重複出價＝覆寫：永遠只有一隻手、場上手的物件數不增加；amount 0（熱座清場）同一幀立即收 (536.8529ms)
✔ #C6 落地事件只由令牌發：手的模組不派任何 DOM 事件；四枚令牌各一次 onSlam，且就在令牌 t 到 1 的那一幀 (530.8631ms)
✔ 第二輪伸入深度（L）：推／拍／收全程，看得見的手（袖口邊以前的真實蒙皮頂點）——北席 z ≤ 托盤北緣＋NORTH_IN；西席 x ≤ −MID、東席 x ≥ MID；南／西／東 z ≥ 托盤前緣−SOUTH_IN (7723.1431ms)
✔ 第二輪拍：令牌飛行中（t<1）手不上場，落地後才伸進來；令牌落地後四隻手都出現過 (292.1039ms)
✔ 第三輪袖尾平滑淡出：四手共用材質為真透明（transparent、不用 alphaHash 抖色）、寫深度、alphaTest 丟掉完全隱去的袖布；頂點色帶 alpha (112.8305ms)
✔ 第三輪信物（L）：推（起手錢柱壓在自家信物上）、拍、收（錢拖回信物旁）全程，看得見的手不進任何信物的本地包圍盒 (10149.5796ms)
✔ 第三輪信物（P）：推（起手錢柱壓在自家信物上）、拍、收（錢拖回信物旁）全程，看得見的手不進任何信物的本地包圍盒 (11621.1007ms)
✔ 第四輪排隊時序：一席同一幀推 4 格——各格依序起步 0／0.76／1.22／1.68 秒、落定 0.70／1.16／1.62／2.08 秒（±1.5 幀）；手動作 ≤2.7 秒結束（v0.59.11 放慢：FLY_MS 0.70、QUEUE_FLY 0.40、推後收手 ×PACE） (859.003ms)
✔ 第四輪排隊：排隊的第二格推的時候，同一隻手就在那一格的錢柱旁（重新抓這一格的位置），不是留在上一格 (603.4958ms)
✔ 時序：推＝籌碼飛行 0.42 秒；收＝0.22 秒延遲＋0.42 秒返回；拍跟著令牌（SLAM_MS 0.30） (0.1578ms)
✔ 第二輪縮放：橫式掌寬（GLB Palm 主骨頂點 x 跨度 × SCALE）為錢柱直徑的 2～2.5 倍，且小於第一輪的 0.35 (0.8366ms)
✔ 第二輪袖子：沒有成團黑塊——看得見（alpha≥0.5）的頂點都不是近黑；袖口以後漸隱；看得見的袖子長度 ≤ 前臂 1/5 (3.0234ms)
tier1-push: camera envelope, tier gates, reduced motion, cancel/end and per-beat wiring PASS
✔ tests\tier1-push.test.mjs (270.0077ms)
✔ scene-shot only fixes the ordinary UI journey when --seed is explicit and reports it (4.873ms)
✔ market card capture accepts a repo-relative output and pins baseline git reads (0.9238ms)
✔ iphone layout capture accepts a repo-relative output without changing its default (0.6097ms)
✔ public reveal capture accepts URL and repo-relative output while keeping seed/defaults (0.7025ms)
✔ tool option guards reject unsafe paths before starting a browser (1828.4811ms)
✔ baseline and URL options reject invalid combinations before capture (1460.9552ms)
✔ scene-shot rejects an invalid explicit seed before capture (435.2631ms)
✔ scene-shot rejects an empty explicit seed instead of silently using seed 1 (553.0661ms)
✔ 3D 拍賣桌把私有心願收進局勢列，不佔桌心 stage (1.9445ms)
✔ 從側欄查看拍品時，3D 桌上同一件也會進入檢視態 (0.7454ms)
✔ 首頁顯示可核對的發布版本 (1.0869ms)

心願第二批 16 張 行為測試　目標檔：C:\Users\shung\wt\yaoshi\curse-slow\index.html

【甲】
  PASS  祖靈召喚 達成：得標祖靈法寶
  PASS  祖靈召喚 未達成：得標的是香火
  PASS  香火鼎盛 達成：得標香火法寶
  PASS  香火鼎盛 未達成：得標的是祖靈
  PASS  三教歸一 達成：袋有祖靈＋香火，本夜補進陰氣
  PASS  三教歸一 未達成：袋只有祖靈，補進陰氣後仍缺香火
  PASS  一擲千金 達成：得標戰力 7 的法寶
  PASS  一擲千金 未達成：得標的只有戰力 5
【乙】
  PASS  孤注一擲 達成：只下一筆且得標
  PASS  孤注一擲 未達成：下了兩筆（都得標也不算）
  PASS  撿漏 達成：出價 2 得標
  PASS  撿漏 未達成：出價 5 得標
  PASS  押命得手 達成：押命標得標
  PASS  押命得手 未達成：保守標得標
  PASS  獨行俠 達成：無人競標的拍品得標
  PASS  獨行俠 未達成：有人跟標（仍得標）
【丙】
  PASS  隔岸觀火 達成：鎖定東家，對決把東家打掉 ≥4
  PASS  隔岸觀火 未達成：東家整夜沒失血
  PASS  虎口奪食 達成：三人搶同一件、我最高
  PASS  虎口奪食 未達成：只有一人跟標
  PASS  禍水東引 達成：毒標塞給鎖定的東家
  PASS  禍水東引 未達成：毒標塞給了別人
  PASS  血流成河 達成：兩位對手各被打掉 ≥3
  PASS  血流成河 未達成：只有一位對手失血
【丁】
  PASS  全身而退 達成：對決獲勝、零失血
  PASS  全身而退 未達成：對決落敗失血
  PASS  大獲全勝 達成：戰力差 17 → 傷害 6
  PASS  大獲全勝 未達成：戰力差 2 → 傷害 3
  PASS  東山再起 達成：得標任一件
  PASS  東山再起 未達成：整夜沒得標
  PASS  驅邪 達成：買下銷毀詛咒品
  PASS  驅邪 未達成：拿詛咒品去毒別人
【canDraw】
  PASS  三教歸一：袋已三系齊 → 不發（恆真）
  PASS  東山再起：不是壽命最低者 → 不發
  PASS  全身而退：袋中有侵蝕品 → 不發（恆假）
  PASS  禍水東引：市場無詛咒品 → 不發；有則發且鎖定壽命最高對手

結果：PASS=36 FAIL=0
✔ tests\wish16.test.mjs (2455.2297ms)
ℹ tests 474
ℹ suites 0
ℹ pass 474
ℹ fail 0
ℹ cancelled 0
ℹ skipped 0
ℹ todo 0
ℹ duration_ms 679265.9522
