{
 "slow": [
  {
   "rnd": 484,
   "n": "cSN",
   "p2c": true,
   "pusher": 0
  },
  {
   "rnd": 452,
   "n": "cSW",
   "p2c": true,
   "pusher": 0
  },
  {
   "rnd": 499,
   "n": "cSE",
   "p2c": true,
   "pusher": 0
  },
  {
   "rnd": 465,
   "n": "cNS",
   "p2c": true,
   "pusher": 1
  },
  {
   "rnd": 454,
   "n": "cNW",
   "p2c": true,
   "pusher": 1
  },
  {
   "rnd": 476,
   "n": "cNE",
   "p2c": true,
   "pusher": 1
  },
  {
   "rnd": 430,
   "n": "cWS",
   "p2c": true,
   "pusher": 2
  },
  {
   "rnd": 426,
   "n": "cWN",
   "p2c": true,
   "pusher": 2
  },
  {
   "rnd": 462,
   "n": "cWE",
   "p2c": true,
   "pusher": 2
  },
  {
   "rnd": 482,
   "n": "cES",
   "p2c": true,
   "pusher": 3
  },
  {
   "rnd": 494,
   "n": "cEN",
   "p2c": true,
   "pusher": 3
  },
  {
   "rnd": 466,
   "n": "cEW",
   "p2c": true,
   "pusher": 3
  },
  {
   "rnd": 440,
   "n": "cSW0",
   "p2c": true,
   "pusher": 0
  },
  {
   "rnd": 456,
   "n": "cSW1",
   "p2c": true,
   "pusher": 0
  },
  {
   "rnd": 478,
   "n": "cSW3",
   "p2c": true,
   "pusher": 0
  }
 ]
}
