{
 "slow": [
  {
   "rnd": 492,
   "n": "cSN",
   "p2c": true,
   "pusher": 0
  },
  {
   "rnd": 485,
   "n": "cSW",
   "p2c": true,
   "pusher": 0
  },
  {
   "rnd": 460,
   "n": "cSE",
   "p2c": true,
   "pusher": 0
  },
  {
   "rnd": 468,
   "n": "cNS",
   "p2c": true,
   "pusher": 1
  },
  {
   "rnd": 472,
   "n": "cNW",
   "p2c": true,
   "pusher": 1
  },
  {
   "rnd": 481,
   "n": "cNE",
   "p2c": true,
   "pusher": 1
  },
  {
   "rnd": 496,
   "n": "cWS",
   "p2c": true,
   "pusher": 2
  },
  {
   "rnd": 416,
   "n": "cWN",
   "p2c": true,
   "pusher": 2
  },
  {
   "rnd": 489,
   "n": "cWE",
   "p2c": true,
   "pusher": 2
  },
  {
   "rnd": 424,
   "n": "cES",
   "p2c": true,
   "pusher": 3
  },
  {
   "rnd": 439,
   "n": "cEN",
   "p2c": true,
   "pusher": 3
  },
  {
   "rnd": 462,
   "n": "cEW",
   "p2c": true,
   "pusher": 3
  },
  {
   "rnd": 390,
   "n": "cSW0",
   "p2c": true,
   "pusher": 0
  },
  {
   "rnd": 432,
   "n": "cSW1",
   "p2c": true,
   "pusher": 0
  },
  {
   "rnd": 421,
   "n": "cSW3",
   "p2c": true,
   "pusher": 0
  }
 ]
}
