{
 "perf": {
  "rounds": [
   {
    "n": 2736,
    "p50": 1.4000000357627869,
    "p95": 2.599999964237213,
    "max": 28.399999976158142
   },
   {
    "n": 2736,
    "p50": 1.4000000357627869,
    "p95": 2.699999988079071,
    "max": 26.599999964237213
   },
   {
    "n": 2736,
    "p50": 1.399999976158142,
    "p95": 2.5,
    "max": 18
   },
   {
    "n": 2736,
    "p50": 1.399999976158142,
    "p95": 2.400000035762787,
    "max": 17.30000001192093
   },
   {
    "n": 2736,
    "p50": 1.399999976158142,
    "p95": 2.400000035762787,
    "max": 17.80000001192093
   }
  ],
  "medianP95": 2.5
 }
}
