    …seed 1 step 400 第 4 夜「開戰（停用）」
    …seed 1 step 800 第 8 夜「進入下一夜（停用）」
    …seed 2 step 400 第 4 夜「開戰（停用）」
    …seed 2 step 800 第 8 夜「進入下一夜（停用）」
    …seed 3 step 400 第 5 夜「開戰（停用）」
    …seed 3 step 800 第 8 夜「開戰（停用）」
    …seed 3 step 1200 第 11 夜「開戰（停用）」
    …seed 4 step 400 第 5 夜「開戰（停用）」
    …seed 4 step 800 第 8 夜「進入下一夜（停用）」
    …seed 4 step 1200 第 11 夜「開標 ▸（停用）」
    …seed 5 step 400 第 5 夜「開戰（停用）」
    …seed 5 step 800 第 9 夜「開戰（停用）」
    …seed 6 step 400 第 4 夜「開戰（停用）」
    …seed 6 step 800 第 7 夜「開戰（停用）」
    …seed 6 step 1200 第 10 夜「開戰（停用）」
    …seed 7 step 400 第 4 夜「開戰（停用）」
    …seed 7 step 800 第 7 夜「開戰（停用）」
    …seed 7 step 1200 第 9 夜「開戰（停用）」
    …seed 8 step 400 第 4 夜「開戰（停用）」
    …seed 8 step 800 第 8 夜「開戰（停用）」
    …seed 8 step 1200 第 12 夜「下一件拍品 ▸（停用）」
# 請神 Playwright 驅動（844×390 橫式＋390×844 直式）　輸出 legend-drive-v2.json
- 局數 8：seed 1（12 夜・請走 3 尊・回天收攤 0 龕／結清 0 筆・燒香 4 夜）；seed 2（12 夜・請走 3 尊・回天收攤 0 龕／結清 0 筆・燒香 5 夜）；seed 3（12 夜・請走 3 尊・回天收攤 0 龕／結清 0 筆・燒香 6 夜）；seed 4（12 夜・請走 3 尊・回天收攤 0 龕／結清 0 筆・燒香 4 夜）；seed 5（12 夜・請走 3 尊・回天收攤 0 龕／結清 0 筆・燒香 8 夜）；seed 6（12 夜・請走 3 尊・回天收攤 0 龕／結清 0 筆・燒香 4 夜）；seed 7（12 夜・請走 3 尊・回天收攤 0 龕／結清 0 筆・燒香 8 夜）；seed 8（12 夜・請走 3 尊・回天收攤 0 龕／結清 0 筆・燒香 8 夜）
  · seed 1 停在「再入妖市」　按鈕出現次數 {"不盯任何一件":12,"蓋牌開標":12,"開標 ▸":12,"開標 ▸（停用）":41,"下一件拍品 ▸":36,"下一件拍品 ▸（停用）":157,"🕯️ 請神":12,"🕯️ 請神（停用）":3,"開戰":12,"開戰（停用）":797,"進入下一夜":11,"進入下一夜（停用）":78,"前往拍賣":3,"看最終結果":1,"再入妖市":1}
  · seed 2 停在「再入妖市」　按鈕出現次數 {"不盯任何一件":12,"蓋牌開標":12,"開標 ▸":12,"開標 ▸（停用）":36,"下一件拍品 ▸":36,"下一件拍品 ▸（停用）":125,"🕯️ 請神":12,"🕯️ 請神（停用）":6,"開戰":12,"開戰（停用）":820,"進入下一夜":11,"進入下一夜（停用）":78,"前往拍賣":3,"看最終結果":1,"再入妖市":1}
  · seed 3 停在「再入妖市」　按鈕出現次數 {"不盯任何一件":12,"蓋牌開標":12,"開標 ▸":12,"開標 ▸（停用）":37,"下一件拍品 ▸":36,"下一件拍品 ▸（停用）":120,"🕯️ 請神":12,"🕯️ 請神（停用）":3,"開戰":12,"開戰（停用）":969,"進入下一夜":11,"進入下一夜（停用）":78,"前往拍賣":3,"看最終結果":1,"再入妖市":1}
  · seed 4 停在「再入妖市」　按鈕出現次數 {"不盯任何一件":12,"蓋牌開標":12,"開標 ▸":12,"開標 ▸（停用）":41,"下一件拍品 ▸":36,"下一件拍品 ▸（停用）":118,"🕯️ 請神":12,"開戰":12,"開戰（停用）":1019,"進入下一夜":11,"🕯️ 請神（停用）":8,"進入下一夜（停用）":78,"前往拍賣":3,"看最終結果":1,"再入妖市":1}
  · seed 5 停在「再入妖市」　按鈕出現次數 {"不盯任何一件":12,"蓋牌開標":12,"開標 ▸":12,"開標 ▸（停用）":33,"下一件拍品 ▸":36,"下一件拍品 ▸（停用）":111,"🕯️ 請神":12,"🕯️ 請神（停用）":10,"開戰":12,"開戰（停用）":771,"進入下一夜":11,"進入下一夜（停用）":78,"前往拍賣":3,"看最終結果":1,"再入妖市":1}
  · seed 6 停在「再入妖市」　按鈕出現次數 {"不盯任何一件":12,"蓋牌開標":12,"開標 ▸":12,"開標 ▸（停用）":49,"下一件拍品 ▸":36,"下一件拍品 ▸（停用）":162,"🕯️ 請神":12,"🕯️ 請神（停用）":15,"開戰":12,"開戰（停用）":969,"進入下一夜":11,"進入下一夜（停用）":78,"前往拍賣":3,"看最終結果":1,"再入妖市":1}
  · seed 7 停在「再入妖市」　按鈕出現次數 {"不盯任何一件":12,"蓋牌開標":12,"開標 ▸":12,"開標 ▸（停用）":43,"下一件拍品 ▸":36,"下一件拍品 ▸（停用）":148,"🕯️ 請神":12,"🕯️ 請神（停用）":10,"開戰":12,"開戰（停用）":1157,"進入下一夜":11,"進入下一夜（停用）":78,"前往拍賣":3,"看最終結果":1,"再入妖市":1}
  · seed 8 停在「再入妖市」　按鈕出現次數 {"不盯任何一件":12,"蓋牌開標":12,"開標 ▸":12,"開標 ▸（停用）":46,"下一件拍品 ▸":36,"下一件拍品 ▸（停用）":138,"🕯️ 請神":12,"🕯️ 請神（停用）":5,"開戰":12,"開戰（停用）":878,"進入下一夜":11,"進入下一夜（停用）":78,"前往拍賣":3,"看最終結果":1,"再入妖市":1}
- 覆審 M1 熱座交棒：出價頁看得到燒香列＝true、交棒畫面出現＝true、交棒當下 #stage .incbar 個數＝0 → ✅
- CFG.LEGEND_ON=true　神龕列 #shrines 開頁時存在？false　逐局（神龕列／燒香列）：seed 1 true/true；seed 2 true/true；seed 3 true/true；seed 4 true/true；seed 5 true/true；seed 6 true/true；seed 7 true/true；seed 8 true/true
- console error 0、pageerror 0、requestfailed 0 → ✅
- 走到「請走」24 次、「天亮回天」收攤 0 龕（其中結出階段獎勵 0 筆）→ ❌
- 固定頁對照（同一局同一頁「蓋牌開標」）：橫式 []　直式 [{"sel":"#stage","scrollW":116,"clientW":110,"over":6},{"sel":"#market","scrollW":116,"clientW":110,"over":6}]
- 橫向溢出：橫式 11 筆、直式 2 筆（直式量在「蓋牌開標」那一頁）→ ❌
    {"seed":1,"step":0,"txt":"不盯任何一件","ov":[{"sel":"body","scrollW":863,"clientW":844,"over":19},{"sel":"#table","scrollW":863,"clientW":844,"over":19}]}
    {"seed":1,"step":193,"txt":"蓋牌開標","ov":[{"sel":"#stage","scrollW":567,"clientW":564,"over":3},{"sel":"#market","scrollW":567,"clientW":564,"over":3}]}
    {"seed":1,"step":300,"txt":"進入下一夜","ov":[{"sel":"body","scrollW":846,"clientW":844,"over":2},{"sel":"#table","scrollW":846,"clientW":844,"over":2}]}
    {"seed":1,"step":555,"txt":"不盯任何一件","ov":[{"sel":"body","scrollW":851,"clientW":844,"over":7},{"sel":"#table","scrollW":851,"clientW":844,"over":7}]}
    {"seed":1,"step":701,"txt":"不盯任何一件","ov":[{"sel":"body","scrollW":851,"clientW":844,"over":7},{"sel":"#table","scrollW":851,"clientW":844,"over":7}]}
    {"sel":"#stage","scrollW":116,"clientW":110,"over":6}
    {"sel":"#market","scrollW":116,"clientW":110,"over":6}
- 判定：❌ 未通過
