    …seed 1 step 400 第 5 夜「開標 ▸（停用）」
    …seed 1 step 800 第 8 夜「開戰（停用）」
    …seed 4 step 400 第 5 夜「開戰（停用）」
    …seed 6 step 400 第 4 夜「開戰（停用）」
    …seed 6 step 800 第 7 夜「開戰（停用）」
    …seed 6 step 1200 第 10 夜「開戰（停用）」
    …seed 8 step 400 第 5 夜「開標 ▸（停用）」
    …seed 8 step 800 第 8 夜「開戰（停用）」
    …seed 8 step 1200 第 11 夜「開戰（停用）」
    …seed 9 step 400 第 5 夜「開戰（停用）」
    …seed 9 step 800 第 10 夜「開戰（停用）」
    …seed 11 step 400 第 5 夜「開戰（停用）」
    …seed 11 step 800 第 9 夜「下一件拍品 ▸（停用）」
    …seed 11 step 1200 第 12 夜「開戰（停用）」
# 請神 Playwright 驅動（844×390 橫式＋390×844 直式）　輸出 legend-drive-dawn.json
- 局數 6：seed 1（9 夜・請走 2 尊・回天收攤 1 龕／結清 0 筆・燒香 0 夜）；seed 4（8 夜・請走 2 尊・回天收攤 1 龕／結清 0 筆・燒香 0 夜）；seed 6（12 夜・請走 3 尊・回天收攤 0 龕／結清 0 筆・燒香 0 夜）；seed 8（11 夜・請走 3 尊・回天收攤 0 龕／結清 0 筆・燒香 0 夜）；seed 9（12 夜・請走 0 尊・回天收攤 3 龕／結清 0 筆・燒香 0 夜）；seed 11（12 夜・請走 2 尊・回天收攤 1 龕／結清 1 筆・燒香 0 夜）
  · seed 1 停在「再入妖市」　按鈕出現次數 {"不盯任何一件":9,"蓋牌開標":9,"開標 ▸":9,"開標 ▸（停用）":37,"下一件拍品 ▸":27,"下一件拍品 ▸（停用）":111,"🕯️ 請神":9,"🕯️ 請神（停用）":2,"開戰":9,"開戰（停用）":620,"進入下一夜":8,"進入下一夜（停用）":52,"前往拍賣":2,"看最終結果":1,"再入妖市":1}
  · seed 4 停在「再入妖市」　按鈕出現次數 {"不盯任何一件":8,"蓋牌開標":8,"開標 ▸":8,"開標 ▸（停用）":33,"下一件拍品 ▸":24,"下一件拍品 ▸（停用）":81,"🕯️ 請神":8,"🕯️ 請神（停用）":7,"開戰":8,"開戰（停用）":511,"進入下一夜":7,"進入下一夜（停用）":52,"前往拍賣":2,"看最終結果":1,"再入妖市":1}
  · seed 6 停在「再入妖市」　按鈕出現次數 {"不盯任何一件":12,"蓋牌開標":12,"開標 ▸":12,"開標 ▸（停用）":49,"下一件拍品 ▸":36,"下一件拍品 ▸（停用）":170,"🕯️ 請神":12,"開戰":12,"開戰（停用）":1138,"進入下一夜":11,"🕯️ 請神（停用）":14,"進入下一夜（停用）":78,"前往拍賣":3,"看最終結果":1,"再入妖市":1}
  · seed 8 停在「再入妖市」　按鈕出現次數 {"不盯任何一件":11,"蓋牌開標":11,"開標 ▸":11,"開標 ▸（停用）":39,"下一件拍品 ▸":33,"下一件拍品 ▸（停用）":138,"🕯️ 請神":11,"🕯️ 請神（停用）":8,"開戰":11,"開戰（停用）":868,"進入下一夜":10,"進入下一夜（停用）":78,"前往拍賣":3,"看最終結果":1,"再入妖市":1}
  · seed 9 停在「再入妖市」　按鈕出現次數 {"不盯任何一件":12,"蓋牌開標":12,"開標 ▸":12,"開標 ▸（停用）":50,"下一件拍品 ▸":36,"下一件拍品 ▸（停用）":157,"🕯️ 請神":12,"🕯️ 請神（停用）":1,"開戰":12,"開戰（停用）":582,"進入下一夜":11,"進入下一夜（停用）":78,"前往拍賣":3,"看最終結果":1,"再入妖市":1}
  · seed 11 停在「再入妖市」　按鈕出現次數 {"不盯任何一件":12,"蓋牌開標":12,"開標 ▸":12,"開標 ▸（停用）":47,"下一件拍品 ▸":36,"下一件拍品 ▸（停用）":155,"🕯️ 請神":12,"🕯️ 請神（停用）":4,"開戰":12,"開戰（停用）":833,"進入下一夜":11,"進入下一夜（停用）":78,"前往拍賣":3,"看最終結果":1,"再入妖市":1}
- 覆審 M1 熱座交棒：出價頁看得到燒香列＝true、交棒畫面出現＝true、交棒當下 #stage .incbar 個數＝0 → ✅
- CFG.LEGEND_ON=true　神龕列 #shrines 開頁時存在？false　逐局（神龕列／燒香列）：seed 1 true/true；seed 4 true/true；seed 6 true/true；seed 8 true/true；seed 9 true/true；seed 11 true/true
- console error 0、pageerror 0、requestfailed 0 → ✅
- 走到「請走」12 次、「天亮回天」收攤 6 龕（其中結出階段獎勵 1 筆）→ ✅
- 固定頁對照（同一局同一頁「蓋牌開標」）：橫式 []　直式 [{"sel":"#stage","scrollW":116,"clientW":110,"over":6},{"sel":"#market","scrollW":116,"clientW":110,"over":6}]
- 橫向溢出：橫式 9 筆、直式 2 筆（直式量在「蓋牌開標」那一頁）→ ❌
    {"seed":1,"step":0,"txt":"不盯任何一件","ov":[{"sel":"body","scrollW":863,"clientW":844,"over":19},{"sel":"#table","scrollW":863,"clientW":844,"over":19}]}
    {"seed":1,"step":178,"txt":"蓋牌開標","ov":[{"sel":"#stage","scrollW":567,"clientW":564,"over":3},{"sel":"#market","scrollW":567,"clientW":564,"over":3}]}
    {"seed":1,"step":702,"txt":"進入下一夜","ov":[{"sel":"body","scrollW":848,"clientW":844,"over":4},{"sel":"#table","scrollW":848,"clientW":844,"over":4}]}
    {"seed":4,"step":567,"txt":"蓋牌開標","ov":[{"sel":"#stage","scrollW":567,"clientW":564,"over":3},{"sel":"#market","scrollW":567,"clientW":564,"over":3}]}
    {"seed":6,"step":168,"txt":"蓋牌開標","ov":[{"sel":"#stage","scrollW":567,"clientW":564,"over":3},{"sel":"#market","scrollW":567,"clientW":564,"over":3}]}
    {"sel":"#stage","scrollW":116,"clientW":110,"over":6}
    {"sel":"#market","scrollW":116,"clientW":110,"over":6}
- 判定：❌ 未通過
