[text-fit] solo done 947s
[text-fit] hot done 606s
[text-fit] nw1 done 972s
[text-fit] nw2 done 148s
[text-fit] nw3 done 137s
{
 "tag": "base-14ac1f2",
 "cells": 891,
 "cellsRed": 229,
 "byVp": {
  "V1": {
   "cells": 179,
   "red": 62,
   "redScrollOnly": 62
  },
  "V2": {
   "cells": 179,
   "red": 37,
   "redScrollOnly": 37
  },
  "V3": {
   "cells": 178,
   "red": 62,
   "redScrollOnly": 62
  },
  "V4": {
   "cells": 178,
   "red": 65,
   "redScrollOnly": 65
  },
  "V5": {
   "cells": 177,
   "red": 3,
   "redScrollOnly": 3
  }
 },
 "items": 7,
 "lost": [
  "solo|shrine-run lost9",
  "hot|shrine-run lost6",
  "nw1|shrine-run lost4",
  "nw1|duel lost1",
  "nw2|shrine-run lost1",
  "nw2|duel lost1",
  "nw3|shrine-run lost1",
  "nw3|duel lost1"
 ],
 "pageErrors": {
  "solo": [],
  "hot": [],
  "nw1": [],
  "nw2": [],
  "nw3": []
 },
 "guard": {
  "cells": 0,
  "spill": {},
  "overlap": {}
 },
 "strips": [
  "#feltHead n805 minOwn 0 minEff 0 低於.85且無字影 0 ",
  "#feltHead > span.headCompact n805 minOwn 0.9 minEff 0.9 低於.85且無字影 0 ",
  "#feltHead > div.wishbar n375 minOwn 0.9 minEff 0.9 低於.85且無字影 0 ",
  "#northPrev > button.nsum n570 minOwn 0.9 minEff 0.9 低於.85且無字影 0 ",
  "#revealCard n19 minOwn 0.88 minEff 0.88 低於.85且無字影 0 ",
  "#stage > div.stageCard n405 minOwn 1 minEff 1 低於.85且無字影 0 ",
  "#stage > div.stakebar n15 minOwn 0.9 minEff 0.9 低於.85且無字影 0 ",
  "#bub1 n8 minOwn 1 minEff 1 低於.85且無字影 0 "
 ],
 "itemList": [
  "[scroll reach 5/5] #modalbox ×5 「？ 妖市規則 🔧 音訊診斷：sfx v0.58」→「？ 妖市規則 🔧 音訊診斷：sfx v0.58」",
  "[scroll reach 150/150] #felt ×150 「東風・🌑 朔月｜陰氣拍：全隊 HP +1 ？ 」→「東風・🌑 朔月｜陰氣拍：全隊 HP +1 ？ 」",
  "[scroll reach 57/57] #railW > div.railPages ×57 「山豬牙飾 共鳴1拍・小紙人×1祖靈🌓 今夜受惠」→「山豬牙飾 共鳴1拍・小紙人×1祖靈🌓 今夜受惠」",
  "[scroll reach 57/57] #railE > div.railPages ×57 「👁北東 送王船 共鳴2拍・護法紙人×2香火 ✦」→「👁北東 送王船 共鳴2拍・護法紙人×2香火 ✦」",
  "[scroll reach 10/10] #review ×10 「本局回顧 下載本局紀錄 複製本局紀錄 關閉 這一」→「本局回顧下載本局紀錄複製本局紀錄關閉 這一局的因」",
  "[scroll reach 3/3] #nwScr ×3 「夜行錄 返回 依序挑戰；終局時你還活著，且壽命高」→「夜行錄返回 依序挑戰；終局時你還活著，且壽命高過」",
  "[scroll reach 12/12] #nwBody > div.stageCard.nwBig ×12 「夜行錄・第一章 破廟逢青面 青面攤主 本章主角，」→「夜行錄・第一章 破廟逢青面 青面攤主本章主角，坐」"
 ]
}
