[text-fit] solo done 736s
[text-fit] hot done 500s
[text-fit] nw1 done 605s
[text-fit] nw2 done 62s
[text-fit] nw3 done 70s
{
 "tag": "head",
 "cells": 973,
 "cellsRed": 203,
 "byVp": {
  "V1": {
   "cells": 195,
   "red": 52,
   "redScrollOnly": 52
  },
  "V2": {
   "cells": 195,
   "red": 40,
   "redScrollOnly": 40
  },
  "V3": {
   "cells": 195,
   "red": 52,
   "redScrollOnly": 52
  },
  "V4": {
   "cells": 194,
   "red": 55,
   "redScrollOnly": 55
  },
  "V5": {
   "cells": 194,
   "red": 4,
   "redScrollOnly": 4
  }
 },
 "items": 5,
 "lost": [
  "solo|shrine-run lost8",
  "hot|shrine-run lost9",
  "nw1|shrine-run lost9",
  "nw2|shrine-run lost1",
  "nw3|shrine-run lost1",
  "nw3|duel lost1"
 ],
 "pageErrors": {
  "solo": [],
  "hot": [],
  "nw1": [],
  "nw2": [],
  "nw3": []
 },
 "guard": {
  "cells": 0,
  "spill": {},
  "overlap": {}
 },
 "strips": [
  "#feltHead n884 minOwn 0 minEff 0 低於.85且無字影 0 ",
  "#feltHead > span.headCompact n884 minOwn 0.9 minEff 0.9 低於.85且無字影 0 ",
  "#feltHead > div.wishbar n405 minOwn 0.9 minEff 0.9 低於.85且無字影 0 ",
  "#northPrev > button.nsum n615 minOwn 0.9 minEff 0.9 低於.85且無字影 0 ",
  "#revealCard n20 minOwn 0.88 minEff 0.88 低於.85且無字影 0 ",
  "#stage > div.stageCard.resultStrip n214 minOwn 0.94 minEff 0.94 低於.85且無字影 0 ",
  "#stage > div.stageCard n240 minOwn 1 minEff 1 低於.85且無字影 0 ",
  "#stage > div.stakebar n15 minOwn 0.9 minEff 0.9 低於.85且無字影 0 ",
  "#bub1 n17 minOwn 1 minEff 1 低於.85且無字影 0 ",
  "#bub3 n1 minOwn 1 minEff 1 低於.85且無字影 0 "
 ],
 "itemList": [
  "[scroll reach 5/5] #modalbox ×5 「？ 妖市規則 音訊診斷：sfx v0.59.0 」→「？ 妖市規則 音訊診斷：sfx v0.59.0 」",
  "[scroll reach 181/181] #felt ×181 「西風・ 上弦｜祖靈拍：全隊 HP +1・落魄夜 」→「西風・ 上弦｜祖靈拍：全隊 HP +1・落魄夜 」",
  "[scroll reach 10/10] #review ×10 「本局回顧 下載本局紀錄 複製本局紀錄 關閉 這一」→「本局回顧下載本局紀錄複製本局紀錄關閉 這一局的因」",
  "[scroll reach 3/3] #nwScr ×3 「夜行錄 返回 依序挑戰；終局時你還活著，且壽命高」→「夜行錄返回 依序挑戰；終局時你還活著，且壽命高過」",
  "[scroll reach 12/12] #nwBody > div.stageCard.nwBig ×12 「夜行錄・第一章 破廟逢青面 青面攤主 本章主角，」→「夜行錄・第一章 破廟逢青面 青面攤主本章主角，坐」"
 ]
}
