{"errs":[]}
{"errs":[]}
c2-done
c10-done
{"tag":"base-c1e7","clock":{"clock0":"10000000","start":10000000,"perfAtStart":3660},"frames":190,"framesWithHands":164,"errs":[]}
{"tag":"off-c1e7-r1","clock":{"clock0":"10000000","start":10000000,"perfAtStart":3625.5999999996275},"frames":190,"framesWithHands":164,"errs":[]}
{"tag":"off-c1e7-r2","clock":{"clock0":"10000000","start":10000000,"perfAtStart":3950.5},"frames":190,"framesWithHands":164,"errs":[]}
{"tag":"off-c1e7-r3","clock":{"clock0":"10000000","start":10000000,"perfAtStart":3495.0999999996275},"frames":190,"framesWithHands":164,"errs":[]}
occl 1 0
occl 2 0
occl 3 0
occl 4 0
occl 5 0
{"role":"qingmian","ver":"0.63.0","state":{"kind":"push","slot":1,"t":0.311111},"visible":[0],"palm":[367.84855214456445,219.36426460096965],"variants":["qingmian",null,null,null],"errs":[],"bad":[]}
{"role":"hongyi","ver":"0.63.0","state":{"kind":"push","slot":1,"t":0.311111},"visible":[0],"palm":[347.1508064075239,232.0934909472421],"variants":["hongyi",null,null,null],"errs":[],"bad":[]}
{"role":"duanshou","ver":"0.63.0","state":{"kind":"push","slot":1,"t":0.311111},"visible":[0],"palm":[370.3293324701793,217.07129653422572],"variants":["duanshou",null,null,null],"errs":[],"bad":[]}
{"role":"shoujing","ver":"0.63.0","state":{"kind":"push","slot":1,"t":0.311111},"visible":[0],"palm":[373.0810148821415,216.09651135222677],"variants":["shoujing",null,null,null],"errs":[],"bad":[]}
{"role":"hunter","ver":"0.63.0","state":{"kind":"push","slot":1,"t":0.311111},"visible":[0],"palm":[368.92930376059627,217.99596052697945],"variants":["hunter",null,null,null],"errs":[],"bad":[]}
{"role":"xiaonv","ver":"0.63.0","state":{"kind":"push","slot":1,"t":0.311111},"visible":[0],"palm":[382.33394649450923,211.63953600385474],"variants":["xiaonv",null,null,null],"errs":[],"bad":[]}
{"role":"lvshan","ver":"0.63.0","state":{"kind":"push","slot":1,"t":0.311111},"visible":[0],"palm":[382.33394649450923,211.63953600385474],"variants":["lvshan",null,null,null],"errs":[],"bad":[]}
{"role":"dangpu","ver":"0.63.0","state":{"kind":"push","slot":1,"t":0.311111},"visible":[0],"palm":[373.0581287349954,216.1452170080277],"variants":["dangpu",null,null,null],"errs":[],"bad":[]}
{"role":"zutou","ver":"0.63.0","state":{"kind":"push","slot":1,"t":0.311111},"visible":[0],"palm":[363.921149029351,220.5006256497304],"variants":["zutou",null,null,null],"errs":[],"bad":[]}
{"role":"luzhu","ver":"0.63.0","state":{"kind":"push","slot":1,"t":0.311111},"visible":[0],"palm":[382.33394649450923,211.63953600385474],"variants":["luzhu",null,null,null],"errs":[],"bad":[]}
{"errs":[]}
all-done
