== cNW-wedding route [[1.35,0.1],[0.94,1.01],[-0.2,1.01],[-0.91,0.96]] go 0.40 push 1.85
  0 t=0.4 pile=1.35,0.1 ok=-60..60
  1 t=0.43 pile=1.35,0.1 ok=-60..60
  2 t=0.46 pile=1.34,0.11 ok=-60..60
  3 t=0.491 pile=1.34,0.13 ok=-60..60
  4 t=0.521 pile=1.33,0.15 ok=-60..60
  5 t=0.551 pile=1.31,0.18 ok=-60..60
  6 t=0.581 pile=1.3,0.21 ok=-60..60
  7 t=0.611 pile=1.28,0.25 ok=-60..-12,10..60
  8 t=0.642 pile=1.26,0.29 ok=-60..-12,42..60
  9 t=0.672 pile=1.24,0.34 ok=-60..-4,58..60
  10 t=0.702 pile=1.22,0.39 ok=-60..6
  11 t=0.732 pile=1.19,0.45 ok=-60..18
  12 t=0.763 pile=1.17,0.5 ok=-60..34
  13 t=0.793 pile=1.14,0.57 ok=-60..46
  14 t=0.823 pile=1.11,0.63 ok=-60..36
  15 t=0.853 pile=1.08,0.7 ok=-60..30
  16 t=0.883 pile=1.04,0.77 ok=-60..24
  17 t=0.914 pile=1.01,0.84 ok=-60..18
  18 t=0.944 pile=0.98,0.92 ok=-60..14
  19 t=0.974 pile=0.94,1 ok=-60..10,60
  20 t=1.004 pile=0.86,1.01 ok=-60..0,60
  21 t=1.034 pile=0.78,1.01 ok=-60..-10,60
  22 t=1.065 pile=0.69,1.01 ok=-60..-22
  23 t=1.095 pile=0.6,1.01 ok=-60..-36
  24 t=1.125 pile=0.51,1.01 ok=-60..-50
  25 t=1.155 pile=0.42,1.01 ok=-60..-58
  26 t=1.185 pile=0.33,1.01 ok=60
  27 t=1.216 pile=0.24,1.01 ok=54..60
  28 t=1.246 pile=0.16,1.01 ok=42..60
  29 t=1.276 pile=0.07,1.01 ok=28..60
  30 t=1.306 pile=-0.01,1.01 ok=16..60
  31 t=1.336 pile=-0.09,1.01 ok=-60,4..60
  32 t=1.367 pile=-0.17,1.01 ok=-60..-58,-6..60
  33 t=1.397 pile=-0.25,1 ok=-60..-58,-18..60
  34 t=1.427 pile=-0.33,1 ok=-60..-34,-28..60
  35 t=1.457 pile=-0.4,0.99 ok=-60..60
  36 t=1.488 pile=-0.47,0.99 ok=-60..60
  37 t=1.518 pile=-0.53,0.98 ok=-60..60
  38 t=1.548 pile=-0.59,0.98 ok=-60..60
  39 t=1.578 pile=-0.65,0.97 ok=-60..60
  40 t=1.608 pile=-0.7,0.97 ok=-60..60
  41 t=1.639 pile=-0.75,0.97 ok=-60..60
  42 t=1.669 pile=-0.79,0.96 ok=-60..60
  43 t=1.699 pile=-0.82,0.96 ok=-60..60
  44 t=1.729 pile=-0.85,0.96 ok=-60..60
  45 t=1.759 pile=-0.88,0.96 ok=-60..60
  46 t=1.79 pile=-0.9,0.96 ok=-60..60
  47 t=1.82 pile=-0.91,0.96 ok=-60..60
  48 t=1.85 pile=-0.91,0.96 ok=-60..60
== cNE-wedding route [[-1.35,0.1],[-0.97,0.54],[-0.2,1.01],[0.95,1.1]] go 0.40 push 1.85
  0 t=0.4 pile=-1.35,0.1 ok=-60..60
  1 t=0.43 pile=-1.35,0.1 ok=-60..60
  2 t=0.46 pile=-1.34,0.11 ok=-60..60
  3 t=0.491 pile=-1.33,0.12 ok=-60..60
  4 t=0.521 pile=-1.32,0.14 ok=-60..60
  5 t=0.551 pile=-1.3,0.16 ok=-60..60
  6 t=0.581 pile=-1.28,0.19 ok=-60..20,50..60
  7 t=0.611 pile=-1.25,0.21 ok=-60..8
  8 t=0.642 pile=-1.22,0.25 ok=-60..-4
  9 t=0.672 pile=-1.19,0.28 ok=-60..-46,-42,-32..-14
  10 t=0.702 pile=-1.16,0.32 ok=NONE
  11 t=0.732 pile=-1.12,0.37 ok=-60..-58,48..60
  12 t=0.763 pile=-1.08,0.41 ok=28..60
  13 t=0.793 pile=-1.04,0.46 ok=6..60
  14 t=0.823 pile=-1,0.51 ok=4..60
  15 t=0.853 pile=-0.94,0.55 ok=10..60
  16 t=0.883 pile=-0.88,0.59 ok=-60..-34,18..60
  17 t=0.914 pile=-0.82,0.63 ok=-60..-30,26..60
  18 t=0.944 pile=-0.75,0.67 ok=-60..-24,32..60
  19 t=0.974 pile=-0.69,0.71 ok=-60..-14,32..60
  20 t=1.004 pile=-0.62,0.75 ok=-60..10,38..60
  21 t=1.034 pile=-0.55,0.79 ok=-60..60
  22 t=1.065 pile=-0.48,0.84 ok=-60..60
  23 t=1.095 pile=-0.41,0.88 ok=-60..-18,-12..60
  24 t=1.125 pile=-0.34,0.92 ok=-30..60
  25 t=1.155 pile=-0.27,0.96 ok=-20..60
  26 t=1.185 pile=-0.2,1.01 ok=-60..-58,-10..60
  27 t=1.216 pile=-0.12,1.01 ok=-60..-58,0..60
  28 t=1.246 pile=-0.04,1.02 ok=-60,12..60
  29 t=1.276 pile=0.04,1.02 ok=-60,24..60
  30 t=1.306 pile=0.12,1.03 ok=-60,36..60
  31 t=1.336 pile=0.2,1.04 ok=44..60
  32 t=1.367 pile=0.27,1.04 ok=-60,48..60
  33 t=1.397 pile=0.34,1.05 ok=-60..-56,56..60
  34 t=1.427 pile=0.41,1.06 ok=-60..-56,58..60
  35 t=1.457 pile=0.48,1.06 ok=-60..-48,56..60
  36 t=1.488 pile=0.54,1.07 ok=-60..-40,56..60
  37 t=1.518 pile=0.6,1.07 ok=-60..-32,54..60
  38 t=1.548 pile=0.66,1.08 ok=-60..-26,52..60
  39 t=1.578 pile=0.71,1.08 ok=-60..-18,50..60
  40 t=1.608 pile=0.76,1.08 ok=-60..-12,50..60
  41 t=1.639 pile=0.8,1.09 ok=-60..-4,48..60
  42 t=1.669 pile=0.84,1.09 ok=-60..0,46..60
  43 t=1.699 pile=0.87,1.09 ok=-60..2,46..60
  44 t=1.729 pile=0.9,1.1 ok=-60..6,44..60
  45 t=1.759 pile=0.92,1.1 ok=-60..8,44..60
  46 t=1.79 pile=0.94,1.1 ok=-60..10,44..60
  47 t=1.82 pile=0.95,1.1 ok=-60..14,18,22..24,44..60
  48 t=1.85 pile=0.95,1.1 ok=-60..18,22..24,44..60
