{
 "gates": {
  "occlusion_le_10pct": true,
  "handoffClears": true,
  "skipClears": true,
  "duelHides": true,
  "noPageErrors": true
 },
 "pass": true,
 "summary": {
  "推": {
   "occlMax": 0.0074,
   "occlMeanFrameMax": 0.0003,
   "handShareMax": 0.0452,
   "handShareMean": 0.0419,
   "n": 23
  },
  "推（四家同一格）": {
   "occlMax": 0.0315,
   "occlMeanFrameMax": 0.0019,
   "handShareMax": 0.0657,
   "handShareMean": 0.0551,
   "n": 23
  },
  "拍": {
   "occlMax": 0.0082,
   "occlMeanFrameMax": 0.0008,
   "handShareMax": 0.041,
   "handShareMean": 0.0398,
   "n": 15
  },
  "收": {
   "occlMax": 0.0195,
   "occlMeanFrameMax": 0.0011,
   "handShareMax": 0.055,
   "handShareMean": 0.0518,
   "n": 31
  },
  "AI 一次推多格": {
   "occlMax": 0.0021,
   "occlMeanFrameMax": 0,
   "handShareMax": 0.0502,
   "handShareMean": 0.0323,
   "n": 50
  },
  "南席一次推四格": {
   "occlMax": 0,
   "occlMeanFrameMax": 0,
   "handShareMax": 0.0157,
   "handShareMean": 0.0126,
   "n": 50
  }
 },
 "handoff": {
  "visibleAfter": 0
 },
 "skip": {
  "visibleAfter": 0
 },
 "duel": {
  "trayVisible": false,
  "handsRendered": 0
 },
 "errors": []
}
