{
 "gates": {
  "occlusion_le_10pct": true,
  "handoffClears": true,
  "skipClears": true,
  "duelHides": true,
  "noPageErrors": true
 },
 "pass": true,
 "summary": {
  "推": {
   "occlMax": 0.0073,
   "occlMeanFrameMax": 0.0003,
   "handShareMax": 0.0498,
   "handShareMean": 0.0445,
   "n": 23
  },
  "推（四家同一格）": {
   "occlMax": 0.0317,
   "occlMeanFrameMax": 0.0019,
   "handShareMax": 0.0675,
   "handShareMean": 0.0564,
   "n": 23
  },
  "拍": {
   "occlMax": 0.0073,
   "occlMeanFrameMax": 0.0006,
   "handShareMax": 0.0405,
   "handShareMean": 0.0397,
   "n": 15
  },
  "收": {
   "occlMax": 0.0186,
   "occlMeanFrameMax": 0.0011,
   "handShareMax": 0.0561,
   "handShareMean": 0.0521,
   "n": 31
  },
  "AI 一次推多格": {
   "occlMax": 0.001,
   "occlMeanFrameMax": 0,
   "handShareMax": 0.0514,
   "handShareMean": 0.0323,
   "n": 50
  },
  "南席一次推四格": {
   "occlMax": 0,
   "occlMeanFrameMax": 0,
   "handShareMax": 0.0183,
   "handShareMean": 0.0133,
   "n": 50
  }
 },
 "handoff": {
  "visibleAfter": 0
 },
 "skip": {
  "visibleAfter": 0
 },
 "duel": {
  "trayVisible": false,
  "handsRendered": 0
 },
 "errors": []
}
