{"hand":"default","seat":0,"pose":"back","state":{"kind":"push","slot":1,"t":0.466667},"vis":[0],"handPx":4198,"mat":"hand-real-b1","sha":"fa8965037b4e"}
{"hand":"default","seat":0,"pose":"claw","state":{"kind":"rake","slot":1,"t":0.2},"vis":[0,1],"handPx":3576,"mat":"hand-real-b1","sha":"857b701523f4"}
{"hand":"default","seat":1,"pose":"back","state":{"kind":"push","slot":2,"t":0.466667},"vis":[1],"handPx":1704,"mat":"hand-real-b1","sha":"4eb369410880"}
{"hand":"default","seat":1,"pose":"claw","state":{"kind":"rake","slot":2,"t":0.2},"vis":[0,1],"handPx":1440,"mat":"hand-real-b1","sha":"9c55b8e0769a"}
{"hand":"shoujing","seat":0,"pose":"back","state":{"kind":"push","slot":1,"t":0.466667},"vis":[0],"handPx":4802,"mat":"hand-real-b1","sha":"78577222cd64"}
{"hand":"shoujing","seat":0,"pose":"claw","state":{"kind":"rake","slot":1,"t":0.2},"vis":[0,1],"handPx":3377,"mat":"hand-real-b1","sha":"e31195e42c96"}
{"hand":"shoujing","seat":1,"pose":"back","state":{"kind":"push","slot":2,"t":0.466667},"vis":[1],"handPx":1364,"mat":"hand-real-b1","sha":"63128d224b88"}
{"hand":"shoujing","seat":1,"pose":"claw","state":{"kind":"rake","slot":2,"t":0.2},"vis":[0,1],"handPx":1547,"mat":"hand-real-b1","sha":"626088f66191"}
{"hand":"dangpu","seat":0,"pose":"back","state":{"kind":"push","slot":1,"t":0.466667},"vis":[0],"handPx":4870,"mat":"hand-real-b1","sha":"77b4edc3ea96"}
{"hand":"dangpu","seat":0,"pose":"claw","state":{"kind":"rake","slot":1,"t":0.2},"vis":[0,1],"handPx":3294,"mat":"hand-real-b1","sha":"ce22dae7d70c"}
{"hand":"dangpu","seat":1,"pose":"back","state":{"kind":"push","slot":2,"t":0.466667},"vis":[1],"handPx":1813,"mat":"hand-real-b1","sha":"d6b598d6b5e5"}
{"hand":"dangpu","seat":1,"pose":"claw","state":{"kind":"rake","slot":2,"t":0.2},"vis":[0,1],"handPx":1484,"mat":"hand-real-b1","sha":"8ab7707e8830"}
{"hand":"hunter","seat":0,"pose":"back","state":{"kind":"push","slot":1,"t":0.466667},"vis":[0],"handPx":5253,"mat":"hand-real-b1","sha":"290c827184f0"}
{"hand":"hunter","seat":0,"pose":"claw","state":{"kind":"rake","slot":1,"t":0.2},"vis":[0,1],"handPx":3737,"mat":"hand-real-b1","sha":"1e4bb0d2f97d"}
{"hand":"hunter","seat":1,"pose":"back","state":{"kind":"push","slot":2,"t":0.466667},"vis":[1],"handPx":1964,"mat":"hand-real-b1","sha":"909257eae707"}
{"hand":"hunter","seat":1,"pose":"claw","state":{"kind":"rake","slot":2,"t":0.2},"vis":[0,1],"handPx":1644,"mat":"hand-real-b1","sha":"fe53c41c6915"}
{"hand":"qingmian","seat":0,"pose":"back","state":{"kind":"push","slot":1,"t":0.466667},"vis":[0],"handPx":4177,"mat":"hand-real-b1","sha":"7bbfca6f1870"}
{"hand":"qingmian","seat":0,"pose":"claw","state":{"kind":"rake","slot":1,"t":0.2},"vis":[0,1],"handPx":3686,"mat":"hand-real-b1","sha":"4aef4342d923"}
{"hand":"qingmian","seat":1,"pose":"back","state":{"kind":"push","slot":2,"t":0.466667},"vis":[1],"handPx":1585,"mat":"hand-real-b1","sha":"c8e0e8408d97"}
{"hand":"qingmian","seat":1,"pose":"claw","state":{"kind":"rake","slot":2,"t":0.2},"vis":[0,1],"handPx":2145,"mat":"hand-real-b1","sha":"cfba2e3df8c3"}
{"hand":"hongyi","seat":0,"pose":"back","state":{"kind":"push","slot":1,"t":0.466667},"vis":[0],"handPx":3344,"mat":"hand-real-b1","sha":"362e2c556836"}
{"hand":"hongyi","seat":0,"pose":"claw","state":{"kind":"rake","slot":1,"t":0.2},"vis":[0,1],"handPx":3864,"mat":"hand-real-b1","sha":"ca74e75d05c5"}
{"hand":"hongyi","seat":1,"pose":"back","state":{"kind":"push","slot":2,"t":0.466667},"vis":[1],"handPx":1779,"mat":"hand-real-b1","sha":"001d979eb6a4"}
{"hand":"hongyi","seat":1,"pose":"claw","state":{"kind":"rake","slot":2,"t":0.2},"vis":[0,1],"handPx":2125,"mat":"hand-real-b1","sha":"38d08440c9fd"}
{"hand":"duanshou","seat":0,"pose":"back","state":{"kind":"push","slot":1,"t":0.466667},"vis":[0],"handPx":4728,"mat":"hand-real-b1","sha":"76ba9010ffb6"}
{"hand":"duanshou","seat":0,"pose":"claw","state":{"kind":"rake","slot":1,"t":0.2},"vis":[0,1],"handPx":3246,"mat":"hand-real-b1","sha":"639412798368"}
{"hand":"duanshou","seat":1,"pose":"back","state":{"kind":"push","slot":2,"t":0.466667},"vis":[1],"handPx":1697,"mat":"hand-real-b1","sha":"bf4d26547e00"}
{"hand":"duanshou","seat":1,"pose":"claw","state":{"kind":"rake","slot":2,"t":0.2},"vis":[0,1],"handPx":1436,"mat":"hand-real-b1","sha":"c71d7a10c0c7"}
{"hand":"zutou","seat":0,"pose":"back","state":{"kind":"push","slot":1,"t":0.466667},"vis":[0],"handPx":4767,"mat":"hand-real-b1","sha":"757f041a611e"}
{"hand":"zutou","seat":0,"pose":"claw","state":{"kind":"rake","slot":1,"t":0.2},"vis":[0,1],"handPx":4015,"mat":"hand-real-b1","sha":"cdd89d7696a0"}
{"hand":"zutou","seat":1,"pose":"back","state":{"kind":"push","slot":2,"t":0.466667},"vis":[1],"handPx":2032,"mat":"hand-real-b1","sha":"36ef1057b1d9"}
{"hand":"zutou","seat":1,"pose":"claw","state":{"kind":"rake","slot":2,"t":0.2},"vis":[0,1],"handPx":1672,"mat":"hand-real-b1","sha":"0a27a9dc1527"}
{"errs":[]}
