{"hand":"default","pose":"back","boneAbd_tb_tt":26.3,"boneAbd_ta_tt":21.9,"meshAbd":21.4,"screenAbd":3.4,"state":{"kind":"push","slot":1,"t":0.466667},"mat":"hand-real-b1","tris":4724}
{"hand":"default","pose":"claw","boneAbd_tb_tt":37.2,"boneAbd_ta_tt":25.2,"meshAbd":24.2,"screenAbd":20.6,"state":{"kind":"rake","slot":1,"t":0.2},"mat":"hand-real-b1","tris":4724}
{"hand":"default","pose":"press","boneAbd_tb_tt":39.8,"boneAbd_ta_tt":40.8,"meshAbd":40.5,"screenAbd":18.6,"state":{"kind":"slam","slot":1,"t":0.483333},"mat":"hand-real-b1","tris":4724}
{"hand":"shoujing","pose":"back","boneAbd_tb_tt":26.3,"boneAbd_ta_tt":21.9,"meshAbd":21.4,"screenAbd":0.1,"state":{"kind":"push","slot":1,"t":0.466667},"mat":"hand-real-b1","tris":6358}
{"hand":"shoujing","pose":"claw","boneAbd_tb_tt":37.2,"boneAbd_ta_tt":25.2,"meshAbd":24.2,"screenAbd":20.3,"state":{"kind":"rake","slot":1,"t":0.2},"mat":"hand-real-b1","tris":6358}
{"hand":"shoujing","pose":"press","boneAbd_tb_tt":39.8,"boneAbd_ta_tt":40.8,"meshAbd":40.5,"screenAbd":11.6,"state":{"kind":"slam","slot":1,"t":0.5},"mat":"hand-real-b1","tris":6358}
{"hand":"dangpu","pose":"back","boneAbd_tb_tt":26.3,"boneAbd_ta_tt":21.9,"meshAbd":21.4,"screenAbd":1,"state":{"kind":"push","slot":1,"t":0.466667},"mat":"hand-real-b1","tris":5746}
{"hand":"dangpu","pose":"claw","boneAbd_tb_tt":37.2,"boneAbd_ta_tt":25.2,"meshAbd":24.2,"screenAbd":18.7,"state":{"kind":"rake","slot":1,"t":0.2},"mat":"hand-real-b1","tris":5746}
{"hand":"dangpu","pose":"press","boneAbd_tb_tt":39.8,"boneAbd_ta_tt":40.8,"meshAbd":40.5,"screenAbd":13.7,"state":{"kind":"slam","slot":1,"t":0.5},"mat":"hand-real-b1","tris":5746}
{"hand":"hunter","pose":"back","boneAbd_tb_tt":26.3,"boneAbd_ta_tt":21.9,"meshAbd":21.4,"screenAbd":1,"state":{"kind":"push","slot":1,"t":0.466667},"mat":"hand-real-b1","tris":6098}
{"hand":"hunter","pose":"claw","boneAbd_tb_tt":37.2,"boneAbd_ta_tt":25.2,"meshAbd":24.2,"screenAbd":16.4,"state":{"kind":"rake","slot":1,"t":0.2},"mat":"hand-real-b1","tris":6098}
{"hand":"hunter","pose":"press","boneAbd_tb_tt":39.8,"boneAbd_ta_tt":40.8,"meshAbd":40.5,"screenAbd":17.8,"state":{"kind":"slam","slot":1,"t":0.483333},"mat":"hand-real-b1","tris":6098}
{"hand":"qingmian","pose":"back","boneAbd_tb_tt":26.3,"boneAbd_ta_tt":21.9,"meshAbd":21.4,"screenAbd":1.1,"state":{"kind":"push","slot":1,"t":0.466667},"mat":"hand-real-b1","tris":6214}
{"hand":"qingmian","pose":"claw","boneAbd_tb_tt":37.2,"boneAbd_ta_tt":25.2,"meshAbd":24.2,"screenAbd":20.4,"state":{"kind":"rake","slot":1,"t":0.2},"mat":"hand-real-b1","tris":6214}
{"hand":"qingmian","pose":"press","boneAbd_tb_tt":39.8,"boneAbd_ta_tt":40.8,"meshAbd":40.5,"screenAbd":19.9,"state":{"kind":"slam","slot":1,"t":0.483333},"mat":"hand-real-b1","tris":6214}
{"hand":"hongyi","pose":"back","boneAbd_tb_tt":37,"boneAbd_ta_tt":24.2,"meshAbd":23.2,"screenAbd":17.7,"state":{"kind":"push","slot":1,"t":0.466667},"mat":"hand-real-b1","tris":6196}
{"hand":"hongyi","pose":"claw","boneAbd_tb_tt":37.2,"boneAbd_ta_tt":25.2,"meshAbd":24.2,"screenAbd":18.8,"state":{"kind":"rake","slot":1,"t":0.2},"mat":"hand-real-b1","tris":6196}
{"hand":"hongyi","pose":"press","boneAbd_tb_tt":39.8,"boneAbd_ta_tt":40.8,"meshAbd":40.5,"screenAbd":19.2,"state":{"kind":"slam","slot":1,"t":0.483333},"mat":"hand-real-b1","tris":6196}
{"hand":"duanshou","pose":"back","boneAbd_tb_tt":26.3,"boneAbd_ta_tt":21.9,"meshAbd":21.4,"screenAbd":0.7,"state":{"kind":"push","slot":1,"t":0.466667},"mat":"hand-real-b1","tris":5590}
{"hand":"duanshou","pose":"claw","boneAbd_tb_tt":37.2,"boneAbd_ta_tt":25.2,"meshAbd":24.2,"screenAbd":18.7,"state":{"kind":"rake","slot":1,"t":0.2},"mat":"hand-real-b1","tris":5590}
{"hand":"duanshou","pose":"press","boneAbd_tb_tt":39.8,"boneAbd_ta_tt":40.8,"meshAbd":40.5,"screenAbd":14.8,"state":{"kind":"slam","slot":1,"t":0.483333},"mat":"hand-real-b1","tris":5590}
{"hand":"zutou","pose":"back","boneAbd_tb_tt":26.3,"boneAbd_ta_tt":21.9,"meshAbd":21.4,"screenAbd":3.7,"state":{"kind":"push","slot":1,"t":0.466667},"mat":"hand-real-b1","tris":5990}
{"hand":"zutou","pose":"claw","boneAbd_tb_tt":37.2,"boneAbd_ta_tt":25.2,"meshAbd":24.2,"screenAbd":22.1,"state":{"kind":"rake","slot":1,"t":0.2},"mat":"hand-real-b1","tris":5990}
{"hand":"zutou","pose":"press","boneAbd_tb_tt":39.8,"boneAbd_ta_tt":40.8,"meshAbd":40.5,"screenAbd":15.8,"state":{"kind":"slam","slot":1,"t":0.483333},"mat":"hand-real-b1","tris":5990}
{"errs":[]}
