{"tag":"eq-base-4000","clock":{"clock0":"4000","start":4000,"perfAtStart":4615.4000000059605},"frames":190,"framesWithHands":160,"errs":[]}
{"tag":"eq-b1off-thumb0-4000-r1","clock":{"clock0":"4000","start":4000,"perfAtStart":5635.800000011921},"frames":190,"framesWithHands":160,"errs":[]}
{"tag":"eq-b1off-thumb0-4000-r2","clock":{"clock0":"4000","start":4000,"perfAtStart":4186.700000017881},"frames":190,"framesWithHands":160,"errs":[]}
{"tag":"eq-b1off-thumb0-4000-r3","clock":{"clock0":"4000","start":4000,"perfAtStart":4562.0999999940395},"frames":190,"framesWithHands":160,"errs":[]}
{"tag":"eq-b1off-4000","clock":{"clock0":"4000","start":4000,"perfAtStart":4559.0999999940395},"frames":190,"framesWithHands":160,"errs":[]}
{"tag":"eq-default-4000","clock":{"clock0":"4000","start":4000,"perfAtStart":4249.799999982119},"frames":190,"framesWithHands":160,"errs":[]}
{"tag":"eq-thumb0-4000","clock":{"clock0":"4000","start":4000,"perfAtStart":4587.300000011921},"frames":190,"framesWithHands":160,"errs":[]}
{"tag":"eq-base-10000000","clock":{"clock0":"10000000","start":10000000,"perfAtStart":3830.0999999940395},"frames":190,"framesWithHands":160,"errs":[]}
{"tag":"eq-b1off-thumb0-10000000-r1","clock":{"clock0":"10000000","start":10000000,"perfAtStart":6142.4000000059605},"frames":190,"framesWithHands":160,"errs":[]}
{"tag":"eq-b1off-thumb0-10000000-r2","clock":{"clock0":"10000000","start":10000000,"perfAtStart":3960.2000000178814},"frames":190,"framesWithHands":160,"errs":[]}
{"tag":"eq-b1off-thumb0-10000000-r3","clock":{"clock0":"10000000","start":10000000,"perfAtStart":4212.5999999940395},"frames":190,"framesWithHands":160,"errs":[]}
{"tag":"eq-b1off-10000000","clock":{"clock0":"10000000","start":10000000,"perfAtStart":3941},"frames":190,"framesWithHands":160,"errs":[]}
{"tag":"eq-default-10000000","clock":{"clock0":"10000000","start":10000000,"perfAtStart":4057.699999988079},"frames":190,"framesWithHands":160,"errs":[]}
{"tag":"eq-thumb0-10000000","clock":{"clock0":"10000000","start":10000000,"perfAtStart":4129.5999999940395},"frames":190,"framesWithHands":160,"errs":[]}
{"tag":"eq-base-1000000","clock":{"clock0":"1000000","start":1000000,"perfAtStart":4009.600000023842},"frames":190,"framesWithHands":160,"errs":[]}
{"tag":"eq-b1off-thumb0-1000000-r1","clock":{"clock0":"1000000","start":1000000,"perfAtStart":4150.300000011921},"frames":190,"framesWithHands":160,"errs":[]}
{"tag":"eq-b1off-thumb0-1000000-r2","clock":{"clock0":"1000000","start":1000000,"perfAtStart":4272.199999988079},"frames":190,"framesWithHands":160,"errs":[]}
{"tag":"eq-b1off-thumb0-1000000-r3","clock":{"clock0":"1000000","start":1000000,"perfAtStart":4823.9000000059605},"frames":190,"framesWithHands":160,"errs":[]}
{"tag":"eq-b1off-1000000","clock":{"clock0":"1000000","start":1000000,"perfAtStart":4486.200000017881},"frames":190,"framesWithHands":160,"errs":[]}
{"tag":"eq-default-1000000","clock":{"clock0":"1000000","start":1000000,"perfAtStart":4205.5},"frames":190,"framesWithHands":160,"errs":[]}
{"tag":"eq-thumb0-1000000","clock":{"clock0":"1000000","start":1000000,"perfAtStart":4276.200000017881},"frames":190,"framesWithHands":160,"errs":[]}
{"tag":"eq-base-30000","clock":{"clock0":"30000","start":30000,"perfAtStart":4607.0999999940395},"frames":190,"framesWithHands":160,"errs":[]}
{"tag":"eq-b1off-thumb0-30000-r1","clock":{"clock0":"30000","start":30000,"perfAtStart":4090.199999988079},"frames":190,"framesWithHands":160,"errs":[]}
{"tag":"eq-b1off-thumb0-30000-r2","clock":{"clock0":"30000","start":30000,"perfAtStart":4243.399999976158},"frames":190,"framesWithHands":160,"errs":[]}
{"tag":"eq-b1off-thumb0-30000-r3","clock":{"clock0":"30000","start":30000,"perfAtStart":5153.299999982119},"frames":190,"framesWithHands":160,"errs":[]}
{"tag":"eq-b1off-30000","clock":{"clock0":"30000","start":30000,"perfAtStart":5533.799999982119},"frames":190,"framesWithHands":160,"errs":[]}
{"tag":"eq-default-30000","clock":{"clock0":"30000","start":30000,"perfAtStart":4676.800000011921},"frames":190,"framesWithHands":160,"errs":[]}
{"tag":"eq-thumb0-30000","clock":{"clock0":"30000","start":30000,"perfAtStart":4354.4000000059605},"frames":190,"framesWithHands":160,"errs":[]}
DONE
