{"tag":"base-perf-2","clock":{"clock0":"perf","start":4653.0999999940395,"perfAtStart":4653.0999999940395},"frames":190,"framesWithHands":160,"errs":[]}
{"tag":"base-perf-3","clock":{"clock0":"perf","start":3988.5999999940395,"perfAtStart":3988.5999999940395},"frames":190,"framesWithHands":160,"errs":[]}
{"tag":"base-perf-4","clock":{"clock0":"perf","start":4247.800000011921,"perfAtStart":4247.800000011921},"frames":190,"framesWithHands":160,"errs":[]}
{"tag":"base-perf-5","clock":{"clock0":"perf","start":4045.899999976158,"perfAtStart":4045.899999976158},"frames":190,"framesWithHands":160,"errs":[]}
{"tag":"base-perf-6","clock":{"clock0":"perf","start":3728,"perfAtStart":3728},"frames":190,"framesWithHands":160,"errs":[]}
{"tag":"base-fix1e7-1","clock":{"clock0":"10000000","start":10000000,"perfAtStart":3766.5},"frames":190,"framesWithHands":160,"errs":[]}
{"tag":"base-fix1e7-2","clock":{"clock0":"10000000","start":10000000,"perfAtStart":3913.800000011921},"frames":190,"framesWithHands":160,"errs":[]}
{"tag":"base-fix1e7-3","clock":{"clock0":"10000000","start":10000000,"perfAtStart":3976.800000011921},"frames":190,"framesWithHands":160,"errs":[]}
{"tag":"base-sweep-0","clock":{"clock0":"4000.0","start":4000,"perfAtStart":3949.2000000178814},"frames":190,"framesWithHands":160,"errs":[]}
{"tag":"base-sweep-1","clock":{"clock0":"4000.137","start":4000.137,"perfAtStart":4009.5999999940395},"frames":190,"framesWithHands":160,"errs":[]}
{"tag":"base-sweep-2","clock":{"clock0":"4000.274","start":4000.274,"perfAtStart":4279.299999982119},"frames":190,"framesWithHands":160,"errs":[]}
{"tag":"base-sweep-3","clock":{"clock0":"4000.411","start":4000.411,"perfAtStart":3647.199999988079},"frames":190,"framesWithHands":160,"errs":[]}
{"tag":"base-sweep-4","clock":{"clock0":"4000.548","start":4000.548,"perfAtStart":4579.799999982119},"frames":190,"framesWithHands":160,"errs":[]}
{"tag":"base-sweep-5","clock":{"clock0":"4000.685","start":4000.685,"perfAtStart":3773.5},"frames":190,"framesWithHands":160,"errs":[]}
{"tag":"base-sweep-6","clock":{"clock0":"4000.822","start":4000.822,"perfAtStart":3734.7000000178814},"frames":190,"framesWithHands":160,"errs":[]}
{"tag":"base-sweep-7","clock":{"clock0":"4000.959","start":4000.959,"perfAtStart":3853.5999999940395},"frames":190,"framesWithHands":160,"errs":[]}
{"tag":"base-sweep-8","clock":{"clock0":"4001.096","start":4001.096,"perfAtStart":3797},"frames":190,"framesWithHands":160,"errs":[]}
{"tag":"base-sweep-9","clock":{"clock0":"4001.233","start":4001.233,"perfAtStart":4069.7000000178814},"frames":190,"framesWithHands":160,"errs":[]}
{"tag":"base-sweep-10","clock":{"clock0":"4001.37","start":4001.37,"perfAtStart":5514.199999988079},"frames":190,"framesWithHands":160,"errs":[]}
{"tag":"base-sweep-11","clock":{"clock0":"4001.507","start":4001.507,"perfAtStart":4575.200000017881},"frames":190,"framesWithHands":160,"errs":[]}
{"tag":"base-sweep-12","clock":{"clock0":"4001.644","start":4001.644,"perfAtStart":5356.5},"frames":190,"framesWithHands":160,"errs":[]}
{"tag":"base-sweep-13","clock":{"clock0":"4001.781","start":4001.781,"perfAtStart":4190},"frames":190,"framesWithHands":160,"errs":[]}
{"tag":"base-sweep-14","clock":{"clock0":"4001.918","start":4001.918,"perfAtStart":4142.5999999940395},"frames":190,"framesWithHands":160,"errs":[]}
{"tag":"base-sweep-15","clock":{"clock0":"4002.055","start":4002.055,"perfAtStart":3995.9000000059605},"frames":190,"framesWithHands":160,"errs":[]}
DONE
