{
 "curse-V3": [
  {
   "rnd": 298,
   "n": "cNS",
   "landed": 983,
   "p3": true,
   "p4": true,
   "p5mid": true,
   "p7": true,
   "p8": true,
   "p2c": true,
   "end2": {
    "landedMs": 983,
    "dest": {
     "x": 0.07829191877369811,
     "y": 0.194,
     "z": 1.0251401132743514
    },
    "frames": 62,
    "missing": 0,
    "maxRise": 0,
    "maxRiseH": 0,
    "maxRiseSeat": 0,
    "firstRise": null,
    "finalD": 0.0539,
    "finalDH": 0,
    "lastVisibleD": 0.0539
   },
   "rope": {
    "visibleFrames": 20,
    "holdFrames": 32,
    "outsideHold": 0,
    "minPx": 7.7,
    "geometries": 1
   },
   "trem": {
    "samples": 32,
    "peaks": 17,
    "amp": 0.0081,
    "axis": 0
   },
   "pusher": 1,
   "hudBad": 0,
   "inOther": 0,
   "minY": 0.156,
   "mid": 0,
   "card": {
    "cardMs": 1350,
    "landedMs": 983,
    "ok": true
   }
  },
  {
   "rnd": 298,
   "n": "cWE",
   "landed": 983,
   "p3": true,
   "p4": true,
   "p5mid": true,
   "p7": true,
   "p8": true,
   "p2c": true,
   "end2": {
    "landedMs": 983,
    "dest": {
     "x": 1.0331303482931666,
     "y": 0.194,
     "z": 0.8866326709179226
    },
    "frames": 62,
    "missing": 0,
    "maxRise": 0,
    "maxRiseH": 0,
    "maxRiseSeat": 0,
    "firstRise": null,
    "finalD": 0.06504,
    "finalDH": 0,
    "lastVisibleD": 0.06504
   },
   "rope": {
    "visibleFrames": 20,
    "holdFrames": 26,
    "outsideHold": 0,
    "minPx": 4,
    "geometries": 1
   },
   "trem": {
    "samples": 26,
    "peaks": 13,
    "amp": 0.0082,
    "axis": 0
   },
   "pusher": 2,
   "hudBad": 0,
   "inOther": 0,
   "minY": 0.156,
   "mid": 0,
   "card": {
    "cardMs": 1350,
    "landedMs": 983,
    "ok": true
   }
  }
 ]
}
