{
 "award-V3": [
  {
   "rnd": 306,
   "n": "S",
   "landed": 1267,
   "p2": true,
   "p3": true,
   "p4": true,
   "p5mid": true,
   "p7": true,
   "strug": {
    "samples": 48,
    "missing": 0,
    "alternatingPeaks": 7,
    "amp": 0.0213
   },
   "hudBad": 0,
   "inOther": 0,
   "minY": 0.6283,
   "mid": 0,
   "card": {
    "cardMs": 1350,
    "landedMs": 1267,
    "ok": true
   }
  },
  {
   "rnd": 277,
   "n": "N",
   "landed": 1267,
   "p2": true,
   "p3": true,
   "p4": true,
   "p5mid": true,
   "p7": true,
   "strug": {
    "samples": 48,
    "missing": 0,
    "alternatingPeaks": 5,
    "amp": 0.0198
   },
   "hudBad": 0,
   "inOther": 0,
   "minY": 0.6341,
   "mid": 0,
   "card": {
    "cardMs": 1350,
    "landedMs": 1267,
    "ok": true
   }
  },
  {
   "rnd": 266,
   "n": "W",
   "landed": 1267,
   "p2": true,
   "p3": true,
   "p4": true,
   "p5mid": true,
   "p7": true,
   "strug": {
    "samples": 49,
    "missing": 0,
    "alternatingPeaks": 5,
    "amp": 0.0203
   },
   "hudBad": 0,
   "inOther": 0,
   "minY": 0.6943,
   "mid": 0,
   "card": {
    "cardMs": 1350,
    "landedMs": 1267,
    "ok": true
   }
  },
  {
   "rnd": 254,
   "n": "E",
   "landed": 1267,
   "p2": true,
   "p3": true,
   "p4": true,
   "p5mid": true,
   "p7": true,
   "strug": {
    "samples": 49,
    "missing": 0,
    "alternatingPeaks": 7,
    "amp": 0.0217
   },
   "hudBad": 0,
   "inOther": 0,
   "minY": 0.7179,
   "mid": 0,
   "card": {
    "cardMs": 1350,
    "landedMs": 1267,
    "ok": true
   }
  },
  {
   "rnd": 300,
   "n": "Wfar",
   "landed": 1267,
   "p2": true,
   "p3": true,
   "p4": true,
   "p5mid": true,
   "p7": true,
   "strug": {
    "samples": 49,
    "missing": 0,
    "alternatingPeaks": 7,
    "amp": 0.0211
   },
   "hudBad": 0,
   "inOther": 0,
   "minY": 0.7273,
   "mid": 0,
   "card": {
    "cardMs": 1350,
    "landedMs": 1267,
    "ok": true
   }
  },
  {
   "rnd": 282,
   "n": "Efar",
   "landed": 1267,
   "p2": true,
   "p3": true,
   "p4": true,
   "p5mid": true,
   "p7": true,
   "strug": {
    "samples": 49,
    "missing": 0,
    "alternatingPeaks": 7,
    "amp": 0.0217
   },
   "hudBad": 0,
   "inOther": 0,
   "minY": 0.8902,
   "mid": 0,
   "card": {
    "cardMs": 1350,
    "landedMs": 1267,
    "ok": true
   }
  }
 ],
 "curse-V3": [
  {
   "rnd": 275,
   "n": "cNS",
   "landed": 983,
   "p3": true,
   "p4": true,
   "p5mid": true,
   "p7": true,
   "p8": true,
   "p2c": true,
   "end2": {
    "landedMs": 983,
    "dest": {
     "x": 0.07829191877369811,
     "y": 0.194,
     "z": 1.0251401132743514
    },
    "frames": 62,
    "missing": 0,
    "maxRise": 0,
    "maxRiseH": 0,
    "maxRiseSeat": 0,
    "firstRise": null,
    "finalD": 0.0539,
    "finalDH": 0,
    "lastVisibleD": 0.0539
   },
   "rope": {
    "visibleFrames": 20,
    "holdFrames": 32,
    "outsideHold": 0,
    "minPx": 7.7,
    "geometries": 1
   },
   "trem": {
    "samples": 32,
    "peaks": 17,
    "amp": 0.0081,
    "axis": 0
   },
   "pusher": 1,
   "hudBad": 0,
   "inOther": 0,
   "minY": 0.156,
   "mid": 0,
   "card": {
    "cardMs": 1350,
    "landedMs": 983,
    "ok": true
   }
  },
  {
   "rnd": 239,
   "n": "cWE",
   "landed": 983,
   "p3": true,
   "p4": true,
   "p5mid": true,
   "p7": true,
   "p8": true,
   "p2c": true,
   "end2": {
    "landedMs": 983,
    "dest": {
     "x": 1.0331303482931666,
     "y": 0.194,
     "z": 0.8866326709179226
    },
    "frames": 62,
    "missing": 0,
    "maxRise": 0,
    "maxRiseH": 0,
    "maxRiseSeat": 0,
    "firstRise": null,
    "finalD": 0.06504,
    "finalDH": 0,
    "lastVisibleD": 0.06504
   },
   "rope": {
    "visibleFrames": 20,
    "holdFrames": 26,
    "outsideHold": 0,
    "minPx": 4,
    "geometries": 1
   },
   "trem": {
    "samples": 26,
    "peaks": 13,
    "amp": 0.0082,
    "axis": 0
   },
   "pusher": 2,
   "hudBad": 0,
   "inOther": 0,
   "minY": 0.156,
   "mid": 0,
   "card": {
    "cardMs": 1350,
    "landedMs": 983,
    "ok": true
   }
  }
 ]
}
