{
 "hud": [
  {
   "vp": "V1",
   "name": "S",
   "landedMs": 1267,
   "hud": {
    "frames": 48,
    "badFrames": 0,
    "first": null
   },
   "pass3": true,
   "frame7": {
    "held": 48,
    "palmOutsideFelt": 0,
    "firstOut": null
   },
   "card": {
    "cardMs": 1350,
    "landedMs": 1267,
    "ok": true
   },
   "pass7": true,
   "pass4": true,
   "hands": {
    "grabHandFrames": 99,
    "inOtherItemBox": 0,
    "firstIn": null,
    "minY": 0.6283,
    "minYBySeat": {
     "0": 0.6283,
     "1": 0.156
    },
    "tableY": 0.152,
    "legacyInOther": 0
   },
   "mid": {
    "belowTopPoints": 0,
    "first": null
   }
  },
  {
   "vp": "V1",
   "name": "N",
   "landedMs": 1267,
   "hud": {
    "frames": 48,
    "badFrames": 0,
    "first": null
   },
   "pass3": true,
   "frame7": {
    "held": 48,
    "palmOutsideFelt": 0,
    "firstOut": null
   },
   "card": {
    "cardMs": 1350,
    "landedMs": 1267,
    "ok": true
   },
   "pass7": true,
   "pass4": true,
   "hands": {
    "grabHandFrames": 99,
    "inOtherItemBox": 0,
    "firstIn": null,
    "minY": 0.6341,
    "minYBySeat": {
     "0": 0.156,
     "1": 0.6341
    },
    "tableY": 0.152,
    "legacyInOther": 0
   },
   "mid": {
    "belowTopPoints": 0,
    "first": null
   }
  },
  {
   "vp": "V1",
   "name": "W",
   "landedMs": 1267,
   "hud": {
    "frames": 49,
    "badFrames": 0,
    "first": null
   },
   "pass3": true,
   "frame7": {
    "held": 49,
    "palmOutsideFelt": 0,
    "firstOut": null
   },
   "card": {
    "cardMs": 1350,
    "landedMs": 1267,
    "ok": true
   },
   "pass7": true,
   "pass4": true,
   "hands": {
    "grabHandFrames": 99,
    "inOtherItemBox": 0,
    "firstIn": null,
    "minY": 0.6943,
    "minYBySeat": {
     "2": 0.6943,
     "3": 0.156
    },
    "tableY": 0.152,
    "legacyInOther": 0
   },
   "mid": {
    "belowTopPoints": 0,
    "first": null
   }
  },
  {
   "vp": "V1",
   "name": "E",
   "landedMs": 1267,
   "hud": {
    "frames": 49,
    "badFrames": 0,
    "first": null
   },
   "pass3": true,
   "frame7": {
    "held": 49,
    "palmOutsideFelt": 0,
    "firstOut": null
   },
   "card": {
    "cardMs": 1350,
    "landedMs": 1267,
    "ok": true
   },
   "pass7": true,
   "pass4": true,
   "hands": {
    "grabHandFrames": 99,
    "inOtherItemBox": 0,
    "firstIn": null,
    "minY": 0.7179,
    "minYBySeat": {
     "2": 0.156,
     "3": 0.7179
    },
    "tableY": 0.152,
    "legacyInOther": 0
   },
   "mid": {
    "belowTopPoints": 0,
    "first": null
   }
  },
  {
   "vp": "V1",
   "name": "Wfar",
   "landedMs": 1267,
   "hud": {
    "frames": 49,
    "badFrames": 0,
    "first": null
   },
   "pass3": true,
   "frame7": {
    "held": 49,
    "palmOutsideFelt": 0,
    "firstOut": null
   },
   "card": {
    "cardMs": 1350,
    "landedMs": 1267,
    "ok": true
   },
   "pass7": true,
   "pass4": true,
   "hands": {
    "grabHandFrames": 99,
    "inOtherItemBox": 0,
    "firstIn": null,
    "minY": 0.7273,
    "minYBySeat": {
     "0": 0.156,
     "2": 0.7273
    },
    "tableY": 0.152,
    "legacyInOther": 147
   },
   "mid": {
    "belowTopPoints": 0,
    "first": null
   }
  },
  {
   "vp": "V1",
   "name": "Efar",
   "landedMs": 1267,
   "hud": {
    "frames": 49,
    "badFrames": 0,
    "first": null
   },
   "pass3": true,
   "frame7": {
    "held": 49,
    "palmOutsideFelt": 0,
    "firstOut": null
   },
   "card": {
    "cardMs": 1350,
    "landedMs": 1267,
    "ok": true
   },
   "pass7": true,
   "pass4": true,
   "hands": {
    "grabHandFrames": 99,
    "inOtherItemBox": 0,
    "firstIn": null,
    "minY": 0.8902,
    "minYBySeat": {
     "1": 0.156,
     "3": 0.8902
    },
    "tableY": 0.152,
    "legacyInOther": 0
   },
   "mid": {
    "belowTopPoints": 0,
    "first": null
   }
  },
  {
   "vp": "V1",
   "name": "cNS",
   "landedMs": 983,
   "hud": {
    "frames": 43,
    "badFrames": 0,
    "first": null
   },
   "pass3": true,
   "frame7": {
    "held": 43,
    "palmOutsideFelt": 0,
    "firstOut": null
   },
   "card": {
    "cardMs": 1350,
    "landedMs": 983,
    "ok": true
   },
   "pass7": true,
   "pass4": true,
   "hands": {
    "grabHandFrames": 96,
    "inOtherItemBox": 0,
    "firstIn": null,
    "minY": 0.156,
    "minYBySeat": {
     "0": 0.156,
     "1": 0.2729,
     "3": 0.156
    },
    "tableY": 0.152,
    "legacyInOther": 0
   },
   "mid": {
    "belowTopPoints": 0,
    "first": null
   }
  },
  {
   "vp": "V1",
   "name": "cWE",
   "landedMs": 983,
   "hud": {
    "frames": 43,
    "badFrames": 0,
    "first": null
   },
   "pass3": true,
   "frame7": {
    "held": 43,
    "palmOutsideFelt": 0,
    "firstOut": null
   },
   "card": {
    "cardMs": 1350,
    "landedMs": 983,
    "ok": true
   },
   "pass7": true,
   "pass4": true,
   "hands": {
    "grabHandFrames": 96,
    "inOtherItemBox": 0,
    "firstIn": null,
    "minY": 0.156,
    "minYBySeat": {
     "0": 0.156,
     "2": 0.3403,
     "3": 0.156
    },
    "tableY": 0.152,
    "legacyInOther": 0
   },
   "mid": {
    "belowTopPoints": 0,
    "first": null
   }
  },
  {
   "vp": "V1",
   "errs": []
  },
  {
   "vp": "V2",
   "name": "S",
   "landedMs": 1267,
   "hud": {
    "frames": 48,
    "badFrames": 0,
    "first": null
   },
   "pass3": true,
   "frame7": {
    "held": 48,
    "palmOutsideFelt": 0,
    "firstOut": null
   },
   "card": {
    "cardMs": 1350,
    "landedMs": 1267,
    "ok": true
   },
   "pass7": true,
   "pass4": true,
   "hands": {
    "grabHandFrames": 99,
    "inOtherItemBox": 0,
    "firstIn": null,
    "minY": 0.6283,
    "minYBySeat": {
     "0": 0.6283,
     "1": 0.156
    },
    "tableY": 0.152,
    "legacyInOther": 0
   },
   "mid": {
    "belowTopPoints": 0,
    "first": null
   }
  },
  {
   "vp": "V2",
   "name": "N",
   "landedMs": 1267,
   "hud": {
    "frames": 48,
    "badFrames": 0,
    "first": null
   },
   "pass3": true,
   "frame7": {
    "held": 48,
    "palmOutsideFelt": 0,
    "firstOut": null
   },
   "card": {
    "cardMs": 1350,
    "landedMs": 1267,
    "ok": true
   },
   "pass7": true,
   "pass4": true,
   "hands": {
    "grabHandFrames": 99,
    "inOtherItemBox": 0,
    "firstIn": null,
    "minY": 0.6341,
    "minYBySeat": {
     "0": 0.156,
     "1": 0.6341
    },
    "tableY": 0.152,
    "legacyInOther": 0
   },
   "mid": {
    "belowTopPoints": 0,
    "first": null
   }
  },
  {
   "vp": "V2",
   "name": "W",
   "landedMs": 1267,
   "hud": {
    "frames": 49,
    "badFrames": 0,
    "first": null
   },
   "pass3": true,
   "frame7": {
    "held": 49,
    "palmOutsideFelt": 0,
    "firstOut": null
   },
   "card": {
    "cardMs": 1350,
    "landedMs": 1267,
    "ok": true
   },
   "pass7": true,
   "pass4": true,
   "hands": {
    "grabHandFrames": 99,
    "inOtherItemBox": 0,
    "firstIn": null,
    "minY": 0.6943,
    "minYBySeat": {
     "2": 0.6943,
     "3": 0.156
    },
    "tableY": 0.152,
    "legacyInOther": 0
   },
   "mid": {
    "belowTopPoints": 0,
    "first": null
   }
  },
  {
   "vp": "V2",
   "name": "E",
   "landedMs": 1267,
   "hud": {
    "frames": 49,
    "badFrames": 0,
    "first": null
   },
   "pass3": true,
   "frame7": {
    "held": 49,
    "palmOutsideFelt": 0,
    "firstOut": null
   },
   "card": {
    "cardMs": 1350,
    "landedMs": 1267,
    "ok": true
   },
   "pass7": true,
   "pass4": true,
   "hands": {
    "grabHandFrames": 99,
    "inOtherItemBox": 0,
    "firstIn": null,
    "minY": 0.7179,
    "minYBySeat": {
     "2": 0.156,
     "3": 0.7179
    },
    "tableY": 0.152,
    "legacyInOther": 0
   },
   "mid": {
    "belowTopPoints": 0,
    "first": null
   }
  },
  {
   "vp": "V2",
   "name": "Wfar",
   "landedMs": 1267,
   "hud": {
    "frames": 49,
    "badFrames": 0,
    "first": null
   },
   "pass3": true,
   "frame7": {
    "held": 49,
    "palmOutsideFelt": 0,
    "firstOut": null
   },
   "card": {
    "cardMs": 1350,
    "landedMs": 1267,
    "ok": true
   },
   "pass7": true,
   "pass4": true,
   "hands": {
    "grabHandFrames": 99,
    "inOtherItemBox": 0,
    "firstIn": null,
    "minY": 0.7273,
    "minYBySeat": {
     "0": 0.156,
     "2": 0.7273
    },
    "tableY": 0.152,
    "legacyInOther": 147
   },
   "mid": {
    "belowTopPoints": 0,
    "first": null
   }
  },
  {
   "vp": "V2",
   "name": "Efar",
   "landedMs": 1267,
   "hud": {
    "frames": 49,
    "badFrames": 0,
    "first": null
   },
   "pass3": true,
   "frame7": {
    "held": 49,
    "palmOutsideFelt": 0,
    "firstOut": null
   },
   "card": {
    "cardMs": 1350,
    "landedMs": 1267,
    "ok": true
   },
   "pass7": true,
   "pass4": true,
   "hands": {
    "grabHandFrames": 99,
    "inOtherItemBox": 0,
    "firstIn": null,
    "minY": 0.8902,
    "minYBySeat": {
     "1": 0.156,
     "3": 0.8902
    },
    "tableY": 0.152,
    "legacyInOther": 0
   },
   "mid": {
    "belowTopPoints": 0,
    "first": null
   }
  },
  {
   "vp": "V2",
   "name": "cNS",
   "landedMs": 983,
   "hud": {
    "frames": 43,
    "badFrames": 0,
    "first": null
   },
   "pass3": true,
   "frame7": {
    "held": 43,
    "palmOutsideFelt": 0,
    "firstOut": null
   },
   "card": {
    "cardMs": 1350,
    "landedMs": 983,
    "ok": true
   },
   "pass7": true,
   "pass4": true,
   "hands": {
    "grabHandFrames": 96,
    "inOtherItemBox": 0,
    "firstIn": null,
    "minY": 0.156,
    "minYBySeat": {
     "0": 0.156,
     "1": 0.2729,
     "3": 0.156
    },
    "tableY": 0.152,
    "legacyInOther": 0
   },
   "mid": {
    "belowTopPoints": 0,
    "first": null
   }
  },
  {
   "vp": "V2",
   "name": "cWE",
   "landedMs": 983,
   "hud": {
    "frames": 43,
    "badFrames": 0,
    "first": null
   },
   "pass3": true,
   "frame7": {
    "held": 43,
    "palmOutsideFelt": 0,
    "firstOut": null
   },
   "card": {
    "cardMs": 1350,
    "landedMs": 983,
    "ok": true
   },
   "pass7": true,
   "pass4": true,
   "hands": {
    "grabHandFrames": 96,
    "inOtherItemBox": 0,
    "firstIn": null,
    "minY": 0.156,
    "minYBySeat": {
     "0": 0.156,
     "2": 0.3403,
     "3": 0.156
    },
    "tableY": 0.152,
    "legacyInOther": 0
   },
   "mid": {
    "belowTopPoints": 0,
    "first": null
   }
  },
  {
   "vp": "V2",
   "errs": []
  },
  {
   "vp": "V3",
   "name": "S",
   "landedMs": 1267,
   "hud": {
    "frames": 48,
    "badFrames": 0,
    "first": null
   },
   "pass3": true,
   "frame7": {
    "held": 48,
    "palmOutsideFelt": 0,
    "firstOut": null
   },
   "card": {
    "cardMs": 1350,
    "landedMs": 1267,
    "ok": true
   },
   "pass7": true,
   "pass4": true,
   "hands": {
    "grabHandFrames": 99,
    "inOtherItemBox": 0,
    "firstIn": null,
    "minY": 0.6283,
    "minYBySeat": {
     "0": 0.6283,
     "1": 0.156
    },
    "tableY": 0.152,
    "legacyInOther": 0
   },
   "mid": {
    "belowTopPoints": 0,
    "first": null
   }
  },
  {
   "vp": "V3",
   "name": "N",
   "landedMs": 1267,
   "hud": {
    "frames": 48,
    "badFrames": 0,
    "first": null
   },
   "pass3": true,
   "frame7": {
    "held": 48,
    "palmOutsideFelt": 0,
    "firstOut": null
   },
   "card": {
    "cardMs": 1350,
    "landedMs": 1267,
    "ok": true
   },
   "pass7": true,
   "pass4": true,
   "hands": {
    "grabHandFrames": 99,
    "inOtherItemBox": 0,
    "firstIn": null,
    "minY": 0.6341,
    "minYBySeat": {
     "0": 0.156,
     "1": 0.6341
    },
    "tableY": 0.152,
    "legacyInOther": 0
   },
   "mid": {
    "belowTopPoints": 0,
    "first": null
   }
  },
  {
   "vp": "V3",
   "name": "W",
   "landedMs": 1267,
   "hud": {
    "frames": 49,
    "badFrames": 0,
    "first": null
   },
   "pass3": true,
   "frame7": {
    "held": 49,
    "palmOutsideFelt": 0,
    "firstOut": null
   },
   "card": {
    "cardMs": 1350,
    "landedMs": 1267,
    "ok": true
   },
   "pass7": true,
   "pass4": true,
   "hands": {
    "grabHandFrames": 99,
    "inOtherItemBox": 0,
    "firstIn": null,
    "minY": 0.6943,
    "minYBySeat": {
     "2": 0.6943,
     "3": 0.156
    },
    "tableY": 0.152,
    "legacyInOther": 0
   },
   "mid": {
    "belowTopPoints": 0,
    "first": null
   }
  },
  {
   "vp": "V3",
   "name": "E",
   "landedMs": 1267,
   "hud": {
    "frames": 49,
    "badFrames": 0,
    "first": null
   },
   "pass3": true,
   "frame7": {
    "held": 49,
    "palmOutsideFelt": 0,
    "firstOut": null
   },
   "card": {
    "cardMs": 1350,
    "landedMs": 1267,
    "ok": true
   },
   "pass7": true,
   "pass4": true,
   "hands": {
    "grabHandFrames": 99,
    "inOtherItemBox": 0,
    "firstIn": null,
    "minY": 0.7179,
    "minYBySeat": {
     "2": 0.156,
     "3": 0.7179
    },
    "tableY": 0.152,
    "legacyInOther": 0
   },
   "mid": {
    "belowTopPoints": 0,
    "first": null
   }
  },
  {
   "vp": "V3",
   "name": "Wfar",
   "landedMs": 1267,
   "hud": {
    "frames": 49,
    "badFrames": 0,
    "first": null
   },
   "pass3": true,
   "frame7": {
    "held": 49,
    "palmOutsideFelt": 0,
    "firstOut": null
   },
   "card": {
    "cardMs": 1350,
    "landedMs": 1267,
    "ok": true
   },
   "pass7": true,
   "pass4": true,
   "hands": {
    "grabHandFrames": 99,
    "inOtherItemBox": 0,
    "firstIn": null,
    "minY": 0.7273,
    "minYBySeat": {
     "0": 0.156,
     "2": 0.7273
    },
    "tableY": 0.152,
    "legacyInOther": 147
   },
   "mid": {
    "belowTopPoints": 0,
    "first": null
   }
  },
  {
   "vp": "V3",
   "name": "Efar",
   "landedMs": 1267,
   "hud": {
    "frames": 49,
    "badFrames": 0,
    "first": null
   },
   "pass3": true,
   "frame7": {
    "held": 49,
    "palmOutsideFelt": 0,
    "firstOut": null
   },
   "card": {
    "cardMs": 1350,
    "landedMs": 1267,
    "ok": true
   },
   "pass7": true,
   "pass4": true,
   "hands": {
    "grabHandFrames": 99,
    "inOtherItemBox": 0,
    "firstIn": null,
    "minY": 0.8902,
    "minYBySeat": {
     "1": 0.156,
     "3": 0.8902
    },
    "tableY": 0.152,
    "legacyInOther": 0
   },
   "mid": {
    "belowTopPoints": 0,
    "first": null
   }
  },
  {
   "vp": "V3",
   "name": "cNS",
   "landedMs": 983,
   "hud": {
    "frames": 43,
    "badFrames": 0,
    "first": null
   },
   "pass3": true,
   "frame7": {
    "held": 43,
    "palmOutsideFelt": 0,
    "firstOut": null
   },
   "card": {
    "cardMs": 1350,
    "landedMs": 983,
    "ok": true
   },
   "pass7": true,
   "pass4": true,
   "hands": {
    "grabHandFrames": 96,
    "inOtherItemBox": 0,
    "firstIn": null,
    "minY": 0.156,
    "minYBySeat": {
     "0": 0.156,
     "1": 0.2729,
     "3": 0.156
    },
    "tableY": 0.152,
    "legacyInOther": 0
   },
   "mid": {
    "belowTopPoints": 0,
    "first": null
   }
  },
  {
   "vp": "V3",
   "name": "cWE",
   "landedMs": 983,
   "hud": {
    "frames": 43,
    "badFrames": 0,
    "first": null
   },
   "pass3": true,
   "frame7": {
    "held": 43,
    "palmOutsideFelt": 0,
    "firstOut": null
   },
   "card": {
    "cardMs": 1350,
    "landedMs": 983,
    "ok": true
   },
   "pass7": true,
   "pass4": true,
   "hands": {
    "grabHandFrames": 96,
    "inOtherItemBox": 0,
    "firstIn": null,
    "minY": 0.156,
    "minYBySeat": {
     "0": 0.156,
     "2": 0.3403,
     "3": 0.156
    },
    "tableY": 0.152,
    "legacyInOther": 0
   },
   "mid": {
    "belowTopPoints": 0,
    "first": null
   }
  },
  {
   "vp": "V3",
   "errs": []
  },
  {
   "vp": "V4",
   "name": "S",
   "landedMs": 1267,
   "hud": {
    "frames": 48,
    "badFrames": 0,
    "first": null
   },
   "pass3": true,
   "frame7": {
    "held": 48,
    "palmOutsideFelt": 0,
    "firstOut": null
   },
   "card": {
    "cardMs": 1350,
    "landedMs": 1267,
    "ok": true
   },
   "pass7": true,
   "pass4": true,
   "hands": {
    "grabHandFrames": 99,
    "inOtherItemBox": 0,
    "firstIn": null,
    "minY": 0.6283,
    "minYBySeat": {
     "0": 0.6283,
     "1": 0.156
    },
    "tableY": 0.152,
    "legacyInOther": 0
   },
   "mid": {
    "belowTopPoints": 0,
    "first": null
   }
  },
  {
   "vp": "V4",
   "name": "N",
   "landedMs": 1267,
   "hud": {
    "frames": 48,
    "badFrames": 0,
    "first": null
   },
   "pass3": true,
   "frame7": {
    "held": 48,
    "palmOutsideFelt": 0,
    "firstOut": null
   },
   "card": {
    "cardMs": 1350,
    "landedMs": 1267,
    "ok": true
   },
   "pass7": true,
   "pass4": true,
   "hands": {
    "grabHandFrames": 99,
    "inOtherItemBox": 0,
    "firstIn": null,
    "minY": 0.6341,
    "minYBySeat": {
     "0": 0.156,
     "1": 0.6341
    },
    "tableY": 0.152,
    "legacyInOther": 0
   },
   "mid": {
    "belowTopPoints": 0,
    "first": null
   }
  },
  {
   "vp": "V4",
   "name": "W",
   "landedMs": 1267,
   "hud": {
    "frames": 49,
    "badFrames": 0,
    "first": null
   },
   "pass3": true,
   "frame7": {
    "held": 49,
    "palmOutsideFelt": 0,
    "firstOut": null
   },
   "card": {
    "cardMs": 1350,
    "landedMs": 1267,
    "ok": true
   },
   "pass7": true,
   "pass4": true,
   "hands": {
    "grabHandFrames": 99,
    "inOtherItemBox": 0,
    "firstIn": null,
    "minY": 0.6943,
    "minYBySeat": {
     "2": 0.6943,
     "3": 0.156
    },
    "tableY": 0.152,
    "legacyInOther": 0
   },
   "mid": {
    "belowTopPoints": 0,
    "first": null
   }
  },
  {
   "vp": "V4",
   "name": "E",
   "landedMs": 1267,
   "hud": {
    "frames": 49,
    "badFrames": 0,
    "first": null
   },
   "pass3": true,
   "frame7": {
    "held": 49,
    "palmOutsideFelt": 0,
    "firstOut": null
   },
   "card": {
    "cardMs": 1350,
    "landedMs": 1267,
    "ok": true
   },
   "pass7": true,
   "pass4": true,
   "hands": {
    "grabHandFrames": 99,
    "inOtherItemBox": 0,
    "firstIn": null,
    "minY": 0.7179,
    "minYBySeat": {
     "2": 0.156,
     "3": 0.7179
    },
    "tableY": 0.152,
    "legacyInOther": 0
   },
   "mid": {
    "belowTopPoints": 0,
    "first": null
   }
  },
  {
   "vp": "V4",
   "name": "Wfar",
   "landedMs": 1267,
   "hud": {
    "frames": 49,
    "badFrames": 0,
    "first": null
   },
   "pass3": true,
   "frame7": {
    "held": 49,
    "palmOutsideFelt": 0,
    "firstOut": null
   },
   "card": {
    "cardMs": 1350,
    "landedMs": 1267,
    "ok": true
   },
   "pass7": true,
   "pass4": true,
   "hands": {
    "grabHandFrames": 99,
    "inOtherItemBox": 0,
    "firstIn": null,
    "minY": 0.7273,
    "minYBySeat": {
     "0": 0.156,
     "2": 0.7273
    },
    "tableY": 0.152,
    "legacyInOther": 147
   },
   "mid": {
    "belowTopPoints": 0,
    "first": null
   }
  },
  {
   "vp": "V4",
   "name": "Efar",
   "landedMs": 1267,
   "hud": {
    "frames": 49,
    "badFrames": 0,
    "first": null
   },
   "pass3": true,
   "frame7": {
    "held": 49,
    "palmOutsideFelt": 0,
    "firstOut": null
   },
   "card": {
    "cardMs": 1350,
    "landedMs": 1267,
    "ok": true
   },
   "pass7": true,
   "pass4": true,
   "hands": {
    "grabHandFrames": 99,
    "inOtherItemBox": 0,
    "firstIn": null,
    "minY": 0.8902,
    "minYBySeat": {
     "1": 0.156,
     "3": 0.8902
    },
    "tableY": 0.152,
    "legacyInOther": 0
   },
   "mid": {
    "belowTopPoints": 0,
    "first": null
   }
  },
  {
   "vp": "V4",
   "name": "cNS",
   "landedMs": 983,
   "hud": {
    "frames": 43,
    "badFrames": 0,
    "first": null
   },
   "pass3": true,
   "frame7": {
    "held": 43,
    "palmOutsideFelt": 0,
    "firstOut": null
   },
   "card": {
    "cardMs": 1350,
    "landedMs": 983,
    "ok": true
   },
   "pass7": true,
   "pass4": true,
   "hands": {
    "grabHandFrames": 96,
    "inOtherItemBox": 0,
    "firstIn": null,
    "minY": 0.156,
    "minYBySeat": {
     "0": 0.156,
     "1": 0.2729,
     "3": 0.156
    },
    "tableY": 0.152,
    "legacyInOther": 0
   },
   "mid": {
    "belowTopPoints": 0,
    "first": null
   }
  },
  {
   "vp": "V4",
   "name": "cWE",
   "landedMs": 983,
   "hud": {
    "frames": 43,
    "badFrames": 0,
    "first": null
   },
   "pass3": true,
   "frame7": {
    "held": 43,
    "palmOutsideFelt": 0,
    "firstOut": null
   },
   "card": {
    "cardMs": 1350,
    "landedMs": 983,
    "ok": true
   },
   "pass7": true,
   "pass4": true,
   "hands": {
    "grabHandFrames": 96,
    "inOtherItemBox": 0,
    "firstIn": null,
    "minY": 0.156,
    "minYBySeat": {
     "0": 0.156,
     "2": 0.3403,
     "3": 0.156
    },
    "tableY": 0.152,
    "legacyInOther": 0
   },
   "mid": {
    "belowTopPoints": 0,
    "first": null
   }
  },
  {
   "vp": "V4",
   "errs": []
  },
  {
   "vp": "V5",
   "name": "S",
   "landedMs": 1267,
   "hud": {
    "frames": 48,
    "badFrames": 0,
    "first": null
   },
   "pass3": true,
   "frame7": {
    "held": 48,
    "palmOutsideFelt": 0,
    "firstOut": null
   },
   "card": {
    "cardMs": 1350,
    "landedMs": 1267,
    "ok": true
   },
   "pass7": true,
   "pass4": true,
   "hands": {
    "grabHandFrames": 99,
    "inOtherItemBox": 0,
    "firstIn": null,
    "minY": 0.6283,
    "minYBySeat": {
     "0": 0.6283,
     "1": 0.156
    },
    "tableY": 0.152,
    "legacyInOther": 0
   },
   "mid": {
    "belowTopPoints": 0,
    "first": null
   }
  },
  {
   "vp": "V5",
   "name": "N",
   "landedMs": 1267,
   "hud": {
    "frames": 48,
    "badFrames": 0,
    "first": null
   },
   "pass3": true,
   "frame7": {
    "held": 48,
    "palmOutsideFelt": 0,
    "firstOut": null
   },
   "card": {
    "cardMs": 1350,
    "landedMs": 1267,
    "ok": true
   },
   "pass7": true,
   "pass4": true,
   "hands": {
    "grabHandFrames": 99,
    "inOtherItemBox": 0,
    "firstIn": null,
    "minY": 0.6341,
    "minYBySeat": {
     "0": 0.156,
     "1": 0.6341
    },
    "tableY": 0.152,
    "legacyInOther": 0
   },
   "mid": {
    "belowTopPoints": 0,
    "first": null
   }
  },
  {
   "vp": "V5",
   "name": "W",
   "landedMs": 1267,
   "hud": {
    "frames": 49,
    "badFrames": 0,
    "first": null
   },
   "pass3": true,
   "frame7": {
    "held": 49,
    "palmOutsideFelt": 0,
    "firstOut": null
   },
   "card": {
    "cardMs": 1350,
    "landedMs": 1267,
    "ok": true
   },
   "pass7": true,
   "pass4": true,
   "hands": {
    "grabHandFrames": 99,
    "inOtherItemBox": 0,
    "firstIn": null,
    "minY": 0.6943,
    "minYBySeat": {
     "2": 0.6943,
     "3": 0.156
    },
    "tableY": 0.152,
    "legacyInOther": 0
   },
   "mid": {
    "belowTopPoints": 0,
    "first": null
   }
  },
  {
   "vp": "V5",
   "name": "E",
   "landedMs": 1267,
   "hud": {
    "frames": 49,
    "badFrames": 0,
    "first": null
   },
   "pass3": true,
   "frame7": {
    "held": 49,
    "palmOutsideFelt": 0,
    "firstOut": null
   },
   "card": {
    "cardMs": 1350,
    "landedMs": 1267,
    "ok": true
   },
   "pass7": true,
   "pass4": true,
   "hands": {
    "grabHandFrames": 99,
    "inOtherItemBox": 0,
    "firstIn": null,
    "minY": 0.7179,
    "minYBySeat": {
     "2": 0.156,
     "3": 0.7179
    },
    "tableY": 0.152,
    "legacyInOther": 0
   },
   "mid": {
    "belowTopPoints": 0,
    "first": null
   }
  },
  {
   "vp": "V5",
   "name": "Wfar",
   "landedMs": 1267,
   "hud": {
    "frames": 49,
    "badFrames": 0,
    "first": null
   },
   "pass3": true,
   "frame7": {
    "held": 49,
    "palmOutsideFelt": 0,
    "firstOut": null
   },
   "card": {
    "cardMs": 1350,
    "landedMs": 1267,
    "ok": true
   },
   "pass7": true,
   "pass4": true,
   "hands": {
    "grabHandFrames": 99,
    "inOtherItemBox": 0,
    "firstIn": null,
    "minY": 0.7273,
    "minYBySeat": {
     "0": 0.156,
     "2": 0.7273
    },
    "tableY": 0.152,
    "legacyInOther": 147
   },
   "mid": {
    "belowTopPoints": 0,
    "first": null
   }
  },
  {
   "vp": "V5",
   "name": "Efar",
   "landedMs": 1267,
   "hud": {
    "frames": 49,
    "badFrames": 0,
    "first": null
   },
   "pass3": true,
   "frame7": {
    "held": 49,
    "palmOutsideFelt": 0,
    "firstOut": null
   },
   "card": {
    "cardMs": 1350,
    "landedMs": 1267,
    "ok": true
   },
   "pass7": true,
   "pass4": true,
   "hands": {
    "grabHandFrames": 99,
    "inOtherItemBox": 0,
    "firstIn": null,
    "minY": 0.8902,
    "minYBySeat": {
     "1": 0.156,
     "3": 0.8902
    },
    "tableY": 0.152,
    "legacyInOther": 0
   },
   "mid": {
    "belowTopPoints": 0,
    "first": null
   }
  },
  {
   "vp": "V5",
   "name": "cNS",
   "landedMs": 983,
   "hud": {
    "frames": 43,
    "badFrames": 0,
    "first": null
   },
   "pass3": true,
   "frame7": {
    "held": 43,
    "palmOutsideFelt": 0,
    "firstOut": null
   },
   "card": {
    "cardMs": 1350,
    "landedMs": 983,
    "ok": true
   },
   "pass7": true,
   "pass4": true,
   "hands": {
    "grabHandFrames": 96,
    "inOtherItemBox": 0,
    "firstIn": null,
    "minY": 0.156,
    "minYBySeat": {
     "0": 0.156,
     "1": 0.2729,
     "3": 0.156
    },
    "tableY": 0.152,
    "legacyInOther": 0
   },
   "mid": {
    "belowTopPoints": 0,
    "first": null
   }
  },
  {
   "vp": "V5",
   "name": "cWE",
   "landedMs": 983,
   "hud": {
    "frames": 43,
    "badFrames": 0,
    "first": null
   },
   "pass3": true,
   "frame7": {
    "held": 43,
    "palmOutsideFelt": 0,
    "firstOut": null
   },
   "card": {
    "cardMs": 1350,
    "landedMs": 983,
    "ok": true
   },
   "pass7": true,
   "pass4": true,
   "hands": {
    "grabHandFrames": 96,
    "inOtherItemBox": 0,
    "firstIn": null,
    "minY": 0.156,
    "minYBySeat": {
     "0": 0.156,
     "2": 0.3403,
     "3": 0.156
    },
    "tableY": 0.152,
    "legacyInOther": 0
   },
   "mid": {
    "belowTopPoints": 0,
    "first": null
   }
  },
  {
   "vp": "V5",
   "errs": []
  }
 ]
}
