{
 "perf": {
  "rounds": [
   {
    "n": 648,
    "p50": 1.4000000059604645,
    "p95": 4.300000011920929,
    "max": 22.399999976158142
   },
   {
    "n": 648,
    "p50": 1.5,
    "p95": 4.5,
    "max": 14.300000011920929
   },
   {
    "n": 648,
    "p50": 1.4000000059604645,
    "p95": 4.200000017881393,
    "max": 15.900000005960464
   },
   {
    "n": 648,
    "p50": 1.4000000059604645,
    "p95": 4.199999988079071,
    "max": 22.400000005960464
   },
   {
    "n": 648,
    "p50": 1.4000000059604645,
    "p95": 4.299999982118607,
    "max": 21.400000005960464
   }
  ],
  "medianP95": 4.299999982118607
 }
}
