{
 "perf": {
  "rounds": [
   {
    "n": 648,
    "p50": 1.5999999940395355,
    "p95": 4.4000000059604645,
    "max": 22.600000023841858
   },
   {
    "n": 648,
    "p50": 1.5,
    "p95": 4.399999976158142,
    "max": 20.900000005960464
   },
   {
    "n": 648,
    "p50": 1.4000000059604645,
    "p95": 3.9000000059604645,
    "max": 15.599999994039536
   },
   {
    "n": 648,
    "p50": 1.4000000059604645,
    "p95": 4.0999999940395355,
    "max": 14.700000017881393
   },
   {
    "n": 648,
    "p50": 1.4000000059604645,
    "p95": 4.700000017881393,
    "max": 18.80000001192093
   }
  ],
  "medianP95": 4.399999976158142
 }
}
