{
 "fixture": "seed 1 solo，正常 UI 開標（不跳過、真實時序），844×390",
 "q": "",
 "rows": [
  {
   "slot": 0,
   "grabMs": 1260,
   "landedAfterMs": 1245,
   "cardAfterMs": 1363,
   "cardAfterLanded": true,
   "heldFrames": 70,
   "framedHeldFrames": 70
  },
  {
   "slot": 2,
   "grabMs": 1260,
   "landedAfterMs": 1238,
   "cardAfterMs": 1354,
   "cardAfterLanded": true,
   "heldFrames": 69,
   "framedHeldFrames": 69
  },
  {
   "slot": 3,
   "grabMs": 1260,
   "landedAfterMs": 1250,
   "cardAfterMs": 1352,
   "cardAfterLanded": true,
   "heldFrames": 70,
   "framedHeldFrames": 70
  }
 ],
 "frames": 961,
 "errors": [],
 "pass": true
}
