{
  "fixture": "seed 1, normal UI reveal, doSkip 120ms after first ys:reveal-slot",
  "reducedMotion": false,
  "slots": [
    {
      "slot": 0,
      "t": 12756.300000011921
    },
    {
      "slot": 1,
      "t": 13627.59999999404
    },
    {
      "slot": 2,
      "t": 13645.5
    },
    {
      "slot": 3,
      "t": 13684.200000017881
    }
  ],
  "skipAt": 12881.90000000596,
  "awards": [
    {
      "slot": 0,
      "t": 13597
    },
    {
      "slot": 2,
      "t": 13667.40000000596
    },
    {
      "slot": 3,
      "t": 13700.800000011921
    }
  ],
  "cards": [
    {
      "t": 13602.90000000596
    },
    {
      "t": 13643.700000017881
    },
    {
      "t": 13676.09999999404
    },
    {
      "t": 13707
    }
  ],
  "frameCount": 202,
  "flightFrames": 0,
  "firstFlight": null,
  "handFrames": 0,
  "settledCardFrames": 144,
  "viewOffsetRestored": true,
  "errors": [],
  "pass": true
}
