[text-fit] solo done 538s
[text-fit] hot done 431s
[text-fit] nw1 done 451s
[text-fit] nw2 done 51s
[text-fit] nw3 done 55s
{
 "tag": "base-ebae67b7",
 "cells": 965,
 "cellsRed": 172,
 "byVp": {
  "V1": {
   "cells": 193,
   "red": 45,
   "redScrollOnly": 45
  },
  "V2": {
   "cells": 193,
   "red": 29,
   "redScrollOnly": 29
  },
  "V3": {
   "cells": 193,
   "red": 45,
   "redScrollOnly": 45
  },
  "V4": {
   "cells": 193,
   "red": 50,
   "redScrollOnly": 50
  },
  "V5": {
   "cells": 193,
   "red": 3,
   "redScrollOnly": 3
  }
 },
 "items": 6,
 "lost": [
  "solo|reveal lost1",
  "solo|shrine-run lost9",
  "hot|reveal lost1",
  "hot|shrine-run lost9",
  "nw1|reveal lost1",
  "nw1|shrine-run lost7",
  "nw2|reveal lost1",
  "nw2|shrine-run lost1",
  "nw3|reveal lost1",
  "nw3|shrine-run lost1"
 ],
 "pageErrors": {
  "solo": [],
  "hot": [],
  "nw1": [],
  "nw2": [],
  "nw3": []
 },
 "guard": {
  "cells": 0,
  "spill": {},
  "overlap": {}
 },
 "strips": [
  "#feltHead n877 minOwn 0 minEff 0 低於.85且無字影 0 ",
  "#feltHead > span.headCompact n877 minOwn 0.9 minEff 0.9 低於.85且無字影 0 ",
  "#feltHead > div.wishbar n425 minOwn 0.9 minEff 0.9 低於.85且無字影 0 ",
  "#northPrev > button.nsum n630 minOwn 0.9 minEff 0.9 低於.85且無字影 0 ",
  "#revealCard n11 minOwn 0.88 minEff 0.88 低於.85且無字影 0 ",
  "#pnl n285 minOwn 0.94 minEff 0.94 低於.85且無字影 0 ",
  "#stage > div.stageCard.resultStrip n32 minOwn 0.94 minEff 0.94 低於.85且無字影 0 ",
  "#stage > div.stageCard n120 minOwn 1 minEff 1 低於.85且無字影 0 ",
  "#stage > div.stakebar n10 minOwn 0.9 minEff 0.9 低於.85且無字影 0 ",
  "#bub1 n21 minOwn 1 minEff 1 低於.85且無字影 0 ",
  "#bub3 n1 minOwn 1 minEff 1 低於.85且無字影 0 "
 ],
 "itemList": [
  "[scroll reach 5/5] #modalbox ×5 「？ 妖市規則 音訊診斷：sfx v0.59.9 」→「？ 妖市規則 音訊診斷：sfx v0.59.9 」",
  "[scroll reach 66/66] #pnl ×66 「第 1 夜・戰況 心 願 南 青面攤主 你 「驅」→「第 1 夜・戰況心願南青面攤主你「驅邪」未達成—」",
  "[scroll reach 84/84] #felt ×84 「北風・ 上弦｜祖靈拍：全隊 HP +1・陰間放貸」→「北風・ 上弦｜祖靈拍：全隊 HP +1・陰間放貸」",
  "[scroll reach 10/10] #review ×10 「本局回顧 下載本局紀錄 複製本局紀錄 關閉 這一」→「本局回顧下載本局紀錄複製本局紀錄關閉 這一局的因」",
  "[scroll reach 3/3] #nwScr ×3 「夜行錄 返回 依序挑戰；終局時你還活著，且壽命高」→「夜行錄返回 依序挑戰；終局時你還活著，且壽命高過」",
  "[scroll reach 12/12] #nwBody > div.stageCard.nwBig ×12 「夜行錄・第一章 破廟逢青面 青面攤主 本章主角，」→「夜行錄・第一章 破廟逢青面 青面攤主本章主角，坐」"
 ]
}
