{
 "tag": "head-textfit",
 "cells": "105/105",
 "cellsStrictNoBackdropExempt": "96/105",
 "m1": 105,
 "m2": 105,
 "portrait": "21/21",
 "missing": [],
 "transitions": "188/188",
 "switches": [
  "bid:true",
  "duel:true",
  "end:true",
  "nw-intro:true"
 ],
 "extra": [
  {
   "k": "shrine-run",
   "ok": true
  },
  {
   "k": "event-result",
   "ok": true
  },
  {
   "k": "nw:select",
   "ok": true
  }
 ],
 "pageErrors": {
  "solo": [],
  "nw": []
 },
 "redScreens": []
}

real	9m14.437s
user	0m0.000s
sys	0m0.015s
EXIT 0
