  FAIL  H5①請神夜：香火**不綁尊**——燒在哪一格都算同一個池，第一個請神夜由池最高的人請神
        第 4 夜香火最高（南家 9）的人應該請走一尊——香火不綁尊，燒在哪一格都算：takenBy=[null,null,null]
  FAIL  H5①同分：依「本夜風位起順時針」的第一個人請神（不是座位 0 恆贏）
        四家同香火 1 時，應該有人請走一尊：takenBy=[null,null,null]
  FAIL  H5①已持有者不參加：他的香火再高也不得，該夜由「還沒請到的人」裡最高者請神
        第 7 夜應該由還沒請到、香火 1 的北家請神：takenBy=[0,null,null]
  FAIL  H5②得主自選（AI 規則）：挑「袋中最多陣營同系」的那一尊，不是固定第 0 尊
        袋中最多的是香火系 ⇒ 得主應該自選第 1 尊（香火系），而不是固定的第 0 尊：預期 0，實際 null
  FAIL  H5②同數取 LEGENDS 順序：空袋（四系皆 0 件）的得主拿第 0 尊
        空袋（同數）時應該取 LEGENDS 順序最前面的第 0 尊：預期 0，實際 null
  FAIL  H5②真人得主跳選擇窗：interactive 下先回 pending、尊還沒進袋；finishShrines 帶回 idx 才落地
        真人得主應該先跳選尊視窗（out.pending 帶得主與可選清單），實際 undefined
  FAIL  H5②已被請走的尊不可選：帶回一個已關的 idx，退回 AI 規則、不得重複發同一尊
        第 7 夜應該輪到北家選尊：undefined
  FAIL  H5③落空保留：第一個請神夜落空、香火 5 到下一夜仍是 5，而且可以繼續往上加
        第 4 夜應該由香火 6 的北家請神
  FAIL  H5④沒人有資格（全員香火 0）的請神夜：不結算、三尊都留著，下一個請神夜再比
        第 4 夜沒有人有資格 ⇒ **三尊都要留著**（不得回天、不得關龕）：預期 3，實際 2
  FAIL  H5④沒人有資格（有資格者都沒香火、香火全在已持有者身上）：一樣不結算、剩下的尊都留著
        「香火全在已持有者身上」也算沒人有資格 ⇒ 剩下兩尊都要留著，不得回天：預期 2，實際 1
  FAIL  H5④最後一個請神夜結算完：沒被請走的尊回天，本局不再出現、也不重開
        最後一個請神夜結算完，其餘兩尊要**回天**（全部關起來）：預期 0，實際 2
  FAIL  H5⑤一人一尊：請到之後封籤被拒——壽命一毛不扣、香火不累積、out.locked 記一筆
        第 4 夜南家應該請走一尊
  FAIL  H5⑥封籤不收龕參數：帶了 shrine 也忽略，燒進的是**自己的香火池**、紀錄裡不留龕號
        燒香紀錄不得帶龕號（3.0 的香火不綁尊）：預期 undefined，實際 2
  PASS  H5⑦供奉：持有者每夜末 −INC_TITHE 壽命；壽命 ≤1 付不出 → 尊回天並移出袋子
  PASS  H5⑦送神回天鈕：任何一夜可主動放手——當夜起不再扣供奉、尊移出袋、那一尊不重開
  PASS  H5⑦危急提示：只在「付完壽命 ≤TITHE_WARN」那一夜出現，同一尊只一次；headless 走預設「要」
  PASS  H5⑦AI 放手走同一條門檻：AI 持有者在「付完 ≤TITHE_WARN」那一夜主動送神回天
  PASS  H5⑦神債最後收：壽命 2＋詛咒品 −1 → 先 drain 剩 1 → 付不出供奉 → 傳說回天、人活著
  FAIL  H5⑧kill switch：OFF 零亂數、不建 S.shrines；**ON 也不得因尊→夜洗牌多耗 rng**（3.0 把洗牌整支拿掉）
        ON 與 OFF 在 makeState 之後的亂數游標必須落在同一格——2.0 的尊→夜洗牌會多吃兩個 rng，這一條就是它的探針：預期 0.30325650586746633，實際 0.2899394116830081
  PASS  H5補：燒香夾限＋封籤留痕——壽命 3 封 3 → 實燒 2，clip 事件與 shrineStat 都要有
  PASS  H5補：局末結清依「場上最高香火」的比例——最高 9 時 h=9 退 5＋小法寶、h=6 退 3＋小法寶、h=3 退 1
  PASS  守衛：傳說不進 S.deck、也不在 POOL 裡——整局市集不會出現傳說，但請神請得下來
  PASS  守衛：AI 燒香啟發式是資料表驅動——ROLES[*].ai.inc 覆寫 minLifeFrac 之後那個角色就不拜了
  PASS  守衛：settleShrinesEnd 冪等——連叫兩次不得重複結清、壽命不得再變
  PASS  守衛：回天結清不得就地改寫「不是本輪收尾」的那一筆 S.history.life
  PASS  守衛：傳說的招式真的進得了 paperWar——殘日的餘暉灼目會出現在對決 beats 裡
  PASS  H10傳說共鳴：持殘日（祖靈）＋2 件祖靈法寶 → facCount("zuling")=4（傳說算 2 件）
  PASS  H11部隊預覽：5 個袋子的逐件隻數／atk／hp／拍序／招式名，逐項等於 buildArmy 展開與 TRAITS 表
  PASS  H11市集卡招式行：27 件法寶＋3 尊傳說——卡面只印數字、卡片詳情印招式且與 TRAITS 對得上
  PASS  H11詛咒品那一行看主人：一般人印「只算纏身」，帶 curseWard 的印「已淨化」
  PASS  H11袋子總計：總隻數／總攻／總血與 buildArmy(整袋) 一致，共鳴 hp 與 pwResLv 一致
  PASS  決定性：顯式 LEGEND_ON=true 下 trace(1..20) 連跑兩次逐位元組相等，且引擎段零 Math.random

18 過 / 14 失敗

失敗清單：
  - H5①請神夜：香火**不綁尊**——燒在哪一格都算同一個池，第一個請神夜由池最高的人請神
        第 4 夜香火最高（南家 9）的人應該請走一尊——香火不綁尊，燒在哪一格都算：takenBy=[null,null,null]
  - H5①同分：依「本夜風位起順時針」的第一個人請神（不是座位 0 恆贏）
        四家同香火 1 時，應該有人請走一尊：takenBy=[null,null,null]
  - H5①已持有者不參加：他的香火再高也不得，該夜由「還沒請到的人」裡最高者請神
        第 7 夜應該由還沒請到、香火 1 的北家請神：takenBy=[0,null,null]
  - H5②得主自選（AI 規則）：挑「袋中最多陣營同系」的那一尊，不是固定第 0 尊
        袋中最多的是香火系 ⇒ 得主應該自選第 1 尊（香火系），而不是固定的第 0 尊：預期 0，實際 null
  - H5②同數取 LEGENDS 順序：空袋（四系皆 0 件）的得主拿第 0 尊
        空袋（同數）時應該取 LEGENDS 順序最前面的第 0 尊：預期 0，實際 null
  - H5②真人得主跳選擇窗：interactive 下先回 pending、尊還沒進袋；finishShrines 帶回 idx 才落地
        真人得主應該先跳選尊視窗（out.pending 帶得主與可選清單），實際 undefined
  - H5②已被請走的尊不可選：帶回一個已關的 idx，退回 AI 規則、不得重複發同一尊
        第 7 夜應該輪到北家選尊：undefined
  - H5③落空保留：第一個請神夜落空、香火 5 到下一夜仍是 5，而且可以繼續往上加
        第 4 夜應該由香火 6 的北家請神
  - H5④沒人有資格（全員香火 0）的請神夜：不結算、三尊都留著，下一個請神夜再比
        第 4 夜沒有人有資格 ⇒ **三尊都要留著**（不得回天、不得關龕）：預期 3，實際 2
  - H5④沒人有資格（有資格者都沒香火、香火全在已持有者身上）：一樣不結算、剩下的尊都留著
        「香火全在已持有者身上」也算沒人有資格 ⇒ 剩下兩尊都要留著，不得回天：預期 2，實際 1
  - H5④最後一個請神夜結算完：沒被請走的尊回天，本局不再出現、也不重開
        最後一個請神夜結算完，其餘兩尊要**回天**（全部關起來）：預期 0，實際 2
  - H5⑤一人一尊：請到之後封籤被拒——壽命一毛不扣、香火不累積、out.locked 記一筆
        第 4 夜南家應該請走一尊
  - H5⑥封籤不收龕參數：帶了 shrine 也忽略，燒進的是**自己的香火池**、紀錄裡不留龕號
        燒香紀錄不得帶龕號（3.0 的香火不綁尊）：預期 undefined，實際 2
  - H5⑧kill switch：OFF 零亂數、不建 S.shrines；**ON 也不得因尊→夜洗牌多耗 rng**（3.0 把洗牌整支拿掉）
        ON 與 OFF 在 makeState 之後的亂數游標必須落在同一格——2.0 的尊→夜洗牌會多吃兩個 rng，這一條就是它的探針：預期 0.30325650586746633，實際 0.2899394116830081
