    …seed 1 step 400 第 8 夜「進入下一夜（停用）」
    …seed 2 step 400 第 8 夜「開標 ▸（停用）」
    …seed 3 step 400 第 9 夜「開標 ▸」
    …seed 5 step 400 第 10 夜「開標 ▸（停用）」
    …seed 6 step 400 第 8 夜「🕯️ 請神」
# 請神 3.0 Playwright 驅動（844×390 橫式＋390×844 直式）　VERSION 0.53　輸出 legend-drive-run2.json
- 局數 6：seed 1（8 夜・請走 2 尊・回天 1 尊・沒人有資格 0 夜・燒香 5 夜）；seed 2（8 夜・請走 2 尊・回天 1 尊・沒人有資格 0 夜・燒香 5 夜）；seed 3（9 夜・請走 2 尊・回天 1 尊・沒人有資格 0 夜・燒香 5 夜）；seed 4（7 夜・請走 1 尊・回天 2 尊・沒人有資格 0 夜・燒香 5 夜）；seed 5（10 夜・請走 2 尊・回天 1 尊・沒人有資格 0 夜・燒香 5 夜）；seed 6（10 夜・請走 2 尊・回天 1 尊・沒人有資格 0 夜・燒香 5 夜）
  · seed 1 停在「再入妖市」　真人選尊 [{"idx":1,"n":3}]　按鈕出現次數 {"不盯任何一件":8,"蓋牌開標":8,"開標 ▸":8,"開標 ▸（停用）":20,"下一件拍品 ▸":24,"下一件拍品 ▸（停用）":61,"🕯️ 請神":8,"🕯️ 請神（停用）":5,"開戰":8,"開戰（停用）":235,"進入下一夜":7,"進入下一夜（停用）":52,"前往拍賣":2,"看最終結果":1,"再入妖市":1}
  · seed 2 停在「再入妖市」　真人選尊 [{"idx":1,"n":3}]　按鈕出現次數 {"不盯任何一件":8,"蓋牌開標":8,"開標 ▸":8,"開標 ▸（停用）":18,"下一件拍品 ▸":24,"下一件拍品 ▸（停用）":54,"🕯️ 請神":8,"開戰":8,"開戰（停用）":224,"進入下一夜":7,"🕯️ 請神（停用）":5,"進入下一夜（停用）":52,"前往拍賣":2,"看最終結果":1,"再入妖市":1}
  · seed 3 停在「再入妖市」　真人選尊 [{"idx":1,"n":3}]　按鈕出現次數 {"不盯任何一件":9,"蓋牌開標":9,"開標 ▸":9,"開標 ▸（停用）":18,"下一件拍品 ▸":27,"下一件拍品 ▸（停用）":56,"🕯️ 請神":9,"🕯️ 請神（停用）":5,"開戰":9,"開戰（停用）":232,"進入下一夜":8,"進入下一夜（停用）":52,"前往拍賣":2,"看最終結果":1,"再入妖市":1}
  · seed 4 停在「再入妖市」　真人選尊 [{"idx":1,"n":3}]　按鈕出現次數 {"不盯任何一件":7,"蓋牌開標":7,"開標 ▸":7,"開標 ▸（停用）":16,"下一件拍品 ▸":21,"下一件拍品 ▸（停用）":51,"🕯️ 請神":7,"開戰":7,"開戰（停用）":208,"進入下一夜":6,"🕯️ 請神（停用）":2,"進入下一夜（停用）":26,"前往拍賣":1,"看最終結果":1,"再入妖市":1}
  · seed 5 停在「再入妖市」　真人選尊 [{"idx":1,"n":3}]　按鈕出現次數 {"不盯任何一件":10,"蓋牌開標":10,"開標 ▸":10,"開標 ▸（停用）":25,"下一件拍品 ▸":30,"下一件拍品 ▸（停用）":67,"🕯️ 請神":10,"開戰":10,"開戰（停用）":189,"進入下一夜":9,"🕯️ 請神（停用）":4,"進入下一夜（停用）":52,"前往拍賣":2,"看最終結果":1,"再入妖市":1}
  · seed 6 停在「再入妖市」　真人選尊 [{"idx":1,"n":3}]　按鈕出現次數 {"不盯任何一件":10,"蓋牌開標":10,"開標 ▸":10,"開標 ▸（停用）":23,"下一件拍品 ▸":30,"下一件拍品 ▸（停用）":68,"🕯️ 請神":10,"開戰":10,"開戰（停用）":311,"進入下一夜":9,"🕯️ 請神（停用）":3,"進入下一夜（停用）":52,"前往拍賣":2,"看最終結果":1,"再入妖市":1}
- 熱座交棒：出價頁看得到燒香列＝true、交棒畫面出現＝true、交棒當下 (#stage,#south) .incbar 個數＝0 → ✅
- CFG.LEGEND_ON=true　香火榜 #shrines／.incboard＋待請卡：seed 1 true/3 張；seed 2 true/3 張；seed 3 true/3 張；seed 4 true/3 張；seed 5 true/3 張；seed 6 true/3 張　燒香列：true,true,true,true,true,true
- 供奉危急提示出現並按「要」的次數：0；袋子面板「送神回天」按下次數（seed 2）：1
- console error 0、pageerror 0、requestfailed 0 → ✅
- **H6 三條路徑**：走到「請走」11 次／「**真人選尊視窗**出現並選擇」6 次（點的那一尊沒對上：0）／「**落空保留**」22 人次 → ✅
    落空保留樣本：[{"seed":1,"round":5,"pid":1,"h":13,"next":13},{"seed":1,"round":5,"pid":2,"h":4,"next":4},{"seed":1,"round":5,"pid":3,"h":13,"next":13},{"seed":2,"round":5,"pid":1,"h":13,"next":13},{"seed":2,"round":5,"pid":2,"h":10,"next":10},{"seed":2,"round":5,"pid":3,"h":10,"next":10}]
- 記錄項（不判）：回天 7 尊、局末結清 9 筆、沒人有資格的請神夜 0 次
- 固定頁對照（同一局同一頁「蓋牌開標」）：橫式 []　直式 []
- 直式蓋板行為：#rotateHint 顯示＝true、#shrines 收起＝true → ✅
- 橫向溢出：橫式 0 筆、直式 0 筆 → ✅
- **直向**（#felt scrollHeight − clientHeight；第 1 夜每頁＝0、其餘頁 ≤ 基準同格＋52px）：取樣 36 次、超標 0 次 → ✅
    1|1|盯上：本卷 0　基準 0　上限 0 ✅
    1|1|出價：本卷 0　基準 0　上限 0 ✅
    1|2|盯上：本卷 0　基準 0　上限 52 ✅
    1|2|出價：本卷 0　基準 0　上限 52 ✅
    1|3|盯上：本卷 0　基準 31　上限 83 ✅
    1|3|出價：本卷 54　基準 87　上限 139 ✅
    2|1|盯上：本卷 0　基準 —　上限 0 （無基準・只印不判）
    2|1|出價：本卷 0　基準 —　上限 0 （無基準・只印不判）
    2|2|盯上：本卷 0　基準 —　上限 52 （無基準・只印不判）
    2|2|出價：本卷 0　基準 —　上限 52 （無基準・只印不判）
    2|3|盯上：本卷 0　基準 —　上限 52 （無基準・只印不判）
    2|3|出價：本卷 0　基準 —　上限 52 （無基準・只印不判）
    3|1|盯上：本卷 0　基準 0　上限 0 ✅
    3|1|出價：本卷 0　基準 0　上限 0 ✅
    3|2|盯上：本卷 0　基準 0　上限 52 ✅
    3|2|出價：本卷 0　基準 0　上限 52 ✅
    3|3|盯上：本卷 0　基準 18　上限 70 ✅
    3|3|出價：本卷 0　基準 18　上限 70 ✅
    4|1|盯上：本卷 0　基準 —　上限 0 （無基準・只印不判）
    4|1|出價：本卷 0　基準 —　上限 0 （無基準・只印不判）
    4|2|盯上：本卷 0　基準 —　上限 52 （無基準・只印不判）
    4|2|出價：本卷 0　基準 —　上限 52 （無基準・只印不判）
    4|3|盯上：本卷 0　基準 —　上限 52 （無基準・只印不判）
    4|3|出價：本卷 0　基準 —　上限 52 （無基準・只印不判）
    5|1|盯上：本卷 0　基準 —　上限 0 （無基準・只印不判）
    5|1|出價：本卷 0　基準 —　上限 0 （無基準・只印不判）
    5|2|盯上：本卷 0　基準 —　上限 52 （無基準・只印不判）
    5|2|出價：本卷 0　基準 —　上限 52 （無基準・只印不判）
    5|3|盯上：本卷 0　基準 —　上限 52 （無基準・只印不判）
    5|3|出價：本卷 41　基準 —　上限 52 （無基準・只印不判）
    6|1|盯上：本卷 0　基準 —　上限 0 （無基準・只印不判）
    6|1|出價：本卷 0　基準 —　上限 0 （無基準・只印不判）
    6|2|盯上：本卷 0　基準 —　上限 52 （無基準・只印不判）
    6|2|出價：本卷 0　基準 —　上限 52 （無基準・只印不判）
    6|3|盯上：本卷 0　基準 —　上限 52 （無基準・只印不判）
    6|3|出價：本卷 41　基準 —　上限 52 （無基準・只印不判）
- 判定：✅ 通過
DRIVE_EXIT=0
