# 請神 3.0 Playwright 驅動（844×390 橫式＋390×844 直式）　VERSION 0.53　輸出 legend-drive-shots.json
- 局數 1：seed 1（7 夜・請走 1 尊・回天 2 尊・沒人有資格 0 夜・燒香 5 夜）
  · seed 1 停在「再入妖市」　真人選尊 [{"idx":1,"n":3}]　按鈕出現次數 {"不盯任何一件":7,"蓋牌開標":7,"開標 ▸":7,"開標 ▸（停用）":13,"下一件拍品 ▸":21,"下一件拍品 ▸（停用）":44,"🕯️ 請神":7,"開戰":7,"開戰（停用）":177,"進入下一夜":6,"🕯️ 請神（停用）":4,"進入下一夜（停用）":26,"前往拍賣":1,"看最終結果":1,"再入妖市":1}
- 熱座交棒：出價頁看得到燒香列＝true、交棒畫面出現＝true、交棒當下 (#stage,#south) .incbar 個數＝0 → ✅
- CFG.LEGEND_ON=true　香火榜 #shrines／.incboard＋待請卡：seed 1 true/3 張　燒香列：true
- 供奉危急提示出現並按「要」的次數：0；袋子面板「送神回天」按下次數（seed 1）：1
- console error 0、pageerror 0、requestfailed 0 → ✅
- **H6 三條路徑**：走到「請走」1 次／「**真人選尊視窗**出現並選擇」1 次（點的那一尊沒對上：0）／「**落空保留**」3 人次 → ✅
    落空保留樣本：[{"seed":1,"round":5,"pid":1,"h":13,"next":13},{"seed":1,"round":5,"pid":2,"h":4,"next":4},{"seed":1,"round":5,"pid":3,"h":13,"next":13}]
- 記錄項（不判）：回天 2 尊、局末結清 2 筆、沒人有資格的請神夜 0 次
- 固定頁對照（同一局同一頁「蓋牌開標」）：橫式 []　直式 []
- 直式蓋板行為：#rotateHint 顯示＝true、#shrines 收起＝true → ✅
- 橫向溢出：橫式 0 筆、直式 0 筆 → ✅
- **直向**（#felt scrollHeight − clientHeight；第 1 夜每頁＝0、其餘頁 ≤ 基準同格＋52px）：取樣 6 次、超標 0 次 → ✅
    1|1|盯上：本卷 0　基準 0　上限 0 ✅
    1|1|出價：本卷 0　基準 0　上限 0 ✅
    1|2|盯上：本卷 0　基準 0　上限 52 ✅
    1|2|出價：本卷 0　基準 0　上限 52 ✅
    1|3|盯上：本卷 0　基準 31　上限 83 ✅
    1|3|出價：本卷 54　基準 87　上限 139 ✅
- 判定：✅ 通過
