    …seed 1 step 400 第 9 夜「開戰（停用）」
    …seed 2 step 400 第 8 夜「看最終結果」
    …seed 3 step 400 第 9 夜「開戰（停用）」
    …seed 5 step 400 第 10 夜「開戰（停用）」
    …seed 6 step 400 第 8 夜「開戰（停用）」
# 請神 3.0 Playwright 驅動（844×390 橫式＋390×844 直式）　VERSION 0.53　輸出 legend-drive.json
- 局數 6：seed 1（12 夜・請走 3 尊・回天 0 尊・沒人有資格 0 夜・燒香 4 夜）；seed 2（8 夜・請走 2 尊・回天 1 尊・沒人有資格 0 夜・燒香 4 夜）；seed 3（9 夜・請走 2 尊・回天 1 尊・沒人有資格 0 夜・燒香 4 夜）；seed 4（8 夜・請走 2 尊・回天 1 尊・沒人有資格 0 夜・燒香 4 夜）；seed 5（12 夜・請走 2 尊・回天 1 尊・沒人有資格 1 夜・燒香 4 夜）；seed 6（12 夜・請走 3 尊・回天 0 尊・沒人有資格 0 夜・燒香 4 夜）
  · seed 1 停在「再入妖市」　真人選尊 [{"idx":1,"n":3}]　按鈕出現次數 {"不盯任何一件":12,"蓋牌開標":12,"開標 ▸":12,"開標 ▸（停用）":14,"下一件拍品 ▸":36,"下一件拍品 ▸（停用）":52,"🕯️ 請神":12,"🕯️ 請神（停用）":5,"開戰":12,"開戰（停用）":364,"進入下一夜":11,"進入下一夜（停用）":78,"前往拍賣":3,"看最終結果":1,"再入妖市":1}
  · seed 2 停在「再入妖市」　真人選尊 [{"idx":1,"n":3}]　按鈕出現次數 {"不盯任何一件":8,"蓋牌開標":8,"開標 ▸":8,"開標 ▸（停用）":11,"下一件拍品 ▸":24,"下一件拍品 ▸（停用）":38,"🕯️ 請神":8,"🕯️ 請神（停用）":5,"開戰":8,"開戰（停用）":221,"進入下一夜":7,"進入下一夜（停用）":52,"前往拍賣":2,"看最終結果":1,"再入妖市":1}
  · seed 3 停在「再入妖市」　真人選尊 [{"idx":1,"n":3}]　按鈕出現次數 {"不盯任何一件":9,"蓋牌開標":9,"開標 ▸":9,"開標 ▸（停用）":12,"下一件拍品 ▸":27,"下一件拍品 ▸（停用）":47,"🕯️ 請神":9,"🕯️ 請神（停用）":5,"開戰":9,"開戰（停用）":224,"進入下一夜":8,"進入下一夜（停用）":52,"前往拍賣":2,"看最終結果":1,"再入妖市":1}
  · seed 4 停在「再入妖市」　真人選尊 [{"idx":1,"n":3}]　按鈕出現次數 {"不盯任何一件":7,"蓋牌開標":7,"開標 ▸":7,"開標 ▸（停用）":9,"下一件拍品 ▸":21,"下一件拍品 ▸（停用）":36,"🕯️ 請神":7,"🕯️ 請神（停用）":5,"開戰":7,"開戰（停用）":214,"進入下一夜":7,"進入下一夜（停用）":52,"前往拍賣":1,"看最終結果":1,"再入妖市":1}
  · seed 5 停在「再入妖市」　真人選尊 [{"idx":1,"n":3}]　按鈕出現次數 {"不盯任何一件":12,"蓋牌開標":12,"開標 ▸":12,"開標 ▸（停用）":17,"下一件拍品 ▸":36,"下一件拍品 ▸（停用）":53,"🕯️ 請神":12,"🕯️ 請神（停用）":5,"開戰":12,"開戰（停用）":230,"進入下一夜":11,"進入下一夜（停用）":78,"前往拍賣":3,"看最終結果":1,"再入妖市":1}
  · seed 6 停在「再入妖市」　真人選尊 [{"idx":1,"n":3}]　按鈕出現次數 {"不盯任何一件":12,"蓋牌開標":12,"開標 ▸":12,"開標 ▸（停用）":17,"下一件拍品 ▸":36,"下一件拍品 ▸（停用）":58,"🕯️ 請神":12,"🕯️ 請神（停用）":6,"開戰":12,"開戰（停用）":342,"進入下一夜":11,"進入下一夜（停用）":78,"前往拍賣":3,"看最終結果":1,"再入妖市":1}
- 熱座交棒：出價頁看得到燒香列＝true、交棒畫面出現＝true、交棒當下 (#stage,#south) .incbar 個數＝0 → ✅
- CFG.LEGEND_ON=true　香火榜 #shrines／.incboard＋待請卡：seed 1 true/3 張；seed 2 true/3 張；seed 3 true/3 張；seed 4 true/3 張；seed 5 true/3 張；seed 6 true/3 張　燒香列：true,true,true,true,true,true
- 供奉危急提示出現並按「要」的次數：1；袋子面板「送神回天」按下次數（seed 2）：1
- console error 0、pageerror 0、requestfailed 0 → ✅
- **H6 三條路徑**：走到「請走」14 次／「**真人選尊視窗**出現並選擇」6 次（點的那一尊沒對上：0）／「**落空保留**」30 人次 → ✅
    落空保留樣本：[{"seed":1,"round":4,"pid":1,"h":10,"next":11},{"seed":1,"round":4,"pid":2,"h":4,"next":4},{"seed":1,"round":4,"pid":3,"h":10,"next":11},{"seed":1,"round":7,"pid":2,"h":4,"next":4},{"seed":1,"round":7,"pid":3,"h":12,"next":12},{"seed":1,"round":10,"pid":2,"h":4,"next":4}]
- 記錄項（不判）：回天 4 尊、局末結清 5 筆、沒人有資格的請神夜 1 次
- 固定頁對照（同一局同一頁「蓋牌開標」）：橫式 []　直式 []
- 直式蓋板行為：#rotateHint 顯示＝true、#shrines 收起＝true → ✅
- 橫向溢出：橫式 0 筆、直式 0 筆 → ✅
- **直向**（#felt scrollHeight − clientHeight；第 1 夜每頁＝0、其餘頁 ≤ 基準同格＋52px）：取樣 36 次、超標 0 次 → ✅
    1|1|盯上：本卷 0　基準 0　上限 0 ✅
    1|1|出價：本卷 0　基準 0　上限 0 ✅
    1|2|盯上：本卷 0　基準 0　上限 52 ✅
    1|2|出價：本卷 0　基準 0　上限 52 ✅
    1|3|盯上：本卷 18　基準 31　上限 83 ✅
    1|3|出價：本卷 74　基準 87　上限 139 ✅
    2|1|盯上：本卷 0　基準 —　上限 0 （無基準・只印不判）
    2|1|出價：本卷 0　基準 —　上限 0 （無基準・只印不判）
    2|2|盯上：本卷 0　基準 —　上限 52 （無基準・只印不判）
    2|2|出價：本卷 0　基準 —　上限 52 （無基準・只印不判）
    2|3|盯上：本卷 5　基準 —　上限 52 （無基準・只印不判）
    2|3|出價：本卷 5　基準 —　上限 52 （無基準・只印不判）
    3|1|盯上：本卷 0　基準 0　上限 0 ✅
    3|1|出價：本卷 0　基準 0　上限 0 ✅
    3|2|盯上：本卷 0　基準 0　上限 52 ✅
    3|2|出價：本卷 0　基準 0　上限 52 ✅
    3|3|盯上：本卷 5　基準 18　上限 70 ✅
    3|3|出價：本卷 8　基準 18　上限 70 ✅
    4|1|盯上：本卷 0　基準 —　上限 0 （無基準・只印不判）
    4|1|出價：本卷 0　基準 —　上限 0 （無基準・只印不判）
    4|2|盯上：本卷 0　基準 —　上限 52 （無基準・只印不判）
    4|2|出價：本卷 0　基準 —　上限 52 （無基準・只印不判）
    4|3|盯上：本卷 5　基準 —　上限 52 （無基準・只印不判）
    4|3|出價：本卷 5　基準 —　上限 52 （無基準・只印不判）
    5|1|盯上：本卷 0　基準 —　上限 0 （無基準・只印不判）
    5|1|出價：本卷 0　基準 —　上限 0 （無基準・只印不判）
    5|2|盯上：本卷 0　基準 —　上限 52 （無基準・只印不判）
    5|2|出價：本卷 0　基準 —　上限 52 （無基準・只印不判）
    5|3|盯上：本卷 5　基準 —　上限 52 （無基準・只印不判）
    5|3|出價：本卷 61　基準 —　上限 52 （無基準・只印不判）
    6|1|盯上：本卷 0　基準 —　上限 0 （無基準・只印不判）
    6|1|出價：本卷 0　基準 —　上限 0 （無基準・只印不判）
    6|2|盯上：本卷 0　基準 —　上限 52 （無基準・只印不判）
    6|2|出價：本卷 0　基準 —　上限 52 （無基準・只印不判）
    6|3|盯上：本卷 5　基準 —　上限 52 （無基準・只印不判）
    6|3|出價：本卷 61　基準 —　上限 52 （無基準・只印不判）
- 判定：✅ 通過
