[visual-polish] nw2|nw-menu 15.8s
[visual-polish] nw2|nw-intro 11.7s
[visual-polish] nw2|select 12.2s
[visual-polish] nw2|mark|n1 44.5s
[visual-polish] nw2|bid|n1 49.5s
[visual-polish] nw2|reveal 43.3s
[visual-polish] nw2|shrine|n1 27.1s
[visual-polish] nw2|shrine-run 1.1s
[visual-polish] nw2|reveal-result 29.8s
[visual-polish] nw2|duel 5.9s
[visual-polish] nw2|night-end|n1 25.8s
[visual-polish] nw2|mark|n2 34.8s
[visual-polish] nw2|bid|n2 33.4s
[visual-polish] nw2 done 511s
{
 "tag": "base-nw2",
 "cells": 55,
 "lost": [
  "nw2|shrine-run lost1",
  "nw2|duel lost1"
 ],
 "pageErrors": {
  "nw2": 0
 },
 "breaks": {
  "byVp": {
   "V1": "6/11 格紅（含例外 7）",
   "V2": "4/11 格紅（含例外 6）",
   "V3": "6/11 格紅（含例外 7）",
   "V4": "8/11 格紅（含例外 8）",
   "V5": "2/11 格紅（含例外 6）"
  },
  "items": 19,
  "list": [
   "#south > button.side「袋子」袋|子 ×26 「袋 ／ 子」",
   "#mc0 > div.ab「✦ 被毒標塞中時，下手的人失 2」壽|命 [句子] ×20 「✦ 被毒標塞中時，下手的人失 2 壽 ／ 命」",
   "#myPow「部隊 1 隻・攻 1・血 3」攻|1 ×11 「部隊 1 隻・攻 ／ 1・血 3」",
   "#myDir「南・青面攤主」攤|主 ×9 「南・青面攤 ／ 主」",
   "#myDir「南・青面攤主」面|攤 ×7 「南・青面 ／ 攤主」",
   "#myPow「部隊 1 隻・攻 1・血 3」血|3 ×7 「部隊 1 隻・攻 1・血 ／ 3」",
   "#mainbtn「蓋牌開標」牌|開 [例外] ×6 「蓋牌 ／ 開標」",
   "#mainbtn「不盯任何一件」何|一 ×4 「不盯任何 ／ 一件」",
   "#mainbtn「蓋牌開標」開|標 ×4 「蓋牌開 ／ 標」",
   "#mainbtn「不盯任何一件」一|件 ×3 「不盯任何一 ／ 件」",
   "#mainbtn「進入下一夜」一|夜 ×3 「進入下一 ／ 夜」",
   "#myDir「南・青面攤主（南風）」南|風 ×2 「南・青面攤主（南 ／ 風）」",
   "#mc1 > div.ab「✦ 你的保守標上限提高 50%（」下|取 [句子] ×2 「✦ 你的保守標上限提高 50%（向下 ／ 取整）」",
   "#myDir「南・青面攤主」青|面 ×1 「南・青 ／ 面攤主」",
   "#mainbtn「下一件拍品 ▸」拍|品 ×1 「下一件拍 ／ 品 ▸」",
   "#mainbtn「🕯️ 請神」請|神 ×1 「🕯️ 請 ／ 神」",
   "#mainbtn「開戰」開|戰 ×1 「開 ／ 戰」",
   "#mainbtn「不盯任何一件」任|何 ×1 「不盯任 ／ 何一件」",
   "#myDir「南・青面攤主（南風）」攤|主 ×1 「南・青面攤 ／ 主（南風）」"
  ]
 },
 "spill": {
  "byVp": {
   "V1": "6/11 格紅（含例外 6）",
   "V2": "6/11 格紅（含例外 6）",
   "V3": "6/11 格紅（含例外 6）",
   "V4": "6/11 格紅（含例外 6）",
   "V5": "6/11 格紅（含例外 6）"
  },
  "items": 7,
  "list": [
   "#northPrev > div.preview ⊃ #northPrev > div.preview > span.mut ×30 0px",
   "#northPrev > div.preview ⊃ div.preview > span.credin > b > span.mut ×8 0px",
   "#northPrev > div.preview ⊃ #northPrev > div.preview ×4 0px",
   "#northPrev > div.preview ⊃ #northPrev > div.preview > b ×2 0px",
   "#northPrev > div.preview ⊃ #northPrev > div.preview > span.credin ×2 0px",
   "#northPrev > div.preview ⊃ #northPrev > div.preview > span.credin > b ×2 0px",
   "#northPrev > div.preview ⊃ #northPrev > div.preview > span.credin > span.mut ×1 0px"
  ]
 },
 "font": {
  "byVp": {
   "V1": "9/11 格紅（含例外 9）",
   "V2": "9/11 格紅（含例外 9）",
   "V3": "9/11 格紅（含例外 9）",
   "V4": "9/11 格紅（含例外 9）",
   "V5": "9/11 格紅（含例外 9）"
  },
  "items": 37,
  "list": [
   "#shrines > div.incboard > span.ibh > span 7.5px ×90",
   "div.incboard > span.ibh > span > b 7.5px ×90",
   "div.shcards > div.shcard > span.shname > span.shn 8px ×90",
   "div.shcards > div.shcard > span.shname > span.shfac 8px ×90",
   "#selGrid > div.rcard > div.rlf 9px ×40",
   "#seat2 > div > div.st 9px ×40",
   "#seat3 > div > div.st 9px ×40",
   "#shrines > div.incboard > span.ibgap 8px ×30",
   "#shrines > div.incboard > span.ibwhen 8px ×30",
   "#mc0 > div.ab 9px ×30",
   "#mc0 > div.uline.stat 9px ×30",
   "#mc2 > div.ab 9px ×30",
   "#mc2 > div.uline.stat 9px ×30",
   "#shrines > div.incboard > span.ibh > span.on 7.5px ×30",
   "div.incboard > span.ibh > span.on > b 7.5px ×30",
   "#mc0 > div > span.fchip.f-xianghuo 8.5px ×20",
   "#mc2 > div > span.fchip.f-yinqi 8.5px ×20",
   "#northPrev > div.preview 8.5px ×20",
   "#mc2 > div > span.moonCue 8.5px ×20",
   "#mc2 > span.markb 9.5px ×15",
   "#northPrev > div.preview > b 8.5px ×10",
   "#northPrev > div.preview > span.credin > b 8.5px ×10",
   "#mc0 > div > span.fchip.f-yinqi 8.5px ×10",
   "#mc2 > div > span.fchip.f-zuling 8.5px ×10",
   "#mc1 > div > span.fchip.f-xianghuo 8.5px ×6",
   "#mc1 > div.ab 9px ×6",
   "#mc1 > div.uline.stat 9px ×6",
   "#mc3 > div.ab 9px ×6",
   "#mc3 > div.uline.stat 9px ×6",
   "#selGrid > div.rcard.sel > div.rlf 9px ×5",
   "#mc0 > span.markb 9.5px ×5",
   "#mc3 > div > span.fchip.f-yinqi 8.5px ×4",
   "#revealCard > div.big > span.fchip.f-xianghuo 9px ×4",
   "#mc3 > span.markb 9.5px ×3",
   "#mc3 > div > span.moonCue 8.5px ×3",
   "#mc3 > div > span.fchip.f-xianghuo 8.5px ×2",
   "#mc1 > span.markb 9.5px ×1"
  ]
 },
 "contrast": {
  "byVp": {
   "V1": "2/11 格紅（含例外 2）",
   "V2": "2/11 格紅（含例外 2）",
   "V3": "2/11 格紅（含例外 2）",
   "V4": "2/11 格紅（含例外 2）",
   "V5": "2/11 格紅（含例外 2）"
  },
  "items": 2,
  "list": [
   "#nwBody > div.nwHead > button.selback ×5 4.26/4.5",
   "#selHead > button.selback ×5 4.26/4.5"
  ]
 },
 "target": {
  "byVp": {
   "V1": "11/11 格紅（含例外 11）",
   "V2": "11/11 格紅（含例外 11）",
   "V3": "11/11 格紅（含例外 11）",
   "V4": "11/11 格紅（含例外 11）",
   "V5": "11/11 格紅（含例外 11）"
  },
  "items": 14,
  "list": [
   "#seat1 > span.roleInfoBtn ×40 24x18",
   "#seat2 > span.roleInfoBtn ×40 24x18",
   "#helpBtn ×40 34x34",
   "#seat3 > span.roleInfoBtn ×40 24x18",
   "#south > button.side ×40 46x38",
   "#south > button.side.roleInfoBtn ×40 32x38",
   "#sfxBtn ×38 43x38",
   "#budget > span.incbar > button ×20 20x20",
   "div.nwCard > div.nwInfo > div.nwBtns > button.bigbtn ×15 54x36",
   "#nwBody > div.nwHead > button.selback ×5 50x30",
   "#nwGo ×5 80x36",
   "#nwBody > div.stageCard.nwBig > div.nwBtns > button.bigbtn.alt ×5 82x36",
   "#selHead > button.selback ×5 50x30",
   "#skipbtn ×5 58x22"
  ]
 },
 "align": {
  "byVp": {
   "V1": "6/11 格紅（含例外 6）",
   "V2": "6/11 格紅（含例外 6）",
   "V3": "6/11 格紅（含例外 6）",
   "V4": "6/11 格紅（含例外 6）",
   "V5": "6/11 格紅（含例外 6）"
  },
  "items": 3,
  "list": [
   "north ×30 dt20.2 db20.2 dh40.3",
   "railCards ×25 dt0 db22.5 dh22.5",
   "railCards2 ×6 dt16.8 db14.3 dh2.5"
  ]
 },
 "north": {
  "byVp": {
   "V1": "0/11 格紅（含例外 0）",
   "V2": "0/11 格紅（含例外 0）",
   "V3": "0/11 格紅（含例外 0）",
   "V4": "0/11 格紅（含例外 0）",
   "V5": "0/11 格紅（含例外 0）"
  },
  "items": 0,
  "list": []
 },
 "northOpen": {
  "openedCells": 0,
  "srcItemsChecked": 0
 }
}
EXIT 0
