[visual-polish] solo|title 23.6s
[visual-polish] solo|select 17.5s
[visual-polish] solo|mark|n1 104.2s
[visual-polish] solo|bid|n1 97.5s
[visual-polish] solo|modal:南家・青面攤主（ 76.6s
[visual-polish] solo|modal:北家・收驚婆 69.6s
[visual-polish] solo|modal:？ 妖市規則 84.3s
[visual-polish] solo|reveal 68.6s
[visual-polish] solo|shrine|n1 43.8s
[visual-polish] solo|shrine-run 1.1s
[visual-polish] solo|reveal-result 22.5s
[visual-polish] solo|duel 20.5s
[visual-polish] solo|night-end|n1 25.2s
[visual-polish] solo|mark|n2 85.4s
[visual-polish] solo|bid|n2 71.8s
[visual-polish] solo|shrine|n2 58.5s
[visual-polish] solo|shrine-run 1.4s
[visual-polish] solo|duel 19.6s
[visual-polish] solo|night-end|n2 27.2s
[visual-polish] solo|mark|n3 75.5s
[visual-polish] solo|bid|n3 65.4s
[visual-polish] solo|shrine|n3 52.8s
[visual-polish] solo|duel 22.7s
[visual-polish] solo|night-end|n3 25.7s
[visual-polish] solo|event|n4 25.7s
[visual-polish] solo|event-result|n4 27.2s
[visual-polish] solo|mark|n4 75.4s
[visual-polish] solo|bid|n4 65.3s
[visual-polish] solo|shrine|n4 38.1s
[visual-polish] solo|shrine-run 0.8s
[visual-polish] solo|duel 35.4s
[visual-polish] solo|night-end|n4 22.2s
[visual-polish] solo|mark|n5 60.6s
[visual-polish] solo|bid|n5 61.1s
[visual-polish] solo|shrine|n5 45.8s
[visual-polish] solo|shrine-run 0.8s
[visual-polish] solo|duel 39.2s
[visual-polish] solo|night-end|n5 29.3s
[visual-polish] solo|mark|n6 57.2s
[visual-polish] solo|bid|n6 63.8s
[visual-polish] solo|shrine|n6 62.7s
[visual-polish] solo|shrine-run 0.9s
[visual-polish] solo|duel 25.5s
[visual-polish] solo|night-end|n6 21.7s
[visual-polish] solo|mark|n7 62.4s
[visual-polish] solo|bid|n7 57.5s
[visual-polish] solo|shrine|n7 42.9s
[visual-polish] solo|shrine-run 0.9s
[visual-polish] solo|night-end|n7 26.4s
[visual-polish] solo|event|n8 21.2s
[visual-polish] solo|event-result|n8 19.5s
[visual-polish] solo|mark|n8 79.4s
[visual-polish] solo|bid|n8 70.7s
[visual-polish] solo|shrine|n8 45.9s
[visual-polish] solo|shrine-run 0.8s
[visual-polish] solo|mark|n9 72.2s
[visual-polish] solo|bid|n9 71.3s
[visual-polish] solo|shrine|n9 53.7s
[visual-polish] solo|night-end|n9 33.5s
[visual-polish] solo|end 23.0s
[visual-polish] solo|review 31.8s
[visual-polish] solo done 3019s
{
 "tag": "head-solo",
 "cells": 245,
 "lost": [
  "solo|shrine-run lost7",
  "solo|duel lost5"
 ],
 "pageErrors": {
  "solo": 0
 },
 "breaks": {
  "byVp": {
   "V1": "0/49 格紅（含例外 16）",
   "V2": "0/49 格紅（含例外 16）",
   "V3": "0/49 格紅（含例外 16）",
   "V4": "0/49 格紅（含例外 16）",
   "V5": "0/49 格紅（含例外 25）"
  },
  "items": 8,
  "list": [
   "#mc2 > div.ab「夜戰：本隊精英的第二目標濺射，改」濺|射 [句子] ×35 「夜戰：本隊精英的第二目標濺 ／ 射，改為當次攻擊力全額」",
   "#mc2 > div.ab「✦ 你的毒標比價時視為 +2（實」實|付 [句子] ×30 「✦ 你的毒標比價時視為 +2（實 ／ 付不變）」",
   "#mc0 > div.ab「✦ 你的押命標落標時免標額損失，」損|失 [句子] ×15 「✦ 你的押命標落標時免標額損 ／ 失，買路錢照收」",
   "#mc2 > div.ab「✦ 戰敗時少失 2 壽命，最低仍」失|1 [句子] ×15 「✦ 戰敗時少失 2 壽命，最低仍失 ／ 1」",
   "#mc1 > div.ab「✦ 被毒標塞中時，下手的人失 2」2|壽 [句子] ×10 「✦ 被毒標塞中時，下手的人失 2 ／ 壽命」",
   "#mc1 > div.ab「✦ 壽命 30 以上時，共鳴加成」額|外 [句子] ×3 「✦ 壽命 30 以上時，共鳴加成額 ／ 外 +50%」",
   "#mc1 > div.ab「夜戰：本隊精英的第二目標濺射，改」濺|射 [句子] ×3 「夜戰：本隊精英的第二目標濺 ／ 射，改為當次攻擊力全額」",
   "#mc1 > div.ab「✦ 你的押命標落標時免標額損失，」損|失 [句子] ×3 「✦ 你的押命標落標時免標額損 ／ 失，買路錢照收」"
  ]
 },
 "spill": {
  "byVp": {
   "V1": "0/49 格紅（含例外 0）",
   "V2": "0/49 格紅（含例外 0）",
   "V3": "0/49 格紅（含例外 0）",
   "V4": "0/49 格紅（含例外 0）",
   "V5": "0/49 格紅（含例外 0）"
  },
  "items": 0,
  "list": []
 },
 "font": {
  "byVp": {
   "V1": "1/49 格紅（含例外 1）",
   "V2": "1/49 格紅（含例外 1）",
   "V3": "0/49 格紅（含例外 0）",
   "V4": "1/49 格紅（含例外 1）",
   "V5": "1/49 格紅（含例外 1）"
  },
  "items": 2,
  "list": [
   "#pwch-B > i.pwfac 9px ×19",
   "#pwch-A > i.pwfac 9px ×7"
  ]
 },
 "contrast": {
  "byVp": {
   "V1": "0/49 格紅（含例外 2）",
   "V2": "0/49 格紅（含例外 3）",
   "V3": "0/49 格紅（含例外 3）",
   "V4": "0/49 格紅（含例外 2）",
   "V5": "0/49 格紅（含例外 2）"
  },
  "items": 3,
  "list": [
   "#mainbtn [inactive] ×10 1.62/3",
   "#pwch-A > i.pwfac [transient] ×4 1.03/4.5",
   "#pwch-B > i.pwfac [transient] ×4 1.05/4.5"
  ]
 },
 "target": {
  "byVp": {
   "V1": "0/49 格紅（含例外 0）",
   "V2": "0/49 格紅（含例外 0）",
   "V3": "0/49 格紅（含例外 0）",
   "V4": "0/49 格紅（含例外 0）",
   "V5": "0/49 格紅（含例外 0）"
  },
  "items": 0,
  "list": []
 },
 "align": {
  "byVp": {
   "V1": "0/49 格紅（含例外 0）",
   "V2": "0/49 格紅（含例外 0）",
   "V3": "0/49 格紅（含例外 0）",
   "V4": "0/49 格紅（含例外 0）",
   "V5": "0/49 格紅（含例外 0）"
  },
  "items": 0,
  "list": []
 },
 "north": {
  "byVp": {
   "V1": "0/49 格紅（含例外 0）",
   "V2": "0/49 格紅（含例外 0）",
   "V3": "0/49 格紅（含例外 0）",
   "V4": "0/49 格紅（含例外 0）",
   "V5": "0/49 格紅（含例外 0）"
  },
  "items": 0,
  "list": []
 },
 "northOpen": {
  "openedCells": 155,
  "srcItemsChecked": 3600
 }
}
