[visual-polish] nw3|nw-menu 8.8s
[visual-polish] nw3|nw-intro 18.2s
[visual-polish] nw3|select 17.5s
[visual-polish] nw3|mark|n1 117.1s
[visual-polish] nw3|bid|n1 93.9s
[visual-polish] nw3|reveal 77.5s
[visual-polish] nw3|shrine|n1 61.7s
[visual-polish] nw3|shrine-run 1.3s
[visual-polish] nw3|reveal-result 28.9s
[visual-polish] nw3|duel 14.8s
[visual-polish] nw3|night-end|n1 33.0s
[visual-polish] nw3|mark|n2 81.8s
[visual-polish] nw3|bid|n2 89.3s
[visual-polish] nw3 done 713s
{
 "tag": "head-nw3",
 "cells": 55,
 "lost": [
  "nw3|shrine-run lost1",
  "nw3|duel lost1"
 ],
 "pageErrors": {
  "nw3": 0
 },
 "breaks": {
  "byVp": {
   "V1": "0/11 格紅（含例外 2）",
   "V2": "0/11 格紅（含例外 2）",
   "V3": "0/11 格紅（含例外 2）",
   "V4": "0/11 格紅（含例外 2）",
   "V5": "0/11 格紅（含例外 2）"
  },
  "items": 3,
  "list": [
   "#mc0 > div.ab「✦ 整夜未得標任何拍品時，夜末回」末|回 [句子] ×10 「✦ 整夜未得標任何拍品時，夜末 ／ 回 2 壽命」",
   "#mc1 > div.ab「✦ 壽命低於 15 時，本夜共鳴」效|果 [句子] ×2 「✦ 壽命低於 15 時，本夜共鳴效 ／ 果加倍」",
   "#mc3 > div.ab「第1拍：本方最高基礎攻擊紙紮，每」紙|紮 [句子] ×2 「第1拍：本方最高基礎攻擊紙 ／ 紮，每件攻擊 −2」"
  ]
 },
 "spill": {
  "byVp": {
   "V1": "0/11 格紅（含例外 0）",
   "V2": "0/11 格紅（含例外 0）",
   "V3": "0/11 格紅（含例外 0）",
   "V4": "0/11 格紅（含例外 0）",
   "V5": "0/11 格紅（含例外 0）"
  },
  "items": 0,
  "list": []
 },
 "font": {
  "byVp": {
   "V1": "0/11 格紅（含例外 0）",
   "V2": "0/11 格紅（含例外 0）",
   "V3": "0/11 格紅（含例外 0）",
   "V4": "0/11 格紅（含例外 0）",
   "V5": "0/11 格紅（含例外 0）"
  },
  "items": 0,
  "list": []
 },
 "contrast": {
  "byVp": {
   "V1": "0/11 格紅（含例外 0）",
   "V2": "0/11 格紅（含例外 0）",
   "V3": "0/11 格紅（含例外 0）",
   "V4": "0/11 格紅（含例外 0）",
   "V5": "0/11 格紅（含例外 0）"
  },
  "items": 0,
  "list": []
 },
 "target": {
  "byVp": {
   "V1": "0/11 格紅（含例外 0）",
   "V2": "0/11 格紅（含例外 0）",
   "V3": "0/11 格紅（含例外 0）",
   "V4": "0/11 格紅（含例外 0）",
   "V5": "0/11 格紅（含例外 0）"
  },
  "items": 0,
  "list": []
 },
 "align": {
  "byVp": {
   "V1": "0/11 格紅（含例外 0）",
   "V2": "0/11 格紅（含例外 0）",
   "V3": "0/11 格紅（含例外 0）",
   "V4": "0/11 格紅（含例外 0）",
   "V5": "0/11 格紅（含例外 0）"
  },
  "items": 0,
  "list": []
 },
 "north": {
  "byVp": {
   "V1": "0/11 格紅（含例外 0）",
   "V2": "0/11 格紅（含例外 0）",
   "V3": "0/11 格紅（含例外 0）",
   "V4": "0/11 格紅（含例外 0）",
   "V5": "0/11 格紅（含例外 0）"
  },
  "items": 0,
  "list": []
 },
 "northOpen": {
  "openedCells": 30,
  "srcItemsChecked": 625
 }
}
