[visual-polish] nw1|nw-menu 18.1s
[visual-polish] nw1|nw-intro 16.0s
[visual-polish] nw1|select 22.6s
[visual-polish] nw1|mark|n1 120.3s
[visual-polish] nw1|bid|n1 107.7s
[visual-polish] nw1|reveal 102.8s
[visual-polish] nw1|shrine|n1 56.9s
[visual-polish] nw1|shrine-run 1.0s
[visual-polish] nw1|reveal-result 27.4s
[visual-polish] nw1|duel 30.2s
[visual-polish] nw1|night-end|n1 32.0s
[visual-polish] nw1|mark|n2 83.8s
[visual-polish] nw1|bid|n2 80.3s
[visual-polish] nw1|shrine|n2 63.2s
[visual-polish] nw1|shrine-run 0.7s
[visual-polish] nw1|duel 41.6s
[visual-polish] nw1|night-end|n2 24.6s
[visual-polish] nw1|mark|n3 48.7s
[visual-polish] nw1|bid|n3 36.7s
[visual-polish] nw1|shrine|n3 50.0s
[visual-polish] nw1|shrine-run 3.2s
[visual-polish] nw1|duel 52.4s
[visual-polish] nw1|event|n4 21.8s
[visual-polish] nw1|event-result|n4 25.5s
[visual-polish] nw1|mark|n4 55.4s
[visual-polish] nw1|bid|n4 56.7s
[visual-polish] nw1|shrine|n4 54.2s
[visual-polish] nw1|shrine-run 1.5s
[visual-polish] nw1|duel 42.5s
[visual-polish] nw1|night-end|n4 28.3s
[visual-polish] nw1|mark|n5 63.5s
[visual-polish] nw1|bid|n5 57.0s
[visual-polish] nw1|shrine|n5 44.4s
[visual-polish] nw1|shrine-run 1.1s
[visual-polish] nw1|duel 22.1s
[visual-polish] nw1|mark|n6 46.5s
[visual-polish] nw1|bid|n6 48.1s
[visual-polish] nw1|shrine|n6 41.3s
[visual-polish] nw1|night-end|n6 27.9s
[visual-polish] nw1|mark|n7 60.9s
[visual-polish] nw1|bid|n7 77.2s
[visual-polish] nw1|shrine|n7 61.5s
[visual-polish] nw1|shrine-run 0.9s
[visual-polish] nw1|night-end|n7 32.9s
[visual-polish] nw1|event|n8 23.7s
[visual-polish] nw1|event-result|n8 26.5s
[visual-polish] nw1|mark|n8 51.1s
[visual-polish] nw1|bid|n8 47.4s
[visual-polish] nw1|shrine|n8 40.9s
[visual-polish] nw1|shrine-run 0.9s
[visual-polish] nw1|mark|n9 48.9s
[visual-polish] nw1|bid|n9 59.2s
[visual-polish] nw1|shrine|n9 34.7s
[visual-polish] nw1|night-end|n9 24.7s
[visual-polish] nw1|mark|n10 72.9s
[visual-polish] nw1|bid|n10 60.7s
[visual-polish] nw1|shrine|n10 61.7s
[visual-polish] nw1|night-end|n10 33.2s
[visual-polish] nw1|event|n11 36.2s
[visual-polish] nw1|event-result|n11 35.2s
[visual-polish] nw1|mark|n11 69.2s
[visual-polish] nw1|bid|n11 72.0s
[visual-polish] nw1|shrine|n11 43.0s
[visual-polish] nw1|shrine-run 1.2s
[visual-polish] nw1|night-end|n11 22.2s
[visual-polish] nw1|mark|n12 40.1s
[visual-polish] nw1|bid|n12 36.3s
[visual-polish] nw1|shrine|n12 29.6s
[visual-polish] nw1|end 8.8s
[visual-polish] nw1|nw-scroll 9.0s
[visual-polish] nw1 done 3273s
{
 "tag": "head-nw1",
 "cells": 290,
 "lost": [
  "nw1|shrine-run lost8",
  "nw1|duel lost4"
 ],
 "pageErrors": {
  "nw1": 0
 },
 "breaks": {
  "byVp": {
   "V1": "0/58 格紅（含例外 19）",
   "V2": "0/58 格紅（含例外 19）",
   "V3": "0/58 格紅（含例外 19）",
   "V4": "0/58 格紅（含例外 19）",
   "V5": "0/58 格紅（含例外 34）"
  },
  "items": 20,
  "list": [
   "#mc0 > div.ab「夜戰：本隊攻擊無視送王船的傷害吸」傷|害 [句子] ×20 「夜戰：本隊攻擊無視送王船的傷 ／ 害吸收」",
   "#mc2 > div.ab「第1拍：本方最高基礎攻擊紙紮，每」紙|紮 [句子] ×15 「第1拍：本方最高基礎攻擊紙 ／ 紮，每件攻擊 −2」",
   "#mc0 > div.ab「✦ 你的毒標比價時視為 +2（實」實|付 [句子] ×15 「✦ 你的毒標比價時視為 +2（實 ／ 付不變）」",
   "#mc0 > div.ab「每戰首次折損：牽連另一隻紙紮，每」紙|紮 [句子] ×15 「每戰首次折損：牽連另一隻紙 ／ 紮，每件傷害 1」",
   "#mc0 > div.ab「✦ 壽命低於 15 時，本夜共鳴」效|果 [句子] ×15 「✦ 壽命低於 15 時，本夜共鳴效 ／ 果加倍」",
   "#mc0 > div.ab「✦ 整夜未得標任何拍品時，夜末回」末|回 [句子] ×15 「✦ 整夜未得標任何拍品時，夜末 ／ 回 2 壽命」",
   "#mc1 > div.ab「夜戰：本隊精英的第二目標濺射，改」濺|射 [句子] ×4 「夜戰：本隊精英的第二目標濺 ／ 射，改為當次攻擊力全額」",
   "#mc3 > div.ab「每戰首次折損：牽連另一隻紙紮，每」紙|紮 [句子] ×3 「每戰首次折損：牽連另一隻紙 ／ 紮，每件傷害 1」",
   "#mc1 > div.ab「✦ 戰敗時少失 2 壽命，最低仍」失|1 [句子] ×3 「✦ 戰敗時少失 2 壽命，最低仍失 ／ 1」",
   "#mc1 > div.ab「夜戰：本隊只剩 1 隻存活紙紮時」紮|時 [句子] ×3 「夜戰：本隊只剩 1 隻存活紙紮 ／ 時，該隻每次攻擊 +1」",
   "#mc1 > div.ab「✦ 被毒標塞中時，下手的人失 2」2|壽 [句子] ×3 「✦ 被毒標塞中時，下手的人失 2 ／ 壽命」",
   "#mc1 > div.ab「✦ 你的押命標落標時免標額損失，」損|失 [句子] ×3 「✦ 你的押命標落標時免標額損 ／ 失，買路錢照收」",
   "#mc1 > div.ab「✦ 壽命低於 15 時，本夜共鳴」效|果 [句子] ×3 「✦ 壽命低於 15 時，本夜共鳴效 ／ 果加倍」",
   "#mc3 > div.ab「第1拍：本方最高基礎攻擊紙紮，每」紙|紮 [句子] ×3 「第1拍：本方最高基礎攻擊紙 ／ 紮，每件攻擊 −2」",
   "#mc1 > div.ab「✦ 壽命 30 以上時，共鳴加成」額|外 [句子] ×3 「✦ 壽命 30 以上時，共鳴加成額 ／ 外 +50%」",
   "#mc3 > div.ab「✦ 你的押命標落標時免標額損失，」損|失 [句子] ×3 「✦ 你的押命標落標時免標額損 ／ 失，買路錢照收」",
   "#mc3 > div.ab「✦ 壽命 30 以上時，共鳴加成」額|外 [句子] ×3 「✦ 壽命 30 以上時，共鳴加成額 ／ 外 +50%」",
   "#mc1 > div.ab「✦ 整夜未得標任何拍品時，夜末回」末|回 [句子] ×3 「✦ 整夜未得標任何拍品時，夜末 ／ 回 2 壽命」",
   "#mc3 > div.ab「夜戰：本隊精英的第二目標濺射，改」濺|射 [句子] ×3 「夜戰：本隊精英的第二目標濺 ／ 射，改為當次攻擊力全額」",
   "#mc3 > div.ab「🚫 本夜不開標・每夜末：每件失」件|失 [句子] ×2 「🚫 本夜不開標・每夜末：每件 ／ 失 1 壽命」"
  ]
 },
 "spill": {
  "byVp": {
   "V1": "0/58 格紅（含例外 0）",
   "V2": "0/58 格紅（含例外 0）",
   "V3": "0/58 格紅（含例外 0）",
   "V4": "0/58 格紅（含例外 0）",
   "V5": "0/58 格紅（含例外 0）"
  },
  "items": 0,
  "list": []
 },
 "font": {
  "byVp": {
   "V1": "1/58 格紅（含例外 1）",
   "V2": "1/58 格紅（含例外 1）",
   "V3": "1/58 格紅（含例外 1）",
   "V4": "1/58 格紅（含例外 1）",
   "V5": "1/58 格紅（含例外 1）"
  },
  "items": 2,
  "list": [
   "#pwch-B > i.pwfac 9px ×11",
   "#pwch-A > i.pwfac 9px ×5"
  ]
 },
 "contrast": {
  "byVp": {
   "V1": "0/58 格紅（含例外 4）",
   "V2": "0/58 格紅（含例外 4）",
   "V3": "0/58 格紅（含例外 4）",
   "V4": "0/58 格紅（含例外 4）",
   "V5": "0/58 格紅（含例外 4）"
  },
  "items": 3,
  "list": [
   "#mainbtn [inactive] ×15 1.62/3",
   "#pwch-A > i.pwfac [transient] ×8 1/4.5",
   "#pwch-B > i.pwfac [transient] ×7 1/4.5"
  ]
 },
 "target": {
  "byVp": {
   "V1": "0/58 格紅（含例外 0）",
   "V2": "0/58 格紅（含例外 0）",
   "V3": "0/58 格紅（含例外 0）",
   "V4": "0/58 格紅（含例外 0）",
   "V5": "0/58 格紅（含例外 0）"
  },
  "items": 0,
  "list": []
 },
 "align": {
  "byVp": {
   "V1": "0/58 格紅（含例外 0）",
   "V2": "0/58 格紅（含例外 0）",
   "V3": "0/58 格紅（含例外 0）",
   "V4": "0/58 格紅（含例外 0）",
   "V5": "0/58 格紅（含例外 0）"
  },
  "items": 0,
  "list": []
 },
 "north": {
  "byVp": {
   "V1": "0/58 格紅（含例外 0）",
   "V2": "0/58 格紅（含例外 0）",
   "V3": "0/58 格紅（含例外 0）",
   "V4": "0/58 格紅（含例外 0）",
   "V5": "0/58 格紅（含例外 0）"
  },
  "items": 0,
  "list": []
 },
 "northOpen": {
  "openedCells": 185,
  "srcItemsChecked": 4540
 }
}
