[visual-polish] hot|title 18.0s
[visual-polish] hot|select 20.5s
[visual-polish] hot|handoff 14.4s
[visual-polish] hot|mark|n1 102.7s
[visual-polish] hot|bid|n1 80.5s
[visual-polish] hot|reveal 75.9s
[visual-polish] hot|shrine|n1 59.7s
[visual-polish] hot|shrine-run 1.4s
[visual-polish] hot|reveal-result 33.5s
[visual-polish] hot|duel 17.2s
[visual-polish] hot|mark|n2 54.8s
[visual-polish] hot|bid|n2 65.0s
[visual-polish] hot|shrine|n2 49.4s
[visual-polish] hot|duel 21.3s
[visual-polish] hot|night-end|n2 22.4s
[visual-polish] hot|mark|n3 36.5s
[visual-polish] hot|bid|n3 43.1s
[visual-polish] hot|shrine|n3 41.2s
[visual-polish] hot|shrine-run 0.8s
[visual-polish] hot|duel 11.9s
[visual-polish] hot|night-end|n3 26.0s
[visual-polish] hot|event|n4 19.0s
[visual-polish] hot|event-result|n4 14.9s
[visual-polish] hot|mark|n4 49.1s
[visual-polish] hot|bid|n4 49.1s
[visual-polish] hot|shrine|n4 42.1s
[visual-polish] hot|shrine-run 1.0s
[visual-polish] hot|duel 10.8s
[visual-polish] hot|night-end|n4 27.7s
[visual-polish] hot|mark|n5 53.9s
[visual-polish] hot|bid|n5 51.5s
[visual-polish] hot|shrine|n5 45.3s
[visual-polish] hot|shrine-run 0.9s
[visual-polish] hot|duel 28.2s
[visual-polish] hot|night-end|n5 34.5s
[visual-polish] hot|mark|n6 74.8s
[visual-polish] hot|bid|n6 70.1s
[visual-polish] hot|shrine|n6 37.9s
[visual-polish] hot|duel 15.6s
[visual-polish] hot|night-end|n6 19.5s
[visual-polish] hot|mark|n7 44.2s
[visual-polish] hot|bid|n7 48.3s
[visual-polish] hot|shrine|n7 37.7s
[visual-polish] hot|shrine-run 1.3s
[visual-polish] hot|duel 14.5s
[visual-polish] hot|night-end|n7 42.5s
[visual-polish] hot|event|n8 21.5s
[visual-polish] hot|event-result|n8 21.1s
[visual-polish] hot|mark|n8 56.1s
[visual-polish] hot|bid|n8 63.0s
[visual-polish] hot|shrine|n8 54.9s
[visual-polish] hot|shrine-run 0.9s
[visual-polish] hot|mark|n9 65.3s
[visual-polish] hot|bid|n9 65.7s
[visual-polish] hot|shrine|n9 50.3s
[visual-polish] hot|night-end|n9 81.2s
[visual-polish] hot|mark|n10 47.7s
[visual-polish] hot|bid|n10 49.3s
[visual-polish] hot|shrine|n10 45.8s
[visual-polish] hot|event|n11 32.4s
[visual-polish] hot|event-result|n11 27.5s
[visual-polish] hot|mark|n11 56.9s
[visual-polish] hot|bid|n11 60.1s
[visual-polish] hot|shrine|n11 50.3s
[visual-polish] hot|night-end|n11 42.7s
[visual-polish] hot|mark|n12 50.0s
[visual-polish] hot|bid|n12 44.4s
[visual-polish] hot|shrine|n12 45.1s
[visual-polish] hot|night-end|n12 24.2s
[visual-polish] hot|end 15.5s
[visual-polish] hot|review 12.6s
[visual-polish] hot done 3068s
{
 "tag": "head-hot",
 "cells": 295,
 "lost": [
  "hot|shrine-run lost6",
  "hot|duel lost6"
 ],
 "pageErrors": {
  "hot": 0
 },
 "breaks": {
  "byVp": {
   "V1": "0/59 格紅（含例外 28）",
   "V2": "0/59 格紅（含例外 28）",
   "V3": "0/59 格紅（含例外 28）",
   "V4": "0/59 格紅（含例外 28）",
   "V5": "0/59 格紅（含例外 34）"
  },
  "items": 17,
  "list": [
   "#mc0 > div.ab「夜戰：本隊攻擊無視送王船的傷害吸」傷|害 [句子] ×30 「夜戰：本隊攻擊無視送王船的傷 ／ 害吸收」",
   "#mc2 > div.ab「✦ 壽命低於 15 時，本夜共鳴」效|果 [句子] ×30 「✦ 壽命低於 15 時，本夜共鳴效 ／ 果加倍」",
   "#mc0 > div.ab「✦ 壽命 30 以上時，共鳴加成」額|外 [句子] ×20 「✦ 壽命 30 以上時，共鳴加成額 ／ 外 +50%」",
   "#mc2 > div.ab「每戰首次折損：牽連另一隻紙紮，每」紙|紮 [句子] ×15 「每戰首次折損：牽連另一隻紙 ／ 紮，每件傷害 1」",
   "#mc2 > div.ab「第1拍：本方最高基礎攻擊紙紮，每」紙|紮 [句子] ×15 「第1拍：本方最高基礎攻擊紙 ／ 紮，每件攻擊 −2」",
   "#mc0 > div.ab「✦ 你的毒標比價時視為 +2（實」實|付 [句子] ×15 「✦ 你的毒標比價時視為 +2（實 ／ 付不變）」",
   "#mc2 > div.ab「✦ 壽命 30 以上時，共鳴加成」額|外 [句子] ×15 「✦ 壽命 30 以上時，共鳴加成額 ／ 外 +50%」",
   "#mc0 > div.ab「✦ 戰敗時少失 2 壽命，最低仍」失|1 [句子] ×15 「✦ 戰敗時少失 2 壽命，最低仍失 ／ 1」",
   "#mc0 > div.ab「🚫 本夜不開標・每夜末：每件失」件|失 [句子] ×10 「🚫 本夜不開標・每夜末：每件 ／ 失 1 壽命」",
   "#mc3 > div.ab「✦ 戰敗時少失 2 壽命，最低仍」失|1 [句子] ×4 「✦ 戰敗時少失 2 壽命，最低仍失 ／ 1」",
   "#mc3 > div.ab「第1拍：本方最高基礎攻擊紙紮，每」紙|紮 [句子] ×3 「第1拍：本方最高基礎攻擊紙 ／ 紮，每件攻擊 −2」",
   "#mc3 > div.ab「每戰首次折損：牽連另一隻紙紮，每」紙|紮 [句子] ×3 「每戰首次折損：牽連另一隻紙 ／ 紮，每件傷害 1」",
   "#mc1 > div.ab「✦ 整夜未得標任何拍品時，夜末回」末|回 [句子] ×3 「✦ 整夜未得標任何拍品時，夜末 ／ 回 2 壽命」",
   "#mc1 > div.ab「✦ 你的押命標落標時免標額損失，」損|失 [句子] ×3 「✦ 你的押命標落標時免標額損 ／ 失，買路錢照收」",
   "#mc1 > div.ab「夜戰：本隊只剩 1 隻存活紙紮時」紮|時 [句子] ×3 「夜戰：本隊只剩 1 隻存活紙紮 ／ 時，該隻每次攻擊 +1」",
   "#mc3 > div.ab「夜戰：本隊只剩 1 隻存活紙紮時」紮|時 [句子] ×3 「夜戰：本隊只剩 1 隻存活紙紮 ／ 時，該隻每次攻擊 +1」",
   "#mc3 > div.ab「✦ 你的押命標落標時免標額損失，」損|失 [句子] ×3 「✦ 你的押命標落標時免標額損 ／ 失，買路錢照收」"
  ]
 },
 "spill": {
  "byVp": {
   "V1": "0/59 格紅（含例外 0）",
   "V2": "0/59 格紅（含例外 0）",
   "V3": "0/59 格紅（含例外 0）",
   "V4": "0/59 格紅（含例外 0）",
   "V5": "0/59 格紅（含例外 0）"
  },
  "items": 0,
  "list": []
 },
 "font": {
  "byVp": {
   "V1": "1/59 格紅（含例外 1）",
   "V2": "1/59 格紅（含例外 1）",
   "V3": "1/59 格紅（含例外 1）",
   "V4": "1/59 格紅（含例外 1）",
   "V5": "1/59 格紅（含例外 1）"
  },
  "items": 2,
  "list": [
   "#pwch-B > i.pwfac 9px ×12",
   "#pwch-A > i.pwfac 9px ×5"
  ]
 },
 "contrast": {
  "byVp": {
   "V1": "0/59 格紅（含例外 4）",
   "V2": "0/59 格紅（含例外 4）",
   "V3": "0/59 格紅（含例外 4）",
   "V4": "0/59 格紅（含例外 3）",
   "V5": "0/59 格紅（含例外 4）"
  },
  "items": 3,
  "list": [
   "#mainbtn [inactive] ×15 1.62/3",
   "#pwch-B > i.pwfac [transient] ×5 1.04/4.5",
   "#pwch-A > i.pwfac [transient] ×3 1.03/4.5"
  ]
 },
 "target": {
  "byVp": {
   "V1": "0/59 格紅（含例外 0）",
   "V2": "0/59 格紅（含例外 0）",
   "V3": "0/59 格紅（含例外 0）",
   "V4": "0/59 格紅（含例外 0）",
   "V5": "0/59 格紅（含例外 0）"
  },
  "items": 0,
  "list": []
 },
 "align": {
  "byVp": {
   "V1": "0/59 格紅（含例外 0）",
   "V2": "0/59 格紅（含例外 0）",
   "V3": "0/59 格紅（含例外 0）",
   "V4": "0/59 格紅（含例外 0）",
   "V5": "0/59 格紅（含例外 0）"
  },
  "items": 0,
  "list": []
 },
 "north": {
  "byVp": {
   "V1": "0/59 格紅（含例外 0）",
   "V2": "0/59 格紅（含例外 0）",
   "V3": "0/59 格紅（含例外 0）",
   "V4": "0/59 格紅（含例外 0）",
   "V5": "0/59 格紅（含例外 0）"
  },
  "items": 0,
  "list": []
 },
 "northOpen": {
  "openedCells": 185,
  "srcItemsChecked": 4525
 }
}
