{"tag":"base-c1e7","clock":{"clock0":"10000000","start":10000000,"perfAtStart":3988},"frames":190,"framesWithHands":164,"errs":[]}
{"tag":"off-c1e7-r1","clock":{"clock0":"10000000","start":10000000,"perfAtStart":3566.5},"frames":190,"framesWithHands":164,"errs":[]}
{"tag":"off-c1e7-r2","clock":{"clock0":"10000000","start":10000000,"perfAtStart":3494.5999999996275},"frames":190,"framesWithHands":164,"errs":[]}
{"tag":"off-c1e7-r3","clock":{"clock0":"10000000","start":10000000,"perfAtStart":3918.5},"frames":190,"framesWithHands":164,"errs":[]}
{"tag":"on-c1e7","clock":{"clock0":"10000000","start":10000000,"perfAtStart":3856.9000000003725},"frames":190,"framesWithHands":164,"errs":[]}
{"tag":"base-c4000","clock":{"clock0":"4000","start":4000,"perfAtStart":3774.2000000001863},"frames":190,"framesWithHands":164,"errs":["console: Failed to load resource: the server responded with a status of 404 (File not found)","console: Failed to load resource: the server responded with a status of 404 (File not found)","console: Failed to load resource: the server responded with a status of 404 (File not found)","console: Failed to load resource: the server responded with a status of 404 (File not found)","console: Failed to load resource: the server responded with a status of 404 (File not found)"]}
{"tag":"off-c4000","clock":{"clock0":"4000","start":4000,"perfAtStart":3338.7999999998137},"frames":190,"framesWithHands":164,"errs":["console: Failed to load resource: the server responded with a status of 404 (File not found)","console: Failed to load resource: the server responded with a status of 404 (File not found)","console: Failed to load resource: the server responded with a status of 404 (File not found)","console: Failed to load resource: the server responded with a status of 404 (File not found)","console: Failed to load resource: the server responded with a status of 404 (File not found)"]}
{"tag":"base-real0","clock":{"clock0":"10000000","start":10000000,"perfAtStart":3876.2000000001863},"frames":190,"framesWithHands":164,"errs":[]}
{"tag":"new-real0","clock":{"clock0":"10000000","start":10000000,"perfAtStart":3460.5999999996275},"frames":190,"framesWithHands":164,"errs":[]}
eq-done
{"errs":[]}
{"errs":[]}
occl 1 0
occl 2 0
occl 3 0
occl 4 0
occl 5 0
grab 0
{"errs":[]}
all-done
