{
 "kinds": [
  {
   "rnd": 624,
   "n": "cWS-wedding",
   "p2c": false,
   "pusher": 2
  },
  {
   "rnd": 567,
   "n": "cES-wedding",
   "p2c": true,
   "pusher": 3
  },
  {
   "rnd": 584,
   "n": "cNW-wedding",
   "p2c": true,
   "pusher": 1
  },
  {
   "rnd": 566,
   "n": "cNE-wedding",
   "p2c": true,
   "pusher": 1
  },
  {
   "rnd": 580,
   "n": "cWS-guava",
   "p2c": true,
   "pusher": 2
  },
  {
   "rnd": 602,
   "n": "cES-guava",
   "p2c": true,
   "pusher": 3
  },
  {
   "rnd": 615,
   "n": "cNW-guava",
   "p2c": true,
   "pusher": 1
  },
  {
   "rnd": 606,
   "n": "cNE-guava",
   "p2c": true,
   "pusher": 1
  },
  {
   "rnd": 568,
   "n": "cWS-water",
   "p2c": false,
   "pusher": 2
  },
  {
   "rnd": 597,
   "n": "cES-water",
   "p2c": true,
   "pusher": 3
  },
  {
   "rnd": 597,
   "n": "cNW-water",
   "p2c": true,
   "pusher": 1
  },
  {
   "rnd": 608,
   "n": "cNE-water",
   "p2c": true,
   "pusher": 1
  },
  {
   "rnd": 600,
   "n": "cWS-lock",
   "p2c": false,
   "pusher": 2
  },
  {
   "rnd": 598,
   "n": "cES-lock",
   "p2c": true,
   "pusher": 3
  },
  {
   "rnd": 594,
   "n": "cNW-lock",
   "p2c": true,
   "pusher": 1
  },
  {
   "rnd": 576,
   "n": "cNE-lock",
   "p2c": true,
   "pusher": 1
  },
  {
   "rnd": 607,
   "n": "cWS-tiger",
   "p2c": true,
   "pusher": 2
  },
  {
   "rnd": 576,
   "n": "cES-tiger",
   "p2c": true,
   "pusher": 3
  },
  {
   "rnd": 593,
   "n": "cNW-tiger",
   "p2c": true,
   "pusher": 1
  },
  {
   "rnd": 585,
   "n": "cNE-tiger",
   "p2c": true,
   "pusher": 1
  }
 ]
}
