{
 "slow": [
  {
   "rnd": 647,
   "n": "cSN",
   "p2c": false,
   "pusher": 0
  },
  {
   "rnd": 663,
   "n": "cSW",
   "p2c": false,
   "pusher": 0
  },
  {
   "rnd": 612,
   "n": "cSE",
   "p2c": false,
   "pusher": 0
  },
  {
   "rnd": 573,
   "n": "cNS",
   "p2c": false,
   "pusher": 1
  },
  {
   "rnd": 612,
   "n": "cNW",
   "p2c": false,
   "pusher": 1
  },
  {
   "rnd": 625,
   "n": "cNE",
   "p2c": false,
   "pusher": 1
  },
  {
   "rnd": 597,
   "n": "cWS",
   "p2c": false,
   "pusher": 2
  },
  {
   "rnd": 635,
   "n": "cWN",
   "p2c": false,
   "pusher": 2
  },
  {
   "rnd": 623,
   "n": "cWE",
   "p2c": false,
   "pusher": 2
  },
  {
   "rnd": 608,
   "n": "cES",
   "p2c": false,
   "pusher": 3
  },
  {
   "rnd": 618,
   "n": "cEN",
   "p2c": false,
   "pusher": 3
  },
  {
   "rnd": 613,
   "n": "cEW",
   "p2c": false,
   "pusher": 3
  },
  {
   "rnd": 584,
   "n": "cSW0",
   "p2c": false,
   "pusher": 0
  },
  {
   "rnd": 630,
   "n": "cSW1",
   "p2c": false,
   "pusher": 0
  },
  {
   "rnd": 619,
   "n": "cSW3",
   "p2c": false,
   "pusher": 0
  }
 ]
}
