{
 "slow": [
  {
   "rnd": 649,
   "n": "cSN",
   "p2c": false,
   "pusher": 0
  },
  {
   "rnd": 632,
   "n": "cSW",
   "p2c": false,
   "pusher": 0
  },
  {
   "rnd": 629,
   "n": "cSE",
   "p2c": false,
   "pusher": 0
  },
  {
   "rnd": 592,
   "n": "cNS",
   "p2c": true,
   "pusher": 1
  },
  {
   "rnd": 644,
   "n": "cNW",
   "p2c": true,
   "pusher": 1
  },
  {
   "rnd": 604,
   "n": "cNE",
   "p2c": true,
   "pusher": 1
  },
  {
   "rnd": 625,
   "n": "cWS",
   "p2c": false,
   "pusher": 2
  },
  {
   "rnd": 625,
   "n": "cWN",
   "p2c": false,
   "pusher": 2
  },
  {
   "rnd": 632,
   "n": "cWE",
   "p2c": true,
   "pusher": 2
  },
  {
   "rnd": 608,
   "n": "cES",
   "p2c": true,
   "pusher": 3
  },
  {
   "rnd": 593,
   "n": "cEN",
   "p2c": false,
   "pusher": 3
  },
  {
   "rnd": 621,
   "n": "cEW",
   "p2c": false,
   "pusher": 3
  },
  {
   "rnd": 582,
   "n": "cSW0",
   "p2c": false,
   "pusher": 0
  },
  {
   "rnd": 574,
   "n": "cSW1",
   "p2c": false,
   "pusher": 0
  },
  {
   "rnd": 618,
   "n": "cSW3",
   "p2c": false,
   "pusher": 0
  }
 ]
}
