{
 "slow": [
  {
   "rnd": 647,
   "n": "cSN",
   "p2c": false,
   "pusher": 0
  },
  {
   "rnd": 673,
   "n": "cSW",
   "p2c": false,
   "pusher": 0
  },
  {
   "rnd": 615,
   "n": "cSE",
   "p2c": false,
   "pusher": 0
  },
  {
   "rnd": 605,
   "n": "cNS",
   "p2c": true,
   "pusher": 1
  },
  {
   "rnd": 598,
   "n": "cNW",
   "p2c": false,
   "pusher": 1
  },
  {
   "rnd": 587,
   "n": "cNE",
   "p2c": true,
   "pusher": 1
  },
  {
   "rnd": 582,
   "n": "cWS",
   "p2c": false,
   "pusher": 2
  },
  {
   "rnd": 613,
   "n": "cWN",
   "p2c": false,
   "pusher": 2
  },
  {
   "rnd": 598,
   "n": "cWE",
   "p2c": false,
   "pusher": 2
  },
  {
   "rnd": 602,
   "n": "cES",
   "p2c": false,
   "pusher": 3
  },
  {
   "rnd": 628,
   "n": "cEN",
   "p2c": false,
   "pusher": 3
  },
  {
   "rnd": 622,
   "n": "cEW",
   "p2c": false,
   "pusher": 3
  },
  {
   "rnd": 592,
   "n": "cSW0",
   "p2c": false,
   "pusher": 0
  },
  {
   "rnd": 650,
   "n": "cSW1",
   "p2c": false,
   "pusher": 0
  },
  {
   "rnd": 603,
   "n": "cSW3",
   "p2c": false,
   "pusher": 0
  }
 ]
}
