CURSE_MS=0 c2/c34 紅 15/15 c19 紅 15/15
  cSN landed null cfg 0 c2 紅 card {"cardMs":1350,"landedMs":null,"ok":false} c19 紅
  cSW landed null cfg 0 c2 紅 card {"cardMs":1350,"landedMs":null,"ok":false} c19 紅
  cSE landed null cfg 0 c2 紅 card {"cardMs":1350,"landedMs":null,"ok":false} c19 紅
  cNS landed null cfg 0 c2 紅 card {"cardMs":1350,"landedMs":null,"ok":false} c19 紅
  cNW landed null cfg 0 c2 紅 card {"cardMs":1350,"landedMs":null,"ok":false} c19 紅
  cNE landed null cfg 0 c2 紅 card {"cardMs":1350,"landedMs":null,"ok":false} c19 紅
  cWS landed null cfg 0 c2 紅 card {"cardMs":1350,"landedMs":null,"ok":false} c19 紅
  cWN landed null cfg 0 c2 紅 card {"cardMs":1350,"landedMs":null,"ok":false} c19 紅
  cWE landed null cfg 0 c2 紅 card {"cardMs":1350,"landedMs":null,"ok":false} c19 紅
  cES landed null cfg 0 c2 紅 card {"cardMs":1350,"landedMs":null,"ok":false} c19 紅
  cEN landed null cfg 0 c2 紅 card {"cardMs":1350,"landedMs":null,"ok":false} c19 紅
  cEW landed null cfg 0 c2 紅 card {"cardMs":1350,"landedMs":null,"ok":false} c19 紅
  cSW0 landed null cfg 0 c2 紅 card {"cardMs":1350,"landedMs":null,"ok":false} c19 紅
  cSW1 landed null cfg 0 c2 紅 card {"cardMs":1350,"landedMs":null,"ok":false} c19 紅
  cSW3 landed null cfg 0 c2 紅 card {"cardMs":1350,"landedMs":null,"ok":false} c19 紅
CURSE_MS=1500 c2/c34 紅 0/15 c19 紅 0/15
  cSN landed 1517 cfg 1500 c2 過 card {"cardMs":2117,"landedMs":1517,"ok":true} c19 過
  cSW landed 1517 cfg 1500 c2 過 card {"cardMs":2117,"landedMs":1517,"ok":true} c19 過
  cSE landed 1517 cfg 1500 c2 過 card {"cardMs":2117,"landedMs":1517,"ok":true} c19 過
  cNS landed 1500 cfg 1500 c2 過 card {"cardMs":2117,"landedMs":1500,"ok":true} c19 過
  cNW landed 1517 cfg 1500 c2 過 card {"cardMs":2117,"landedMs":1517,"ok":true} c19 過
  cNE landed 1517 cfg 1500 c2 過 card {"cardMs":2117,"landedMs":1517,"ok":true} c19 過
  cWS landed 1517 cfg 1500 c2 過 card {"cardMs":2117,"landedMs":1517,"ok":true} c19 過
  cWN landed 1517 cfg 1500 c2 過 card {"cardMs":2117,"landedMs":1517,"ok":true} c19 過
  cWE landed 1517 cfg 1500 c2 過 card {"cardMs":2117,"landedMs":1517,"ok":true} c19 過
  cES landed 1517 cfg 1500 c2 過 card {"cardMs":2117,"landedMs":1517,"ok":true} c19 過
  cEN landed 1517 cfg 1500 c2 過 card {"cardMs":2117,"landedMs":1517,"ok":true} c19 過
  cEW landed 1517 cfg 1500 c2 過 card {"cardMs":2117,"landedMs":1517,"ok":true} c19 過
  cSW0 landed 1517 cfg 1500 c2 過 card {"cardMs":2117,"landedMs":1517,"ok":true} c19 過
  cSW1 landed 1517 cfg 1500 c2 過 card {"cardMs":2117,"landedMs":1517,"ok":true} c19 過
  cSW3 landed 1517 cfg 1500 c2 過 card {"cardMs":2117,"landedMs":1517,"ok":true} c19 過
CURSE_MS=2000 c2/c34 紅 0/15 c19 紅 0/15
  cSN landed 1967 cfg 2000 c2 過 card {"cardMs":2800,"landedMs":1967,"ok":true} c19 過
  cSW landed 1967 cfg 2000 c2 過 card {"cardMs":2800,"landedMs":1967,"ok":true} c19 過
  cSE landed 1967 cfg 2000 c2 過 card {"cardMs":2800,"landedMs":1967,"ok":true} c19 過
  cNS landed 2000 cfg 2000 c2 過 card {"cardMs":2800,"landedMs":2000,"ok":true} c19 過
  cNW landed 1967 cfg 2000 c2 過 card {"cardMs":2800,"landedMs":1967,"ok":true} c19 過
  cNE landed 1967 cfg 2000 c2 過 card {"cardMs":2800,"landedMs":1967,"ok":true} c19 過
  cWS landed 1967 cfg 2000 c2 過 card {"cardMs":2800,"landedMs":1967,"ok":true} c19 過
  cWN landed 1967 cfg 2000 c2 過 card {"cardMs":2800,"landedMs":1967,"ok":true} c19 過
  cWE landed 1967 cfg 2000 c2 過 card {"cardMs":2800,"landedMs":1967,"ok":true} c19 過
  cES landed 1967 cfg 2000 c2 過 card {"cardMs":2800,"landedMs":1967,"ok":true} c19 過
  cEN landed 1967 cfg 2000 c2 過 card {"cardMs":2800,"landedMs":1967,"ok":true} c19 過
  cEW landed 1967 cfg 2000 c2 過 card {"cardMs":2800,"landedMs":1967,"ok":true} c19 過
  cSW0 landed 1967 cfg 2000 c2 過 card {"cardMs":2800,"landedMs":1967,"ok":true} c19 過
  cSW1 landed 1967 cfg 2000 c2 過 card {"cardMs":2800,"landedMs":1967,"ok":true} c19 過
  cSW3 landed 1967 cfg 2000 c2 過 card {"cardMs":2800,"landedMs":1967,"ok":true} c19 過
CURSE_MS=2600 c2/c34 紅 0/15 c19 紅 0/15
  cSN landed 2550 cfg 2600 c2 過 card {"cardMs":3600,"landedMs":2550,"ok":true} c19 過
  cSW landed 2550 cfg 2600 c2 過 card {"cardMs":3600,"landedMs":2550,"ok":true} c19 過
  cSE landed 2550 cfg 2600 c2 過 card {"cardMs":3600,"landedMs":2550,"ok":true} c19 過
  cNS landed 2550 cfg 2600 c2 過 card {"cardMs":3600,"landedMs":2550,"ok":true} c19 過
  cNW landed 2550 cfg 2600 c2 過 card {"cardMs":3600,"landedMs":2550,"ok":true} c19 過
  cNE landed 2550 cfg 2600 c2 過 card {"cardMs":3600,"landedMs":2550,"ok":true} c19 過
  cWS landed 2550 cfg 2600 c2 過 card {"cardMs":3600,"landedMs":2550,"ok":true} c19 過
  cWN landed 2550 cfg 2600 c2 過 card {"cardMs":3600,"landedMs":2550,"ok":true} c19 過
  cWE landed 2550 cfg 2600 c2 過 card {"cardMs":3600,"landedMs":2550,"ok":true} c19 過
  cES landed 2550 cfg 2600 c2 過 card {"cardMs":3600,"landedMs":2550,"ok":true} c19 過
  cEN landed 2550 cfg 2600 c2 過 card {"cardMs":3600,"landedMs":2550,"ok":true} c19 過
  cEW landed 2550 cfg 2600 c2 過 card {"cardMs":3600,"landedMs":2550,"ok":true} c19 過
  cSW0 landed 2550 cfg 2600 c2 過 card {"cardMs":3600,"landedMs":2550,"ok":true} c19 過
  cSW1 landed 2550 cfg 2600 c2 過 card {"cardMs":3600,"landedMs":2550,"ok":true} c19 過
  cSW3 landed 2550 cfg 2600 c2 過 card {"cardMs":3600,"landedMs":2550,"ok":true} c19 過
