{
 "slow": [
  {
   "rnd": 595,
   "n": "cSN",
   "p2c": false,
   "pusher": null
  },
  {
   "rnd": 597,
   "n": "cSW",
   "p2c": false,
   "pusher": null
  },
  {
   "rnd": 597,
   "n": "cSE",
   "p2c": false,
   "pusher": null
  },
  {
   "rnd": 610,
   "n": "cNS",
   "p2c": false,
   "pusher": null
  },
  {
   "rnd": 633,
   "n": "cNW",
   "p2c": false,
   "pusher": null
  },
  {
   "rnd": 624,
   "n": "cNE",
   "p2c": false,
   "pusher": null
  },
  {
   "rnd": 609,
   "n": "cWS",
   "p2c": false,
   "pusher": null
  },
  {
   "rnd": 584,
   "n": "cWN",
   "p2c": false,
   "pusher": null
  },
  {
   "rnd": 645,
   "n": "cWE",
   "p2c": false,
   "pusher": null
  },
  {
   "rnd": 607,
   "n": "cES",
   "p2c": false,
   "pusher": null
  },
  {
   "rnd": 627,
   "n": "cEN",
   "p2c": false,
   "pusher": null
  },
  {
   "rnd": 616,
   "n": "cEW",
   "p2c": false,
   "pusher": null
  },
  {
   "rnd": 608,
   "n": "cSW0",
   "p2c": false,
   "pusher": null
  },
  {
   "rnd": 604,
   "n": "cSW1",
   "p2c": false,
   "pusher": null
  },
  {
   "rnd": 638,
   "n": "cSW3",
   "p2c": false,
   "pusher": null
  }
 ]
}
