{
 "slow": [
  {
   "rnd": 626,
   "n": "cSN",
   "p2c": false,
   "pusher": 0
  },
  {
   "rnd": 597,
   "n": "cSW",
   "p2c": false,
   "pusher": 0
  },
  {
   "rnd": 605,
   "n": "cSE",
   "p2c": false,
   "pusher": 0
  },
  {
   "rnd": 587,
   "n": "cNS",
   "p2c": true,
   "pusher": 1
  },
  {
   "rnd": 589,
   "n": "cNW",
   "p2c": true,
   "pusher": 1
  },
  {
   "rnd": 582,
   "n": "cNE",
   "p2c": true,
   "pusher": 1
  },
  {
   "rnd": 567,
   "n": "cWS",
   "p2c": false,
   "pusher": 2
  },
  {
   "rnd": 593,
   "n": "cWN",
   "p2c": false,
   "pusher": 2
  },
  {
   "rnd": 593,
   "n": "cWE",
   "p2c": true,
   "pusher": 2
  },
  {
   "rnd": 602,
   "n": "cES",
   "p2c": true,
   "pusher": 3
  },
  {
   "rnd": 585,
   "n": "cEN",
   "p2c": false,
   "pusher": 3
  },
  {
   "rnd": 543,
   "n": "cEW",
   "p2c": false,
   "pusher": 3
  },
  {
   "rnd": 570,
   "n": "cSW0",
   "p2c": false,
   "pusher": 0
  },
  {
   "rnd": 624,
   "n": "cSW1",
   "p2c": false,
   "pusher": 0
  },
  {
   "rnd": 580,
   "n": "cSW3",
   "p2c": false,
   "pusher": 0
  }
 ]
}
