{
 "slow": [
  {
   "rnd": 598,
   "n": "cSN",
   "p2c": true,
   "pusher": 0
  },
  {
   "rnd": 582,
   "n": "cSW",
   "p2c": true,
   "pusher": 0
  },
  {
   "rnd": 566,
   "n": "cSE",
   "p2c": true,
   "pusher": 0
  },
  {
   "rnd": 596,
   "n": "cNS",
   "p2c": true,
   "pusher": 1
  },
  {
   "rnd": 550,
   "n": "cNW",
   "p2c": true,
   "pusher": 1
  },
  {
   "rnd": 574,
   "n": "cNE",
   "p2c": true,
   "pusher": 1
  },
  {
   "rnd": 590,
   "n": "cWS",
   "p2c": true,
   "pusher": 2
  },
  {
   "rnd": 592,
   "n": "cWN",
   "p2c": true,
   "pusher": 2
  },
  {
   "rnd": 603,
   "n": "cWE",
   "p2c": true,
   "pusher": 2
  },
  {
   "rnd": 592,
   "n": "cES",
   "p2c": true,
   "pusher": 3
  },
  {
   "rnd": 608,
   "n": "cEN",
   "p2c": true,
   "pusher": 3
  },
  {
   "rnd": 620,
   "n": "cEW",
   "p2c": true,
   "pusher": 3
  },
  {
   "rnd": 606,
   "n": "cSW0",
   "p2c": true,
   "pusher": 0
  },
  {
   "rnd": 556,
   "n": "cSW1",
   "p2c": true,
   "pusher": 0
  },
  {
   "rnd": 592,
   "n": "cSW3",
   "p2c": true,
   "pusher": 0
  }
 ]
}
