{
 "fixture": "seed 1 solo，正常 UI 開標（不跳過、真實時序），844×390",
 "q": "",
 "rows": [
  {
   "slot": 0,
   "grabMs": 1260,
   "landedAfterMs": 1252,
   "cardAfterMs": 1353,
   "cardAfterLanded": true,
   "heldFrames": 72,
   "framedHeldFrames": 72
  },
  {
   "slot": 2,
   "grabMs": 1260,
   "landedAfterMs": 1254,
   "cardAfterMs": 1352,
   "cardAfterLanded": true,
   "heldFrames": 71,
   "framedHeldFrames": 71
  },
  {
   "slot": 3,
   "grabMs": 1260,
   "landedAfterMs": 1239,
   "cardAfterMs": 1351,
   "cardAfterLanded": true,
   "heldFrames": 73,
   "framedHeldFrames": 73
  }
 ],
 "frames": 974,
 "errors": [],
 "pass": true
}
