第六輪北席可行性（條件 42：北塞西是否能在條件 25 的 60° 內不停頓、不換邊）
結論：能。北塞西、北塞東都走 lane（先往前推 0.35 → 推到前排 z 1.15 → 橫推 → 斜推上手背），整段同一側、最小所需偏角 52°（產品錨點後退 0.30）；實跑判定器 c41 量到 |偏角| 最大 48.6–55°、c25 手臂餘弦最小 0.57–0.66。
示意甲曾量到北塞西最少 62°（貼前排 z≈1.0 走、錨點 0.28）；差別在前排 z：1.0→70°、1.05→62°、1.10→54°、1.15→50–52°。

## A. 產品足跡（node，北席手 grabFootprint 外緣格；偏角上限放到 80° 求最小所需）
== cNW 起點 1.35,0.1 落點 -0.911,0.956；產品足跡（外緣格 0.03，122 點）、偏角上限放到 80° 求「整段一側的最小所需偏角」；錨點後退 0.28（舊）／0.30（產品）
  往前推0+planPath外擴+0(前緣1.1): 後退0.28 70°｜後退0.30 72°  路徑 [[1.35,0.1],[0.94,1.01],[-0.2,1.01],[-0.91,0.96]]
  往前推0+planPath外擴+0(前緣1.17): 後退0.28 70°｜後退0.30 72°  路徑 [[1.35,0.1],[0.94,1.01],[-0.2,1.01],[-0.91,0.96]]
  往前推0.2+planPath外擴+0(前緣1.1): 後退0.28 70°｜後退0.30 72°  路徑 [[1.35,0.1],[1.35,0.3],[0.94,1.01],[-0.2,1.01],[-0.91,0.96]]
  往前推0.2+planPath外擴+0(前緣1.17): 後退0.28 70°｜後退0.30 72°  路徑 [[1.35,0.1],[1.35,0.3],[0.94,1.01],[-0.2,1.01],[-0.91,0.96]]
  往前推0.35+planPath外擴+0(前緣1.1): 後退0.28 70°｜後退0.30 72°  路徑 [[1.35,0.1],[1.35,0.45],[0.94,1.01],[-0.2,1.01],[-0.91,0.96]]
  往前推0.35+planPath外擴+0(前緣1.17): 後退0.28 70°｜後退0.30 72°  路徑 [[1.35,0.1],[1.35,0.45],[0.94,1.01],[-0.2,1.01],[-0.91,0.96]]
  往前推0.55+planPath外擴+0(前緣1.1): 後退0.28 72°｜後退0.30 72°  路徑 [[1.35,0.1],[1.35,0.65],[0.94,1.01],[-0.2,1.01],[-0.91,0.96]]
  往前推0.55+planPath外擴+0(前緣1.17): 後退0.28 72°｜後退0.30 72°  路徑 [[1.35,0.1],[1.35,0.65],[0.94,1.01],[-0.2,1.01],[-0.91,0.96]]
  往前推0.35+planPath外擴+0.05(前緣1.1): 後退0.28 64°｜後退0.30 66°  路徑 [[1.35,0.1],[1.35,0.45],[0.99,1.06],[-0.25,1.06],[-0.91,0.96]]
  往前推0.35+planPath外擴+0.05(前緣1.17): 後退0.28 64°｜後退0.30 66°  路徑 [[1.35,0.1],[1.35,0.45],[0.99,1.06],[-0.25,1.06],[-0.91,0.96]]
  往前推0.35+planPath外擴+0.1(前緣1.1): 無路
  往前推0.35+planPath外擴+0.1(前緣1.17): 後退0.28 56°｜後退0.30 58°  路徑 [[1.35,0.1],[1.35,0.45],[1.04,1.11],[-0.3,1.11],[-0.91,0.96]]
  往前推0.35+planPath外擴+0.15(前緣1.1): 無路
  往前推0.35+planPath外擴+0.15(前緣1.17): 後退0.28 50°｜後退0.30 52°  路徑 [[1.35,0.1],[1.35,0.45],[1.09,1.16],[-0.35,1.16],[-0.91,0.96]]
  往前推0.55+planPath外擴+0.15(前緣1.1): 無路
  往前推0.55+planPath外擴+0.15(前緣1.17): 後退0.28 50°｜後退0.30 52°  路徑 [[1.35,0.1],[1.35,0.65],[1.09,1.16],[-0.35,1.16],[-0.91,0.96]]
  往前推0.2+planPath外擴+0.15(前緣1.1): 無路
  往前推0.2+planPath外擴+0.15(前緣1.17): 後退0.28 50°｜後退0.30 52°  路徑 [[1.35,0.1],[1.35,0.3],[1.09,1.16],[-0.35,1.16],[-0.91,0.96]]
  往前推0.35+planPath外擴+0.2(前緣1.1): 無路
  往前推0.35+planPath外擴+0.2(前緣1.17): 無路
  lane 往前推0.2→前排z1: 後退0.28 70°｜後退0.30 70°  路徑 [[1.35,0.1],[1.35,0.3],[1.35,1],[-0.61,1],[-0.91,0.96]]
  lane 往前推0.35→前排z1: 後退0.28 70°｜後退0.30 70°  路徑 [[1.35,0.1],[1.35,0.45],[1.35,1],[-0.61,1],[-0.91,0.96]]
  lane 往前推0.55→前排z1: 後退0.28 70°｜後退0.30 70°  路徑 [[1.35,0.1],[1.35,0.65],[1.35,1],[-0.61,1],[-0.91,0.96]]
  lane 往前推0.2→前排z1.05: 後退0.28 64°｜後退0.30 64°  路徑 [[1.35,0.1],[1.35,0.3],[1.35,1.05],[-0.61,1.05],[-0.91,0.96]]
  lane 往前推0.35→前排z1.05: 後退0.28 64°｜後退0.30 64°  路徑 [[1.35,0.1],[1.35,0.45],[1.35,1.05],[-0.61,1.05],[-0.91,0.96]]
  lane 往前推0.55→前排z1.05: 後退0.28 64°｜後退0.30 64°  路徑 [[1.35,0.1],[1.35,0.65],[1.35,1.05],[-0.61,1.05],[-0.91,0.96]]
  lane 往前推0.2→前排z1.1: 後退0.28 58°｜後退0.30 60°  路徑 [[1.35,0.1],[1.35,0.3],[1.35,1.1],[-0.61,1.1],[-0.91,0.96]]
  lane 往前推0.35→前排z1.1: 後退0.28 58°｜後退0.30 60°  路徑 [[1.35,0.1],[1.35,0.45],[1.35,1.1],[-0.61,1.1],[-0.91,0.96]]
  lane 往前推0.55→前排z1.1: 後退0.28 58°｜後退0.30 60°  路徑 [[1.35,0.1],[1.35,0.65],[1.35,1.1],[-0.61,1.1],[-0.91,0.96]]
  lane 往前推0.2→前排z1.13: 後退0.28 54°｜後退0.30 54°  路徑 [[1.35,0.1],[1.35,0.3],[1.35,1.13],[-0.61,1.13],[-0.91,0.96]]
  lane 往前推0.35→前排z1.13: 後退0.28 54°｜後退0.30 54°  路徑 [[1.35,0.1],[1.35,0.45],[1.35,1.13],[-0.61,1.13],[-0.91,0.96]]
  lane 往前推0.55→前排z1.13: 後退0.28 54°｜後退0.30 54°  路徑 [[1.35,0.1],[1.35,0.65],[1.35,1.13],[-0.61,1.13],[-0.91,0.96]]
  lane 往前推0.2→前排z1.15: 後退0.28 50°｜後退0.30 52°  路徑 [[1.35,0.1],[1.35,0.3],[1.35,1.15],[-0.61,1.15],[-0.91,0.96]]
  lane 往前推0.35→前排z1.15: 後退0.28 50°｜後退0.30 52°  路徑 [[1.35,0.1],[1.35,0.45],[1.35,1.15],[-0.61,1.15],[-0.91,0.96]]
  lane 往前推0.55→前排z1.15: 後退0.28 50°｜後退0.30 52°  路徑 [[1.35,0.1],[1.35,0.65],[1.35,1.15],[-0.61,1.15],[-0.91,0.96]]
  lane 往前推0.2→前排z1.17: 後退0.28 48°｜後退0.30 50°  路徑 [[1.35,0.1],[1.35,0.3],[1.35,1.17],[-0.61,1.17],[-0.91,0.96]]
  lane 往前推0.35→前排z1.17: 後退0.28 48°｜後退0.30 50°  路徑 [[1.35,0.1],[1.35,0.45],[1.35,1.17],[-0.61,1.17],[-0.91,0.96]]
  lane 往前推0.55→前排z1.17: 後退0.28 48°｜後退0.30 50°  路徑 [[1.35,0.1],[1.35,0.65],[1.35,1.17],[-0.61,1.17],[-0.91,0.96]]
  lane 往前推0.2→前排z1.2: 後退0.28 42°｜後退0.30 44°  路徑 [[1.35,0.1],[1.35,0.3],[1.35,1.2],[-0.61,1.2],[-0.91,0.96]]
  lane 往前推0.35→前排z1.2: 後退0.28 42°｜後退0.30 44°  路徑 [[1.35,0.1],[1.35,0.45],[1.35,1.2],[-0.61,1.2],[-0.91,0.96]]
  lane 往前推0.55→前排z1.2: 後退0.28 42°｜後退0.30 44°  路徑 [[1.35,0.1],[1.35,0.65],[1.35,1.2],[-0.61,1.2],[-0.91,0.96]]
== cNE 起點 -1.35,0.1 落點 0.952,1.099；產品足跡（外緣格 0.03，122 點）、偏角上限放到 80° 求「整段一側的最小所需偏角」；錨點後退 0.28（舊）／0.30（產品）
  往前推0+planPath外擴+0(前緣1.1): 後退0.28 62°｜後退0.30 62°  路徑 [[-1.35,0.1],[-0.97,0.54],[-0.2,1.01],[0.95,1.1]]
  往前推0+planPath外擴+0(前緣1.17): 後退0.28 62°｜後退0.30 62°  路徑 [[-1.35,0.1],[-0.97,0.54],[-0.2,1.01],[0.95,1.1]]
  往前推0.2+planPath外擴+0(前緣1.1): 後退0.28 62°｜後退0.30 62°  路徑 [[-1.35,0.1],[-1.35,0.3],[-0.2,1.01],[0.95,1.1]]
  往前推0.2+planPath外擴+0(前緣1.17): 後退0.28 62°｜後退0.30 62°  路徑 [[-1.35,0.1],[-1.35,0.3],[-0.2,1.01],[0.95,1.1]]
  往前推0.35+planPath外擴+0(前緣1.1): 後退0.28 62°｜後退0.30 64°  路徑 [[-1.35,0.1],[-1.35,0.45],[-0.2,1.01],[0.95,1.1]]
  往前推0.35+planPath外擴+0(前緣1.17): 後退0.28 62°｜後退0.30 64°  路徑 [[-1.35,0.1],[-1.35,0.45],[-0.2,1.01],[0.95,1.1]]
  往前推0.55+planPath外擴+0(前緣1.1): 後退0.28 62°｜後退0.30 64°  路徑 [[-1.35,0.1],[-1.35,0.65],[-0.2,1.01],[0.95,1.1]]
  往前推0.55+planPath外擴+0(前緣1.17): 後退0.28 62°｜後退0.30 64°  路徑 [[-1.35,0.1],[-1.35,0.65],[-0.2,1.01],[0.95,1.1]]
  往前推0.35+planPath外擴+0.05(前緣1.1): 後退0.28 60°｜後退0.30 60°  路徑 [[-1.35,0.1],[-1.35,0.45],[-0.25,1.06],[0.95,1.1]]
  往前推0.35+planPath外擴+0.05(前緣1.17): 後退0.28 60°｜後退0.30 60°  路徑 [[-1.35,0.1],[-1.35,0.45],[-0.25,1.06],[0.95,1.1]]
  往前推0.35+planPath外擴+0.1(前緣1.1): 無路
  往前推0.35+planPath外擴+0.1(前緣1.17): 後退0.28 58°｜後退0.30 58°  路徑 [[-1.35,0.1],[-1.35,0.45],[-0.3,1.11],[0.95,1.1]]
  往前推0.35+planPath外擴+0.15(前緣1.1): 後退0.28 >80°｜後退0.30 >80°  路徑 [[-1.35,0.1],[-1.35,0.45],[-1.12,0.69],[0.95,1.1]]
  往前推0.35+planPath外擴+0.15(前緣1.17): 後退0.28 >80°｜後退0.30 >80°  路徑 [[-1.35,0.1],[-1.35,0.45],[-1.12,0.69],[0.95,1.1]]
  往前推0.55+planPath外擴+0.15(前緣1.1): 後退0.28 >80°｜後退0.30 >80°  路徑 [[-1.35,0.1],[-1.35,0.65],[0.95,1.1]]
  往前推0.55+planPath外擴+0.15(前緣1.17): 後退0.28 >80°｜後退0.30 >80°  路徑 [[-1.35,0.1],[-1.35,0.65],[0.95,1.1]]
  往前推0.2+planPath外擴+0.15(前緣1.1): 後退0.28 >80°｜後退0.30 >80°  路徑 [[-1.35,0.1],[-1.35,0.3],[-1.12,0.69],[0.95,1.1]]
  往前推0.2+planPath外擴+0.15(前緣1.17): 後退0.28 >80°｜後退0.30 >80°  路徑 [[-1.35,0.1],[-1.35,0.3],[-1.12,0.69],[0.95,1.1]]
  往前推0.35+planPath外擴+0.2(前緣1.1): 後退0.28 70°｜後退0.30 68°  路徑 [[-1.35,0.1],[-1.35,0.45],[-1.17,0.74],[0.95,1.1]]
  往前推0.35+planPath外擴+0.2(前緣1.17): 後退0.28 70°｜後退0.30 68°  路徑 [[-1.35,0.1],[-1.35,0.45],[-1.17,0.74],[0.95,1.1]]
  lane 往前推0.2→前排z1: 後退0.28 70°｜後退0.30 70°  路徑 [[-1.35,0.1],[-1.35,0.3],[-1.35,1],[0.65,1],[0.95,1.1]]
  lane 往前推0.35→前排z1: 後退0.28 70°｜後退0.30 70°  路徑 [[-1.35,0.1],[-1.35,0.45],[-1.35,1],[0.65,1],[0.95,1.1]]
  lane 往前推0.55→前排z1: 後退0.28 70°｜後退0.30 70°  路徑 [[-1.35,0.1],[-1.35,0.65],[-1.35,1],[0.65,1],[0.95,1.1]]
  lane 往前推0.2→前排z1.05: 後退0.28 64°｜後退0.30 64°  路徑 [[-1.35,0.1],[-1.35,0.3],[-1.35,1.05],[0.65,1.05],[0.95,1.1]]
  lane 往前推0.35→前排z1.05: 後退0.28 64°｜後退0.30 64°  路徑 [[-1.35,0.1],[-1.35,0.45],[-1.35,1.05],[0.65,1.05],[0.95,1.1]]
  lane 往前推0.55→前排z1.05: 後退0.28 64°｜後退0.30 64°  路徑 [[-1.35,0.1],[-1.35,0.65],[-1.35,1.05],[0.65,1.05],[0.95,1.1]]
  lane 往前推0.2→前排z1.1: 後退0.28 58°｜後退0.30 58°  路徑 [[-1.35,0.1],[-1.35,0.3],[-1.35,1.1],[0.65,1.1],[0.95,1.1]]
  lane 往前推0.35→前排z1.1: 後退0.28 58°｜後退0.30 58°  路徑 [[-1.35,0.1],[-1.35,0.45],[-1.35,1.1],[0.65,1.1],[0.95,1.1]]
  lane 往前推0.55→前排z1.1: 後退0.28 58°｜後退0.30 58°  路徑 [[-1.35,0.1],[-1.35,0.65],[-1.35,1.1],[0.65,1.1],[0.95,1.1]]
  lane 往前推0.2→前排z1.13: 後退0.28 54°｜後退0.30 54°  路徑 [[-1.35,0.1],[-1.35,0.3],[-1.35,1.13],[0.65,1.13],[0.95,1.1]]
  lane 往前推0.35→前排z1.13: 後退0.28 54°｜後退0.30 54°  路徑 [[-1.35,0.1],[-1.35,0.45],[-1.35,1.13],[0.65,1.13],[0.95,1.1]]
  lane 往前推0.55→前排z1.13: 後退0.28 54°｜後退0.30 54°  路徑 [[-1.35,0.1],[-1.35,0.65],[-1.35,1.13],[0.65,1.13],[0.95,1.1]]
  lane 往前推0.2→前排z1.15: 後退0.28 52°｜後退0.30 52°  路徑 [[-1.35,0.1],[-1.35,0.3],[-1.35,1.15],[0.65,1.15],[0.95,1.1]]
  lane 往前推0.35→前排z1.15: 後退0.28 52°｜後退0.30 52°  路徑 [[-1.35,0.1],[-1.35,0.45],[-1.35,1.15],[0.65,1.15],[0.95,1.1]]
  lane 往前推0.55→前排z1.15: 後退0.28 52°｜後退0.30 52°  路徑 [[-1.35,0.1],[-1.35,0.65],[-1.35,1.15],[0.65,1.15],[0.95,1.1]]
  lane 往前推0.2→前排z1.17: 後退0.28 48°｜後退0.30 50°  路徑 [[-1.35,0.1],[-1.35,0.3],[-1.35,1.17],[0.65,1.17],[0.95,1.1]]
  lane 往前推0.35→前排z1.17: 後退0.28 48°｜後退0.30 50°  路徑 [[-1.35,0.1],[-1.35,0.45],[-1.35,1.17],[0.65,1.17],[0.95,1.1]]
  lane 往前推0.55→前排z1.17: 後退0.28 48°｜後退0.30 50°  路徑 [[-1.35,0.1],[-1.35,0.65],[-1.35,1.17],[0.65,1.17],[0.95,1.1]]
  lane 往前推0.2→前排z1.2: 後退0.28 42°｜後退0.30 44°  路徑 [[-1.35,0.1],[-1.35,0.3],[-1.35,1.2],[0.65,1.2],[0.95,1.1]]
  lane 往前推0.35→前排z1.2: 後退0.28 42°｜後退0.30 44°  路徑 [[-1.35,0.1],[-1.35,0.45],[-1.35,1.2],[0.65,1.2],[0.95,1.1]]
  lane 往前推0.55→前排z1.2: 後退0.28 42°｜後退0.30 44°  路徑 [[-1.35,0.1],[-1.35,0.65],[-1.35,1.2],[0.65,1.2],[0.95,1.1]]

## B. 瀏覽器實際抓取可達 grabLiftFor 掃描（feas6.mjs；舊錨點 0.28、示意甲同法；minDev＝整段一側的最小上限，null＝80° 內做不到）
== cNW-wedding from [1.35,0.1] dest [-0.911,0.956] r 0.300 others [[-1.543,-1.149,-0.043,0.254,0.99],[-0.645,-0.255,0.012,0.213,0.993],[0.125,0.613,-0.022,0.68,0.996]] box [1.111,1.592,-0.033,0.249]
  a1.1-s0-p0.05 len 2.919 minDev pos null neg 62 route [[1.35,0.1],[0.983,1.05],[-0.245,1.05],[-0.911,0.956]]
  a1.1-s0.2-p0.05 len 2.935 minDev pos null neg 62 route [[1.35,0.1],[1.35,0.3],[0.983,1.05],[-0.245,1.05],[-0.911,0.956]]
  a1.1-s0.35-p0.05 len 2.954 minDev pos 80 neg 62 route [[1.35,0.1],[1.35,0.45],[0.983,1.05],[-0.245,1.05],[-0.911,0.956]]
  a1.1-s0.5-p0.05 len 2.981 minDev pos 70 neg 62 route [[1.35,0.1],[1.35,0.6],[0.983,1.05],[-0.245,1.05],[-0.911,0.956]]
  a1.1-s0.7-p0.05 len 3.044 minDev pos 62 neg 62 route [[1.35,0.1],[1.35,0.8],[0.983,1.05],[-0.245,1.05],[-0.911,0.956]]
  a1.1-s0-p0 len 2.837 minDev pos null neg 68 route [[1.35,0.1],[0.933,1],[-0.195,1],[-0.911,0.956]]
  a1.1-s0.2-p0 len 2.86 minDev pos null neg 68 route [[1.35,0.1],[1.35,0.3],[0.933,1],[-0.195,1],[-0.911,0.956]]
  a1.1-s0.35-p0 len 2.885 minDev pos null neg 68 route [[1.35,0.1],[1.35,0.45],[0.933,1],[-0.195,1],[-0.911,0.956]]
  a1.1-s0.5-p0 len 2.923 minDev pos 78 neg 68 route [[1.35,0.1],[1.35,0.6],[0.933,1],[-0.195,1],[-0.911,0.956]]
  a1.1-s0.7-p0 len 3.007 minDev pos 70 neg 68 route [[1.35,0.1],[1.35,0.8],[0.933,1],[-0.195,1],[-0.911,0.956]]
== cNE-wedding from [-1.35,0.1] dest [0.952,1.099] r 0.309 others [[-0.645,-0.255,0.012,0.213,0.993],[0.125,0.613,-0.022,0.68,0.996],[1.167,1.566,-0.033,0.353,1.025]] box [-1.595,-1.096,-0.062,0.275]
  a1.1-s0-p0.05 len 2.698 minDev pos 56 neg 58 route [[-1.35,0.1],[-1.025,0.592],[-0.254,1.059],[0.952,1.099]]
  a1.1-s0.2-p0.05 len 2.745 minDev pos 56 neg 58 route [[-1.35,0.1],[-1.35,0.3],[-1.025,0.592],[-0.254,1.059],[0.952,1.099]]
  a1.1-s0.35-p0.05 len 2.81 minDev pos 56 neg 58 route [[-1.35,0.1],[-1.35,0.45],[-0.254,1.059],[0.952,1.099]]
  a1.1-s0.5-p0.05 len 2.895 minDev pos 56 neg 58 route [[-1.35,0.1],[-1.35,0.6],[-0.254,1.059],[0.952,1.099]]
  a1.1-s0.7-p0.05 len 3.033 minDev pos 56 neg 58 route [[-1.35,0.1],[-1.35,0.8],[-0.254,1.059],[0.952,1.099]]
  a1.1-s0-p0 len 2.641 minDev pos 60 neg 68 route [[-1.35,0.1],[-0.975,0.542],[-0.204,1.009],[0.952,1.099]]
  a1.1-s0.2-p0 len 2.707 minDev pos 60 neg 68 route [[-1.35,0.1],[-1.35,0.3],[-0.204,1.009],[0.952,1.099]]
  a1.1-s0.35-p0 len 2.785 minDev pos 60 neg 66 route [[-1.35,0.1],[-1.35,0.45],[-0.204,1.009],[0.952,1.099]]
  a1.1-s0.5-p0 len 2.876 minDev pos 60 neg 64 route [[-1.35,0.1],[-1.35,0.6],[-0.204,1.009],[0.952,1.099]]
  a1.1-s0.7-p0 len 3.024 minDev pos 60 neg 64 route [[-1.35,0.1],[-1.35,0.8],[-0.204,1.009],[0.952,1.099]]
== cNW-wedding from [1.35,0.1] dest [-0.911,0.956] r 0.300 others [[-1.543,-1.149,-0.043,0.254,0.99],[-0.645,-0.255,0.012,0.213,0.993],[0.125,0.613,-0.022,0.68,0.996]] box [1.111,1.592,-0.033,0.249]
  lane1.25 len 3.53 minDev pos 0 neg 0 route [[1.35,0.1],[1.35,1.25],[-0.611,1.25],[-0.911,0.956]]
  lane1.3 len 3.617 minDev pos 0 neg 0 route [[1.35,0.1],[1.35,1.3],[-0.611,1.3],[-0.911,0.956]]
  lane1.25 len 3.53 minDev pos 0 neg 0 route [[1.35,0.1],[1.35,1.25],[-0.611,1.25],[-0.911,0.956]]
  lane1.3 len 3.617 minDev pos 0 neg 0 route [[1.35,0.1],[1.35,1.3],[-0.611,1.3],[-0.911,0.956]]
  a1.3-s0-p0.25 len 3.341 minDev pos 0 neg 0 route [[1.35,0.1],[1.183,1.25],[-0.445,1.25],[-0.911,0.956]]
  a1.3-s0.35-p0.25 len 3.346 minDev pos 0 neg 0 route [[1.35,0.1],[1.35,0.45],[1.183,1.25],[-0.445,1.25],[-0.911,0.956]]
  a1.3-s0.7-p0.25 len 3.359 minDev pos 0 neg 0 route [[1.35,0.1],[1.35,0.8],[1.183,1.25],[-0.445,1.25],[-0.911,0.956]]
  lane1.25 len 3.53 minDev pos 0 neg 0 route [[1.35,0.1],[1.35,1.25],[-0.611,1.25],[-0.911,0.956]]
  lane1.3 len 3.617 minDev pos 0 neg 0 route [[1.35,0.1],[1.35,1.3],[-0.611,1.3],[-0.911,0.956]]
  lane1.2 len 3.447 minDev pos 36 neg 32 route [[1.35,0.1],[1.35,1.2],[-0.611,1.2],[-0.911,0.956]]
  lane1.2 len 3.447 minDev pos 36 neg 32 route [[1.35,0.1],[1.35,1.2],[-0.611,1.2],[-0.911,0.956]]
  lane1.2 len 3.447 minDev pos 36 neg 32 route [[1.35,0.1],[1.35,1.2],[-0.611,1.2],[-0.911,0.956]]
  lane1.15 len 3.368 minDev pos 46 neg 46 route [[1.35,0.1],[1.35,1.15],[-0.611,1.15],[-0.911,0.956]]
  a1.2-s0-p0.15 len 3.109 minDev pos 46 neg 46 route [[1.35,0.1],[1.083,1.15],[-0.345,1.15],[-0.911,0.956]]
  a1.2-s0.35-p0.15 len 3.125 minDev pos 46 neg 46 route [[1.35,0.1],[1.35,0.45],[1.083,1.15],[-0.345,1.15],[-0.911,0.956]]
  a1.2-s0.7-p0.15 len 3.166 minDev pos 46 neg 46 route [[1.35,0.1],[1.35,0.8],[1.083,1.15],[-0.345,1.15],[-0.911,0.956]]
  lane1.15 len 3.368 minDev pos 46 neg 46 route [[1.35,0.1],[1.35,1.15],[-0.611,1.15],[-0.911,0.956]]
  a1.3-s0-p0.15 len 3.109 minDev pos 46 neg 46 route [[1.35,0.1],[1.083,1.15],[-0.345,1.15],[-0.911,0.956]]
  a1.3-s0.35-p0.15 len 3.125 minDev pos 46 neg 46 route [[1.35,0.1],[1.35,0.45],[1.083,1.15],[-0.345,1.15],[-0.911,0.956]]
  a1.3-s0.7-p0.15 len 3.166 minDev pos 46 neg 46 route [[1.35,0.1],[1.35,0.8],[1.083,1.15],[-0.345,1.15],[-0.911,0.956]]
  lane1.15 len 3.368 minDev pos 46 neg 46 route [[1.35,0.1],[1.35,1.15],[-0.611,1.15],[-0.911,0.956]]
  lane1.1 len 3.293 minDev pos 54 neg 54 route [[1.35,0.1],[1.35,1.1],[-0.611,1.1],[-0.911,0.956]]
  a1.2-s0-p0.1 len 3.009 minDev pos 54 neg 54 route [[1.35,0.1],[1.033,1.1],[-0.295,1.1],[-0.911,0.956]]
  a1.2-s0.35-p0.1 len 3.033 minDev pos 54 neg 54 route [[1.35,0.1],[1.35,0.45],[1.033,1.1],[-0.295,1.1],[-0.911,0.956]]
  a1.2-s0.7-p0.1 len 3.097 minDev pos 54 neg 56 route [[1.35,0.1],[1.35,0.8],[1.033,1.1],[-0.295,1.1],[-0.911,0.956]]
  lane1.1 len 3.293 minDev pos 54 neg 54 route [[1.35,0.1],[1.35,1.1],[-0.611,1.1],[-0.911,0.956]]
  a1.3-s0-p0.1 len 3.009 minDev pos 54 neg 54 route [[1.35,0.1],[1.033,1.1],[-0.295,1.1],[-0.911,0.956]]
  a1.3-s0.35-p0.1 len 3.033 minDev pos 54 neg 54 route [[1.35,0.1],[1.35,0.45],[1.033,1.1],[-0.295,1.1],[-0.911,0.956]]
  a1.3-s0.7-p0.1 len 3.097 minDev pos 54 neg 56 route [[1.35,0.1],[1.35,0.8],[1.033,1.1],[-0.295,1.1],[-0.911,0.956]]
  lane1.1 len 3.293 minDev pos 54 neg 54 route [[1.35,0.1],[1.35,1.1],[-0.611,1.1],[-0.911,0.956]]
  a1.1-s0-p0.05 len 2.919 minDev pos null neg 62 route [[1.35,0.1],[0.983,1.05],[-0.245,1.05],[-0.911,0.956]]
  a1.1-s0.35-p0.05 len 2.954 minDev pos 80 neg 62 route [[1.35,0.1],[1.35,0.45],[0.983,1.05],[-0.245,1.05],[-0.911,0.956]]
  a1.1-s0.7-p0.05 len 3.044 minDev pos 62 neg 62 route [[1.35,0.1],[1.35,0.8],[0.983,1.05],[-0.245,1.05],[-0.911,0.956]]
  lane1.05 len 3.225 minDev pos 62 neg 62 route [[1.35,0.1],[1.35,1.05],[-0.611,1.05],[-0.911,0.956]]
  a1.2-s0-p0.05 len 2.919 minDev pos null neg 62 route [[1.35,0.1],[0.983,1.05],[-0.245,1.05],[-0.911,0.956]]
  a1.2-s0.35-p0.05 len 2.954 minDev pos 80 neg 62 route [[1.35,0.1],[1.35,0.45],[0.983,1.05],[-0.245,1.05],[-0.911,0.956]]
  a1.2-s0.7-p0.05 len 3.044 minDev pos 62 neg 62 route [[1.35,0.1],[1.35,0.8],[0.983,1.05],[-0.245,1.05],[-0.911,0.956]]
  lane1.05 len 3.225 minDev pos 62 neg 62 route [[1.35,0.1],[1.35,1.05],[-0.611,1.05],[-0.911,0.956]]
  a1.3-s0-p0.05 len 2.919 minDev pos null neg 62 route [[1.35,0.1],[0.983,1.05],[-0.245,1.05],[-0.911,0.956]]
  a1.3-s0.35-p0.05 len 2.954 minDev pos 80 neg 62 route [[1.35,0.1],[1.35,0.45],[0.983,1.05],[-0.245,1.05],[-0.911,0.956]]
  a1.3-s0.7-p0.05 len 3.044 minDev pos 62 neg 62 route [[1.35,0.1],[1.35,0.8],[0.983,1.05],[-0.245,1.05],[-0.911,0.956]]
  lane1.05 len 3.225 minDev pos 62 neg 62 route [[1.35,0.1],[1.35,1.05],[-0.611,1.05],[-0.911,0.956]]
