{
 "r3": [
  {
   "rnd": 693,
   "n": "cSN",
   "p2c": false,
   "pusher": 0
  },
  {
   "rnd": 660,
   "n": "cSW",
   "p2c": false,
   "pusher": 0
  },
  {
   "rnd": 688,
   "n": "cSE",
   "p2c": false,
   "pusher": 0
  },
  {
   "rnd": 714,
   "n": "cNS",
   "p2c": false,
   "pusher": 1
  },
  {
   "rnd": 732,
   "n": "cNW",
   "p2c": false,
   "pusher": 1
  },
  {
   "rnd": 690,
   "n": "cNE",
   "p2c": true,
   "pusher": 1
  },
  {
   "rnd": 687,
   "n": "cWS",
   "p2c": false,
   "pusher": 2
  },
  {
   "rnd": 680,
   "n": "cWN",
   "p2c": false,
   "pusher": 2
  },
  {
   "rnd": 625,
   "n": "cWE",
   "p2c": false,
   "pusher": 2
  },
  {
   "rnd": 647,
   "n": "cES",
   "p2c": false,
   "pusher": 3
  },
  {
   "rnd": 672,
   "n": "cEN",
   "p2c": false,
   "pusher": 3
  },
  {
   "rnd": 631,
   "n": "cEW",
   "p2c": false,
   "pusher": 3
  },
  {
   "rnd": 673,
   "n": "cSW0",
   "p2c": false,
   "pusher": 0
  },
  {
   "rnd": 667,
   "n": "cSW1",
   "p2c": false,
   "pusher": 0
  },
  {
   "rnd": 659,
   "n": "cSW3",
   "p2c": false,
   "pusher": 0
  }
 ]
}
