cWS-wedding c2 1967 過 | c3abs 過 | c14 0.7399/0.85 過 | c15 near 0 過 | c16 過 | c17 0 過 | c25 push 0.837 retArm 0.999 retMove 0.996 過 | c26 hit 0/172 tall 0 {} 過 | c30 gap 0.01 bad 0/91  過 | c31 bad 0  過 | c40 — (min 0.1313 bad 0/64) | c41 — (+0/-64 max 33.1° miss 0) | 全 過
cES-wedding c2 1967 過 | c3abs 過 | c14 0.6595/0.85 過 | c15 near 0 過 | c16 過 | c17 0 過 | c25 push 0.974 retArm 0.998 retMove 0.995 過 | c26 hit 0/250 tall 0 {} 過 | c30 gap 0.023 bad 0/92  過 | c31 bad 0  過 | c40 — (min 0.0811 bad 0/65) | c41 — (+64/-0 max 13.1° miss 0) | 全 過
cNW-wedding c2 1967 過 | c3abs 過 | c14 0.7397/0.85 過 | c15 near 0 過 | c16 過 | c17 0 過 | c25 push 0.658 retArm 0.999 retMove 0.994 過 | c26 hit 0/257 tall 0 {} 過 | c30 gap 0.013 bad 0/108  過 | c31 bad 0  過 | c40 min 0.1801 bad 0/81 過 | c41 +0/-50 max 48.9° miss 0 過 | 全 過
cNE-wedding c2 1967 過 | c3abs 過 | c14 0.8173/0.85 過 | c15 near 0 過 | c16 過 | c17 0 過 | c25 push 0.657 retArm 0.657 retMove 0.809 過 | c26 hit 0/288 tall 0 {} 過 | c30 gap 0.013 bad 0/108  過 | c31 bad 0  過 | c40 min 0.1795 bad 0/81 過 | c41 +0/-52 max 48.9° miss 0 過 | 全 過
cWS-guava c2 2000 過 | c3abs 過 | c14 0.699/0.85 過 | c15 near 0 過 | c16 過 | c17 0 過 | c25 push 0.839 retArm 0.999 retMove 0.998 過 | c26 hit 0/168 tall 0 {} 過 | c30 gap 0.014 bad 0/92  過 | c31 bad 0  過 | c40 — (min 0.1062 bad 0/65) | c41 — (+0/-64 max 33° miss 0) | 全 過
cES-guava c2 2000 過 | c3abs 過 | c14 0.6452/0.85 過 | c15 near 0 過 | c16 過 | c17 0 過 | c25 push 0.974 retArm 0.999 retMove 0.995 過 | c26 hit 0/255 tall 0 {} 過 | c30 gap 0.012 bad 0/93  過 | c31 bad 0  過 | c40 — (min 0.0627 bad 0/66) | c41 — (+62/-0 max 13° miss 0) | 全 過
cNW-guava c2 2000 過 | c3abs 過 | c14 0.6994/0.85 過 | c15 near 0 過 | c16 過 | c17 0 過 | c25 push 0.657 retArm 0.999 retMove 0.994 過 | c26 hit 0/263 tall 0 {} 過 | c30 gap 0.018 bad 0/111  過 | c31 bad 0  過 | c40 min 0.1539 bad 0/84 過 | c41 +0/-50 max 48.9° miss 0 過 | 全 過
cNE-guava c2 2000 過 | c3abs 過 | c14 0.7773/0.85 過 | c15 near 0 過 | c16 過 | c17 0 過 | c25 push 0.656 retArm 0.656 retMove 0.808 過 | c26 hit 0/288 tall 0 {} 過 | c30 gap 0.018 bad 0/111  過 | c31 bad 0  過 | c40 min 0.1534 bad 0/84 過 | c41 +0/-54 max 49° miss 0 過 | 全 過
cWS-water c2 2000 過 | c3abs 過 | c14 0.6238/0.85 過 | c15 near 0 過 | c16 過 | c17 0 過 | c25 push 0.839 retArm 0.998 retMove 0.998 過 | c26 hit 0/172 tall 0 {} 過 | c30 gap 0.027 bad 0/94  過 | c31 bad 0  過 | c40 — (min 0.1015 bad 0/67) | c41 — (+0/-63 max 33° miss 0) | 全 過
cES-water c2 2000 過 | c3abs 過 | c14 0.6455/0.85 過 | c15 near 0 過 | c16 過 | c17 0 過 | c25 push 0.974 retArm 0.998 retMove 0.995 過 | c26 hit 0/255 tall 0 {} 過 | c30 gap 0.018 bad 0/94  過 | c31 bad 0  過 | c40 — (min 0.0627 bad 0/67) | c41 — (+62/-0 max 13.1° miss 0) | 全 過
cNW-water c2 2000 過 | c3abs 過 | c14 0.7194/0.85 過 | c15 near 0 過 | c16 過 | c17 0 過 | c25 push 0.658 retArm 0.999 retMove 0.99 過 | c26 hit 0/254 tall 0 {} 過 | c30 gap 0.029 bad 0/108  過 | c31 bad 0  過 | c40 min 0.2166 bad 0/81 過 | c41 +0/-50 max 48.8° miss 0 過 | 全 過
cNE-water c2 2000 過 | c3abs 過 | c14 0.7973/0.85 過 | c15 near 0 過 | c16 過 | c17 0 過 | c25 push 0.659 retArm 0.659 retMove 0.81 過 | c26 hit 0/284 tall 0 {} 過 | c30 gap 0.028 bad 0/108  過 | c31 bad 0  過 | c40 min 0.2158 bad 0/81 過 | c41 +0/-54 max 48.8° miss 0 過 | 全 過
cWS-lock c2 2000 過 | c3abs 過 | c14 0.7136/0.85 過 | c15 near 0 過 | c16 過 | c17 0 過 | c25 push 0.839 retArm 0.998 retMove 0.998 過 | c26 hit 0/172 tall 0 {} 過 | c30 gap 0.027 bad 0/91  過 | c31 bad 0  過 | c40 — (min 0.1062 bad 0/64) | c41 — (+0/-64 max 32.9° miss 0) | 全 過
cES-lock c2 2000 過 | c3abs 過 | c14 0.6453/0.85 過 | c15 near 0 過 | c16 過 | c17 0 過 | c25 push 0.974 retArm 0.998 retMove 0.995 過 | c26 hit 0/264 tall 0 {} 過 | c30 gap 0.018 bad 0/93  過 | c31 bad 0  過 | c40 — (min 0.0627 bad 0/66) | c41 — (+62/-0 max 13.2° miss 0) | 全 過
cNW-lock c2 2000 過 | c3abs 過 | c14 0.7144/0.85 過 | c15 near 0 過 | c16 過 | c17 0 過 | c25 push 0.657 retArm 0.999 retMove 0.994 過 | c26 hit 0/263 tall 0 {} 過 | c30 gap 0.018 bad 0/108  過 | c31 bad 0  過 | c40 min 0.2166 bad 0/81 過 | c41 +0/-50 max 48.9° miss 0 過 | 全 過
cNE-lock c2 2000 過 | c3abs 過 | c14 0.7923/0.85 過 | c15 near 0 過 | c16 過 | c17 0 過 | c25 push 0.656 retArm 0.656 retMove 0.808 過 | c26 hit 0/284 tall 0 {} 過 | c30 gap 0.02 bad 0/108  過 | c31 bad 0  過 | c40 min 0.2158 bad 0/81 過 | c41 +0/-54 max 49° miss 0 過 | 全 過
cWS-tiger c2 2000 過 | c3abs 過 | c14 0.7246/0.85 過 | c15 near 0 過 | c16 過 | c17 0 過 | c25 push 0.839 retArm 0.998 retMove 0.998 過 | c26 hit 0/167 tall 0 {} 過 | c30 gap 0.026 bad 0/94  過 | c31 bad 0  過 | c40 — (min 0.1062 bad 0/67) | c41 — (+0/-64 max 32.9° miss 0) | 全 過
cES-tiger c2 2000 過 | c3abs 過 | c14 0.6455/0.85 過 | c15 near 0 過 | c16 過 | c17 0 過 | c25 push 0.974 retArm 0.998 retMove 0.995 過 | c26 hit 0/246 tall 0 {} 過 | c30 gap 0.026 bad 0/95  過 | c31 bad 0  過 | c40 — (min 0.0655 bad 0/68) | c41 — (+64/-0 max 13.2° miss 0) | 全 過
cNW-tiger c2 2000 過 | c3abs 過 | c14 0.7243/0.85 過 | c15 near 0 過 | c16 過 | c17 0 過 | c25 push 0.657 retArm 0.999 retMove 0.994 過 | c26 hit 0/252 tall 0 {} 過 | c30 gap 0.017 bad 0/108  過 | c31 bad 0  過 | c40 min 0.2166 bad 0/81 過 | c41 +0/-50 max 48.9° miss 0 過 | 全 過
cNE-tiger c2 2000 過 | c3abs 過 | c14 0.7803/0.85 過 | c15 near 0 過 | c16 過 | c17 0 過 | c25 push 0.656 retArm 0.656 retMove 0.806 過 | c26 hit 0/284 tall 0 {} 過 | c30 gap 0.012 bad 0/108  過 | c31 bad 0  過 | c40 min 0.2158 bad 0/81 過 | c41 +0/-54 max 49° miss 0 過 | 全 過
SUMMARY（含延伸組） c2 紅 0/20 | c3abs 紅 0/20 | c14 紅 0/20 | c15 紅 0/20 | c16 紅 0/20 | c17 紅 0/20 | c25 紅 0/20 | c26 紅 0/20 | c30 紅 0/20 | c31 紅 0/20 | c40 紅 0/20 | c41 紅 0/20
全過 20/20
