{
 "r3": [
  {
   "rnd": 706,
   "n": "cWS-wedding",
   "p2c": false,
   "pusher": 2
  },
  {
   "rnd": 711,
   "n": "cES-wedding",
   "p2c": false,
   "pusher": 3
  },
  {
   "rnd": 670,
   "n": "cNW-wedding",
   "p2c": false,
   "pusher": 1
  },
  {
   "rnd": 678,
   "n": "cNE-wedding",
   "p2c": true,
   "pusher": 1
  },
  {
   "rnd": 629,
   "n": "cWS-guava",
   "p2c": true,
   "pusher": 2
  },
  {
   "rnd": 673,
   "n": "cES-guava",
   "p2c": true,
   "pusher": 3
  },
  {
   "rnd": 683,
   "n": "cNW-guava",
   "p2c": true,
   "pusher": 1
  },
  {
   "rnd": 647,
   "n": "cNE-guava",
   "p2c": true,
   "pusher": 1
  },
  {
   "rnd": 639,
   "n": "cWS-water",
   "p2c": false,
   "pusher": 2
  },
  {
   "rnd": 660,
   "n": "cES-water",
   "p2c": false,
   "pusher": 3
  },
  {
   "rnd": 660,
   "n": "cNW-water",
   "p2c": false,
   "pusher": 1
  },
  {
   "rnd": 688,
   "n": "cNE-water",
   "p2c": true,
   "pusher": 1
  },
  {
   "rnd": 691,
   "n": "cWS-lock",
   "p2c": false,
   "pusher": 2
  },
  {
   "rnd": 662,
   "n": "cES-lock",
   "p2c": false,
   "pusher": 3
  },
  {
   "rnd": 659,
   "n": "cNW-lock",
   "p2c": false,
   "pusher": 1
  },
  {
   "rnd": 701,
   "n": "cNE-lock",
   "p2c": true,
   "pusher": 1
  },
  {
   "rnd": 677,
   "n": "cWS-tiger",
   "p2c": true,
   "pusher": 2
  },
  {
   "rnd": 671,
   "n": "cES-tiger",
   "p2c": true,
   "pusher": 3
  },
  {
   "rnd": 631,
   "n": "cNW-tiger",
   "p2c": true,
   "pusher": 1
  },
  {
   "rnd": 657,
   "n": "cNE-tiger",
   "p2c": true,
   "pusher": 1
  }
 ]
}
