docs/experiments/2026-10-05-curse-slow/strips-r6/kinds\strip-cES-guava.jpg
docs/experiments/2026-10-05-curse-slow/strips-r6/kinds\strip-cES-lock.jpg
docs/experiments/2026-10-05-curse-slow/strips-r6/kinds\strip-cES-tiger.jpg
docs/experiments/2026-10-05-curse-slow/strips-r6/kinds\strip-cES-water.jpg
docs/experiments/2026-10-05-curse-slow/strips-r6/kinds\strip-cES-wedding.jpg
docs/experiments/2026-10-05-curse-slow/strips-r6/kinds\strip-cNE-guava.jpg
docs/experiments/2026-10-05-curse-slow/strips-r6/kinds\strip-cNE-lock.jpg
docs/experiments/2026-10-05-curse-slow/strips-r6/kinds\strip-cNE-tiger.jpg
docs/experiments/2026-10-05-curse-slow/strips-r6/kinds\strip-cNE-water.jpg
docs/experiments/2026-10-05-curse-slow/strips-r6/kinds\strip-cNE-wedding.jpg
docs/experiments/2026-10-05-curse-slow/strips-r6/kinds\strip-cNW-guava.jpg
docs/experiments/2026-10-05-curse-slow/strips-r6/kinds\strip-cNW-lock.jpg
docs/experiments/2026-10-05-curse-slow/strips-r6/kinds\strip-cNW-tiger.jpg
docs/experiments/2026-10-05-curse-slow/strips-r6/kinds\strip-cNW-water.jpg
docs/experiments/2026-10-05-curse-slow/strips-r6/kinds\strip-cNW-wedding.jpg
docs/experiments/2026-10-05-curse-slow/strips-r6/kinds\strip-cWS-guava.jpg
docs/experiments/2026-10-05-curse-slow/strips-r6/kinds\strip-cWS-lock.jpg
docs/experiments/2026-10-05-curse-slow/strips-r6/kinds\strip-cWS-tiger.jpg
docs/experiments/2026-10-05-curse-slow/strips-r6/kinds\strip-cWS-water.jpg
docs/experiments/2026-10-05-curse-slow/strips-r6/kinds\strip-cWS-wedding.jpg
docs/experiments/2026-10-05-curse-slow/strips-r6/kinds\contact-sheet.jpg
