{
 "tag": "base-51c986e",
 "cells": "68/105",
 "cellsStrictNoBackdropExempt": "68/105",
 "m1": 68,
 "m2": 105,
 "portrait": "21/21",
 "missing": [],
 "transitions": "73/163",
 "switches": [
  "bid:false",
  "duel:true",
  "end:true",
  "nw-intro:true"
 ],
 "extra": [
  {
   "k": "shrine-run",
   "ok": true
  },
  {
   "k": "event-result",
   "ok": true
  },
  {
   "k": "nw:select",
   "ok": true
  }
 ],
 "pageErrors": {
  "solo": [],
  "nw": []
 },
 "redScreens": [
  "nw-menu@V1",
  "nw-menu@V2",
  "nw-menu@V3",
  "mark@V1",
  "mark@V2",
  "mark@V3",
  "mark@V4",
  "nw:mark@V1",
  "nw:mark@V2",
  "nw:mark@V3",
  "nw:mark@V4",
  "bid@V1",
  "bid@V2",
  "bid@V3",
  "bid@V4",
  "nw:bid@V1",
  "nw:bid@V2",
  "nw:bid@V3",
  "nw:bid@V4",
  "reveal@V1",
  "reveal@V3",
  "reveal@V4",
  "shrine@V1",
  "shrine@V3",
  "shrine@V4",
  "bag@V1",
  "bag@V2",
  "bag@V3",
  "bag@V4",
  "modal:role@V1",
  "modal:role@V2",
  "modal:role@V3",
  "modal:role@V4",
  "modal:help@V1",
  "modal:help@V2",
  "modal:help@V3",
  "modal:help@V4"
 ]
}
